Component: ARM Compiler 5.06 update 7 (build 960) Tool: armlink [4d3601]

==============================================================================

Section Cross References

    startup_stm32h757xx_cm4.o(STACK) refers (Special) to heapauxi.o(.text) for __use_two_region_memory
    startup_stm32h757xx_cm4.o(HEAP) refers (Special) to heapauxi.o(.text) for __use_two_region_memory
    startup_stm32h757xx_cm4.o(RESET) refers (Special) to heapauxi.o(.text) for __use_two_region_memory
    startup_stm32h757xx_cm4.o(RESET) refers to startup_stm32h757xx_cm4.o(STACK) for __initial_sp
    startup_stm32h757xx_cm4.o(RESET) refers to startup_stm32h757xx_cm4.o(.text) for Reset_Handler
    startup_stm32h757xx_cm4.o(RESET) refers to stm32h7xx_it.o(i.NMI_Handler) for NMI_Handler
    startup_stm32h757xx_cm4.o(RESET) refers to stm32h7xx_it.o(i.HardFault_Handler) for HardFault_Handler
    startup_stm32h757xx_cm4.o(RESET) refers to stm32h7xx_it.o(i.MemManage_Handler) for MemManage_Handler
    startup_stm32h757xx_cm4.o(RESET) refers to stm32h7xx_it.o(i.BusFault_Handler) for BusFault_Handler
    startup_stm32h757xx_cm4.o(RESET) refers to stm32h7xx_it.o(i.UsageFault_Handler) for UsageFault_Handler
    startup_stm32h757xx_cm4.o(RESET) refers to stm32h7xx_it.o(i.SVC_Handler) for SVC_Handler
    startup_stm32h757xx_cm4.o(RESET) refers to stm32h7xx_it.o(i.DebugMon_Handler) for DebugMon_Handler
    startup_stm32h757xx_cm4.o(RESET) refers to stm32h7xx_it.o(i.PendSV_Handler) for PendSV_Handler
    startup_stm32h757xx_cm4.o(RESET) refers to stm32h7xx_it.o(i.SysTick_Handler) for SysTick_Handler
    startup_stm32h757xx_cm4.o(.text) refers (Special) to heapauxi.o(.text) for __use_two_region_memory
    startup_stm32h757xx_cm4.o(.text) refers to system_stm32h7xx_dualcore_boot_cm4_cm7.o(i.SystemInit) for SystemInit
    startup_stm32h757xx_cm4.o(.text) refers to __main.o(!!!main) for __main
    startup_stm32h757xx_cm4.o(.text) refers to startup_stm32h757xx_cm4.o(HEAP) for Heap_Mem
    startup_stm32h757xx_cm4.o(.text) refers to startup_stm32h757xx_cm4.o(STACK) for Stack_Mem
    main.o(i.main) refers to stm32h7xx_hal_hsem.o(i.HAL_HSEM_ActivateNotification) for HAL_HSEM_ActivateNotification
    main.o(i.main) refers to stm32h7xx_hal_pwr_ex.o(i.HAL_PWREx_ClearPendingEvent) for HAL_PWREx_ClearPendingEvent
    main.o(i.main) refers to stm32h7xx_hal_pwr_ex.o(i.HAL_PWREx_EnterSTOPMode) for HAL_PWREx_EnterSTOPMode
    main.o(i.main) refers to stm32h7xx_hal.o(i.HAL_Init) for HAL_Init
    stm32h7xx_it.o(i.SysTick_Handler) refers to stm32h7xx_hal.o(i.HAL_IncTick) for HAL_IncTick
    stm32h7xx_hal_cortex.o(i.HAL_NVIC_SetPriority) refers to stm32h7xx_hal_cortex.o(i.__NVIC_SetPriority) for __NVIC_SetPriority
    stm32h7xx_hal_cortex.o(i.HAL_SYSTICK_Config) refers to stm32h7xx_hal_cortex.o(i.__NVIC_SetPriority) for __NVIC_SetPriority
    stm32h7xx_hal_cortex.o(i.HAL_SYSTICK_IRQHandler) refers to stm32h7xx_hal_cortex.o(i.HAL_SYSTICK_Callback) for HAL_SYSTICK_Callback
    stm32h7xx_hal_rcc.o(i.HAL_RCC_ClockConfig) refers to stm32h7xx_hal.o(i.HAL_GetTick) for HAL_GetTick
    stm32h7xx_hal_rcc.o(i.HAL_RCC_ClockConfig) refers to stm32h7xx_hal_rcc.o(i.HAL_RCC_GetSysClockFreq) for HAL_RCC_GetSysClockFreq
    stm32h7xx_hal_rcc.o(i.HAL_RCC_ClockConfig) refers to stm32h7xx_hal.o(i.HAL_InitTick) for HAL_InitTick
    stm32h7xx_hal_rcc.o(i.HAL_RCC_ClockConfig) refers to system_stm32h7xx_dualcore_boot_cm4_cm7.o(.constdata) for D1CorePrescTable
    stm32h7xx_hal_rcc.o(i.HAL_RCC_ClockConfig) refers to system_stm32h7xx_dualcore_boot_cm4_cm7.o(.data) for SystemD2Clock
    stm32h7xx_hal_rcc.o(i.HAL_RCC_ClockConfig) refers to stm32h7xx_hal.o(.data) for uwTickPrio
    stm32h7xx_hal_rcc.o(i.HAL_RCC_DeInit) refers to stm32h7xx_hal.o(i.HAL_GetTick) for HAL_GetTick
    stm32h7xx_hal_rcc.o(i.HAL_RCC_DeInit) refers to stm32h7xx_hal.o(i.HAL_InitTick) for HAL_InitTick
    stm32h7xx_hal_rcc.o(i.HAL_RCC_DeInit) refers to system_stm32h7xx_dualcore_boot_cm4_cm7.o(.data) for SystemCoreClock
    stm32h7xx_hal_rcc.o(i.HAL_RCC_DeInit) refers to stm32h7xx_hal.o(.data) for uwTickPrio
    stm32h7xx_hal_rcc.o(i.HAL_RCC_GetHCLKFreq) refers to stm32h7xx_hal_rcc.o(i.HAL_RCC_GetSysClockFreq) for HAL_RCC_GetSysClockFreq
    stm32h7xx_hal_rcc.o(i.HAL_RCC_GetHCLKFreq) refers to system_stm32h7xx_dualcore_boot_cm4_cm7.o(.constdata) for D1CorePrescTable
    stm32h7xx_hal_rcc.o(i.HAL_RCC_GetHCLKFreq) refers to system_stm32h7xx_dualcore_boot_cm4_cm7.o(.data) for SystemD2Clock
    stm32h7xx_hal_rcc.o(i.HAL_RCC_GetOscConfig) refers to stm32h7xx_hal.o(i.HAL_GetREVID) for HAL_GetREVID
    stm32h7xx_hal_rcc.o(i.HAL_RCC_GetPCLK1Freq) refers to stm32h7xx_hal_rcc.o(i.HAL_RCC_GetHCLKFreq) for HAL_RCC_GetHCLKFreq
    stm32h7xx_hal_rcc.o(i.HAL_RCC_GetPCLK1Freq) refers to system_stm32h7xx_dualcore_boot_cm4_cm7.o(.constdata) for D1CorePrescTable
    stm32h7xx_hal_rcc.o(i.HAL_RCC_GetPCLK2Freq) refers to stm32h7xx_hal_rcc.o(i.HAL_RCC_GetHCLKFreq) for HAL_RCC_GetHCLKFreq
[...]
    Removing stm32h7xx_hal_rcc_ex.o(i.HAL_RCCEx_DisableLSECSS), (28 bytes).
    Removing stm32h7xx_hal_rcc_ex.o(i.HAL_RCCEx_EnableBootCore), (16 bytes).
    Removing stm32h7xx_hal_rcc_ex.o(i.HAL_RCCEx_EnableLSECSS), (16 bytes).
    Removing stm32h7xx_hal_rcc_ex.o(i.HAL_RCCEx_EnableLSECSS_IT), (52 bytes).
    Removing stm32h7xx_hal_rcc_ex.o(i.HAL_RCCEx_GetD1PCLK1Freq), (36 bytes).
    Removing stm32h7xx_hal_rcc_ex.o(i.HAL_RCCEx_GetD1SysClockFreq), (68 bytes).
    Removing stm32h7xx_hal_rcc_ex.o(i.HAL_RCCEx_GetD3PCLK1Freq), (36 bytes).
    Removing stm32h7xx_hal_rcc_ex.o(i.HAL_RCCEx_GetPLL1ClockFreq), (320 bytes).
    Removing stm32h7xx_hal_rcc_ex.o(i.HAL_RCCEx_GetPLL2ClockFreq), (316 bytes).
    Removing stm32h7xx_hal_rcc_ex.o(i.HAL_RCCEx_GetPLL3ClockFreq), (316 bytes).
    Removing stm32h7xx_hal_rcc_ex.o(i.HAL_RCCEx_GetPeriphCLKConfig), (472 bytes).
    Removing stm32h7xx_hal_rcc_ex.o(i.HAL_RCCEx_GetPeriphCLKFreq), (712 bytes).
    Removing stm32h7xx_hal_rcc_ex.o(i.HAL_RCCEx_KerWakeUpStopCLKConfig), (20 bytes).
    Removing stm32h7xx_hal_rcc_ex.o(i.HAL_RCCEx_LSECSS_Callback), (2 bytes).
    Removing stm32h7xx_hal_rcc_ex.o(i.HAL_RCCEx_LSECSS_IRQHandler), (32 bytes).
    Removing stm32h7xx_hal_rcc_ex.o(i.HAL_RCCEx_PeriphCLKConfig), (2532 bytes).
    Removing stm32h7xx_hal_rcc_ex.o(i.HAL_RCCEx_WWDGxSysResetConfig), (16 bytes).
    Removing stm32h7xx_hal_rcc_ex.o(i.HAL_RCCEx_WakeUpStopCLKConfig), (20 bytes).
    Removing stm32h7xx_hal_rcc_ex.o(i.RCCEx_PLL2_Config), (276 bytes).
    Removing stm32h7xx_hal_rcc_ex.o(i.RCCEx_PLL3_Config), (276 bytes).
    Removing stm32h7xx_hal_flash.o(.rev16_text), (4 bytes).
    Removing stm32h7xx_hal_flash.o(.revsh_text), (4 bytes).
    Removing stm32h7xx_hal_flash.o(.rrx_text), (6 bytes).
    Removing stm32h7xx_hal_flash.o(i.FLASH_CRC_WaitForLastOperation), (156 bytes).
    Removing stm32h7xx_hal_flash.o(i.FLASH_OB_WaitForLastOperation), (80 bytes).
    Removing stm32h7xx_hal_flash.o(i.FLASH_WaitForLastOperation), (200 bytes).
    Removing stm32h7xx_hal_flash.o(i.HAL_FLASH_EndOfOperationCallback), (2 bytes).
    Removing stm32h7xx_hal_flash.o(i.HAL_FLASH_GetError), (12 bytes).
    Removing stm32h7xx_hal_flash.o(i.HAL_FLASH_IRQHandler), (400 bytes).
    Removing stm32h7xx_hal_flash.o(i.HAL_FLASH_Lock), (48 bytes).
    Removing stm32h7xx_hal_flash.o(i.HAL_FLASH_OB_Launch), (56 bytes).
    Removing stm32h7xx_hal_flash.o(i.HAL_FLASH_OB_Lock), (28 bytes).
    Removing stm32h7xx_hal_flash.o(i.HAL_FLASH_OB_Unlock), (44 bytes).
    Removing stm32h7xx_hal_flash.o(i.HAL_FLASH_OperationErrorCallback), (2 bytes).
    Removing stm32h7xx_hal_flash.o(i.HAL_FLASH_Program), (192 bytes).
    Removing stm32h7xx_hal_flash.o(i.HAL_FLASH_Program_IT), (184 bytes).
    Removing stm32h7xx_hal_flash.o(i.HAL_FLASH_Unlock), (68 bytes).
    Removing stm32h7xx_hal_flash.o(.bss), (28 bytes).
    Removing stm32h7xx_hal_flash_ex.o(.rev16_text), (4 bytes).
    Removing stm32h7xx_hal_flash_ex.o(.revsh_text), (4 bytes).
    Removing stm32h7xx_hal_flash_ex.o(.rrx_text), (6 bytes).
    Removing stm32h7xx_hal_flash_ex.o(i.FLASH_CRC_AddSector), (56 bytes).
    Removing stm32h7xx_hal_flash_ex.o(i.FLASH_CRC_SelectAddress), (28 bytes).
    Removing stm32h7xx_hal_flash_ex.o(i.FLASH_Erase_Sector), (68 bytes).
    Removing stm32h7xx_hal_flash_ex.o(i.FLASH_MassErase), (124 bytes).
    Removing stm32h7xx_hal_flash_ex.o(i.FLASH_OB_UserConfig), (216 bytes).
    Removing stm32h7xx_hal_flash_ex.o(i.HAL_FLASHEx_ComputeCRC), (340 bytes).
    Removing stm32h7xx_hal_flash_ex.o(i.HAL_FLASHEx_Erase), (276 bytes).
    Removing stm32h7xx_hal_flash_ex.o(i.HAL_FLASHEx_Erase_IT), (200 bytes).
    Removing stm32h7xx_hal_flash_ex.o(i.HAL_FLASHEx_Lock_Bank1), (20 bytes).
    Removing stm32h7xx_hal_flash_ex.o(i.HAL_FLASHEx_Lock_Bank2), (24 bytes).
    Removing stm32h7xx_hal_flash_ex.o(i.HAL_FLASHEx_OBGetConfig), (248 bytes).
    Removing stm32h7xx_hal_flash_ex.o(i.HAL_FLASHEx_OBProgram), (440 bytes).
    Removing stm32h7xx_hal_flash_ex.o(i.HAL_FLASHEx_Unlock_Bank1), (44 bytes).
    Removing stm32h7xx_hal_flash_ex.o(i.HAL_FLASHEx_Unlock_Bank2), (52 bytes).
    Removing stm32h7xx_hal_gpio.o(.rev16_text), (4 bytes).
    Removing stm32h7xx_hal_gpio.o(.revsh_text), (4 bytes).
    Removing stm32h7xx_hal_gpio.o(.rrx_text), (6 bytes).
    Removing stm32h7xx_hal_gpio.o(i.HAL_GPIO_DeInit), (372 bytes).
    Removing stm32h7xx_hal_gpio.o(i.HAL_GPIO_EXTI_Callback), (2 bytes).
    Removing stm32h7xx_hal_gpio.o(i.HAL_GPIO_EXTI_IRQHandler), (24 bytes).
    Removing stm32h7xx_hal_gpio.o(i.HAL_GPIO_Init), (596 bytes).
    Removing stm32h7xx_hal_gpio.o(i.HAL_GPIO_LockPin), (34 bytes).
    Removing stm32h7xx_hal_gpio.o(i.HAL_GPIO_ReadPin), (10 bytes).
    Removing stm32h7xx_hal_gpio.o(i.HAL_GPIO_TogglePin), (16 bytes).
    Removing stm32h7xx_hal_gpio.o(i.HAL_GPIO_WritePin), (10 bytes).
    Removing stm32h7xx_hal_hsem.o(.rev16_text), (4 bytes).
    Removing stm32h7xx_hal_hsem.o(.revsh_text), (4 bytes).
    Removing stm32h7xx_hal_hsem.o(.rrx_text), (6 bytes).
    Removing stm32h7xx_hal_hsem.o(i.HAL_HSEM_DeactivateNotification), (16 bytes).
    Removing stm32h7xx_hal_hsem.o(i.HAL_HSEM_FastTake), (32 bytes).
    Removing stm32h7xx_hal_hsem.o(i.HAL_HSEM_FreeCallback), (2 bytes).
    Removing stm32h7xx_hal_hsem.o(i.HAL_HSEM_GetClearKey), (12 bytes).
    Removing stm32h7xx_hal_hsem.o(i.HAL_HSEM_IRQHandler), (32 bytes).
    Removing stm32h7xx_hal_hsem.o(i.HAL_HSEM_IsSemTaken), (20 bytes).
    Removing stm32h7xx_hal_hsem.o(i.HAL_HSEM_Release), (20 bytes).
    Removing stm32h7xx_hal_hsem.o(i.HAL_HSEM_ReleaseAll), (16 bytes).
    Removing stm32h7xx_hal_hsem.o(i.HAL_HSEM_SetClearKey), (16 bytes).
    Removing stm32h7xx_hal_hsem.o(i.HAL_HSEM_Take), (40 bytes).
    Removing stm32h7xx_hal_dma.o(.rev16_text), (4 bytes).
    Removing stm32h7xx_hal_dma.o(.revsh_text), (4 bytes).
    Removing stm32h7xx_hal_dma.o(.rrx_text), (6 bytes).
    Removing stm32h7xx_hal_dma.o(i.DMA_CalcBaseAndBitshift), (184 bytes).
    Removing stm32h7xx_hal_dma.o(i.DMA_CalcDMAMUXChannelBaseAndMask), (160 bytes).
    Removing stm32h7xx_hal_dma.o(i.DMA_CalcDMAMUXRequestGenBaseAndMask), (124 bytes).
    Removing stm32h7xx_hal_dma.o(i.DMA_CheckFifoParam), (84 bytes).
    Removing stm32h7xx_hal_dma.o(i.DMA_SetConfig), (544 bytes).
    Removing stm32h7xx_hal_dma.o(i.HAL_DMA_Abort), (864 bytes).
    Removing stm32h7xx_hal_dma.o(i.HAL_DMA_Abort_IT), (620 bytes).
    Removing stm32h7xx_hal_dma.o(i.HAL_DMA_DeInit), (484 bytes).
    Removing stm32h7xx_hal_dma.o(i.HAL_DMA_GetError), (4 bytes).
    Removing stm32h7xx_hal_dma.o(i.HAL_DMA_GetState), (6 bytes).
    Removing stm32h7xx_hal_dma.o(i.HAL_DMA_IRQHandler), (1752 bytes).
    Removing stm32h7xx_hal_dma.o(i.HAL_DMA_Init), (940 bytes).
    Removing stm32h7xx_hal_dma.o(i.HAL_DMA_PollForTransfer), (1132 bytes).
    Removing stm32h7xx_hal_dma.o(i.HAL_DMA_RegisterCallback), (88 bytes).
    Removing stm32h7xx_hal_dma.o(i.HAL_DMA_Start), (364 bytes).
    Removing stm32h7xx_hal_dma.o(i.HAL_DMA_Start_IT), (692 bytes).
    Removing stm32h7xx_hal_dma.o(i.HAL_DMA_UnRegisterCallback), (102 bytes).
    Removing stm32h7xx_hal_dma.o(.constdata), (8 bytes).
    Removing stm32h7xx_hal_dma_ex.o(.rev16_text), (4 bytes).
    Removing stm32h7xx_hal_dma_ex.o(.revsh_text), (4 bytes).
    Removing stm32h7xx_hal_dma_ex.o(.rrx_text), (6 bytes).
    Removing stm32h7xx_hal_dma_ex.o(i.DMA_MultiBufferSetConfig), (160 bytes).
    Removing stm32h7xx_hal_dma_ex.o(i.HAL_DMAEx_ChangeMemory), (144 bytes).
    Removing stm32h7xx_hal_dma_ex.o(i.HAL_DMAEx_ConfigMuxRequestGenerator), (172 bytes).
    Removing stm32h7xx_hal_dma_ex.o(i.HAL_DMAEx_ConfigMuxSync), (208 bytes).
    Removing stm32h7xx_hal_dma_ex.o(i.HAL_DMAEx_DisableMuxRequestGenerator), (26 bytes).
    Removing stm32h7xx_hal_dma_ex.o(i.HAL_DMAEx_EnableMuxRequestGenerator), (26 bytes).
    Removing stm32h7xx_hal_dma_ex.o(i.HAL_DMAEx_MUX_IRQHandler), (100 bytes).
    Removing stm32h7xx_hal_dma_ex.o(i.HAL_DMAEx_MultiBufferStart), (588 bytes).
    Removing stm32h7xx_hal_dma_ex.o(i.HAL_DMAEx_MultiBufferStart_IT), (980 bytes).
    Removing stm32h7xx_hal_mdma.o(.rev16_text), (4 bytes).
    Removing stm32h7xx_hal_mdma.o(.revsh_text), (4 bytes).
    Removing stm32h7xx_hal_mdma.o(.rrx_text), (6 bytes).
    Removing stm32h7xx_hal_mdma.o(i.HAL_MDMA_Abort), (116 bytes).
    Removing stm32h7xx_hal_mdma.o(i.HAL_MDMA_Abort_IT), (38 bytes).
    Removing stm32h7xx_hal_mdma.o(i.HAL_MDMA_ConfigPostRequestMask), (86 bytes).
    Removing stm32h7xx_hal_mdma.o(i.HAL_MDMA_DeInit), (84 bytes).
    Removing stm32h7xx_hal_mdma.o(i.HAL_MDMA_GenerateSWRequest), (52 bytes).
    Removing stm32h7xx_hal_mdma.o(i.HAL_MDMA_GetError), (4 bytes).
    Removing stm32h7xx_hal_mdma.o(i.HAL_MDMA_GetState), (6 bytes).
    Removing stm32h7xx_hal_mdma.o(i.HAL_MDMA_IRQHandler), (376 bytes).
    Removing stm32h7xx_hal_mdma.o(i.HAL_MDMA_Init), (94 bytes).
    Removing stm32h7xx_hal_mdma.o(i.HAL_MDMA_LinkedList_AddNode), (206 bytes).
    Removing stm32h7xx_hal_mdma.o(i.HAL_MDMA_LinkedList_CreateNode), (252 bytes).
    Removing stm32h7xx_hal_mdma.o(i.HAL_MDMA_LinkedList_DisableCircularMode), (74 bytes).
    Removing stm32h7xx_hal_mdma.o(i.HAL_MDMA_LinkedList_EnableCircularMode), (74 bytes).
    Removing stm32h7xx_hal_mdma.o(i.HAL_MDMA_LinkedList_RemoveNode), (186 bytes).
    Removing stm32h7xx_hal_mdma.o(i.HAL_MDMA_PollForTransfer), (242 bytes).
    Removing stm32h7xx_hal_mdma.o(i.HAL_MDMA_RegisterCallback), (86 bytes).
    Removing stm32h7xx_hal_mdma.o(i.HAL_MDMA_Start), (102 bytes).
    Removing stm32h7xx_hal_mdma.o(i.HAL_MDMA_Start_IT), (154 bytes).
    Removing stm32h7xx_hal_mdma.o(i.HAL_MDMA_UnRegisterCallback), (102 bytes).
    Removing stm32h7xx_hal_mdma.o(i.MDMA_Init), (168 bytes).
    Removing stm32h7xx_hal_mdma.o(i.MDMA_SetConfig), (124 bytes).
    Removing stm32h7xx_hal_pwr.o(.rev16_text), (4 bytes).
    Removing stm32h7xx_hal_pwr.o(.revsh_text), (4 bytes).
    Removing stm32h7xx_hal_pwr.o(.rrx_text), (6 bytes).
    Removing stm32h7xx_hal_pwr.o(i.HAL_PWR_ConfigPVD), (72 bytes).
    Removing stm32h7xx_hal_pwr.o(i.HAL_PWR_DeInit), (2 bytes).
    Removing stm32h7xx_hal_pwr.o(i.HAL_PWR_DisableBkUpAccess), (16 bytes).
    Removing stm32h7xx_hal_pwr.o(i.HAL_PWR_DisablePVD), (16 bytes).
    Removing stm32h7xx_hal_pwr.o(i.HAL_PWR_DisableSEVOnPend), (16 bytes).
    Removing stm32h7xx_hal_pwr.o(i.HAL_PWR_DisableSleepOnExit), (16 bytes).
    Removing stm32h7xx_hal_pwr.o(i.HAL_PWR_DisableWakeUpPin), (20 bytes).
    Removing stm32h7xx_hal_pwr.o(i.HAL_PWR_EnableBkUpAccess), (16 bytes).
    Removing stm32h7xx_hal_pwr.o(i.HAL_PWR_EnablePVD), (16 bytes).
    Removing stm32h7xx_hal_pwr.o(i.HAL_PWR_EnableSEVOnPend), (16 bytes).
    Removing stm32h7xx_hal_pwr.o(i.HAL_PWR_EnableSleepOnExit), (16 bytes).
    Removing stm32h7xx_hal_pwr.o(i.HAL_PWR_EnableWakeUpPin), (24 bytes).
    Removing stm32h7xx_hal_pwr.o(i.HAL_PWR_EnterSLEEPMode), (28 bytes).
    Removing stm32h7xx_hal_pwr.o(i.HAL_PWR_EnterSTANDBYMode), (76 bytes).
    Removing stm32h7xx_hal_pwr.o(i.HAL_PWR_EnterSTOPMode), (88 bytes).
    Removing stm32h7xx_hal_pwr.o(i.HAL_PWR_PVDCallback), (2 bytes).
    Removing stm32h7xx_hal_pwr.o(i.HAL_PWR_PVD_IRQHandler), (56 bytes).
    Removing stm32h7xx_hal_pwr_ex.o(.rev16_text), (4 bytes).
    Removing stm32h7xx_hal_pwr_ex.o(.revsh_text), (4 bytes).
    Removing stm32h7xx_hal_pwr_ex.o(.rrx_text), (6 bytes).
    Removing stm32h7xx_hal_pwr_ex.o(i.HAL_PWREx_AVDCallback), (2 bytes).
    Removing stm32h7xx_hal_pwr_ex.o(i.HAL_PWREx_ClearDomainFlags), (44 bytes).
    Removing stm32h7xx_hal_pwr_ex.o(i.HAL_PWREx_ClearWakeupFlag), (28 bytes).
    Removing stm32h7xx_hal_pwr_ex.o(i.HAL_PWREx_ConfigAVD), (68 bytes).
    Removing stm32h7xx_hal_pwr_ex.o(i.HAL_PWREx_ConfigD3Domain), (20 bytes).
    Removing stm32h7xx_hal_pwr_ex.o(i.HAL_PWREx_ConfigSupply), (132 bytes).
    Removing stm32h7xx_hal_pwr_ex.o(i.HAL_PWREx_ControlStopModeVoltageScaling), (20 bytes).
    Removing stm32h7xx_hal_pwr_ex.o(i.HAL_PWREx_ControlVoltageScaling), (204 bytes).
    Removing stm32h7xx_hal_pwr_ex.o(i.HAL_PWREx_DisableAVD), (16 bytes).
    Removing stm32h7xx_hal_pwr_ex.o(i.HAL_PWREx_DisableBatteryCharging), (16 bytes).
    Removing stm32h7xx_hal_pwr_ex.o(i.HAL_PWREx_DisableBkUpReg), (56 bytes).
    Removing stm32h7xx_hal_pwr_ex.o(i.HAL_PWREx_DisableFlashPowerDown), (16 bytes).
    Removing stm32h7xx_hal_pwr_ex.o(i.HAL_PWREx_DisableMonitoring), (16 bytes).
    Removing stm32h7xx_hal_pwr_ex.o(i.HAL_PWREx_DisableUSBReg), (56 bytes).
    Removing stm32h7xx_hal_pwr_ex.o(i.HAL_PWREx_DisableUSBVoltageDetector), (16 bytes).
    Removing stm32h7xx_hal_pwr_ex.o(i.HAL_PWREx_DisableWakeUpPin), (16 bytes).
    Removing stm32h7xx_hal_pwr_ex.o(i.HAL_PWREx_EnableAVD), (16 bytes).
    Removing stm32h7xx_hal_pwr_ex.o(i.HAL_PWREx_EnableBatteryCharging), (28 bytes).
    Removing stm32h7xx_hal_pwr_ex.o(i.HAL_PWREx_EnableBkUpReg), (56 bytes).
    Removing stm32h7xx_hal_pwr_ex.o(i.HAL_PWREx_EnableFlashPowerDown), (16 bytes).
    Removing stm32h7xx_hal_pwr_ex.o(i.HAL_PWREx_EnableMonitoring), (16 bytes).
    Removing stm32h7xx_hal_pwr_ex.o(i.HAL_PWREx_EnableUSBReg), (56 bytes).
    Removing stm32h7xx_hal_pwr_ex.o(i.HAL_PWREx_EnableUSBVoltageDetector), (16 bytes).
    Removing stm32h7xx_hal_pwr_ex.o(i.HAL_PWREx_EnableWakeUpPin), (104 bytes).
    Removing stm32h7xx_hal_pwr_ex.o(i.HAL_PWREx_EnterSTANDBYMode), (100 bytes).
    Removing stm32h7xx_hal_pwr_ex.o(i.HAL_PWREx_GetStopModeVoltageRange), (16 bytes).
    Removing stm32h7xx_hal_pwr_ex.o(i.HAL_PWREx_GetSupplyConfig), (16 bytes).
    Removing stm32h7xx_hal_pwr_ex.o(i.HAL_PWREx_GetTemperatureLevel), (32 bytes).
    Removing stm32h7xx_hal_pwr_ex.o(i.HAL_PWREx_GetVBATLevel), (32 bytes).
    Removing stm32h7xx_hal_pwr_ex.o(i.HAL_PWREx_GetVoltageRange), (16 bytes).
    Removing stm32h7xx_hal_pwr_ex.o(i.HAL_PWREx_GetWakeupFlag), (12 bytes).
    Removing stm32h7xx_hal_pwr_ex.o(i.HAL_PWREx_HoldCore), (56 bytes).
    Removing stm32h7xx_hal_pwr_ex.o(i.HAL_PWREx_PVD_AVD_IRQHandler), (140 bytes).
    Removing stm32h7xx_hal_pwr_ex.o(i.HAL_PWREx_ReleaseCore), (28 bytes).
    Removing stm32h7xx_hal_pwr_ex.o(i.HAL_PWREx_WAKEUP_PIN_IRQHandler), (124 bytes).
    Removing stm32h7xx_hal_pwr_ex.o(i.HAL_PWREx_WKUP1_Callback), (2 bytes).
    Removing stm32h7xx_hal_pwr_ex.o(i.HAL_PWREx_WKUP2_Callback), (2 bytes).
    Removing stm32h7xx_hal_pwr_ex.o(i.HAL_PWREx_WKUP3_Callback), (2 bytes).
    Removing stm32h7xx_hal_pwr_ex.o(i.HAL_PWREx_WKUP4_Callback), (2 bytes).
    Removing stm32h7xx_hal_pwr_ex.o(i.HAL_PWREx_WKUP5_Callback), (2 bytes).
    Removing stm32h7xx_hal_pwr_ex.o(i.HAL_PWREx_WKUP6_Callback), (2 bytes).
    Removing stm32h7xx_hal.o(.rev16_text), (4 bytes).
    Removing stm32h7xx_hal.o(.revsh_text), (4 bytes).
    Removing stm32h7xx_hal.o(.rrx_text), (6 bytes).
    Removing stm32h7xx_hal.o(i.HAL_DBGMCU_DisableDBGSleepMode), (16 bytes).
    Removing stm32h7xx_hal.o(i.HAL_DBGMCU_DisableDBGStandbyMode), (16 bytes).
    Removing stm32h7xx_hal.o(i.HAL_DBGMCU_DisableDBGStopMode), (16 bytes).
    Removing stm32h7xx_hal.o(i.HAL_DBGMCU_EnableDBGSleepMode), (16 bytes).
    Removing stm32h7xx_hal.o(i.HAL_DBGMCU_EnableDBGStandbyMode), (16 bytes).
    Removing stm32h7xx_hal.o(i.HAL_DBGMCU_EnableDBGStopMode), (16 bytes).
    Removing stm32h7xx_hal.o(i.HAL_DeInit), (116 bytes).
    Removing stm32h7xx_hal.o(i.HAL_Delay), (36 bytes).
    Removing stm32h7xx_hal.o(i.HAL_DisableCompensationCell), (16 bytes).
    Removing stm32h7xx_hal.o(i.HAL_DisableDomain2DBGSleepMode), (16 bytes).
    Removing stm32h7xx_hal.o(i.HAL_DisableDomain2DBGStandbyMode), (16 bytes).
    Removing stm32h7xx_hal.o(i.HAL_DisableDomain2DBGStopMode), (16 bytes).
    Removing stm32h7xx_hal.o(i.HAL_EXTI_D1_ClearFlag), (22 bytes).
    Removing stm32h7xx_hal.o(i.HAL_EXTI_D1_EventInputConfig), (68 bytes).
    Removing stm32h7xx_hal.o(i.HAL_EXTI_D2_ClearFlag), (22 bytes).
    Removing stm32h7xx_hal.o(i.HAL_EXTI_D2_EventInputConfig), (68 bytes).
    Removing stm32h7xx_hal.o(i.HAL_EXTI_D3_EventInputConfig), (68 bytes).
    Removing stm32h7xx_hal.o(i.HAL_EXTI_EdgeConfig), (52 bytes).
    Removing stm32h7xx_hal.o(i.HAL_EXTI_GenerateSWInterrupt), (24 bytes).
    Removing stm32h7xx_hal.o(i.HAL_EnableCompensationCell), (16 bytes).
    Removing stm32h7xx_hal.o(i.HAL_EnableDomain2DBGSleepMode), (16 bytes).
    Removing stm32h7xx_hal.o(i.HAL_EnableDomain2DBGStandbyMode), (16 bytes).
    Removing stm32h7xx_hal.o(i.HAL_EnableDomain2DBGStopMode), (16 bytes).
    Removing stm32h7xx_hal.o(i.HAL_GetDEVID), (16 bytes).
    Removing stm32h7xx_hal.o(i.HAL_GetFMCMemorySwappingConfig), (16 bytes).
    Removing stm32h7xx_hal.o(i.HAL_GetHalVersion), (8 bytes).
    Removing stm32h7xx_hal.o(i.HAL_GetREVID), (12 bytes).
    Removing stm32h7xx_hal.o(i.HAL_GetTick), (12 bytes).
    Removing stm32h7xx_hal.o(i.HAL_GetTickFreq), (12 bytes).
    Removing stm32h7xx_hal.o(i.HAL_GetTickPrio), (12 bytes).
    Removing stm32h7xx_hal.o(i.HAL_GetUIDw0), (12 bytes).
    Removing stm32h7xx_hal.o(i.HAL_GetUIDw1), (12 bytes).
    Removing stm32h7xx_hal.o(i.HAL_GetUIDw2), (12 bytes).
    Removing stm32h7xx_hal.o(i.HAL_MspDeInit), (2 bytes).
    Removing stm32h7xx_hal.o(i.HAL_MspInit), (2 bytes).
    Removing stm32h7xx_hal.o(i.HAL_ResumeTick), (14 bytes).
    Removing stm32h7xx_hal.o(i.HAL_SYSCFG_AnalogSwitchConfig), (16 bytes).
    Removing stm32h7xx_hal.o(i.HAL_SYSCFG_CM4BootAddConfig), (36 bytes).
    Removing stm32h7xx_hal.o(i.HAL_SYSCFG_CM7BootAddConfig), (36 bytes).
    Removing stm32h7xx_hal.o(i.HAL_SYSCFG_CompensationCodeConfig), (24 bytes).
    Removing stm32h7xx_hal.o(i.HAL_SYSCFG_CompensationCodeSelect), (20 bytes).
    Removing stm32h7xx_hal.o(i.HAL_SYSCFG_DisableBOOST), (16 bytes).
    Removing stm32h7xx_hal.o(i.HAL_SYSCFG_DisableCM4BOOT), (16 bytes).
    Removing stm32h7xx_hal.o(i.HAL_SYSCFG_DisableCM7BOOT), (16 bytes).
    Removing stm32h7xx_hal.o(i.HAL_SYSCFG_DisableIOSpeedOptimize), (16 bytes).
    Removing stm32h7xx_hal.o(i.HAL_SYSCFG_DisableVREFBUF), (16 bytes).
    Removing stm32h7xx_hal.o(i.HAL_SYSCFG_ETHInterfaceSelect), (20 bytes).
    Removing stm32h7xx_hal.o(i.HAL_SYSCFG_EnableBOOST), (16 bytes).
    Removing stm32h7xx_hal.o(i.HAL_SYSCFG_EnableCM4BOOT), (16 bytes).
    Removing stm32h7xx_hal.o(i.HAL_SYSCFG_EnableCM7BOOT), (16 bytes).
    Removing stm32h7xx_hal.o(i.HAL_SYSCFG_EnableIOSpeedOptimize), (16 bytes).
    Removing stm32h7xx_hal.o(i.HAL_SYSCFG_EnableVREFBUF), (48 bytes).
    Removing stm32h7xx_hal.o(i.HAL_SYSCFG_VREFBUF_HighImpedanceConfig), (20 bytes).
    Removing stm32h7xx_hal.o(i.HAL_SYSCFG_VREFBUF_TrimmingConfig), (20 bytes).
    Removing stm32h7xx_hal.o(i.HAL_SYSCFG_VREFBUF_VoltageScalingConfig), (20 bytes).
    Removing stm32h7xx_hal.o(i.HAL_SetFMCMemorySwappingConfig), (20 bytes).
    Removing stm32h7xx_hal.o(i.HAL_SetTickFreq), (36 bytes).
    Removing stm32h7xx_hal.o(i.HAL_SuspendTick), (14 bytes).
    Removing stm32h7xx_hal_i2c.o(.rev16_text), (4 bytes).
    Removing stm32h7xx_hal_i2c.o(.revsh_text), (4 bytes).
    Removing stm32h7xx_hal_i2c.o(.rrx_text), (6 bytes).
    Removing stm32h7xx_hal_i2c.o(i.HAL_I2C_AbortCpltCallback), (2 bytes).
    Removing stm32h7xx_hal_i2c.o(i.HAL_I2C_AddrCallback), (2 bytes).
    Removing stm32h7xx_hal_i2c.o(i.HAL_I2C_DeInit), (50 bytes).
    Removing stm32h7xx_hal_i2c.o(i.HAL_I2C_DisableListen_IT), (56 bytes).
    Removing stm32h7xx_hal_i2c.o(i.HAL_I2C_ER_IRQHandler), (104 bytes).
    Removing stm32h7xx_hal_i2c.o(i.HAL_I2C_EV_IRQHandler), (16 bytes).
    Removing stm32h7xx_hal_i2c.o(i.HAL_I2C_EnableListen_IT), (40 bytes).
    Removing stm32h7xx_hal_i2c.o(i.HAL_I2C_ErrorCallback), (2 bytes).
    Removing stm32h7xx_hal_i2c.o(i.HAL_I2C_GetError), (4 bytes).
    Removing stm32h7xx_hal_i2c.o(i.HAL_I2C_GetMode), (6 bytes).
    Removing stm32h7xx_hal_i2c.o(i.HAL_I2C_GetState), (6 bytes).
    Removing stm32h7xx_hal_i2c.o(i.HAL_I2C_Init), (184 bytes).
    Removing stm32h7xx_hal_i2c.o(i.HAL_I2C_IsDeviceReady), (292 bytes).
    Removing stm32h7xx_hal_i2c.o(i.HAL_I2C_ListenCpltCallback), (2 bytes).
    Removing stm32h7xx_hal_i2c.o(i.HAL_I2C_MasterRxCpltCallback), (2 bytes).
    Removing stm32h7xx_hal_i2c.o(i.HAL_I2C_MasterTxCpltCallback), (2 bytes).
    Removing stm32h7xx_hal_i2c.o(i.HAL_I2C_Master_Abort_IT), (124 bytes).
    Removing stm32h7xx_hal_i2c.o(i.HAL_I2C_Master_Receive), (292 bytes).
    Removing stm32h7xx_hal_i2c.o(i.HAL_I2C_Master_Receive_DMA), (304 bytes).
    Removing stm32h7xx_hal_i2c.o(i.HAL_I2C_Master_Receive_IT), (136 bytes).
    Removing stm32h7xx_hal_i2c.o(i.HAL_I2C_Master_Seq_Receive_DMA), (336 bytes).
    Removing stm32h7xx_hal_i2c.o(i.HAL_I2C_Master_Seq_Receive_IT), (164 bytes).
    Removing stm32h7xx_hal_i2c.o(i.HAL_I2C_Master_Seq_Transmit_DMA), (336 bytes).
    Removing stm32h7xx_hal_i2c.o(i.HAL_I2C_Master_Seq_Transmit_IT), (160 bytes).
    Removing stm32h7xx_hal_i2c.o(i.HAL_I2C_Master_Transmit), (292 bytes).
    Removing stm32h7xx_hal_i2c.o(i.HAL_I2C_Master_Transmit_DMA), (304 bytes).
    Removing stm32h7xx_hal_i2c.o(i.HAL_I2C_Master_Transmit_IT), (136 bytes).
    Removing stm32h7xx_hal_i2c.o(i.HAL_I2C_MemRxCpltCallback), (2 bytes).
    Removing stm32h7xx_hal_i2c.o(i.HAL_I2C_MemTxCpltCallback), (2 bytes).
    Removing stm32h7xx_hal_i2c.o(i.HAL_I2C_Mem_Read), (356 bytes).
    Removing stm32h7xx_hal_i2c.o(i.HAL_I2C_Mem_Read_DMA), (268 bytes).
    Removing stm32h7xx_hal_i2c.o(i.HAL_I2C_Mem_Read_IT), (152 bytes).
    Removing stm32h7xx_hal_i2c.o(i.HAL_I2C_Mem_Write), (344 bytes).
    Removing stm32h7xx_hal_i2c.o(i.HAL_I2C_Mem_Write_DMA), (268 bytes).
    Removing stm32h7xx_hal_i2c.o(i.HAL_I2C_Mem_Write_IT), (152 bytes).
    Removing stm32h7xx_hal_i2c.o(i.HAL_I2C_MspDeInit), (2 bytes).
    Removing stm32h7xx_hal_i2c.o(i.HAL_I2C_MspInit), (2 bytes).
    Removing stm32h7xx_hal_i2c.o(i.HAL_I2C_SlaveRxCpltCallback), (2 bytes).
    Removing stm32h7xx_hal_i2c.o(i.HAL_I2C_SlaveTxCpltCallback), (2 bytes).
    Removing stm32h7xx_hal_i2c.o(i.HAL_I2C_Slave_Receive), (314 bytes).
    Removing stm32h7xx_hal_i2c.o(i.HAL_I2C_Slave_Receive_DMA), (224 bytes).
    Removing stm32h7xx_hal_i2c.o(i.HAL_I2C_Slave_Receive_IT), (96 bytes).
    Removing stm32h7xx_hal_i2c.o(i.HAL_I2C_Slave_Seq_Receive_DMA), (372 bytes).
    Removing stm32h7xx_hal_i2c.o(i.HAL_I2C_Slave_Seq_Receive_IT), (208 bytes).
    Removing stm32h7xx_hal_i2c.o(i.HAL_I2C_Slave_Seq_Transmit_DMA), (372 bytes).
    Removing stm32h7xx_hal_i2c.o(i.HAL_I2C_Slave_Seq_Transmit_IT), (208 bytes).
    Removing stm32h7xx_hal_i2c.o(i.HAL_I2C_Slave_Transmit), (346 bytes).
    Removing stm32h7xx_hal_i2c.o(i.HAL_I2C_Slave_Transmit_DMA), (288 bytes).
    Removing stm32h7xx_hal_i2c.o(i.HAL_I2C_Slave_Transmit_IT), (128 bytes).
    Removing stm32h7xx_hal_i2c.o(i.I2C_ConvertOtherXferOptions), (26 bytes).
    Removing stm32h7xx_hal_i2c.o(i.I2C_DMAAbort), (20 bytes).
    Removing stm32h7xx_hal_i2c.o(i.I2C_DMAError), (332 bytes).
    Removing stm32h7xx_hal_i2c.o(i.I2C_DMAMasterReceiveCplt), (82 bytes).
    Removing stm32h7xx_hal_i2c.o(i.I2C_DMAMasterTransmitCplt), (82 bytes).
    Removing stm32h7xx_hal_i2c.o(i.I2C_DMASlaveReceiveCplt), (164 bytes).
    Removing stm32h7xx_hal_i2c.o(i.I2C_DMASlaveTransmitCplt), (30 bytes).
    Removing stm32h7xx_hal_i2c.o(i.I2C_Disable_IRQ), (94 bytes).
    Removing stm32h7xx_hal_i2c.o(i.I2C_Enable_IRQ), (112 bytes).
    Removing stm32h7xx_hal_i2c.o(i.I2C_Flush_TXDR), (34 bytes).
    Removing stm32h7xx_hal_i2c.o(i.I2C_ITAddrCplt), (140 bytes).
    Removing stm32h7xx_hal_i2c.o(i.I2C_ITError), (284 bytes).
    Removing stm32h7xx_hal_i2c.o(i.I2C_ITListenCplt), (100 bytes).
    Removing stm32h7xx_hal_i2c.o(i.I2C_ITMasterCplt), (240 bytes).
    Removing stm32h7xx_hal_i2c.o(i.I2C_ITMasterSeqCplt), (76 bytes).
    Removing stm32h7xx_hal_i2c.o(i.I2C_ITSlaveCplt), (460 bytes).
    Removing stm32h7xx_hal_i2c.o(i.I2C_ITSlaveSeqCplt), (114 bytes).
    Removing stm32h7xx_hal_i2c.o(i.I2C_IsErrorOccurred), (268 bytes).
    Removing stm32h7xx_hal_i2c.o(i.I2C_Master_ISR_DMA), (272 bytes).
    Removing stm32h7xx_hal_i2c.o(i.I2C_Master_ISR_IT), (296 bytes).
    Removing stm32h7xx_hal_i2c.o(i.I2C_Mem_ISR_DMA), (296 bytes).
    Removing stm32h7xx_hal_i2c.o(i.I2C_Mem_ISR_IT), (308 bytes).
    Removing stm32h7xx_hal_i2c.o(i.I2C_RequestMemoryRead), (100 bytes).
    Removing stm32h7xx_hal_i2c.o(i.I2C_RequestMemoryWrite), (100 bytes).
    Removing stm32h7xx_hal_i2c.o(i.I2C_Slave_ISR_DMA), (532 bytes).
    Removing stm32h7xx_hal_i2c.o(i.I2C_Slave_ISR_IT), (288 bytes).
    Removing stm32h7xx_hal_i2c.o(i.I2C_TransferConfig), (48 bytes).
    Removing stm32h7xx_hal_i2c.o(i.I2C_TreatErrorCallback), (42 bytes).
    Removing stm32h7xx_hal_i2c.o(i.I2C_WaitOnFlagUntilTimeout), (108 bytes).
    Removing stm32h7xx_hal_i2c.o(i.I2C_WaitOnRXNEFlagUntilTimeout), (168 bytes).
    Removing stm32h7xx_hal_i2c.o(i.I2C_WaitOnSTOPFlagUntilTimeout), (86 bytes).
    Removing stm32h7xx_hal_i2c.o(i.I2C_WaitOnTXISFlagUntilTimeout), (90 bytes).
    Removing stm32h7xx_hal_i2c_ex.o(.rev16_text), (4 bytes).
    Removing stm32h7xx_hal_i2c_ex.o(.revsh_text), (4 bytes).
    Removing stm32h7xx_hal_i2c_ex.o(.rrx_text), (6 bytes).
    Removing stm32h7xx_hal_i2c_ex.o(i.HAL_I2CEx_ConfigAnalogFilter), (86 bytes).
    Removing stm32h7xx_hal_i2c_ex.o(i.HAL_I2CEx_ConfigDigitalFilter), (82 bytes).
    Removing stm32h7xx_hal_i2c_ex.o(i.HAL_I2CEx_DisableFastModePlus), (40 bytes).
    Removing stm32h7xx_hal_i2c_ex.o(i.HAL_I2CEx_DisableWakeUp), (78 bytes).
    Removing stm32h7xx_hal_i2c_ex.o(i.HAL_I2CEx_EnableFastModePlus), (40 bytes).
    Removing stm32h7xx_hal_i2c_ex.o(i.HAL_I2CEx_EnableWakeUp), (78 bytes).
    Removing stm32h7xx_hal_exti.o(.rev16_text), (4 bytes).
    Removing stm32h7xx_hal_exti.o(.revsh_text), (4 bytes).
    Removing stm32h7xx_hal_exti.o(.rrx_text), (6 bytes).
    Removing stm32h7xx_hal_exti.o(i.HAL_EXTI_ClearConfigLine), (232 bytes).
    Removing stm32h7xx_hal_exti.o(i.HAL_EXTI_ClearPending), (48 bytes).
    Removing stm32h7xx_hal_exti.o(i.HAL_EXTI_GenerateSWI), (28 bytes).
    Removing stm32h7xx_hal_exti.o(i.HAL_EXTI_GetConfigLine), (280 bytes).
    Removing stm32h7xx_hal_exti.o(i.HAL_EXTI_GetHandle), (12 bytes).
    Removing stm32h7xx_hal_exti.o(i.HAL_EXTI_GetPending), (52 bytes).
    Removing stm32h7xx_hal_exti.o(i.HAL_EXTI_IRQHandler), (64 bytes).
    Removing stm32h7xx_hal_exti.o(i.HAL_EXTI_RegisterCallback), (18 bytes).
    Removing stm32h7xx_hal_exti.o(i.HAL_EXTI_SetConfigLine), (316 bytes).
    Removing stm32h7xx_hal_tim.o(.rev16_text), (4 bytes).
    Removing stm32h7xx_hal_tim.o(.revsh_text), (4 bytes).
    Removing stm32h7xx_hal_tim.o(.rrx_text), (6 bytes).
    Removing stm32h7xx_hal_tim_ex.o(.rev16_text), (4 bytes).
    Removing stm32h7xx_hal_tim_ex.o(.revsh_text), (4 bytes).
    Removing stm32h7xx_hal_tim_ex.o(.rrx_text), (6 bytes).
    Removing stm32h7xx_hal_ltdc.o(.rev16_text), (4 bytes).
    Removing stm32h7xx_hal_ltdc.o(.revsh_text), (4 bytes).
    Removing stm32h7xx_hal_ltdc.o(.rrx_text), (6 bytes).
    Removing stm32h7xx_hal_ltdc_ex.o(.rev16_text), (4 bytes).
    Removing stm32h7xx_hal_ltdc_ex.o(.revsh_text), (4 bytes).
    Removing stm32h7xx_hal_ltdc_ex.o(.rrx_text), (6 bytes).
    Removing system_stm32h7xx_dualcore_boot_cm4_cm7.o(.rev16_text), (4 bytes).
    Removing system_stm32h7xx_dualcore_boot_cm4_cm7.o(.revsh_text), (4 bytes).
    Removing system_stm32h7xx_dualcore_boot_cm4_cm7.o(.rrx_text), (6 bytes).
    Removing system_stm32h7xx_dualcore_boot_cm4_cm7.o(i.SystemCoreClockUpdate), (312 bytes).

438 unused section(s) (total 46204 bytes) removed from the image.

==============================================================================

Image Symbol Table

    Local Symbols

    Symbol Name                              Value     Ov Type        Size  Object(Section)

    ../CM4/Core/Src/main.c                   0x00000000   Number         0  main.o ABSOLUTE
    ../CM4/Core/Src/stm32h7xx_hal_msp.c      0x00000000   Number         0  stm32h7xx_hal_msp.o ABSOLUTE
    ../CM4/Core/Src/stm32h7xx_it.c           0x00000000   Number         0  stm32h7xx_it.o ABSOLUTE
    ../Common/Src/system_stm32h7xx_dualcore_boot_cm4_cm7.c 0x00000000   Number         0  system_stm32h7xx_dualcore_boot_cm4_cm7.o ABSOLUTE
    ../Drivers/STM32H7xx_HAL_Driver/Src/stm32h7xx_hal.c 0x00000000   Number         0  stm32h7xx_hal.o ABSOLUTE
    ../Drivers/STM32H7xx_HAL_Driver/Src/stm32h7xx_hal_cortex.c 0x00000000   Number         0  stm32h7xx_hal_cortex.o ABSOLUTE
    ../Drivers/STM32H7xx_HAL_Driver/Src/stm32h7xx_hal_dma.c 0x00000000   Number         0  stm32h7xx_hal_dma.o ABSOLUTE
    ../Drivers/STM32H7xx_HAL_Driver/Src/stm32h7xx_hal_dma_ex.c 0x00000000   Number         0  stm32h7xx_hal_dma_ex.o ABSOLUTE
    ../Drivers/STM32H7xx_HAL_Driver/Src/stm32h7xx_hal_exti.c 0x00000000   Number         0  stm32h7xx_hal_exti.o ABSOLUTE
    ../Drivers/STM32H7xx_HAL_Driver/Src/stm32h7xx_hal_flash.c 0x00000000   Number         0  stm32h7xx_hal_flash.o ABSOLUTE
    ../Drivers/STM32H7xx_HAL_Driver/Src/stm32h7xx_hal_flash_ex.c 0x00000000   Number         0  stm32h7xx_hal_flash_ex.o ABSOLUTE
    ../Drivers/STM32H7xx_HAL_Driver/Src/stm32h7xx_hal_gpio.c 0x00000000   Number         0  stm32h7xx_hal_gpio.o ABSOLUTE
    ../Drivers/STM32H7xx_HAL_Driver/Src/stm32h7xx_hal_hsem.c 0x00000000   Number         0  stm32h7xx_hal_hsem.o ABSOLUTE
    ../Drivers/STM32H7xx_HAL_Driver/Src/stm32h7xx_hal_i2c.c 0x00000000   Number         0  stm32h7xx_hal_i2c.o ABSOLUTE
    ../Drivers/STM32H7xx_HAL_Driver/Src/stm32h7xx_hal_i2c_ex.c 0x00000000   Number         0  stm32h7xx_hal_i2c_ex.o ABSOLUTE
    ../Drivers/STM32H7xx_HAL_Driver/Src/stm32h7xx_hal_mdma.c 0x00000000   Number         0  stm32h7xx_hal_mdma.o ABSOLUTE
    ../Drivers/STM32H7xx_HAL_Driver/Src/stm32h7xx_hal_pwr.c 0x00000000   Number         0  stm32h7xx_hal_pwr.o ABSOLUTE
    ../Drivers/STM32H7xx_HAL_Driver/Src/stm32h7xx_hal_pwr_ex.c 0x00000000   Number         0  stm32h7xx_hal_pwr_ex.o ABSOLUTE
    ../Drivers/STM32H7xx_HAL_Driver/Src/stm32h7xx_hal_rcc.c 0x00000000   Number         0  stm32h7xx_hal_rcc.o ABSOLUTE
    ../Drivers/STM32H7xx_HAL_Driver/Src/stm32h7xx_hal_rcc_ex.c 0x00000000   Number         0  stm32h7xx_hal_rcc_ex.o ABSOLUTE
    ../Drivers/STM32H7xx_HAL_Driver/Src/stm32h7xx_hal_tim.c 0x00000000   Number         0  stm32h7xx_hal_tim.o ABSOLUTE
    ../Drivers/STM32H7xx_HAL_Driver/Src/stm32h7xx_hal_tim_ex.c 0x00000000   Number         0  stm32h7xx_hal_tim_ex.o ABSOLUTE
    ../clib/angel/boardlib.s                 0x00000000   Number         0  boardinit3.o ABSOLUTE
    ../clib/angel/boardlib.s                 0x00000000   Number         0  boardshut.o ABSOLUTE
    ../clib/angel/boardlib.s                 0x00000000   Number         0  boardinit1.o ABSOLUTE
    ../clib/angel/boardlib.s                 0x00000000   Number         0  boardinit2.o ABSOLUTE
    ../clib/angel/handlers.s                 0x00000000   Number         0  __scatter_zi.o ABSOLUTE
    ../clib/angel/handlers.s                 0x00000000   Number         0  __scatter_copy.o ABSOLUTE
    ../clib/angel/kernel.s                   0x00000000   Number         0  __rtentry.o ABSOLUTE
    ../clib/angel/kernel.s                   0x00000000   Number         0  __rtentry4.o ABSOLUTE
    ../clib/angel/kernel.s                   0x00000000   Number         0  __rtentry2.o ABSOLUTE
    ../clib/angel/kernel.s                   0x00000000   Number         0  rtexit.o ABSOLUTE
    ../clib/angel/kernel.s                   0x00000000   Number         0  rtexit2.o ABSOLUTE
    ../clib/angel/rt.s                       0x00000000   Number         0  rt_raise.o ABSOLUTE
    ../clib/angel/scatter.s                  0x00000000   Number         0  __scatter.o ABSOLUTE
    ../clib/angel/startup.s                  0x00000000   Number         0  __main.o ABSOLUTE
    ../clib/angel/sys.s                      0x00000000   Number         0  use_no_semi.o ABSOLUTE
    ../clib/angel/sys.s                      0x00000000   Number         0  sys_stackheap_outer.o ABSOLUTE
    ../clib/angel/sys.s                      0x00000000   Number         0  libspace.o ABSOLUTE
    ../clib/angel/sys.s                      0x00000000   Number         0  indicate_semi.o ABSOLUTE
    ../clib/angel/sysapp.c                   0x00000000   Number         0  sys_command.o ABSOLUTE
    ../clib/angel/sysapp.c                   0x00000000   Number         0  sys_exit.o ABSOLUTE
    ../clib/angel/sysapp.c                   0x00000000   Number         0  sys_wrch.o ABSOLUTE
    ../clib/armsys.c                         0x00000000   Number         0  argv_veneer.o ABSOLUTE
    ../clib/armsys.c                         0x00000000   Number         0  argv_veneer.o ABSOLUTE
    ../clib/armsys.c                         0x00000000   Number         0  _get_argv_nomalloc.o ABSOLUTE
    ../clib/armsys.c                         0x00000000   Number         0  no_argv.o ABSOLUTE
    ../clib/heapalloc.c                      0x00000000   Number         0  hrguard.o ABSOLUTE
    ../clib/heapaux.c                        0x00000000   Number         0  heapauxi.o ABSOLUTE
    ../clib/libinit.s                        0x00000000   Number         0  libshutdown.o ABSOLUTE
    ../clib/libinit.s                        0x00000000   Number         0  libshutdown2.o ABSOLUTE
    ../clib/libinit.s                        0x00000000   Number         0  libinit2.o ABSOLUTE
    ../clib/libinit.s                        0x00000000   Number         0  libinit.o ABSOLUTE
    ../clib/signal.c                         0x00000000   Number         0  defsig_other.o ABSOLUTE
    ../clib/signal.c                         0x00000000   Number         0  defsig_general.o ABSOLUTE
    ../clib/signal.c                         0x00000000   Number         0  __raise.o ABSOLUTE
    ../clib/signal.c                         0x00000000   Number         0  defsig_rtmem_inner.o ABSOLUTE
    ../clib/signal.c                         0x00000000   Number         0  defsig_exit.o ABSOLUTE
    ../clib/signal.c                         0x00000000   Number         0  defsig_abrt_inner.o ABSOLUTE
    ../clib/signal.c                         0x00000000   Number         0  defsig_rtmem_formal.o ABSOLUTE
    ../clib/signal.c                         0x00000000   Number         0  defsig_rtmem_outer.o ABSOLUTE
    ../clib/signal.c                         0x00000000   Number         0  defsig_fpe_inner.o ABSOLUTE
    ../clib/signal.c                         0x00000000   Number         0  defsig_rtred_inner.o ABSOLUTE
    ../clib/signal.c                         0x00000000   Number         0  defsig_stak_inner.o ABSOLUTE
    ../clib/signal.c                         0x00000000   Number         0  defsig_pvfn_inner.o ABSOLUTE
    ../clib/signal.c                         0x00000000   Number         0  defsig_cppl_inner.o ABSOLUTE
    ../clib/signal.c                         0x00000000   Number         0  defsig_segv_inner.o ABSOLUTE
    ../clib/signal.s                         0x00000000   Number         0  defsig.o ABSOLUTE
    ../clib/stdlib.c                         0x00000000   Number         0  exit.o ABSOLUTE
    ../fplib/fpinit.s                        0x00000000   Number         0  fpinit.o ABSOLUTE
    ..\CM4\Core\Src\main.c                   0x00000000   Number         0  main.o ABSOLUTE
    ..\CM4\Core\Src\stm32h7xx_hal_msp.c      0x00000000   Number         0  stm32h7xx_hal_msp.o ABSOLUTE
    ..\CM4\Core\Src\stm32h7xx_it.c           0x00000000   Number         0  stm32h7xx_it.o ABSOLUTE
    ..\Common\Src\system_stm32h7xx_dualcore_boot_cm4_cm7.c 0x00000000   Number         0  system_stm32h7xx_dualcore_boot_cm4_cm7.o ABSOLUTE
    ..\Drivers\STM32H7xx_HAL_Driver\Src\stm32h7xx_hal.c 0x00000000   Number         0  stm32h7xx_hal.o ABSOLUTE
    ..\Drivers\STM32H7xx_HAL_Driver\Src\stm32h7xx_hal_cortex.c 0x00000000   Number         0  stm32h7xx_hal_cortex.o ABSOLUTE
    ..\Drivers\STM32H7xx_HAL_Driver\Src\stm32h7xx_hal_dma.c 0x00000000   Number         0  stm32h7xx_hal_dma.o ABSOLUTE
    ..\Drivers\STM32H7xx_HAL_Driver\Src\stm32h7xx_hal_dma_ex.c 0x00000000   Number         0  stm32h7xx_hal_dma_ex.o ABSOLUTE
    ..\Drivers\STM32H7xx_HAL_Driver\Src\stm32h7xx_hal_exti.c 0x00000000   Number         0  stm32h7xx_hal_exti.o ABSOLUTE
    ..\Drivers\STM32H7xx_HAL_Driver\Src\stm32h7xx_hal_flash.c 0x00000000   Number         0  stm32h7xx_hal_flash.o ABSOLUTE
    ..\Drivers\STM32H7xx_HAL_Driver\Src\stm32h7xx_hal_flash_ex.c 0x00000000   Number         0  stm32h7xx_hal_flash_ex.o ABSOLUTE
    ..\Drivers\STM32H7xx_HAL_Driver\Src\stm32h7xx_hal_gpio.c 0x00000000   Number         0  stm32h7xx_hal_gpio.o ABSOLUTE
    ..\Drivers\STM32H7xx_HAL_Driver\Src\stm32h7xx_hal_hsem.c 0x00000000   Number         0  stm32h7xx_hal_hsem.o ABSOLUTE
    ..\Drivers\STM32H7xx_HAL_Driver\Src\stm32h7xx_hal_i2c.c 0x00000000   Number         0  stm32h7xx_hal_i2c.o ABSOLUTE
    ..\Drivers\STM32H7xx_HAL_Driver\Src\stm32h7xx_hal_i2c_ex.c 0x00000000   Number         0  stm32h7xx_hal_i2c_ex.o ABSOLUTE
    ..\Drivers\STM32H7xx_HAL_Driver\Src\stm32h7xx_hal_ltdc.c 0x00000000   Number         0  stm32h7xx_hal_ltdc.o ABSOLUTE
    ..\Drivers\STM32H7xx_HAL_Driver\Src\stm32h7xx_hal_ltdc_ex.c 0x00000000   Number         0  stm32h7xx_hal_ltdc_ex.o ABSOLUTE
    ..\Drivers\STM32H7xx_HAL_Driver\Src\stm32h7xx_hal_mdma.c 0x00000000   Number         0  stm32h7xx_hal_mdma.o ABSOLUTE
    ..\Drivers\STM32H7xx_HAL_Driver\Src\stm32h7xx_hal_pwr.c 0x00000000   Number         0  stm32h7xx_hal_pwr.o ABSOLUTE
    ..\Drivers\STM32H7xx_HAL_Driver\Src\stm32h7xx_hal_pwr_ex.c 0x00000000   Number         0  stm32h7xx_hal_pwr_ex.o ABSOLUTE
    ..\Drivers\STM32H7xx_HAL_Driver\Src\stm32h7xx_hal_rcc.c 0x00000000   Number         0  stm32h7xx_hal_rcc.o ABSOLUTE
    ..\Drivers\STM32H7xx_HAL_Driver\Src\stm32h7xx_hal_rcc_ex.c 0x00000000   Number         0  stm32h7xx_hal_rcc_ex.o ABSOLUTE
    ..\Drivers\STM32H7xx_HAL_Driver\Src\stm32h7xx_hal_tim.c 0x00000000   Number         0  stm32h7xx_hal_tim.o ABSOLUTE
    ..\Drivers\STM32H7xx_HAL_Driver\Src\stm32h7xx_hal_tim_ex.c 0x00000000   Number         0  stm32h7xx_hal_tim_ex.o ABSOLUTE
    ..\\Drivers\\STM32H7xx_HAL_Driver\\Src\\stm32h7xx_hal_ltdc.c 0x00000000   Number         0  stm32h7xx_hal_ltdc.o ABSOLUTE
    ..\\Drivers\\STM32H7xx_HAL_Driver\\Src\\stm32h7xx_hal_ltdc_ex.c 0x00000000   Number         0  stm32h7xx_hal_ltdc_ex.o ABSOLUTE
    dc.s                                     0x00000000   Number         0  dc.o ABSOLUTE
    startup_stm32h757xx_CM4.s                0x00000000   Number         0  startup_stm32h757xx_cm4.o ABSOLUTE
    RESET                                    0x08100000   Section      664  startup_stm32h757xx_cm4.o(RESET)
    !!!main                                  0x08100298   Section        8  __main.o(!!!main)
    !!!scatter                               0x081002a0   Section       52  __scatter.o(!!!scatter)
    !!handler_copy                           0x081002d4   Section       26  __scatter_copy.o(!!handler_copy)
    !!handler_zi                             0x081002f0   Section       28  __scatter_zi.o(!!handler_zi)
    .ARM.Collect$$libinit$$00000000          0x0810030c   Section        2  libinit.o(.ARM.Collect$$libinit$$00000000)
    .ARM.Collect$$libinit$$00000001          0x0810030e   Section        4  libinit2.o(.ARM.Collect$$libinit$$00000001)
    .ARM.Collect$$libinit$$00000004          0x08100312   Section        0  libinit2.o(.ARM.Collect$$libinit$$00000004)
    .ARM.Collect$$libinit$$0000000A          0x08100312   Section        0  libinit2.o(.ARM.Collect$$libinit$$0000000A)
    .ARM.Collect$$libinit$$0000000C          0x08100312   Section        0  libinit2.o(.ARM.Collect$$libinit$$0000000C)
    .ARM.Collect$$libinit$$0000000E          0x08100312   Section        0  libinit2.o(.ARM.Collect$$libinit$$0000000E)
    .ARM.Collect$$libinit$$00000011          0x08100312   Section        0  libinit2.o(.ARM.Collect$$libinit$$00000011)
    .ARM.Collect$$libinit$$00000013          0x08100312   Section        0  libinit2.o(.ARM.Collect$$libinit$$00000013)
    .ARM.Collect$$libinit$$00000015          0x08100312   Section        0  libinit2.o(.ARM.Collect$$libinit$$00000015)
    .ARM.Collect$$libinit$$00000017          0x08100312   Section        0  libinit2.o(.ARM.Collect$$libinit$$00000017)
    .ARM.Collect$$libinit$$00000019          0x08100312   Section        0  libinit2.o(.ARM.Collect$$libinit$$00000019)
    .ARM.Collect$$libinit$$0000001B          0x08100312   Section        0  libinit2.o(.ARM.Collect$$libinit$$0000001B)
    .ARM.Collect$$libinit$$0000001D          0x08100312   Section        0  libinit2.o(.ARM.Collect$$libinit$$0000001D)
    .ARM.Collect$$libinit$$0000001F          0x08100312   Section        0  libinit2.o(.ARM.Collect$$libinit$$0000001F)
    .ARM.Collect$$libinit$$00000021          0x08100312   Section        0  libinit2.o(.ARM.Collect$$libinit$$00000021)
    .ARM.Collect$$libinit$$00000023          0x08100312   Section        0  libinit2.o(.ARM.Collect$$libinit$$00000023)
    .ARM.Collect$$libinit$$00000025          0x08100312   Section        0  libinit2.o(.ARM.Collect$$libinit$$00000025)
    .ARM.Collect$$libinit$$0000002C          0x08100312   Section        0  libinit2.o(.ARM.Collect$$libinit$$0000002C)
    .ARM.Collect$$libinit$$0000002E          0x08100312   Section        0  libinit2.o(.ARM.Collect$$libinit$$0000002E)
    .ARM.Collect$$libinit$$00000030          0x08100312   Section        0  libinit2.o(.ARM.Collect$$libinit$$00000030)
    .ARM.Collect$$libinit$$00000032          0x08100312   Section        0  libinit2.o(.ARM.Collect$$libinit$$00000032)
    .ARM.Collect$$libinit$$00000033          0x08100312   Section        2  libinit2.o(.ARM.Collect$$libinit$$00000033)
    .ARM.Collect$$libshutdown$$00000000      0x08100314   Section        2  libshutdown.o(.ARM.Collect$$libshutdown$$00000000)
    .ARM.Collect$$libshutdown$$00000002      0x08100316   Section        0  libshutdown2.o(.ARM.Collect$$libshutdown$$00000002)
    .ARM.Collect$$libshutdown$$00000004      0x08100316   Section        0  libshutdown2.o(.ARM.Collect$$libshutdown$$00000004)
    .ARM.Collect$$libshutdown$$00000006      0x08100316   Section        0  libshutdown2.o(.ARM.Collect$$libshutdown$$00000006)
    .ARM.Collect$$libshutdown$$00000009      0x08100316   Section        0  libshutdown2.o(.ARM.Collect$$libshutdown$$00000009)
    .ARM.Collect$$libshutdown$$0000000C      0x08100316   Section        0  libshutdown2.o(.ARM.Collect$$libshutdown$$0000000C)
    .ARM.Collect$$libshutdown$$0000000E      0x08100316   Section        0  libshutdown2.o(.ARM.Collect$$libshutdown$$0000000E)
    .ARM.Collect$$libshutdown$$00000011      0x08100316   Section        0  libshutdown2.o(.ARM.Collect$$libshutdown$$00000011)
    .ARM.Collect$$libshutdown$$00000012      0x08100316   Section        2  libshutdown2.o(.ARM.Collect$$libshutdown$$00000012)
    .ARM.Collect$$rtentry$$00000000          0x08100318   Section        0  __rtentry.o(.ARM.Collect$$rtentry$$00000000)
    .ARM.Collect$$rtentry$$00000002          0x08100318   Section        0  __rtentry2.o(.ARM.Collect$$rtentry$$00000002)
    .ARM.Collect$$rtentry$$00000004          0x08100318   Section        6  __rtentry4.o(.ARM.Collect$$rtentry$$00000004)
    .ARM.Collect$$rtentry$$00000009          0x0810031e   Section        0  __rtentry2.o(.ARM.Collect$$rtentry$$00000009)
    .ARM.Collect$$rtentry$$0000000A          0x0810031e   Section        4  __rtentry2.o(.ARM.Collect$$rtentry$$0000000A)
    .ARM.Collect$$rtentry$$0000000C          0x08100322   Section        0  __rtentry2.o(.ARM.Collect$$rtentry$$0000000C)
    .ARM.Collect$$rtentry$$0000000D          0x08100322   Section        8  __rtentry2.o(.ARM.Collect$$rtentry$$0000000D)
    .ARM.Collect$$rtexit$$00000000           0x0810032a   Section        2  rtexit.o(.ARM.Collect$$rtexit$$00000000)
    .ARM.Collect$$rtexit$$00000002           0x0810032c   Section        0  rtexit2.o(.ARM.Collect$$rtexit$$00000002)
    .ARM.Collect$$rtexit$$00000003           0x0810032c   Section        4  rtexit2.o(.ARM.Collect$$rtexit$$00000003)
    .ARM.Collect$$rtexit$$00000004           0x08100330   Section        6  rtexit2.o(.ARM.Collect$$rtexit$$00000004)
    .text                                    0x08100338   Section       64  startup_stm32h757xx_cm4.o(.text)
    $v0                                      0x08100338   Number         0  startup_stm32h757xx_cm4.o(.text)
    .text                                    0x08100378   Section        0  heapauxi.o(.text)
    .text                                    0x0810037e   Section       74  sys_stackheap_outer.o(.text)
    .text                                    0x081003c8   Section        0  exit.o(.text)
    .text                                    0x081003dc   Section        8  libspace.o(.text)
    .text                                    0x081003e4   Section        0  sys_exit.o(.text)
    .text                                    0x081003f0   Section        2  use_no_semi.o(.text)
    .text                                    0x081003f2   Section        0  indicate_semi.o(.text)
    i.BusFault_Handler                       0x081003f2   Section        0  stm32h7xx_it.o(i.BusFault_Handler)
    i.DebugMon_Handler                       0x081003f4   Section        0  stm32h7xx_it.o(i.DebugMon_Handler)
    i.HAL_GetCurrentCPUID                    0x081003f8   Section        0  stm32h7xx_hal_cortex.o(i.HAL_GetCurrentCPUID)
    i.HAL_HSEM_ActivateNotification          0x08100410   Section        0  stm32h7xx_hal_hsem.o(i.HAL_HSEM_ActivateNotification)
    i.HAL_IncTick                            0x08100420   Section        0  stm32h7xx_hal.o(i.HAL_IncTick)
    i.HAL_Init                               0x08100430   Section        0  stm32h7xx_hal.o(i.HAL_Init)
    i.HAL_InitTick                           0x081004bc   Section        0  stm32h7xx_hal.o(i.HAL_InitTick)
    i.HAL_MspInit                            0x081004fc   Section        0  stm32h7xx_hal_msp.o(i.HAL_MspInit)
    i.HAL_NVIC_SetPriority                   0x08100518   Section        0  stm32h7xx_hal_cortex.o(i.HAL_NVIC_SetPriority)
    i.HAL_NVIC_SetPriorityGrouping           0x08100558   Section        0  stm32h7xx_hal_cortex.o(i.HAL_NVIC_SetPriorityGrouping)
    i.HAL_PWREx_ClearPendingEvent            0x0810057c   Section        0  stm32h7xx_hal_pwr_ex.o(i.HAL_PWREx_ClearPendingEvent)
    i.HAL_PWREx_EnterSTOPMode                0x0810058c   Section        0  stm32h7xx_hal_pwr_ex.o(i.HAL_PWREx_EnterSTOPMode)
    i.HAL_RCC_GetSysClockFreq                0x0810061c   Section        0  stm32h7xx_hal_rcc.o(i.HAL_RCC_GetSysClockFreq)
    i.HAL_SYSTICK_Config                     0x0810074c   Section        0  stm32h7xx_hal_cortex.o(i.HAL_SYSTICK_Config)
    i.HardFault_Handler                      0x08100774   Section        0  stm32h7xx_it.o(i.HardFault_Handler)
    i.MemManage_Handler                      0x08100776   Section        0  stm32h7xx_it.o(i.MemManage_Handler)
    i.NMI_Handler                            0x08100778   Section        0  stm32h7xx_it.o(i.NMI_Handler)
    i.PendSV_Handler                         0x0810077a   Section        0  stm32h7xx_it.o(i.PendSV_Handler)
    i.SVC_Handler                            0x0810077c   Section        0  stm32h7xx_it.o(i.SVC_Handler)
    i.SysTick_Handler                        0x0810077e   Section        0  stm32h7xx_it.o(i.SysTick_Handler)
    i.SystemInit                             0x08100784   Section        0  system_stm32h7xx_dualcore_boot_cm4_cm7.o(i.SystemInit)
    i.UsageFault_Handler                     0x081007a0   Section        0  stm32h7xx_it.o(i.UsageFault_Handler)
    i.__NVIC_SetPriority                     0x081007a2   Section        0  stm32h7xx_hal_cortex.o(i.__NVIC_SetPriority)
    __NVIC_SetPriority                       0x081007a3   Thumb Code    32  stm32h7xx_hal_cortex.o(i.__NVIC_SetPriority)
    i.main                                   0x081007c4   Section        0  main.o(i.main)
    x$fpl$fpinit                             0x0810081c   Section       10  fpinit.o(x$fpl$fpinit)
    $v0                                      0x0810081c   Number         0  fpinit.o(x$fpl$fpinit)
    .constdata                               0x08100826   Section       16  system_stm32h7xx_dualcore_boot_cm4_cm7.o(.constdata)
    .data                                    0x10000000   Section       12  stm32h7xx_hal.o(.data)
    .data                                    0x1000000c   Section        8  system_stm32h7xx_dualcore_boot_cm4_cm7.o(.data)
    .bss                                     0x10000014   Section       96  libspace.o(.bss)
    HEAP                                     0x10000078   Section      512  startup_stm32h757xx_cm4.o(HEAP)
    Heap_Mem                                 0x10000078   Data         512  startup_stm32h757xx_cm4.o(HEAP)
    STACK                                    0x10000278   Section     1024  startup_stm32h757xx_cm4.o(STACK)
    Stack_Mem                                0x10000278   Data        1024  startup_stm32h757xx_cm4.o(STACK)
    __initial_sp                             0x10000678   Data           0  startup_stm32h757xx_cm4.o(STACK)

    Global Symbols

    Symbol Name                              Value     Ov Type        Size  Object(Section)

    BuildAttributes$$THM_ISAv4$E$P$D$K$B$S$7EM$VFPi3$EXTD16$VFPS$VFMA$PE$A:L22UL41UL21$X:L11$S22US41US21$IEEE1$IW$USESV6$~STKCKD$USESV7$~SHL$OSPACE$ROPI$EBA8$UX$STANDARDLIB$REQ8$PRES8$EABIv2 0x00000000   Number         0  anon$$obj.o ABSOLUTE
    __ARM_use_no_argv                        0x00000000   Number         0  main.o ABSOLUTE
    __ARM_exceptions_init                     - Undefined Weak Reference
    __alloca_initialize                       - Undefined Weak Reference
    __arm_fini_                               - Undefined Weak Reference
    __arm_preinit_                            - Undefined Weak Reference
    __cpp_initialize__aeabi_                  - Undefined Weak Reference
    __cxa_finalize                            - Undefined Weak Reference
    __rt_locale                               - Undefined Weak Reference
    __sigvec_lookup                           - Undefined Weak Reference
    _atexit_init                              - Undefined Weak Reference
    _call_atexit_fns                          - Undefined Weak Reference
    _clock_init                               - Undefined Weak Reference
    _fp_trap_init                             - Undefined Weak Reference
    _fp_trap_shutdown                         - Undefined Weak Reference
    _get_lc_collate                           - Undefined Weak Reference
    _get_lc_ctype                             - Undefined Weak Reference
    _get_lc_monetary                          - Undefined Weak Reference
    _get_lc_numeric                           - Undefined Weak Reference
    _get_lc_time                              - Undefined Weak Reference
    _getenv_init                              - Undefined Weak Reference
    _handle_redirection                       - Undefined Weak Reference
    _init_alloc                               - Undefined Weak Reference
    _init_user_alloc                          - Undefined Weak Reference
    _initio                                   - Undefined Weak Reference
    _rand_init                                - Undefined Weak Reference
    _signal_finish                            - Undefined Weak Reference
    _signal_init                              - Undefined Weak Reference
    _terminate_alloc                          - Undefined Weak Reference
    _terminate_user_alloc                     - Undefined Weak Reference
    _terminateio                              - Undefined Weak Reference
    __Vectors_Size                           0x00000298   Number         0  startup_stm32h757xx_cm4.o ABSOLUTE
    __Vectors                                0x08100000   Data           4  startup_stm32h757xx_cm4.o(RESET)
    __Vectors_End                            0x08100298   Data           0  startup_stm32h757xx_cm4.o(RESET)
    __main                                   0x08100299   Thumb Code     8  __main.o(!!!main)
    __scatterload                            0x081002a1   Thumb Code     0  __scatter.o(!!!scatter)
    __scatterload_rt2                        0x081002a1   Thumb Code    44  __scatter.o(!!!scatter)
    __scatterload_rt2_thumb_only             0x081002a1   Thumb Code     0  __scatter.o(!!!scatter)
    __scatterload_null                       0x081002af   Thumb Code     0  __scatter.o(!!!scatter)
    __scatterload_copy                       0x081002d5   Thumb Code    26  __scatter_copy.o(!!handler_copy)
    __scatterload_zeroinit                   0x081002f1   Thumb Code    28  __scatter_zi.o(!!handler_zi)
    __rt_lib_init                            0x0810030d   Thumb Code     0  libinit.o(.ARM.Collect$$libinit$$00000000)
    __rt_lib_init_fp_1                       0x0810030f   Thumb Code     0  libinit2.o(.ARM.Collect$$libinit$$00000001)
    __rt_lib_init_alloca_1                   0x08100313   Thumb Code     0  libinit2.o(.ARM.Collect$$libinit$$0000002E)
    __rt_lib_init_argv_1                     0x08100313   Thumb Code     0  libinit2.o(.ARM.Collect$$libinit$$0000002C)
    __rt_lib_init_atexit_1                   0x08100313   Thumb Code     0  libinit2.o(.ARM.Collect$$libinit$$0000001B)
    __rt_lib_init_clock_1                    0x08100313   Thumb Code     0  libinit2.o(.ARM.Collect$$libinit$$00000021)
    __rt_lib_init_cpp_1                      0x08100313   Thumb Code     0  libinit2.o(.ARM.Collect$$libinit$$00000032)
    __rt_lib_init_exceptions_1               0x08100313   Thumb Code     0  libinit2.o(.ARM.Collect$$libinit$$00000030)
    __rt_lib_init_fp_trap_1                  0x08100313   Thumb Code     0  libinit2.o(.ARM.Collect$$libinit$$0000001F)
    __rt_lib_init_getenv_1                   0x08100313   Thumb Code     0  libinit2.o(.ARM.Collect$$libinit$$00000023)
    __rt_lib_init_heap_1                     0x08100313   Thumb Code     0  libinit2.o(.ARM.Collect$$libinit$$0000000A)
    __rt_lib_init_lc_collate_1               0x08100313   Thumb Code     0  libinit2.o(.ARM.Collect$$libinit$$00000011)
    __rt_lib_init_lc_ctype_1                 0x08100313   Thumb Code     0  libinit2.o(.ARM.Collect$$libinit$$00000013)
    __rt_lib_init_lc_monetary_1              0x08100313   Thumb Code     0  libinit2.o(.ARM.Collect$$libinit$$00000015)
    __rt_lib_init_lc_numeric_1               0x08100313   Thumb Code     0  libinit2.o(.ARM.Collect$$libinit$$00000017)
    __rt_lib_init_lc_time_1                  0x08100313   Thumb Code     0  libinit2.o(.ARM.Collect$$libinit$$00000019)
    __rt_lib_init_preinit_1                  0x08100313   Thumb Code     0  libinit2.o(.ARM.Collect$$libinit$$00000004)
    __rt_lib_init_rand_1                     0x08100313   Thumb Code     0  libinit2.o(.ARM.Collect$$libinit$$0000000E)
    __rt_lib_init_return                     0x08100313   Thumb Code     0  libinit2.o(.ARM.Collect$$libinit$$00000033)
    __rt_lib_init_signal_1                   0x08100313   Thumb Code     0  libinit2.o(.ARM.Collect$$libinit$$0000001D)
    __rt_lib_init_stdio_1                    0x08100313   Thumb Code     0  libinit2.o(.ARM.Collect$$libinit$$00000025)
    __rt_lib_init_user_alloc_1               0x08100313   Thumb Code     0  libinit2.o(.ARM.Collect$$libinit$$0000000C)
    __rt_lib_shutdown                        0x08100315   Thumb Code     0  libshutdown.o(.ARM.Collect$$libshutdown$$00000000)
    __rt_lib_shutdown_cpp_1                  0x08100317   Thumb Code     0  libshutdown2.o(.ARM.Collect$$libshutdown$$00000004)
    __rt_lib_shutdown_fini_1                 0x08100317   Thumb Code     0  libshutdown2.o(.ARM.Collect$$libshutdown$$00000002)
    __rt_lib_shutdown_fp_trap_1              0x08100317   Thumb Code     0  libshutdown2.o(.ARM.Collect$$libshutdown$$00000009)
    __rt_lib_shutdown_heap_1                 0x08100317   Thumb Code     0  libshutdown2.o(.ARM.Collect$$libshutdown$$00000011)
    __rt_lib_shutdown_return                 0x08100317   Thumb Code     0  libshutdown2.o(.ARM.Collect$$libshutdown$$00000012)
    __rt_lib_shutdown_signal_1               0x08100317   Thumb Code     0  libshutdown2.o(.ARM.Collect$$libshutdown$$0000000C)
    __rt_lib_shutdown_stdio_1                0x08100317   Thumb Code     0  libshutdown2.o(.ARM.Collect$$libshutdown$$00000006)
    __rt_lib_shutdown_user_alloc_1           0x08100317   Thumb Code     0  libshutdown2.o(.ARM.Collect$$libshutdown$$0000000E)
    __rt_entry                               0x08100319   Thumb Code     0  __rtentry.o(.ARM.Collect$$rtentry$$00000000)
    __rt_entry_presh_1                       0x08100319   Thumb Code     0  __rtentry2.o(.ARM.Collect$$rtentry$$00000002)
    __rt_entry_sh                            0x08100319   Thumb Code     0  __rtentry4.o(.ARM.Collect$$rtentry$$00000004)
    __rt_entry_li                            0x0810031f   Thumb Code     0  __rtentry2.o(.ARM.Collect$$rtentry$$0000000A)
    __rt_entry_postsh_1                      0x0810031f   Thumb Code     0  __rtentry2.o(.ARM.Collect$$rtentry$$00000009)
    __rt_entry_main                          0x08100323   Thumb Code     0  __rtentry2.o(.ARM.Collect$$rtentry$$0000000D)
    __rt_entry_postli_1                      0x08100323   Thumb Code     0  __rtentry2.o(.ARM.Collect$$rtentry$$0000000C)
    __rt_exit                                0x0810032b   Thumb Code     0  rtexit.o(.ARM.Collect$$rtexit$$00000000)
    __rt_exit_ls                             0x0810032d   Thumb Code     0  rtexit2.o(.ARM.Collect$$rtexit$$00000003)
    __rt_exit_prels_1                        0x0810032d   Thumb Code     0  rtexit2.o(.ARM.Collect$$rtexit$$00000002)
    __rt_exit_exit                           0x08100331   Thumb Code     0  rtexit2.o(.ARM.Collect$$rtexit$$00000004)
    Reset_Handler                            0x08100339   Thumb Code     8  startup_stm32h757xx_cm4.o(.text)
    ADC3_IRQHandler                          0x08100353   Thumb Code     0  startup_stm32h757xx_cm4.o(.text)
    ADC_IRQHandler                           0x08100353   Thumb Code     0  startup_stm32h757xx_cm4.o(.text)
    BDMA_Channel0_IRQHandler                 0x08100353   Thumb Code     0  startup_stm32h757xx_cm4.o(.text)
    BDMA_Channel1_IRQHandler                 0x08100353   Thumb Code     0  startup_stm32h757xx_cm4.o(.text)
    BDMA_Channel2_IRQHandler                 0x08100353   Thumb Code     0  startup_stm32h757xx_cm4.o(.text)
    BDMA_Channel3_IRQHandler                 0x08100353   Thumb Code     0  startup_stm32h757xx_cm4.o(.text)
    BDMA_Channel4_IRQHandler                 0x08100353   Thumb Code     0  startup_stm32h757xx_cm4.o(.text)
    BDMA_Channel5_IRQHandler                 0x08100353   Thumb Code     0  startup_stm32h757xx_cm4.o(.text)
    BDMA_Channel6_IRQHandler                 0x08100353   Thumb Code     0  startup_stm32h757xx_cm4.o(.text)
    BDMA_Channel7_IRQHandler                 0x08100353   Thumb Code     0  startup_stm32h757xx_cm4.o(.text)
    CEC_IRQHandler                           0x08100353   Thumb Code     0  startup_stm32h757xx_cm4.o(.text)
    CM4_SEV_IRQHandler                       0x08100353   Thumb Code     0  startup_stm32h757xx_cm4.o(.text)
    CM7_SEV_IRQHandler                       0x08100353   Thumb Code     0  startup_stm32h757xx_cm4.o(.text)
    COMP1_IRQHandler                         0x08100353   Thumb Code     0  startup_stm32h757xx_cm4.o(.text)
    CRS_IRQHandler                           0x08100353   Thumb Code     0  startup_stm32h757xx_cm4.o(.text)
    CRYP_IRQHandler                          0x08100353   Thumb Code     0  startup_stm32h757xx_cm4.o(.text)
    DCMI_IRQHandler                          0x08100353   Thumb Code     0  startup_stm32h757xx_cm4.o(.text)
    DFSDM1_FLT0_IRQHandler                   0x08100353   Thumb Code     0  startup_stm32h757xx_cm4.o(.text)
    DFSDM1_FLT1_IRQHandler                   0x08100353   Thumb Code     0  startup_stm32h757xx_cm4.o(.text)
    DFSDM1_FLT2_IRQHandler                   0x08100353   Thumb Code     0  startup_stm32h757xx_cm4.o(.text)
    DFSDM1_FLT3_IRQHandler                   0x08100353   Thumb Code     0  startup_stm32h757xx_cm4.o(.text)
    DMA1_Stream0_IRQHandler                  0x08100353   Thumb Code     0  startup_stm32h757xx_cm4.o(.text)
    DMA1_Stream1_IRQHandler                  0x08100353   Thumb Code     0  startup_stm32h757xx_cm4.o(.text)
    DMA1_Stream2_IRQHandler                  0x08100353   Thumb Code     0  startup_stm32h757xx_cm4.o(.text)
    DMA1_Stream3_IRQHandler                  0x08100353   Thumb Code     0  startup_stm32h757xx_cm4.o(.text)
    DMA1_Stream4_IRQHandler                  0x08100353   Thumb Code     0  startup_stm32h757xx_cm4.o(.text)
    DMA1_Stream5_IRQHandler                  0x08100353   Thumb Code     0  startup_stm32h757xx_cm4.o(.text)
    DMA1_Stream6_IRQHandler                  0x08100353   Thumb Code     0  startup_stm32h757xx_cm4.o(.text)
    DMA1_Stream7_IRQHandler                  0x08100353   Thumb Code     0  startup_stm32h757xx_cm4.o(.text)
    DMA2D_IRQHandler                         0x08100353   Thumb Code     0  startup_stm32h757xx_cm4.o(.text)
    DMA2_Stream0_IRQHandler                  0x08100353   Thumb Code     0  startup_stm32h757xx_cm4.o(.text)
    DMA2_Stream1_IRQHandler                  0x08100353   Thumb Code     0  startup_stm32h757xx_cm4.o(.text)
    DMA2_Stream2_IRQHandler                  0x08100353   Thumb Code     0  startup_stm32h757xx_cm4.o(.text)
    DMA2_Stream3_IRQHandler                  0x08100353   Thumb Code     0  startup_stm32h757xx_cm4.o(.text)
    DMA2_Stream4_IRQHandler                  0x08100353   Thumb Code     0  startup_stm32h757xx_cm4.o(.text)
    DMA2_Stream5_IRQHandler                  0x08100353   Thumb Code     0  startup_stm32h757xx_cm4.o(.text)
    DMA2_Stream6_IRQHandler                  0x08100353   Thumb Code     0  startup_stm32h757xx_cm4.o(.text)
    DMA2_Stream7_IRQHandler                  0x08100353   Thumb Code     0  startup_stm32h757xx_cm4.o(.text)
    DMAMUX1_OVR_IRQHandler                   0x08100353   Thumb Code     0  startup_stm32h757xx_cm4.o(.text)
    DMAMUX2_OVR_IRQHandler                   0x08100353   Thumb Code     0  startup_stm32h757xx_cm4.o(.text)
    DSI_IRQHandler                           0x08100353   Thumb Code     0  startup_stm32h757xx_cm4.o(.text)
    ECC_IRQHandler                           0x08100353   Thumb Code     0  startup_stm32h757xx_cm4.o(.text)
    ETH_IRQHandler                           0x08100353   Thumb Code     0  startup_stm32h757xx_cm4.o(.text)
    ETH_WKUP_IRQHandler                      0x08100353   Thumb Code     0  startup_stm32h757xx_cm4.o(.text)
    EXTI0_IRQHandler                         0x08100353   Thumb Code     0  startup_stm32h757xx_cm4.o(.text)
    EXTI15_10_IRQHandler                     0x08100353   Thumb Code     0  startup_stm32h757xx_cm4.o(.text)
    EXTI1_IRQHandler                         0x08100353   Thumb Code     0  startup_stm32h757xx_cm4.o(.text)
    EXTI2_IRQHandler                         0x08100353   Thumb Code     0  startup_stm32h757xx_cm4.o(.text)
    EXTI3_IRQHandler                         0x08100353   Thumb Code     0  startup_stm32h757xx_cm4.o(.text)
    EXTI4_IRQHandler                         0x08100353   Thumb Code     0  startup_stm32h757xx_cm4.o(.text)
    EXTI9_5_IRQHandler                       0x08100353   Thumb Code     0  startup_stm32h757xx_cm4.o(.text)
    FDCAN1_IT0_IRQHandler                    0x08100353   Thumb Code     0  startup_stm32h757xx_cm4.o(.text)
    FDCAN1_IT1_IRQHandler                    0x08100353   Thumb Code     0  startup_stm32h757xx_cm4.o(.text)
    FDCAN2_IT0_IRQHandler                    0x08100353   Thumb Code     0  startup_stm32h757xx_cm4.o(.text)
    FDCAN2_IT1_IRQHandler                    0x08100353   Thumb Code     0  startup_stm32h757xx_cm4.o(.text)
    FDCAN_CAL_IRQHandler                     0x08100353   Thumb Code     0  startup_stm32h757xx_cm4.o(.text)
    FLASH_IRQHandler                         0x08100353   Thumb Code     0  startup_stm32h757xx_cm4.o(.text)
    FMC_IRQHandler                           0x08100353   Thumb Code     0  startup_stm32h757xx_cm4.o(.text)
    FPU_IRQHandler                           0x08100353   Thumb Code     0  startup_stm32h757xx_cm4.o(.text)
    HASH_RNG_IRQHandler                      0x08100353   Thumb Code     0  startup_stm32h757xx_cm4.o(.text)
    HOLD_CORE_IRQHandler                     0x08100353   Thumb Code     0  startup_stm32h757xx_cm4.o(.text)
    HRTIM1_FLT_IRQHandler                    0x08100353   Thumb Code     0  startup_stm32h757xx_cm4.o(.text)
    HRTIM1_Master_IRQHandler                 0x08100353   Thumb Code     0  startup_stm32h757xx_cm4.o(.text)
    HRTIM1_TIMA_IRQHandler                   0x08100353   Thumb Code     0  startup_stm32h757xx_cm4.o(.text)
    HRTIM1_TIMB_IRQHandler                   0x08100353   Thumb Code     0  startup_stm32h757xx_cm4.o(.text)
    HRTIM1_TIMC_IRQHandler                   0x08100353   Thumb Code     0  startup_stm32h757xx_cm4.o(.text)
    HRTIM1_TIMD_IRQHandler                   0x08100353   Thumb Code     0  startup_stm32h757xx_cm4.o(.text)
    HRTIM1_TIME_IRQHandler                   0x08100353   Thumb Code     0  startup_stm32h757xx_cm4.o(.text)
    HSEM1_IRQHandler                         0x08100353   Thumb Code     0  startup_stm32h757xx_cm4.o(.text)
    HSEM2_IRQHandler                         0x08100353   Thumb Code     0  startup_stm32h757xx_cm4.o(.text)
    I2C1_ER_IRQHandler                       0x08100353   Thumb Code     0  startup_stm32h757xx_cm4.o(.text)
    I2C1_EV_IRQHandler                       0x08100353   Thumb Code     0  startup_stm32h757xx_cm4.o(.text)
    I2C2_ER_IRQHandler                       0x08100353   Thumb Code     0  startup_stm32h757xx_cm4.o(.text)
    I2C2_EV_IRQHandler                       0x08100353   Thumb Code     0  startup_stm32h757xx_cm4.o(.text)
    I2C3_ER_IRQHandler                       0x08100353   Thumb Code     0  startup_stm32h757xx_cm4.o(.text)
    I2C3_EV_IRQHandler                       0x08100353   Thumb Code     0  startup_stm32h757xx_cm4.o(.text)
    I2C4_ER_IRQHandler                       0x08100353   Thumb Code     0  startup_stm32h757xx_cm4.o(.text)
    I2C4_EV_IRQHandler                       0x08100353   Thumb Code     0  startup_stm32h757xx_cm4.o(.text)
    JPEG_IRQHandler                          0x08100353   Thumb Code     0  startup_stm32h757xx_cm4.o(.text)
    LPTIM1_IRQHandler                        0x08100353   Thumb Code     0  startup_stm32h757xx_cm4.o(.text)
    LPTIM2_IRQHandler                        0x08100353   Thumb Code     0  startup_stm32h757xx_cm4.o(.text)
    LPTIM3_IRQHandler                        0x08100353   Thumb Code     0  startup_stm32h757xx_cm4.o(.text)
    LPTIM4_IRQHandler                        0x08100353   Thumb Code     0  startup_stm32h757xx_cm4.o(.text)
    LPTIM5_IRQHandler                        0x08100353   Thumb Code     0  startup_stm32h757xx_cm4.o(.text)
    LPUART1_IRQHandler                       0x08100353   Thumb Code     0  startup_stm32h757xx_cm4.o(.text)
    LTDC_ER_IRQHandler                       0x08100353   Thumb Code     0  startup_stm32h757xx_cm4.o(.text)
    LTDC_IRQHandler                          0x08100353   Thumb Code     0  startup_stm32h757xx_cm4.o(.text)
    MDIOS_IRQHandler                         0x08100353   Thumb Code     0  startup_stm32h757xx_cm4.o(.text)
    MDIOS_WKUP_IRQHandler                    0x08100353   Thumb Code     0  startup_stm32h757xx_cm4.o(.text)
    MDMA_IRQHandler                          0x08100353   Thumb Code     0  startup_stm32h757xx_cm4.o(.text)
    OTG_FS_EP1_IN_IRQHandler                 0x08100353   Thumb Code     0  startup_stm32h757xx_cm4.o(.text)
    OTG_FS_EP1_OUT_IRQHandler                0x08100353   Thumb Code     0  startup_stm32h757xx_cm4.o(.text)
    OTG_FS_IRQHandler                        0x08100353   Thumb Code     0  startup_stm32h757xx_cm4.o(.text)
    OTG_FS_WKUP_IRQHandler                   0x08100353   Thumb Code     0  startup_stm32h757xx_cm4.o(.text)
    OTG_HS_EP1_IN_IRQHandler                 0x08100353   Thumb Code     0  startup_stm32h757xx_cm4.o(.text)
    OTG_HS_EP1_OUT_IRQHandler                0x08100353   Thumb Code     0  startup_stm32h757xx_cm4.o(.text)
    OTG_HS_IRQHandler                        0x08100353   Thumb Code     0  startup_stm32h757xx_cm4.o(.text)
    OTG_HS_WKUP_IRQHandler                   0x08100353   Thumb Code     0  startup_stm32h757xx_cm4.o(.text)
    PVD_AVD_IRQHandler                       0x08100353   Thumb Code     0  startup_stm32h757xx_cm4.o(.text)
    QUADSPI_IRQHandler                       0x08100353   Thumb Code     0  startup_stm32h757xx_cm4.o(.text)
    RCC_IRQHandler                           0x08100353   Thumb Code     0  startup_stm32h757xx_cm4.o(.text)
    RTC_Alarm_IRQHandler                     0x08100353   Thumb Code     0  startup_stm32h757xx_cm4.o(.text)
    RTC_WKUP_IRQHandler                      0x08100353   Thumb Code     0  startup_stm32h757xx_cm4.o(.text)
    SAI1_IRQHandler                          0x08100353   Thumb Code     0  startup_stm32h757xx_cm4.o(.text)
    SAI2_IRQHandler                          0x08100353   Thumb Code     0  startup_stm32h757xx_cm4.o(.text)
    SAI3_IRQHandler                          0x08100353   Thumb Code     0  startup_stm32h757xx_cm4.o(.text)
    SAI4_IRQHandler                          0x08100353   Thumb Code     0  startup_stm32h757xx_cm4.o(.text)
    SDMMC1_IRQHandler                        0x08100353   Thumb Code     0  startup_stm32h757xx_cm4.o(.text)
    SDMMC2_IRQHandler                        0x08100353   Thumb Code     0  startup_stm32h757xx_cm4.o(.text)
    SPDIF_RX_IRQHandler                      0x08100353   Thumb Code     0  startup_stm32h757xx_cm4.o(.text)
    SPI1_IRQHandler                          0x08100353   Thumb Code     0  startup_stm32h757xx_cm4.o(.text)
    SPI2_IRQHandler                          0x08100353   Thumb Code     0  startup_stm32h757xx_cm4.o(.text)
    SPI3_IRQHandler                          0x08100353   Thumb Code     0  startup_stm32h757xx_cm4.o(.text)
    SPI4_IRQHandler                          0x08100353   Thumb Code     0  startup_stm32h757xx_cm4.o(.text)
    SPI5_IRQHandler                          0x08100353   Thumb Code     0  startup_stm32h757xx_cm4.o(.text)
    SPI6_IRQHandler                          0x08100353   Thumb Code     0  startup_stm32h757xx_cm4.o(.text)
    SWPMI1_IRQHandler                        0x08100353   Thumb Code     0  startup_stm32h757xx_cm4.o(.text)
    TAMP_STAMP_IRQHandler                    0x08100353   Thumb Code     0  startup_stm32h757xx_cm4.o(.text)
    TIM15_IRQHandler                         0x08100353   Thumb Code     0  startup_stm32h757xx_cm4.o(.text)
    TIM16_IRQHandler                         0x08100353   Thumb Code     0  startup_stm32h757xx_cm4.o(.text)
    TIM17_IRQHandler                         0x08100353   Thumb Code     0  startup_stm32h757xx_cm4.o(.text)
    TIM1_BRK_IRQHandler                      0x08100353   Thumb Code     0  startup_stm32h757xx_cm4.o(.text)
    TIM1_CC_IRQHandler                       0x08100353   Thumb Code     0  startup_stm32h757xx_cm4.o(.text)
    TIM1_TRG_COM_IRQHandler                  0x08100353   Thumb Code     0  startup_stm32h757xx_cm4.o(.text)
    TIM1_UP_IRQHandler                       0x08100353   Thumb Code     0  startup_stm32h757xx_cm4.o(.text)
    TIM2_IRQHandler                          0x08100353   Thumb Code     0  startup_stm32h757xx_cm4.o(.text)
    TIM3_IRQHandler                          0x08100353   Thumb Code     0  startup_stm32h757xx_cm4.o(.text)
    TIM4_IRQHandler                          0x08100353   Thumb Code     0  startup_stm32h757xx_cm4.o(.text)
    TIM5_IRQHandler                          0x08100353   Thumb Code     0  startup_stm32h757xx_cm4.o(.text)
    TIM6_DAC_IRQHandler                      0x08100353   Thumb Code     0  startup_stm32h757xx_cm4.o(.text)
    TIM7_IRQHandler                          0x08100353   Thumb Code     0  startup_stm32h757xx_cm4.o(.text)
    TIM8_BRK_TIM12_IRQHandler                0x08100353   Thumb Code     0  startup_stm32h757xx_cm4.o(.text)
    TIM8_CC_IRQHandler                       0x08100353   Thumb Code     0  startup_stm32h757xx_cm4.o(.text)
    TIM8_TRG_COM_TIM14_IRQHandler            0x08100353   Thumb Code     0  startup_stm32h757xx_cm4.o(.text)
    TIM8_UP_TIM13_IRQHandler                 0x08100353   Thumb Code     0  startup_stm32h757xx_cm4.o(.text)
    UART4_IRQHandler                         0x08100353   Thumb Code     0  startup_stm32h757xx_cm4.o(.text)
    UART5_IRQHandler                         0x08100353   Thumb Code     0  startup_stm32h757xx_cm4.o(.text)
    UART7_IRQHandler                         0x08100353   Thumb Code     0  startup_stm32h757xx_cm4.o(.text)
    UART8_IRQHandler                         0x08100353   Thumb Code     0  startup_stm32h757xx_cm4.o(.text)
    USART1_IRQHandler                        0x08100353   Thumb Code     0  startup_stm32h757xx_cm4.o(.text)
    USART2_IRQHandler                        0x08100353   Thumb Code     0  startup_stm32h757xx_cm4.o(.text)
    USART3_IRQHandler                        0x08100353   Thumb Code     0  startup_stm32h757xx_cm4.o(.text)
    USART6_IRQHandler                        0x08100353   Thumb Code     0  startup_stm32h757xx_cm4.o(.text)
    WAKEUP_PIN_IRQHandler                    0x08100353   Thumb Code     0  startup_stm32h757xx_cm4.o(.text)
    WWDG_IRQHandler                          0x08100353   Thumb Code     0  startup_stm32h757xx_cm4.o(.text)
    WWDG_RST_IRQHandler                      0x08100353   Thumb Code     0  startup_stm32h757xx_cm4.o(.text)
    __user_initial_stackheap                 0x08100355   Thumb Code     0  startup_stm32h757xx_cm4.o(.text)
    __use_two_region_memory                  0x08100379   Thumb Code     2  heapauxi.o(.text)
    __rt_heap_escrow$2region                 0x0810037b   Thumb Code     2  heapauxi.o(.text)
    __rt_heap_expand$2region                 0x0810037d   Thumb Code     2  heapauxi.o(.text)
    __user_setup_stackheap                   0x0810037f   Thumb Code    74  sys_stackheap_outer.o(.text)
    exit                                     0x081003c9   Thumb Code    18  exit.o(.text)
    __user_libspace                          0x081003dd   Thumb Code     8  libspace.o(.text)
    __user_perproc_libspace                  0x081003dd   Thumb Code     0  libspace.o(.text)
    __user_perthread_libspace                0x081003dd   Thumb Code     0  libspace.o(.text)
    _sys_exit                                0x081003e5   Thumb Code     8  sys_exit.o(.text)
    __I$use$semihosting                      0x081003f1   Thumb Code     0  use_no_semi.o(.text)
    __use_no_semihosting_swi                 0x081003f1   Thumb Code     2  use_no_semi.o(.text)
    BusFault_Handler                         0x081003f3   Thumb Code     2  stm32h7xx_it.o(i.BusFault_Handler)
    __semihosting_library_function           0x081003f3   Thumb Code     0  indicate_semi.o(.text)
    DebugMon_Handler                         0x081003f5   Thumb Code     2  stm32h7xx_it.o(i.DebugMon_Handler)
    HAL_GetCurrentCPUID                      0x081003f9   Thumb Code    20  stm32h7xx_hal_cortex.o(i.HAL_GetCurrentCPUID)
    HAL_HSEM_ActivateNotification            0x08100411   Thumb Code    10  stm32h7xx_hal_hsem.o(i.HAL_HSEM_ActivateNotification)
    HAL_IncTick                              0x08100421   Thumb Code    12  stm32h7xx_hal.o(i.HAL_IncTick)
    HAL_Init                                 0x08100431   Thumb Code   114  stm32h7xx_hal.o(i.HAL_Init)
    HAL_InitTick                             0x081004bd   Thumb Code    56  stm32h7xx_hal.o(i.HAL_InitTick)
    HAL_MspInit                              0x081004fd   Thumb Code    22  stm32h7xx_hal_msp.o(i.HAL_MspInit)
    HAL_NVIC_SetPriority                     0x08100519   Thumb Code    60  stm32h7xx_hal_cortex.o(i.HAL_NVIC_SetPriority)
    HAL_NVIC_SetPriorityGrouping             0x08100559   Thumb Code    26  stm32h7xx_hal_cortex.o(i.HAL_NVIC_SetPriorityGrouping)
    HAL_PWREx_ClearPendingEvent              0x0810057d   Thumb Code    16  stm32h7xx_hal_pwr_ex.o(i.HAL_PWREx_ClearPendingEvent)
    HAL_PWREx_EnterSTOPMode                  0x0810058d   Thumb Code   134  stm32h7xx_hal_pwr_ex.o(i.HAL_PWREx_EnterSTOPMode)
    HAL_RCC_GetSysClockFreq                  0x0810061d   Thumb Code   270  stm32h7xx_hal_rcc.o(i.HAL_RCC_GetSysClockFreq)
    HAL_SYSTICK_Config                       0x0810074d   Thumb Code    40  stm32h7xx_hal_cortex.o(i.HAL_SYSTICK_Config)
    HardFault_Handler                        0x08100775   Thumb Code     2  stm32h7xx_it.o(i.HardFault_Handler)
    MemManage_Handler                        0x08100777   Thumb Code     2  stm32h7xx_it.o(i.MemManage_Handler)
    NMI_Handler                              0x08100779   Thumb Code     2  stm32h7xx_it.o(i.NMI_Handler)
    PendSV_Handler                           0x0810077b   Thumb Code     2  stm32h7xx_it.o(i.PendSV_Handler)
    SVC_Handler                              0x0810077d   Thumb Code     2  stm32h7xx_it.o(i.SVC_Handler)
    SysTick_Handler                          0x0810077f   Thumb Code     4  stm32h7xx_it.o(i.SysTick_Handler)
    SystemInit                               0x08100785   Thumb Code    24  system_stm32h7xx_dualcore_boot_cm4_cm7.o(i.SystemInit)
    UsageFault_Handler                       0x081007a1   Thumb Code     2  stm32h7xx_it.o(i.UsageFault_Handler)
    main                                     0x081007c5   Thumb Code    74  main.o(i.main)
    _fp_init                                 0x0810081d   Thumb Code    10  fpinit.o(x$fpl$fpinit)
    __fplib_config_fpu_vfp                   0x08100825   Thumb Code     0  fpinit.o(x$fpl$fpinit)
    __fplib_config_pureend_doubles           0x08100825   Thumb Code     0  fpinit.o(x$fpl$fpinit)
    D1CorePrescTable                         0x08100826   Data          16  system_stm32h7xx_dualcore_boot_cm4_cm7.o(.constdata)
    Region$$Table$$Base                      0x08100838   Number         0  anon$$obj.o(Region$$Table)
    Region$$Table$$Limit                     0x08100858   Number         0  anon$$obj.o(Region$$Table)
    uwTickFreq                               0x10000000   Data           1  stm32h7xx_hal.o(.data)
    uwTickPrio                               0x10000004   Data           4  stm32h7xx_hal.o(.data)
    uwTick                                   0x10000008   Data           4  stm32h7xx_hal.o(.data)
    SystemCoreClock                          0x1000000c   Data           4  system_stm32h7xx_dualcore_boot_cm4_cm7.o(.data)
    SystemD2Clock                            0x10000010   Data           4  system_stm32h7xx_dualcore_boot_cm4_cm7.o(.data)
    __libspace_start                         0x10000014   Data          96  libspace.o(.bss)
    __temporary_stack_top$libspace           0x10000074   Data           0  libspace.o(.bss)



==============================================================================

Memory Map of the image

  Image Entry point : 0x08100299

  Load Region LR_IROM1 (Base: 0x08100000, Size: 0x0000086c, Max: 0x00100000, ABSOLUTE)

    Execution Region ER_IROM1 (Exec base: 0x08100000, Load base: 0x08100000, Size: 0x00000858, Max: 0x00100000, ABSOLUTE)

    Exec Addr    Load Addr    Size         Type   Attr      Idx    E Section Name        Object

    0x08100000   0x08100000   0x00000298   Data   RO            3    RESET               startup_stm32h757xx_cm4.o
    0x08100298   0x08100298   0x00000008   Code   RO         2856  * !!!main             c_w.l(__main.o)
    0x081002a0   0x081002a0   0x00000034   Code   RO         3015    !!!scatter          c_w.l(__scatter.o)
    0x081002d4   0x081002d4   0x0000001a   Code   RO         3017    !!handler_copy      c_w.l(__scatter_copy.o)
    0x081002ee   0x081002ee   0x00000002   PAD
    0x081002f0   0x081002f0   0x0000001c   Code   RO         3019    !!handler_zi        c_w.l(__scatter_zi.o)
    0x0810030c   0x0810030c   0x00000002   Code   RO         2883    .ARM.Collect$$libinit$$00000000  c_w.l(libinit.o)
    0x0810030e   0x0810030e   0x00000004   Code   RO         2889    .ARM.Collect$$libinit$$00000001  c_w.l(libinit2.o)
    0x08100312   0x08100312   0x00000000   Code   RO         2892    .ARM.Collect$$libinit$$00000004  c_w.l(libinit2.o)
    0x08100312   0x08100312   0x00000000   Code   RO         2895    .ARM.Collect$$libinit$$0000000A  c_w.l(libinit2.o)
    0x08100312   0x08100312   0x00000000   Code   RO         2897    .ARM.Collect$$libinit$$0000000C  c_w.l(libinit2.o)
    0x08100312   0x08100312   0x00000000   Code   RO         2899    .ARM.Collect$$libinit$$0000000E  c_w.l(libinit2.o)
    0x08100312   0x08100312   0x00000000   Code   RO         2902    .ARM.Collect$$libinit$$00000011  c_w.l(libinit2.o)
    0x08100312   0x08100312   0x00000000   Code   RO         2904    .ARM.Collect$$libinit$$00000013  c_w.l(libinit2.o)
    0x08100312   0x08100312   0x00000000   Code   RO         2906    .ARM.Collect$$libinit$$00000015  c_w.l(libinit2.o)
    0x08100312   0x08100312   0x00000000   Code   RO         2908    .ARM.Collect$$libinit$$00000017  c_w.l(libinit2.o)
    0x08100312   0x08100312   0x00000000   Code   RO         2910    .ARM.Collect$$libinit$$00000019  c_w.l(libinit2.o)
    0x08100312   0x08100312   0x00000000   Code   RO         2912    .ARM.Collect$$libinit$$0000001B  c_w.l(libinit2.o)
    0x08100312   0x08100312   0x00000000   Code   RO         2914    .ARM.Collect$$libinit$$0000001D  c_w.l(libinit2.o)
    0x08100312   0x08100312   0x00000000   Code   RO         2916    .ARM.Collect$$libinit$$0000001F  c_w.l(libinit2.o)
    0x08100312   0x08100312   0x00000000   Code   RO         2918    .ARM.Collect$$libinit$$00000021  c_w.l(libinit2.o)
    0x08100312   0x08100312   0x00000000   Code   RO         2920    .ARM.Collect$$libinit$$00000023  c_w.l(libinit2.o)
    0x08100312   0x08100312   0x00000000   Code   RO         2922    .ARM.Collect$$libinit$$00000025  c_w.l(libinit2.o)
    0x08100312   0x08100312   0x00000000   Code   RO         2926    .ARM.Collect$$libinit$$0000002C  c_w.l(libinit2.o)
    0x08100312   0x08100312   0x00000000   Code   RO         2928    .ARM.Collect$$libinit$$0000002E  c_w.l(libinit2.o)
    0x08100312   0x08100312   0x00000000   Code   RO         2930    .ARM.Collect$$libinit$$00000030  c_w.l(libinit2.o)
    0x08100312   0x08100312   0x00000000   Code   RO         2932    .ARM.Collect$$libinit$$00000032  c_w.l(libinit2.o)
    0x08100312   0x08100312   0x00000002   Code   RO         2933    .ARM.Collect$$libinit$$00000033  c_w.l(libinit2.o)
    0x08100314   0x08100314   0x00000002   Code   RO         2953    .ARM.Collect$$libshutdown$$00000000  c_w.l(libshutdown.o)
    0x08100316   0x08100316   0x00000000   Code   RO         2966    .ARM.Collect$$libshutdown$$00000002  c_w.l(libshutdown2.o)
    0x08100316   0x08100316   0x00000000   Code   RO         2968    .ARM.Collect$$libshutdown$$00000004  c_w.l(libshutdown2.o)
    0x08100316   0x08100316   0x00000000   Code   RO         2970    .ARM.Collect$$libshutdown$$00000006  c_w.l(libshutdown2.o)
    0x08100316   0x08100316   0x00000000   Code   RO         2973    .ARM.Collect$$libshutdown$$00000009  c_w.l(libshutdown2.o)
    0x08100316   0x08100316   0x00000000   Code   RO         2976    .ARM.Collect$$libshutdown$$0000000C  c_w.l(libshutdown2.o)
    0x08100316   0x08100316   0x00000000   Code   RO         2978    .ARM.Collect$$libshutdown$$0000000E  c_w.l(libshutdown2.o)
    0x08100316   0x08100316   0x00000000   Code   RO         2981    .ARM.Collect$$libshutdown$$00000011  c_w.l(libshutdown2.o)
    0x08100316   0x08100316   0x00000002   Code   RO         2982    .ARM.Collect$$libshutdown$$00000012  c_w.l(libshutdown2.o)
    0x08100318   0x08100318   0x00000000   Code   RO         2858    .ARM.Collect$$rtentry$$00000000  c_w.l(__rtentry.o)
    0x08100318   0x08100318   0x00000000   Code   RO         2860    .ARM.Collect$$rtentry$$00000002  c_w.l(__rtentry2.o)
    0x08100318   0x08100318   0x00000006   Code   RO         2872    .ARM.Collect$$rtentry$$00000004  c_w.l(__rtentry4.o)
    0x0810031e   0x0810031e   0x00000000   Code   RO         2862    .ARM.Collect$$rtentry$$00000009  c_w.l(__rtentry2.o)
    0x0810031e   0x0810031e   0x00000004   Code   RO         2863    .ARM.Collect$$rtentry$$0000000A  c_w.l(__rtentry2.o)
    0x08100322   0x08100322   0x00000000   Code   RO         2865    .ARM.Collect$$rtentry$$0000000C  c_w.l(__rtentry2.o)
    0x08100322   0x08100322   0x00000008   Code   RO         2866    .ARM.Collect$$rtentry$$0000000D  c_w.l(__rtentry2.o)
    0x0810032a   0x0810032a   0x00000002   Code   RO         2887    .ARM.Collect$$rtexit$$00000000  c_w.l(rtexit.o)
    0x0810032c   0x0810032c   0x00000000   Code   RO         2935    .ARM.Collect$$rtexit$$00000002  c_w.l(rtexit2.o)
    0x0810032c   0x0810032c   0x00000004   Code   RO         2936    .ARM.Collect$$rtexit$$00000003  c_w.l(rtexit2.o)
    0x08100330   0x08100330   0x00000006   Code   RO         2937    .ARM.Collect$$rtexit$$00000004  c_w.l(rtexit2.o)
    0x08100336   0x08100336   0x00000002   PAD
    0x08100338   0x08100338   0x00000040   Code   RO            4    .text               startup_stm32h757xx_cm4.o
    0x08100378   0x08100378   0x00000006   Code   RO         2854    .text               c_w.l(heapauxi.o)
    0x0810037e   0x0810037e   0x0000004a   Code   RO         2874    .text               c_w.l(sys_stackheap_outer.o)
    0x081003c8   0x081003c8   0x00000012   Code   RO         2876    .text               c_w.l(exit.o)
    0x081003da   0x081003da   0x00000002   PAD
    0x081003dc   0x081003dc   0x00000008   Code   RO         2884    .text               c_w.l(libspace.o)
    0x081003e4   0x081003e4   0x0000000c   Code   RO         2945    .text               c_w.l(sys_exit.o)
    0x081003f0   0x081003f0   0x00000002   Code   RO         2956    .text               c_w.l(use_no_semi.o)
    0x081003f2   0x081003f2   0x00000000   Code   RO         2958    .text               c_w.l(indicate_semi.o)
    0x081003f2   0x081003f2   0x00000002   Code   RO          145    i.BusFault_Handler  stm32h7xx_it.o
    0x081003f4   0x081003f4   0x00000002   Code   RO          146    i.DebugMon_Handler  stm32h7xx_it.o
    0x081003f6   0x081003f6   0x00000002   PAD
    0x081003f8   0x081003f8   0x00000018   Code   RO          244    i.HAL_GetCurrentCPUID  stm32h7xx_hal_cortex.o
    0x08100410   0x08100410   0x00000010   Code   RO          949    i.HAL_HSEM_ActivateNotification  stm32h7xx_hal_hsem.o
    0x08100420   0x08100420   0x00000010   Code   RO         1791    i.HAL_IncTick       stm32h7xx_hal.o
    0x08100430   0x08100430   0x0000008c   Code   RO         1792    i.HAL_Init          stm32h7xx_hal.o
    0x081004bc   0x081004bc   0x00000040   Code   RO         1793    i.HAL_InitTick      stm32h7xx_hal.o
    0x081004fc   0x081004fc   0x0000001c   Code   RO          220    i.HAL_MspInit       stm32h7xx_hal_msp.o
    0x08100518   0x08100518   0x00000040   Code   RO          256    i.HAL_NVIC_SetPriority  stm32h7xx_hal_cortex.o
    0x08100558   0x08100558   0x00000024   Code   RO          257    i.HAL_NVIC_SetPriorityGrouping  stm32h7xx_hal_cortex.o
    0x0810057c   0x0810057c   0x00000010   Code   RO         1484    i.HAL_PWREx_ClearPendingEvent  stm32h7xx_hal_pwr_ex.o
    0x0810058c   0x0810058c   0x00000090   Code   RO         1508    i.HAL_PWREx_EnterSTOPMode  stm32h7xx_hal_pwr_ex.o
    0x0810061c   0x0810061c   0x00000130   Code   RO          395    i.HAL_RCC_GetSysClockFreq  stm32h7xx_hal_rcc.o
    0x0810074c   0x0810074c   0x00000028   Code   RO          261    i.HAL_SYSTICK_Config  stm32h7xx_hal_cortex.o
    0x08100774   0x08100774   0x00000002   Code   RO          147    i.HardFault_Handler  stm32h7xx_it.o
    0x08100776   0x08100776   0x00000002   Code   RO          148    i.MemManage_Handler  stm32h7xx_it.o
    0x08100778   0x08100778   0x00000002   Code   RO          149    i.NMI_Handler       stm32h7xx_it.o
    0x0810077a   0x0810077a   0x00000002   Code   RO          150    i.PendSV_Handler    stm32h7xx_it.o
    0x0810077c   0x0810077c   0x00000002   Code   RO          151    i.SVC_Handler       stm32h7xx_it.o
    0x0810077e   0x0810077e   0x00000004   Code   RO          152    i.SysTick_Handler   stm32h7xx_it.o
    0x08100782   0x08100782   0x00000002   PAD
    0x08100784   0x08100784   0x0000001c   Code   RO         2819    i.SystemInit        system_stm32h7xx_dualcore_boot_cm4_cm7.o
    0x081007a0   0x081007a0   0x00000002   Code   RO          153    i.UsageFault_Handler  stm32h7xx_it.o
    0x081007a2   0x081007a2   0x00000020   Code   RO          263    i.__NVIC_SetPriority  stm32h7xx_hal_cortex.o
    0x081007c2   0x081007c2   0x00000002   PAD
    0x081007c4   0x081007c4   0x00000058   Code   RO           14    i.main              main.o
    0x0810081c   0x0810081c   0x0000000a   Code   RO         2943    x$fpl$fpinit        fz_wm.l(fpinit.o)
    0x08100826   0x08100826   0x00000010   Data   RO         2820    .constdata          system_stm32h7xx_dualcore_boot_cm4_cm7.o
    0x08100836   0x08100836   0x00000002   PAD
    0x08100838   0x08100838   0x00000020   Data   RO         3013    Region$$Table       anon$$obj.o


    Execution Region RW_IRAM1 (Exec base: 0x10000000, Load base: 0x08100858, Size: 0x00000678, Max: 0x00048000, ABSOLUTE)

    Exec Addr    Load Addr    Size         Type   Attr      Idx    E Section Name        Object

    0x10000000   0x08100858   0x0000000c   Data   RW         1819    .data               stm32h7xx_hal.o
    0x1000000c   0x08100864   0x00000008   Data   RW         2821    .data               system_stm32h7xx_dualcore_boot_cm4_cm7.o
    0x10000014        -       0x00000060   Zero   RW         2885    .bss                c_w.l(libspace.o)
    0x10000074   0x0810086c   0x00000004   PAD
    0x10000078        -       0x00000200   Zero   RW            2    HEAP                startup_stm32h757xx_cm4.o
    0x10000278        -       0x00000400   Zero   RW            1    STACK               startup_stm32h757xx_cm4.o


==============================================================================

Image component sizes


      Code (inc. data)   RO Data    RW Data    ZI Data      Debug   Object Name

        88         14          0          0          0    1168382   main.o
        64         26        664          0       1536        860   startup_stm32h757xx_cm4.o
       220         38          0         12          0      29659   stm32h7xx_hal.o
       196         18          0          0          0      33820   stm32h7xx_hal_cortex.o
        16          6          0          0          0        604   stm32h7xx_hal_hsem.o
        28          6          0          0          0        978   stm32h7xx_hal_msp.o
       160         10          0          0          0       1472   stm32h7xx_hal_pwr_ex.o
       304         34          0          0          0       1166   stm32h7xx_hal_rcc.o
        20          0          0          0          0       4334   stm32h7xx_it.o
        28          4         16          8          0       1462   system_stm32h7xx_dualcore_boot_cm4_cm7.o

    ----------------------------------------------------------------------
      1130        156        714         20       1536    1242737   Object Totals
         0          0         32          0          0          0   (incl. Generated)
         6          0          2          0          0          0   (incl. Padding)

    ----------------------------------------------------------------------

      Code (inc. data)   RO Data    RW Data    ZI Data      Debug   Library Member Name

         8          0          0          0          0         68   __main.o
         0          0          0          0          0          0   __rtentry.o
        12          0          0          0          0          0   __rtentry2.o
         6          0          0          0          0          0   __rtentry4.o
        52          8          0          0          0          0   __scatter.o
        26          0          0          0          0          0   __scatter_copy.o
        28          0          0          0          0          0   __scatter_zi.o
        18          0          0          0          0         80   exit.o
         6          0          0          0          0        152   heapauxi.o
         0          0          0          0          0          0   indicate_semi.o
         2          0          0          0          0          0   libinit.o
         6          0          0          0          0          0   libinit2.o
         2          0          0          0          0          0   libshutdown.o
         2          0          0          0          0          0   libshutdown2.o
         8          4          0          0         96         68   libspace.o
         2          0          0          0          0          0   rtexit.o
        10          0          0          0          0          0   rtexit2.o
        12          4          0          0          0         68   sys_exit.o
        74          0          0          0          0         80   sys_stackheap_outer.o
         2          0          0          0          0         68   use_no_semi.o
        10          0          0          0          0        116   fpinit.o

    ----------------------------------------------------------------------
       292         16          0          0        100        700   Library Totals
         6          0          0          0          4          0   (incl. Padding)

    ----------------------------------------------------------------------

      Code (inc. data)   RO Data    RW Data    ZI Data      Debug   Library Name

       276         16          0          0         96        584   c_w.l
        10          0          0          0          0        116   fz_wm.l

    ----------------------------------------------------------------------
       292         16          0          0        100        700   Library Totals

    ----------------------------------------------------------------------

==============================================================================


      Code (inc. data)   RO Data    RW Data    ZI Data      Debug   

      1422        172        714         20       1636    1241681   Grand Totals
      1422        172        714         20       1636    1241681   ELF Image Totals
      1422        172        714         20          0          0   ROM Totals

==============================================================================

    Total RO  Size (Code + RO Data)                 2136 (   2.09kB)
    Total RW  Size (RW Data + ZI Data)              1656 (   1.62kB)
    Total ROM Size (Code + RO Data + RW Data)       2156 (   2.11kB)

==============================================================================

