<!doctype html public "-//w3c//dtd html 4.0 transitional//en">
<html><head>
<title>Static Call Graph - [H757XI_SDRAM_Test_CM7\H757XI_SDRAM_Test_CM7.axf]</title></head>
<body><HR>
<H1>Static Call Graph for image H757XI_SDRAM_Test_CM7\H757XI_SDRAM_Test_CM7.axf</H1><HR>
<BR><P>#&#060CALLGRAPH&#062# ARM Linker, 5060960: Last Updated: Fri Feb 16 13:41:14 2024
<BR><P>
<H3>Maximum Stack Usage =       1488 bytes + Unknown(Functions without stacksize, Cycles, Untraceable Function Pointers)</H3><H3>
Call chain for Maximum Stack Depth:</H3>
FrontendApplicationBase::gotoIntroductionScreenNoTransitionImpl() &rArr; T2* touchgfx::makeTransition&lang;IntroductionView, IntroductionPresenter, touchgfx::NoTransition, Model&rang;(touchgfx::Screen**, touchgfx::Presenter**, touchgfx::MVPHeap&, touchgfx::Transition**, T4*) &rArr; IntroductionView::IntroductionView() &rArr; IntroductionViewBase::IntroductionViewBase() &rArr; touchgfx::Image::Image(const touchgfx::Bitmap&) &rArr; touchgfx::Image::setBitmap(const touchgfx::Bitmap&) &rArr; touchgfx::Bitmap::getHeight() const &rArr; abort &rArr; __rt_SIGABRT &rArr; __rt_SIGABRT_inner &rArr; __default_signal_display &rArr; _ttywrch
<P>
<H3>
Functions with no stack information
</H3><UL>
 <LI><a href="#[20e]">__user_initial_stackheap</a>
</UL>
</UL>
<P>
<H3>
Mutually Recursive functions
</H3> <LI><a href="#[96]">ADC3_IRQHandler</a>&nbsp;&nbsp;&nbsp;&rArr;&nbsp;&nbsp;&nbsp;<a href="#[96]">ADC3_IRQHandler</a><BR>
 <LI><a href="#[14]">BusFault_Handler</a>&nbsp;&nbsp;&nbsp;&rArr;&nbsp;&nbsp;&nbsp;<a href="#[14]">BusFault_Handler</a><BR>
 <LI><a href="#[12]">HardFault_Handler</a>&nbsp;&nbsp;&nbsp;&rArr;&nbsp;&nbsp;&nbsp;<a href="#[12]">HardFault_Handler</a><BR>
 <LI><a href="#[13]">MemManage_Handler</a>&nbsp;&nbsp;&nbsp;&rArr;&nbsp;&nbsp;&nbsp;<a href="#[13]">MemManage_Handler</a><BR>
 <LI><a href="#[11]">NMI_Handler</a>&nbsp;&nbsp;&nbsp;&rArr;&nbsp;&nbsp;&nbsp;<a href="#[11]">NMI_Handler</a><BR>
 <LI><a href="#[15]">UsageFault_Handler</a>&nbsp;&nbsp;&nbsp;&rArr;&nbsp;&nbsp;&nbsp;<a href="#[15]">UsageFault_Handler</a><BR>
 <LI><a href="#[2fa]">touchgfx::TouchCalibration::muldivu(unsigned, unsigned, unsigned, unsigned, unsigned, unsigned&)</a>&nbsp;&nbsp;&nbsp;&rArr;&nbsp;&nbsp;&nbsp;<a href="#[2fa]">touchgfx::TouchCalibration::muldivu(unsigned, unsigned, unsigned, unsigned, unsigned, unsigned&)</a><BR>
 <LI><a href="#[327]">touchgfx::Screen::JSMOC(const touchgfx::Rect&, touchgfx::Drawable*)</a>&nbsp;&nbsp;&nbsp;&rArr;&nbsp;&nbsp;&nbsp;<a href="#[327]">touchgfx::Screen::JSMOC(const touchgfx::Rect&, touchgfx::Drawable*)</a><BR>
 <LI><a href="#[2e8]">touchgfx::TextProvider::getNextCharInternal()</a>&nbsp;&nbsp;&nbsp;&rArr;&nbsp;&nbsp;&nbsp;<a href="#[2e8]">touchgfx::TextProvider::getNextCharInternal()</a><BR>
</UL>
<P>
<H3>
Function Pointers
</H3><UL>
 <LI><a href="#[96]">ADC3_IRQHandler</a> from startup_stm32h757xx_cm7.o(.text) referenced from startup_stm32h757xx_cm7.o(RESET)
 <LI><a href="#[2c]">ADC_IRQHandler</a> from startup_stm32h757xx_cm7.o(.text) referenced from startup_stm32h757xx_cm7.o(RESET)
 <LI><a href="#[98]">BDMA_Channel0_IRQHandler</a> from startup_stm32h757xx_cm7.o(.text) referenced from startup_stm32h757xx_cm7.o(RESET)
 <LI><a href="#[99]">BDMA_Channel1_IRQHandler</a> from startup_stm32h757xx_cm7.o(.text) referenced from startup_stm32h757xx_cm7.o(RESET)
 <LI><a href="#[9a]">BDMA_Channel2_IRQHandler</a> from startup_stm32h757xx_cm7.o(.text) referenced from startup_stm32h757xx_cm7.o(RESET)
 <LI><a href="#[9b]">BDMA_Channel3_IRQHandler</a> from startup_stm32h757xx_cm7.o(.text) referenced from startup_stm32h757xx_cm7.o(RESET)
 <LI><a href="#[9c]">BDMA_Channel4_IRQHandler</a> from startup_stm32h757xx_cm7.o(.text) referenced from startup_stm32h757xx_cm7.o(RESET)
 <LI><a href="#[9d]">BDMA_Channel5_IRQHandler</a> from startup_stm32h757xx_cm7.o(.text) referenced from startup_stm32h757xx_cm7.o(RESET)
 <LI><a href="#[9e]">BDMA_Channel6_IRQHandler</a> from startup_stm32h757xx_cm7.o(.text) referenced from startup_stm32h757xx_cm7.o(RESET)
 <LI><a href="#[9f]">BDMA_Channel7_IRQHandler</a> from startup_stm32h757xx_cm7.o(.text) referenced from startup_stm32h757xx_cm7.o(RESET)
 <LI><a href="#[14]">BusFault_Handler</a> from stm32h7xx_it_1.o(i.BusFault_Handler) referenced from startup_stm32h757xx_cm7.o(RESET)
 <LI><a href="#[75]">CEC_IRQHandler</a> from startup_stm32h757xx_cm7.o(.text) referenced from startup_stm32h757xx_cm7.o(RESET)
 <LI><a href="#[5a]">CM4_SEV_IRQHandler</a> from startup_stm32h757xx_cm7.o(.text) referenced from startup_stm32h757xx_cm7.o(RESET)
 <LI><a href="#[59]">CM7_SEV_IRQHandler</a> from startup_stm32h757xx_cm7.o(.text) referenced from startup_stm32h757xx_cm7.o(RESET)
 <LI><a href="#[a0]">COMP1_IRQHandler</a> from startup_stm32h757xx_cm7.o(.text) referenced from startup_stm32h757xx_cm7.o(RESET)
 <LI><a href="#[a7]">CRS_IRQHandler</a> from startup_stm32h757xx_cm7.o(.text) referenced from startup_stm32h757xx_cm7.o(RESET)
 <LI><a href="#[66]">CRYP_IRQHandler</a> from startup_stm32h757xx_cm7.o(.text) referenced from startup_stm32h757xx_cm7.o(RESET)
 <LI><a href="#[65]">DCMI_IRQHandler</a> from startup_stm32h757xx_cm7.o(.text) referenced from startup_stm32h757xx_cm7.o(RESET)
 <LI><a href="#[85]">DFSDM1_FLT0_IRQHandler</a> from startup_stm32h757xx_cm7.o(.text) referenced from startup_stm32h757xx_cm7.o(RESET)
 <LI><a href="#[86]">DFSDM1_FLT1_IRQHandler</a> from startup_stm32h757xx_cm7.o(.text) referenced from startup_stm32h757xx_cm7.o(RESET)
 <LI><a href="#[87]">DFSDM1_FLT2_IRQHandler</a> from startup_stm32h757xx_cm7.o(.text) referenced from startup_stm32h757xx_cm7.o(RESET)
 <LI><a href="#[88]">DFSDM1_FLT3_IRQHandler</a> from startup_stm32h757xx_cm7.o(.text) referenced from startup_stm32h757xx_cm7.o(RESET)
 <LI><a href="#[25]">DMA1_Stream0_IRQHandler</a> from startup_stm32h757xx_cm7.o(.text) referenced from startup_stm32h757xx_cm7.o(RESET)
 <LI><a href="#[26]">DMA1_Stream1_IRQHandler</a> from startup_stm32h757xx_cm7.o(.text) referenced from startup_stm32h757xx_cm7.o(RESET)
 <LI><a href="#[27]">DMA1_Stream2_IRQHandler</a> from startup_stm32h757xx_cm7.o(.text) referenced from startup_stm32h757xx_cm7.o(RESET)
 <LI><a href="#[28]">DMA1_Stream3_IRQHandler</a> from startup_stm32h757xx_cm7.o(.text) referenced from startup_stm32h757xx_cm7.o(RESET)
 <LI><a href="#[29]">DMA1_Stream4_IRQHandler</a> from startup_stm32h757xx_cm7.o(.text) referenced from startup_stm32h757xx_cm7.o(RESET)
 <LI><a href="#[2a]">DMA1_Stream5_IRQHandler</a> from startup_stm32h757xx_cm7.o(.text) referenced from startup_stm32h757xx_cm7.o(RESET)
 <LI><a href="#[2b]">DMA1_Stream6_IRQHandler</a> from startup_stm32h757xx_cm7.o(.text) referenced from startup_stm32h757xx_cm7.o(RESET)
 <LI><a href="#[48]">DMA1_Stream7_IRQHandler</a> from startup_stm32h757xx_cm7.o(.text) referenced from startup_stm32h757xx_cm7.o(RESET)
 <LI><a href="#[71]">DMA2D_IRQHandler</a> from stm32h7xx_it_1.o(i.DMA2D_IRQHandler) referenced from startup_stm32h757xx_cm7.o(RESET)
 <LI><a href="#[51]">DMA2_Stream0_IRQHandler</a> from startup_stm32h757xx_cm7.o(.text) referenced from startup_stm32h757xx_cm7.o(RESET)
 <LI><a href="#[52]">DMA2_Stream1_IRQHandler</a> from startup_stm32h757xx_cm7.o(.text) referenced from startup_stm32h757xx_cm7.o(RESET)
 <LI><a href="#[53]">DMA2_Stream2_IRQHandler</a> from startup_stm32h757xx_cm7.o(.text) referenced from startup_stm32h757xx_cm7.o(RESET)
 <LI><a href="#[54]">DMA2_Stream3_IRQHandler</a> from startup_stm32h757xx_cm7.o(.text) referenced from startup_stm32h757xx_cm7.o(RESET)
 <LI><a href="#[55]">DMA2_Stream4_IRQHandler</a> from startup_stm32h757xx_cm7.o(.text) referenced from startup_stm32h757xx_cm7.o(RESET)
 <LI><a href="#[5b]">DMA2_Stream5_IRQHandler</a> from startup_stm32h757xx_cm7.o(.text) referenced from startup_stm32h757xx_cm7.o(RESET)
 <LI><a href="#[5c]">DMA2_Stream6_IRQHandler</a> from startup_stm32h757xx_cm7.o(.text) referenced from startup_stm32h757xx_cm7.o(RESET)
 <LI><a href="#[5d]">DMA2_Stream7_IRQHandler</a> from startup_stm32h757xx_cm7.o(.text) referenced from startup_stm32h757xx_cm7.o(RESET)
 <LI><a href="#[7d]">DMAMUX1_OVR_IRQHandler</a> from startup_stm32h757xx_cm7.o(.text) referenced from startup_stm32h757xx_cm7.o(RESET)
 <LI><a href="#[97]">DMAMUX2_OVR_IRQHandler</a> from startup_stm32h757xx_cm7.o(.text) referenced from startup_stm32h757xx_cm7.o(RESET)
 <LI><a href="#[92]">DSI_IRQHandler</a> from startup_stm32h757xx_cm7.o(.text) referenced from startup_stm32h757xx_cm7.o(RESET)
 <LI><a href="#[17]">DebugMon_Handler</a> from stm32h7xx_it_1.o(i.DebugMon_Handler) referenced from startup_stm32h757xx_cm7.o(RESET)
 <LI><a href="#[a8]">ECC_IRQHandler</a> from startup_stm32h757xx_cm7.o(.text) referenced from startup_stm32h757xx_cm7.o(RESET)
 <LI><a href="#[56]">ETH_IRQHandler</a> from startup_stm32h757xx_cm7.o(.text) referenced from startup_stm32h757xx_cm7.o(RESET)
 <LI><a href="#[57]">ETH_WKUP_IRQHandler</a> from startup_stm32h757xx_cm7.o(.text) referenced from startup_stm32h757xx_cm7.o(RESET)
 <LI><a href="#[20]">EXTI0_IRQHandler</a> from startup_stm32h757xx_cm7.o(.text) referenced from startup_stm32h757xx_cm7.o(RESET)
 <LI><a href="#[42]">EXTI15_10_IRQHandler</a> from startup_stm32h757xx_cm7.o(.text) referenced from startup_stm32h757xx_cm7.o(RESET)
 <LI><a href="#[21]">EXTI1_IRQHandler</a> from startup_stm32h757xx_cm7.o(.text) referenced from startup_stm32h757xx_cm7.o(RESET)
 <LI><a href="#[22]">EXTI2_IRQHandler</a> from startup_stm32h757xx_cm7.o(.text) referenced from startup_stm32h757xx_cm7.o(RESET)
 <LI><a href="#[23]">EXTI3_IRQHandler</a> from startup_stm32h757xx_cm7.o(.text) referenced from startup_stm32h757xx_cm7.o(RESET)
 <LI><a href="#[24]">EXTI4_IRQHandler</a> from startup_stm32h757xx_cm7.o(.text) referenced from startup_stm32h757xx_cm7.o(RESET)
 <LI><a href="#[31]">EXTI9_5_IRQHandler</a> from startup_stm32h757xx_cm7.o(.text) referenced from startup_stm32h757xx_cm7.o(RESET)
 <LI><a href="#[2d]">FDCAN1_IT0_IRQHandler</a> from startup_stm32h757xx_cm7.o(.text) referenced from startup_stm32h757xx_cm7.o(RESET)
 <LI><a href="#[2f]">FDCAN1_IT1_IRQHandler</a> from startup_stm32h757xx_cm7.o(.text) referenced from startup_stm32h757xx_cm7.o(RESET)
 <LI><a href="#[2e]">FDCAN2_IT0_IRQHandler</a> from startup_stm32h757xx_cm7.o(.text) referenced from startup_stm32h757xx_cm7.o(RESET)
 <LI><a href="#[30]">FDCAN2_IT1_IRQHandler</a> from startup_stm32h757xx_cm7.o(.text) referenced from startup_stm32h757xx_cm7.o(RESET)
 <LI><a href="#[58]">FDCAN_CAL_IRQHandler</a> from startup_stm32h757xx_cm7.o(.text) referenced from startup_stm32h757xx_cm7.o(RESET)
 <LI><a href="#[1e]">FLASH_IRQHandler</a> from startup_stm32h757xx_cm7.o(.text) referenced from startup_stm32h757xx_cm7.o(RESET)
 <LI><a href="#[49]">FMC_IRQHandler</a> from startup_stm32h757xx_cm7.o(.text) referenced from startup_stm32h757xx_cm7.o(RESET)
 <LI><a href="#[68]">FPU_IRQHandler</a> from startup_stm32h757xx_cm7.o(.text) referenced from startup_stm32h757xx_cm7.o(RESET)
 <LI><a href="#[67]">HASH_RNG_IRQHandler</a> from startup_stm32h757xx_cm7.o(.text) referenced from startup_stm32h757xx_cm7.o(RESET)
 <LI><a href="#[aa]">HOLD_CORE_IRQHandler</a> from startup_stm32h757xx_cm7.o(.text) referenced from startup_stm32h757xx_cm7.o(RESET)
 <LI><a href="#[84]">HRTIM1_FLT_IRQHandler</a> from startup_stm32h757xx_cm7.o(.text) referenced from startup_stm32h757xx_cm7.o(RESET)
 <LI><a href="#[7e]">HRTIM1_Master_IRQHandler</a> from startup_stm32h757xx_cm7.o(.text) referenced from startup_stm32h757xx_cm7.o(RESET)
 <LI><a href="#[7f]">HRTIM1_TIMA_IRQHandler</a> from startup_stm32h757xx_cm7.o(.text) referenced from startup_stm32h757xx_cm7.o(RESET)
 <LI><a href="#[80]">HRTIM1_TIMB_IRQHandler</a> from startup_stm32h757xx_cm7.o(.text) referenced from startup_stm32h757xx_cm7.o(RESET)
 <LI><a href="#[81]">HRTIM1_TIMC_IRQHandler</a> from startup_stm32h757xx_cm7.o(.text) referenced from startup_stm32h757xx_cm7.o(RESET)
 <LI><a href="#[82]">HRTIM1_TIMD_IRQHandler</a> from startup_stm32h757xx_cm7.o(.text) referenced from startup_stm32h757xx_cm7.o(RESET)
 <LI><a href="#[83]">HRTIM1_TIME_IRQHandler</a> from startup_stm32h757xx_cm7.o(.text) referenced from startup_stm32h757xx_cm7.o(RESET)
 <LI><a href="#[94]">HSEM1_IRQHandler</a> from startup_stm32h757xx_cm7.o(.text) referenced from startup_stm32h757xx_cm7.o(RESET)
 <LI><a href="#[95]">HSEM2_IRQHandler</a> from startup_stm32h757xx_cm7.o(.text) referenced from startup_stm32h757xx_cm7.o(RESET)
 <LI><a href="#[12]">HardFault_Handler</a> from stm32h7xx_it_1.o(i.HardFault_Handler) referenced from startup_stm32h757xx_cm7.o(RESET)
 <LI><a href="#[3a]">I2C1_ER_IRQHandler</a> from startup_stm32h757xx_cm7.o(.text) referenced from startup_stm32h757xx_cm7.o(RESET)
 <LI><a href="#[39]">I2C1_EV_IRQHandler</a> from startup_stm32h757xx_cm7.o(.text) referenced from startup_stm32h757xx_cm7.o(RESET)
 <LI><a href="#[3c]">I2C2_ER_IRQHandler</a> from startup_stm32h757xx_cm7.o(.text) referenced from startup_stm32h757xx_cm7.o(RESET)
 <LI><a href="#[3b]">I2C2_EV_IRQHandler</a> from startup_stm32h757xx_cm7.o(.text) referenced from startup_stm32h757xx_cm7.o(RESET)
 <LI><a href="#[60]">I2C3_ER_IRQHandler</a> from startup_stm32h757xx_cm7.o(.text) referenced from startup_stm32h757xx_cm7.o(RESET)
 <LI><a href="#[5f]">I2C3_EV_IRQHandler</a> from startup_stm32h757xx_cm7.o(.text) referenced from startup_stm32h757xx_cm7.o(RESET)
 <LI><a href="#[77]">I2C4_ER_IRQHandler</a> from startup_stm32h757xx_cm7.o(.text) referenced from startup_stm32h757xx_cm7.o(RESET)
 <LI><a href="#[76]">I2C4_EV_IRQHandler</a> from startup_stm32h757xx_cm7.o(.text) referenced from startup_stm32h757xx_cm7.o(RESET)
 <LI><a href="#[90]">JPEG_IRQHandler</a> from startup_stm32h757xx_cm7.o(.text) referenced from startup_stm32h757xx_cm7.o(RESET)
 <LI><a href="#[74]">LPTIM1_IRQHandler</a> from startup_stm32h757xx_cm7.o(.text) referenced from startup_stm32h757xx_cm7.o(RESET)
 <LI><a href="#[a1]">LPTIM2_IRQHandler</a> from startup_stm32h757xx_cm7.o(.text) referenced from startup_stm32h757xx_cm7.o(RESET)
 <LI><a href="#[a2]">LPTIM3_IRQHandler</a> from startup_stm32h757xx_cm7.o(.text) referenced from startup_stm32h757xx_cm7.o(RESET)
 <LI><a href="#[a3]">LPTIM4_IRQHandler</a> from startup_stm32h757xx_cm7.o(.text) referenced from startup_stm32h757xx_cm7.o(RESET)
 <LI><a href="#[a4]">LPTIM5_IRQHandler</a> from startup_stm32h757xx_cm7.o(.text) referenced from startup_stm32h757xx_cm7.o(RESET)
 <LI><a href="#[a5]">LPUART1_IRQHandler</a> from startup_stm32h757xx_cm7.o(.text) referenced from startup_stm32h757xx_cm7.o(RESET)
 <LI><a href="#[70]">LTDC_ER_IRQHandler</a> from stm32h7xx_it_1.o(i.LTDC_ER_IRQHandler) referenced from startup_stm32h757xx_cm7.o(RESET)
 <LI><a href="#[6f]">LTDC_IRQHandler</a> from stm32h7xx_it_1.o(i.LTDC_IRQHandler) referenced from startup_stm32h757xx_cm7.o(RESET)
 <LI><a href="#[8f]">MDIOS_IRQHandler</a> from startup_stm32h757xx_cm7.o(.text) referenced from startup_stm32h757xx_cm7.o(RESET)
 <LI><a href="#[8e]">MDIOS_WKUP_IRQHandler</a> from startup_stm32h757xx_cm7.o(.text) referenced from startup_stm32h757xx_cm7.o(RESET)
 <LI><a href="#[91]">MDMA_IRQHandler</a> from startup_stm32h757xx_cm7.o(.text) referenced from startup_stm32h757xx_cm7.o(RESET)
 <LI><a href="#[13]">MemManage_Handler</a> from stm32h7xx_it_1.o(i.MemManage_Handler) referenced from startup_stm32h757xx_cm7.o(RESET)
 <LI><a href="#[11]">NMI_Handler</a> from stm32h7xx_it_1.o(i.NMI_Handler) referenced from startup_stm32h757xx_cm7.o(RESET)
 <LI><a href="#[7a]">OTG_FS_EP1_IN_IRQHandler</a> from startup_stm32h757xx_cm7.o(.text) referenced from startup_stm32h757xx_cm7.o(RESET)
 <LI><a href="#[79]">OTG_FS_EP1_OUT_IRQHandler</a> from startup_stm32h757xx_cm7.o(.text) referenced from startup_stm32h757xx_cm7.o(RESET)
 <LI><a href="#[7c]">OTG_FS_IRQHandler</a> from startup_stm32h757xx_cm7.o(.text) referenced from startup_stm32h757xx_cm7.o(RESET)
 <LI><a href="#[7b]">OTG_FS_WKUP_IRQHandler</a> from startup_stm32h757xx_cm7.o(.text) referenced from startup_stm32h757xx_cm7.o(RESET)
 <LI><a href="#[62]">OTG_HS_EP1_IN_IRQHandler</a> from startup_stm32h757xx_cm7.o(.text) referenced from startup_stm32h757xx_cm7.o(RESET)
 <LI><a href="#[61]">OTG_HS_EP1_OUT_IRQHandler</a> from startup_stm32h757xx_cm7.o(.text) referenced from startup_stm32h757xx_cm7.o(RESET)
 <LI><a href="#[64]">OTG_HS_IRQHandler</a> from startup_stm32h757xx_cm7.o(.text) referenced from startup_stm32h757xx_cm7.o(RESET)
 <LI><a href="#[63]">OTG_HS_WKUP_IRQHandler</a> from startup_stm32h757xx_cm7.o(.text) referenced from startup_stm32h757xx_cm7.o(RESET)
 <LI><a href="#[1b]">PVD_AVD_IRQHandler</a> from startup_stm32h757xx_cm7.o(.text) referenced from startup_stm32h757xx_cm7.o(RESET)
 <LI><a href="#[18]">PendSV_Handler</a> from stm32h7xx_it_1.o(i.PendSV_Handler) referenced from startup_stm32h757xx_cm7.o(RESET)
 <LI><a href="#[73]">QUADSPI_IRQHandler</a> from startup_stm32h757xx_cm7.o(.text) referenced from startup_stm32h757xx_cm7.o(RESET)
 <LI><a href="#[1f]">RCC_IRQHandler</a> from startup_stm32h757xx_cm7.o(.text) referenced from startup_stm32h757xx_cm7.o(RESET)
 <LI><a href="#[43]">RTC_Alarm_IRQHandler</a> from startup_stm32h757xx_cm7.o(.text) referenced from startup_stm32h757xx_cm7.o(RESET)
 <LI><a href="#[1d]">RTC_WKUP_IRQHandler</a> from startup_stm32h757xx_cm7.o(.text) referenced from startup_stm32h757xx_cm7.o(RESET)
 <LI><a href="#[10]">Reset_Handler</a> from startup_stm32h757xx_cm7.o(.text) referenced from startup_stm32h757xx_cm7.o(RESET)
 <LI><a href="#[6e]">SAI1_IRQHandler</a> from startup_stm32h757xx_cm7.o(.text) referenced from startup_stm32h757xx_cm7.o(RESET)
 <LI><a href="#[72]">SAI2_IRQHandler</a> from startup_stm32h757xx_cm7.o(.text) referenced from startup_stm32h757xx_cm7.o(RESET)
 <LI><a href="#[89]">SAI3_IRQHandler</a> from startup_stm32h757xx_cm7.o(.text) referenced from startup_stm32h757xx_cm7.o(RESET)
 <LI><a href="#[a9]">SAI4_IRQHandler</a> from startup_stm32h757xx_cm7.o(.text) referenced from startup_stm32h757xx_cm7.o(RESET)
 <LI><a href="#[4a]">SDMMC1_IRQHandler</a> from startup_stm32h757xx_cm7.o(.text) referenced from startup_stm32h757xx_cm7.o(RESET)
 <LI><a href="#[93]">SDMMC2_IRQHandler</a> from startup_stm32h757xx_cm7.o(.text) referenced from startup_stm32h757xx_cm7.o(RESET)
 <LI><a href="#[78]">SPDIF_RX_IRQHandler</a> from startup_stm32h757xx_cm7.o(.text) referenced from startup_stm32h757xx_cm7.o(RESET)
 <LI><a href="#[3d]">SPI1_IRQHandler</a> from startup_stm32h757xx_cm7.o(.text) referenced from startup_stm32h757xx_cm7.o(RESET)
 <LI><a href="#[3e]">SPI2_IRQHandler</a> from startup_stm32h757xx_cm7.o(.text) referenced from startup_stm32h757xx_cm7.o(RESET)
 <LI><a href="#[4c]">SPI3_IRQHandler</a> from startup_stm32h757xx_cm7.o(.text) referenced from startup_stm32h757xx_cm7.o(RESET)
 <LI><a href="#[6b]">SPI4_IRQHandler</a> from startup_stm32h757xx_cm7.o(.text) referenced from startup_stm32h757xx_cm7.o(RESET)
 <LI><a href="#[6c]">SPI5_IRQHandler</a> from startup_stm32h757xx_cm7.o(.text) referenced from startup_stm32h757xx_cm7.o(RESET)
 <LI><a href="#[6d]">SPI6_IRQHandler</a> from startup_stm32h757xx_cm7.o(.text) referenced from startup_stm32h757xx_cm7.o(RESET)
 <LI><a href="#[16]">SVC_Handler</a> from stm32h7xx_it_1.o(i.SVC_Handler) referenced from startup_stm32h757xx_cm7.o(RESET)
 <LI><a href="#[8a]">SWPMI1_IRQHandler</a> from startup_stm32h757xx_cm7.o(.text) referenced from startup_stm32h757xx_cm7.o(RESET)
 <LI><a href="#[19]">SysTick_Handler</a> from stm32h7xx_it_1.o(i.SysTick_Handler) referenced from startup_stm32h757xx_cm7.o(RESET)
 <LI><a href="#[ac]">SystemInit</a> from system_stm32h7xx_dualcore_boot_cm4_cm7.o(i.SystemInit) referenced from startup_stm32h757xx_cm7.o(.text)
 <LI><a href="#[1c]">TAMP_STAMP_IRQHandler</a> from startup_stm32h757xx_cm7.o(.text) referenced from startup_stm32h757xx_cm7.o(RESET)
 <LI><a href="#[8b]">TIM15_IRQHandler</a> from startup_stm32h757xx_cm7.o(.text) referenced from startup_stm32h757xx_cm7.o(RESET)
 <LI><a href="#[8c]">TIM16_IRQHandler</a> from startup_stm32h757xx_cm7.o(.text) referenced from startup_stm32h757xx_cm7.o(RESET)
 <LI><a href="#[8d]">TIM17_IRQHandler</a> from startup_stm32h757xx_cm7.o(.text) referenced from startup_stm32h757xx_cm7.o(RESET)
 <LI><a href="#[32]">TIM1_BRK_IRQHandler</a> from startup_stm32h757xx_cm7.o(.text) referenced from startup_stm32h757xx_cm7.o(RESET)
 <LI><a href="#[35]">TIM1_CC_IRQHandler</a> from startup_stm32h757xx_cm7.o(.text) referenced from startup_stm32h757xx_cm7.o(RESET)
 <LI><a href="#[34]">TIM1_TRG_COM_IRQHandler</a> from startup_stm32h757xx_cm7.o(.text) referenced from startup_stm32h757xx_cm7.o(RESET)
 <LI><a href="#[33]">TIM1_UP_IRQHandler</a> from startup_stm32h757xx_cm7.o(.text) referenced from startup_stm32h757xx_cm7.o(RESET)
 <LI><a href="#[36]">TIM2_IRQHandler</a> from startup_stm32h757xx_cm7.o(.text) referenced from startup_stm32h757xx_cm7.o(RESET)
 <LI><a href="#[37]">TIM3_IRQHandler</a> from startup_stm32h757xx_cm7.o(.text) referenced from startup_stm32h757xx_cm7.o(RESET)
 <LI><a href="#[38]">TIM4_IRQHandler</a> from startup_stm32h757xx_cm7.o(.text) referenced from startup_stm32h757xx_cm7.o(RESET)
 <LI><a href="#[4b]">TIM5_IRQHandler</a> from startup_stm32h757xx_cm7.o(.text) referenced from startup_stm32h757xx_cm7.o(RESET)
 <LI><a href="#[4f]">TIM6_DAC_IRQHandler</a> from startup_stm32h757xx_cm7.o(.text) referenced from startup_stm32h757xx_cm7.o(RESET)
 <LI><a href="#[50]">TIM7_IRQHandler</a> from startup_stm32h757xx_cm7.o(.text) referenced from startup_stm32h757xx_cm7.o(RESET)
 <LI><a href="#[44]">TIM8_BRK_TIM12_IRQHandler</a> from startup_stm32h757xx_cm7.o(.text) referenced from startup_stm32h757xx_cm7.o(RESET)
 <LI><a href="#[47]">TIM8_CC_IRQHandler</a> from startup_stm32h757xx_cm7.o(.text) referenced from startup_stm32h757xx_cm7.o(RESET)
 <LI><a href="#[46]">TIM8_TRG_COM_TIM14_IRQHandler</a> from startup_stm32h757xx_cm7.o(.text) referenced from startup_stm32h757xx_cm7.o(RESET)
 <LI><a href="#[45]">TIM8_UP_TIM13_IRQHandler</a> from startup_stm32h757xx_cm7.o(.text) referenced from startup_stm32h757xx_cm7.o(RESET)
 <LI><a href="#[4d]">UART4_IRQHandler</a> from startup_stm32h757xx_cm7.o(.text) referenced from startup_stm32h757xx_cm7.o(RESET)
 <LI><a href="#[4e]">UART5_IRQHandler</a> from startup_stm32h757xx_cm7.o(.text) referenced from startup_stm32h757xx_cm7.o(RESET)
 <LI><a href="#[69]">UART7_IRQHandler</a> from startup_stm32h757xx_cm7.o(.text) referenced from startup_stm32h757xx_cm7.o(RESET)
 <LI><a href="#[6a]">UART8_IRQHandler</a> from startup_stm32h757xx_cm7.o(.text) referenced from startup_stm32h757xx_cm7.o(RESET)
 <LI><a href="#[3f]">USART1_IRQHandler</a> from startup_stm32h757xx_cm7.o(.text) referenced from startup_stm32h757xx_cm7.o(RESET)
 <LI><a href="#[40]">USART2_IRQHandler</a> from startup_stm32h757xx_cm7.o(.text) referenced from startup_stm32h757xx_cm7.o(RESET)
 <LI><a href="#[41]">USART3_IRQHandler</a> from startup_stm32h757xx_cm7.o(.text) referenced from startup_stm32h757xx_cm7.o(RESET)
 <LI><a href="#[5e]">USART6_IRQHandler</a> from startup_stm32h757xx_cm7.o(.text) referenced from startup_stm32h757xx_cm7.o(RESET)
 <LI><a href="#[15]">UsageFault_Handler</a> from stm32h7xx_it_1.o(i.UsageFault_Handler) referenced from startup_stm32h757xx_cm7.o(RESET)
 <LI><a href="#[ab]">WAKEUP_PIN_IRQHandler</a> from startup_stm32h757xx_cm7.o(.text) referenced from startup_stm32h757xx_cm7.o(RESET)
 <LI><a href="#[1a]">WWDG_IRQHandler</a> from startup_stm32h757xx_cm7.o(.text) referenced from startup_stm32h757xx_cm7.o(RESET)
 <LI><a href="#[a6]">WWDG_RST_IRQHandler</a> from startup_stm32h757xx_cm7.o(.text) referenced from startup_stm32h757xx_cm7.o(RESET)
 <LI><a href="#[f9]">TouchGFXHAL::beginFrame()</a> from touchgfxhal.o(i._ZN11TouchGFXHAL10beginFrameEv) referenced from touchgfxhal.o(.constdata__ZTV11TouchGFXHAL)
 <LI><a href="#[dd]">TouchGFXHAL::initialize()</a> from touchgfxhal.o(i._ZN11TouchGFXHAL10initializeEv) referenced from touchgfxhal.o(.constdata__ZTV11TouchGFXHAL)
 <LI><a href="#[f0]">TouchGFXHAL::enableInterrupts()</a> from touchgfxhal.o(i._ZN11TouchGFXHAL16enableInterruptsEv) referenced from touchgfxhal.o(.constdata__ZTV11TouchGFXHAL)
 <LI><a href="#[de]">TouchGFXHAL::flushFrameBuffer(const touchgfx::Rect&)</a> from touchgfxhal.o(i._ZN11TouchGFXHAL16flushFrameBufferERKN8touchgfx4RectE) referenced from touchgfxhal.o(.constdata__ZTV11TouchGFXHAL)
 <LI><a href="#[f1]">TouchGFXHAL::disableInterrupts()</a> from touchgfxhal.o(i._ZN11TouchGFXHAL17disableInterruptsEv) referenced from touchgfxhal.o(.constdata__ZTV11TouchGFXHAL)
 <LI><a href="#[fb]">TouchGFXHAL::setTFTFrameBuffer(unsigned short*)</a> from touchgfxhal.o(i._ZN11TouchGFXHAL17setTFTFrameBufferEPt) referenced from touchgfxhal.o(.constdata__ZTV11TouchGFXHAL)
 <LI><a href="#[ef]">TouchGFXHAL::configureInterrupts()</a> from touchgfxhal.o(i._ZN11TouchGFXHAL19configureInterruptsEv) referenced from touchgfxhal.o(.constdata__ZTV11TouchGFXHAL)
 <LI><a href="#[f2]">TouchGFXHAL::enableLCDControllerInterrupt()</a> from touchgfxhal.o(i._ZN11TouchGFXHAL28enableLCDControllerInterruptEv) referenced from touchgfxhal.o(.constdata__ZTV11TouchGFXHAL)
 <LI><a href="#[fa]">TouchGFXHAL::endFrame()</a> from touchgfxhal.o(i._ZN11TouchGFXHAL8endFrameEv) referenced from touchgfxhal.o(.constdata__ZTV11TouchGFXHAL)
 <LI><a href="#[e4]">TouchGFXHAL::blockCopy(void*, const void*, unsigned)</a> from touchgfxhal.o(i._ZN11TouchGFXHAL9blockCopyEPvPKvj) referenced from touchgfxhal.o(.constdata__ZTV11TouchGFXHAL)
 <LI><a href="#[d3]">TouchGFXHAL::~TouchGFXHAL()</a> from touchgfxhal.o(i._ZN11TouchGFXHALD1Ev) referenced from touchgfxhal.o(.constdata__ZTV11TouchGFXHAL)
 <LI><a href="#[d3]">TouchGFXHAL::~TouchGFXHAL()</a> from touchgfxhal.o(i._ZN11TouchGFXHALD1Ev) referenced from touchgfxconfiguration.o(i.__sti___25_TouchGFXConfiguration_cpp_f5abfd34)
 <LI><a href="#[103]">DemoViewBase::setupScreen()</a> from demoviewbase.o(i._ZN12DemoViewBase11setupScreenEv) referenced from demoviewbase.o(.constdata__ZTV12DemoViewBase)
 <LI><a href="#[10b]">DemoViewBase::buttonClicked()</a> from demoviewbase.o(i._ZN12DemoViewBase13buttonClickedEv) referenced from demoviewbase.o(.constdata__ZTV12DemoViewBase)
 <LI><a href="#[d7]">DemoViewBase::buttonCallbackHandler(const touchgfx::AbstractButton&)</a> from demoviewbase.o(i._ZN12DemoViewBase21buttonCallbackHandlerERKN8touchgfx14AbstractButtonE) referenced from demoviewbase.o(.constdata)
 <LI><a href="#[101]">DemoViewBase::~DemoViewBase()</a> from demoviewbase.o(i._ZN12DemoViewBaseD1Ev) referenced from demoviewbase.o(.constdata__ZTV12DemoViewBase)
 <LI><a href="#[d4]">FrontendHeap::~FrontendHeap()</a> from touchgfxconfiguration.o(i._ZN12FrontendHeapD1Ev) referenced from touchgfxconfiguration.o(.constdata__ZTV12FrontendHeap)
 <LI><a href="#[d4]">FrontendHeap::~FrontendHeap()</a> from touchgfxconfiguration.o(i._ZN12FrontendHeapD1Ev) referenced from touchgfxconfiguration.o(i.touchgfx_init)
 <LI><a href="#[10c]">LabelBoxBase::~LabelBoxBase()</a> from labelboxbase.o(i._ZN12LabelBoxBaseD1Ev) referenced from labelboxbase.o(.constdata__ZTV12LabelBoxBase)
 <LI><a href="#[126]">DemoPresenter::deactivate()</a> from demopresenter.o(i._ZN13DemoPresenter10deactivateEv) referenced from demopresenter.o(.constdata__ZTV13DemoPresenter)
 <LI><a href="#[128]">DemoPresenter::setCurrentValue(int)</a> from demopresenter.o(i._ZN13DemoPresenter15setCurrentValueEi) referenced from demopresenter.o(.constdata__ZTV13DemoPresenter)
 <LI><a href="#[125]">DemoPresenter::activate()</a> from demopresenter.o(i._ZN13DemoPresenter8activateEv) referenced from demopresenter.o(.constdata__ZTV13DemoPresenter)
 <LI><a href="#[127]">DemoPresenter::~DemoPresenter()</a> from demopresenter.o(i._ZN13DemoPresenterD1Ev) referenced from demopresenter.o(.constdata__ZTV13DemoPresenter)
 <LI><a href="#[144]">ModelListener::setCurrentValue(int)</a> from introductionpresenter.o(i._ZN13ModelListener15setCurrentValueEi) referenced from introductionpresenter.o(.constdata__ZTV21IntroductionPresenter)
 <LI><a href="#[12b]">IntroductionView::setupScreen()</a> from introductionview.o(i._ZN16IntroductionView11setupScreenEv) referenced from introductionview.o(.constdata__ZTV16IntroductionView)
 <LI><a href="#[130]">IntroductionView::handleKeyEvent(unsigned char)</a> from introductionview.o(i._ZN16IntroductionView14handleKeyEventEh) referenced from introductionview.o(.constdata__ZTV16IntroductionView)
 <LI><a href="#[12c]">IntroductionView::tearDownScreen()</a> from introductionview.o(i._ZN16IntroductionView14tearDownScreenEv) referenced from introductionview.o(.constdata__ZTV16IntroductionView)
 <LI><a href="#[12e]">IntroductionView::handleDragEvent(const touchgfx::DragEvent&)</a> from introductionview.o(i._ZN16IntroductionView15handleDragEventERKN8touchgfx9DragEventE) referenced from introductionview.o(.constdata__ZTV16IntroductionView)
 <LI><a href="#[12d]">IntroductionView::handleClickEvent(const touchgfx::ClickEvent&)</a> from introductionview.o(i._ZN16IntroductionView16handleClickEventERKN8touchgfx10ClickEventE) referenced from introductionview.o(.constdata__ZTV16IntroductionView)
 <LI><a href="#[12f]">IntroductionView::handleGestureEvent(const touchgfx::GestureEvent&)</a> from introductionview.o(i._ZN16IntroductionView18handleGestureEventERKN8touchgfx12GestureEventE) referenced from introductionview.o(.constdata__ZTV16IntroductionView)
 <LI><a href="#[12a]">IntroductionView::~IntroductionView()</a> from introductionview.o(i._ZN16IntroductionViewD1Ev) referenced from introductionview.o(.constdata__ZTV16IntroductionView)
 <LI><a href="#[135]">FrontendApplication::handleTickEvent()</a> from frontendapplication.o(i._ZN19FrontendApplication15handleTickEventEv) referenced from frontendapplication.o(.constdata__ZTV19FrontendApplication)
 <LI><a href="#[13d]">IntroductionViewBase::setupScreen()</a> from introductionviewbase.o(i._ZN20IntroductionViewBase11setupScreenEv) referenced from introductionviewbase.o(.constdata__ZTV20IntroductionViewBase)
 <LI><a href="#[13e]">IntroductionViewBase::handleKeyEvent(unsigned char)</a> from introductionviewbase.o(i._ZN20IntroductionViewBase14handleKeyEventEh) referenced from introductionviewbase.o(.constdata__ZTV20IntroductionViewBase)
 <LI><a href="#[13c]">IntroductionViewBase::~IntroductionViewBase()</a> from introductionviewbase.o(i._ZN20IntroductionViewBaseD1Ev) referenced from introductionviewbase.o(.constdata__ZTV20IntroductionViewBase)
 <LI><a href="#[140]">STM32TouchController::sampleTouch(int&, int&)</a> from stm32touchcontroller.o(i._ZN20STM32TouchController11sampleTouchERiS0_) referenced from stm32touchcontroller.o(.constdata__ZTV20STM32TouchController)
 <LI><a href="#[13f]">STM32TouchController::init()</a> from stm32touchcontroller.o(i._ZN20STM32TouchController4initEv) referenced from stm32touchcontroller.o(.constdata__ZTV20STM32TouchController)
 <LI><a href="#[cf]">STM32TouchController::~STM32TouchController()</a> from stm32touchcontroller.o(i._ZN20STM32TouchControllerD1Ev) referenced from stm32touchcontroller.o(.constdata__ZTV20STM32TouchController)
 <LI><a href="#[cf]">STM32TouchController::~STM32TouchController()</a> from stm32touchcontroller.o(i._ZN20STM32TouchControllerD1Ev) referenced from touchgfxconfiguration.o(i.__sti___25_TouchGFXConfiguration_cpp_f5abfd34)
 <LI><a href="#[100]">TouchGFXGeneratedHAL::FlushCache()</a> from touchgfxgeneratedhal.o(i._ZN20TouchGFXGeneratedHAL10FlushCacheEv) referenced from touchgfxhal.o(.constdata__ZTV11TouchGFXHAL)
 <LI><a href="#[ff]">TouchGFXGeneratedHAL::InvalidateCache()</a> from touchgfxgeneratedhal.o(i._ZN20TouchGFXGeneratedHAL15InvalidateCacheEv) referenced from touchgfxhal.o(.constdata__ZTV11TouchGFXHAL)
 <LI><a href="#[142]">IntroductionPresenter::deactivate()</a> from introductionpresenter.o(i._ZN21IntroductionPresenter10deactivateEv) referenced from introductionpresenter.o(.constdata__ZTV21IntroductionPresenter)
 <LI><a href="#[141]">IntroductionPresenter::activate()</a> from introductionpresenter.o(i._ZN21IntroductionPresenter8activateEv) referenced from introductionpresenter.o(.constdata__ZTV21IntroductionPresenter)
 <LI><a href="#[143]">IntroductionPresenter::~IntroductionPresenter()</a> from introductionpresenter.o(i._ZN21IntroductionPresenterD1Ev) referenced from introductionpresenter.o(.constdata__ZTV21IntroductionPresenter)
 <LI><a href="#[d2]">ApplicationFontProvider::~ApplicationFontProvider()</a> from touchgfxconfiguration.o(i._ZN23ApplicationFontProviderD1Ev) referenced from applicationfontprovider.o(.constdata__ZTV23ApplicationFontProvider)
 <LI><a href="#[d2]">ApplicationFontProvider::~ApplicationFontProvider()</a> from touchgfxconfiguration.o(i._ZN23ApplicationFontProviderD1Ev) referenced from touchgfxconfiguration.o(i.__sti___25_TouchGFXConfiguration_cpp_f5abfd34)
 <LI><a href="#[db]">FrontendApplicationBase::gotoDemoScreenSlideTransitionWestImpl()</a> from frontendapplicationbase.o(i._ZN23FrontendApplicationBase37gotoDemoScreenSlideTransitionWestImplEv) referenced from frontendapplicationbase.o(.constdata)
 <LI><a href="#[d8]">FrontendApplicationBase::gotoIntroductionScreenNoTransitionImpl()</a> from frontendapplicationbase.o(i._ZN23FrontendApplicationBase38gotoIntroductionScreenNoTransitionImplEv) referenced from frontendapplicationbase.o(.constdata)
 <LI><a href="#[da]">FrontendApplicationBase::gotoIntroductionScreenSlideTransitionEastImpl()</a> from frontendapplicationbase.o(i._ZN23FrontendApplicationBase45gotoIntroductionScreenSlideTransitionEastImplEv) referenced from frontendapplicationbase.o(.constdata)
 <LI><a href="#[d9]">FrontendApplicationBase::gotoIntroductionScreenSlideTransitionWestImpl()</a> from frontendapplicationbase.o(i._ZN23FrontendApplicationBase45gotoIntroductionScreenSlideTransitionWestImplEv) referenced from frontendapplicationbase.o(.constdata)
 <LI><a href="#[146]">FrontendApplicationBase::~FrontendApplicationBase()</a> from touchgfxconfiguration.o(i._ZN23FrontendApplicationBaseD1Ev) referenced from touchgfxconfiguration.o(.constdata__ZTV23FrontendApplicationBase)
 <LI><a href="#[148]">DemoView::setupScreen()</a> from demoview.o(i._ZN8DemoView11setupScreenEv) referenced from demoview.o(.constdata__ZTV8DemoView)
 <LI><a href="#[14a]">DemoView::buttonClicked()</a> from demoview.o(i._ZN8DemoView13buttonClickedEv) referenced from demoview.o(.constdata__ZTV8DemoView)
 <LI><a href="#[149]">DemoView::tearDownScreen()</a> from demoview.o(i._ZN8DemoView14tearDownScreenEv) referenced from demoview.o(.constdata__ZTV8DemoView)
 <LI><a href="#[d6]">DemoView::touchAreaCallbackHandler(const touchgfx::AbstractButton&)</a> from demoview.o(i._ZN8DemoView24touchAreaCallbackHandlerERKN8touchgfx14AbstractButtonE) referenced from demoview.o(.constdata)
 <LI><a href="#[147]">DemoView::~DemoView()</a> from demoview.o(i._ZN8DemoViewD1Ev) referenced from demoview.o(.constdata__ZTV8DemoView)
 <LI><a href="#[14c]">LabelBox::setText(unsigned short)</a> from labelbox.o(i._ZN8LabelBox7setTextEt) referenced from labelbox.o(.constdata__ZTV8LabelBox)
 <LI><a href="#[14c]">LabelBox::setText(unsigned short)</a> from labelbox.o(i._ZN8LabelBox7setTextEt) referenced from introductionview.o(.constdata__ZTVN8touchgfx12FadeAnimatorINS_12MoveAnimatorI8LabelBoxEEEE)
 <LI><a href="#[14e]">LabelBox::getAlpha()</a> from labelbox.o(i._ZN8LabelBox8getAlphaEv) referenced from labelbox.o(.constdata__ZTV8LabelBox)
 <LI><a href="#[14e]">LabelBox::getAlpha()</a> from labelbox.o(i._ZN8LabelBox8getAlphaEv) referenced from introductionview.o(.constdata__ZTVN8touchgfx12FadeAnimatorINS_12MoveAnimatorI8LabelBoxEEEE)
 <LI><a href="#[14d]">LabelBox::setAlpha(unsigned char)</a> from labelbox.o(i._ZN8LabelBox8setAlphaEh) referenced from labelbox.o(.constdata__ZTV8LabelBox)
 <LI><a href="#[14d]">LabelBox::setAlpha(unsigned char)</a> from labelbox.o(i._ZN8LabelBox8setAlphaEh) referenced from introductionview.o(.constdata__ZTVN8touchgfx12FadeAnimatorINS_12MoveAnimatorI8LabelBoxEEEE)
 <LI><a href="#[14b]">LabelBox::setColor(touchgfx::colortype)</a> from labelbox.o(i._ZN8LabelBox8setColorEN8touchgfx9colortypeE) referenced from labelbox.o(.constdata__ZTV8LabelBox)
 <LI><a href="#[14b]">LabelBox::setColor(touchgfx::colortype)</a> from labelbox.o(i._ZN8LabelBox8setColorEN8touchgfx9colortypeE) referenced from introductionview.o(.constdata__ZTVN8touchgfx12FadeAnimatorINS_12MoveAnimatorI8LabelBoxEEEE)
 <LI><a href="#[14f]">STM32DMA::getBlitCaps()</a> from stm32dma.o(i._ZN8STM32DMA11getBlitCapsEv) referenced from stm32dma.o(.constdata__ZTV8STM32DMA)
 <LI><a href="#[156]">STM32DMA::setupDataCopy(const touchgfx::BlitOp&)</a> from stm32dma.o(i._ZN8STM32DMA13setupDataCopyERKN8touchgfx6BlitOpE) referenced from stm32dma.o(.constdata__ZTV8STM32DMA)
 <LI><a href="#[157]">STM32DMA::setupDataFill(const touchgfx::BlitOp&)</a> from stm32dma.o(i._ZN8STM32DMA13setupDataFillERKN8touchgfx6BlitOpE) referenced from stm32dma.o(.constdata__ZTV8STM32DMA)
 <LI><a href="#[151]">STM32DMA::flush()</a> from stm32dma.o(i._ZN8STM32DMA5flushEv) referenced from stm32dma.o(.constdata__ZTV8STM32DMA)
 <LI><a href="#[d0]">STM32DMA::~STM32DMA()</a> from touchgfxconfiguration.o(i._ZN8STM32DMAD1Ev) referenced from stm32dma.o(.constdata__ZTV8STM32DMA)
 <LI><a href="#[d0]">STM32DMA::~STM32DMA()</a> from touchgfxconfiguration.o(i._ZN8STM32DMAD1Ev) referenced from touchgfxconfiguration.o(i.__sti___25_TouchGFXConfiguration_cpp_f5abfd34)
 <LI><a href="#[15e]">touchgfx::Transition::invalidate()</a> from frontendapplicationbase.o(i._ZN8touchgfx10Transition10invalidateEv) referenced from frontendapplicationbase.o(.constdata__ZTVN8touchgfx10TransitionE)
 <LI><a href="#[15e]">touchgfx::Transition::invalidate()</a> from frontendapplicationbase.o(i._ZN8touchgfx10Transition10invalidateEv) referenced from frontendapplicationbase.o(.constdata__ZTVN8touchgfx12NoTransitionE)
 <LI><a href="#[15e]">touchgfx::Transition::invalidate()</a> from frontendapplicationbase.o(i._ZN8touchgfx10Transition10invalidateEv) referenced from frontendapplicationbase.o(.constdata__ZTVN8touchgfx15SlideTransitionILNS_9DirectionE2EEE)
 <LI><a href="#[15e]">touchgfx::Transition::invalidate()</a> from frontendapplicationbase.o(i._ZN8touchgfx10Transition10invalidateEv) referenced from frontendapplicationbase.o(.constdata__ZTVN8touchgfx15SlideTransitionILNS_9DirectionE3EEE)
 <LI><a href="#[15b]">touchgfx::Transition::handleTickEvent()</a> from frontendapplicationbase.o(i._ZN8touchgfx10Transition15handleTickEventEv) referenced from frontendapplicationbase.o(.constdata__ZTVN8touchgfx10TransitionE)
 <LI><a href="#[15f]">touchgfx::Transition::setScreenContainer(touchgfx::Container&)</a> from frontendapplicationbase.o(i._ZN8touchgfx10Transition18setScreenContainerERNS_9ContainerE) referenced from frontendapplicationbase.o(.constdata__ZTVN8touchgfx10TransitionE)
 <LI><a href="#[15f]">touchgfx::Transition::setScreenContainer(touchgfx::Container&)</a> from frontendapplicationbase.o(i._ZN8touchgfx10Transition18setScreenContainerERNS_9ContainerE) referenced from frontendapplicationbase.o(.constdata__ZTVN8touchgfx12NoTransitionE)
 <LI><a href="#[15f]">touchgfx::Transition::setScreenContainer(touchgfx::Container&)</a> from frontendapplicationbase.o(i._ZN8touchgfx10Transition18setScreenContainerERNS_9ContainerE) referenced from frontendapplicationbase.o(.constdata__ZTVN8touchgfx15SlideTransitionILNS_9DirectionE2EEE)
 <LI><a href="#[15f]">touchgfx::Transition::setScreenContainer(touchgfx::Container&)</a> from frontendapplicationbase.o(i._ZN8touchgfx10Transition18setScreenContainerERNS_9ContainerE) referenced from frontendapplicationbase.o(.constdata__ZTVN8touchgfx15SlideTransitionILNS_9DirectionE3EEE)
 <LI><a href="#[15d]">touchgfx::Transition::init()</a> from frontendapplicationbase.o(i._ZN8touchgfx10Transition4initEv) referenced from frontendapplicationbase.o(.constdata__ZTVN8touchgfx10TransitionE)
 <LI><a href="#[15d]">touchgfx::Transition::init()</a> from frontendapplicationbase.o(i._ZN8touchgfx10Transition4initEv) referenced from frontendapplicationbase.o(.constdata__ZTVN8touchgfx12NoTransitionE)
 <LI><a href="#[15c]">touchgfx::Transition::tearDown()</a> from frontendapplicationbase.o(i._ZN8touchgfx10Transition8tearDownEv) referenced from frontendapplicationbase.o(.constdata__ZTVN8touchgfx10TransitionE)
 <LI><a href="#[15c]">touchgfx::Transition::tearDown()</a> from frontendapplicationbase.o(i._ZN8touchgfx10Transition8tearDownEv) referenced from frontendapplicationbase.o(.constdata__ZTVN8touchgfx12NoTransitionE)
 <LI><a href="#[15a]">touchgfx::Transition::~Transition()</a> from frontendapplicationbase.o(i._ZN8touchgfx10TransitionD1Ev) referenced from frontendapplicationbase.o(.constdata__ZTVN8touchgfx10TransitionE)
 <LI><a href="#[139]">touchgfx::Application::invalidate()</a> from application.o(i._ZN8touchgfx11Application10invalidateEv) referenced from frontendapplication.o(.constdata__ZTV19FrontendApplication)
 <LI><a href="#[139]">touchgfx::Application::invalidate()</a> from application.o(i._ZN8touchgfx11Application10invalidateEv) referenced from touchgfxconfiguration.o(.constdata__ZTV23FrontendApplicationBase)
 <LI><a href="#[139]">touchgfx::Application::invalidate()</a> from application.o(i._ZN8touchgfx11Application10invalidateEv) referenced from application.o(.constdata__ZTVN8touchgfx11ApplicationE)
 <LI><a href="#[139]">touchgfx::Application::invalidate()</a> from application.o(i._ZN8touchgfx11Application10invalidateEv) referenced from frontendapplicationbase.o(.constdata__ZTVN8touchgfx14MVPApplicationE)
 <LI><a href="#[134]">touchgfx::Application::handleKeyEvent(unsigned char)</a> from application.o(i._ZN8touchgfx11Application14handleKeyEventEh) referenced from frontendapplication.o(.constdata__ZTV19FrontendApplication)
 <LI><a href="#[134]">touchgfx::Application::handleKeyEvent(unsigned char)</a> from application.o(i._ZN8touchgfx11Application14handleKeyEventEh) referenced from touchgfxconfiguration.o(.constdata__ZTV23FrontendApplicationBase)
 <LI><a href="#[134]">touchgfx::Application::handleKeyEvent(unsigned char)</a> from application.o(i._ZN8touchgfx11Application14handleKeyEventEh) referenced from application.o(.constdata__ZTVN8touchgfx11ApplicationE)
 <LI><a href="#[134]">touchgfx::Application::handleKeyEvent(unsigned char)</a> from application.o(i._ZN8touchgfx11Application14handleKeyEventEh) referenced from frontendapplicationbase.o(.constdata__ZTVN8touchgfx14MVPApplicationE)
 <LI><a href="#[13a]">touchgfx::Application::invalidateArea(touchgfx::Rect)</a> from application.o(i._ZN8touchgfx11Application14invalidateAreaENS_4RectE) referenced from frontendapplication.o(.constdata__ZTV19FrontendApplication)
 <LI><a href="#[13a]">touchgfx::Application::invalidateArea(touchgfx::Rect)</a> from application.o(i._ZN8touchgfx11Application14invalidateAreaENS_4RectE) referenced from touchgfxconfiguration.o(.constdata__ZTV23FrontendApplicationBase)
 <LI><a href="#[13a]">touchgfx::Application::invalidateArea(touchgfx::Rect)</a> from application.o(i._ZN8touchgfx11Application14invalidateAreaENS_4RectE) referenced from application.o(.constdata__ZTVN8touchgfx11ApplicationE)
 <LI><a href="#[13a]">touchgfx::Application::invalidateArea(touchgfx::Rect)</a> from application.o(i._ZN8touchgfx11Application14invalidateAreaENS_4RectE) referenced from frontendapplicationbase.o(.constdata__ZTVN8touchgfx14MVPApplicationE)
 <LI><a href="#[138]">touchgfx::Application::drawCachedAreas()</a> from application.o(i._ZN8touchgfx11Application15drawCachedAreasEv) referenced from frontendapplication.o(.constdata__ZTV19FrontendApplication)
 <LI><a href="#[138]">touchgfx::Application::drawCachedAreas()</a> from application.o(i._ZN8touchgfx11Application15drawCachedAreasEv) referenced from touchgfxconfiguration.o(.constdata__ZTV23FrontendApplicationBase)
 <LI><a href="#[138]">touchgfx::Application::drawCachedAreas()</a> from application.o(i._ZN8touchgfx11Application15drawCachedAreasEv) referenced from application.o(.constdata__ZTVN8touchgfx11ApplicationE)
 <LI><a href="#[138]">touchgfx::Application::drawCachedAreas()</a> from application.o(i._ZN8touchgfx11Application15drawCachedAreasEv) referenced from frontendapplicationbase.o(.constdata__ZTVN8touchgfx14MVPApplicationE)
 <LI><a href="#[132]">touchgfx::Application::handleDragEvent(const touchgfx::DragEvent&)</a> from application.o(i._ZN8touchgfx11Application15handleDragEventERKNS_9DragEventE) referenced from frontendapplication.o(.constdata__ZTV19FrontendApplication)
 <LI><a href="#[132]">touchgfx::Application::handleDragEvent(const touchgfx::DragEvent&)</a> from application.o(i._ZN8touchgfx11Application15handleDragEventERKNS_9DragEventE) referenced from touchgfxconfiguration.o(.constdata__ZTV23FrontendApplicationBase)
 <LI><a href="#[132]">touchgfx::Application::handleDragEvent(const touchgfx::DragEvent&)</a> from application.o(i._ZN8touchgfx11Application15handleDragEventERKNS_9DragEventE) referenced from application.o(.constdata__ZTVN8touchgfx11ApplicationE)
 <LI><a href="#[132]">touchgfx::Application::handleDragEvent(const touchgfx::DragEvent&)</a> from application.o(i._ZN8touchgfx11Application15handleDragEventERKNS_9DragEventE) referenced from frontendapplicationbase.o(.constdata__ZTVN8touchgfx14MVPApplicationE)
 <LI><a href="#[145]">touchgfx::Application::handleTickEvent()</a> from application.o(i._ZN8touchgfx11Application15handleTickEventEv) referenced from touchgfxconfiguration.o(.constdata__ZTV23FrontendApplicationBase)
 <LI><a href="#[145]">touchgfx::Application::handleTickEvent()</a> from application.o(i._ZN8touchgfx11Application15handleTickEventEv) referenced from application.o(.constdata__ZTVN8touchgfx11ApplicationE)
 <LI><a href="#[145]">touchgfx::Application::handleTickEvent()</a> from application.o(i._ZN8touchgfx11Application15handleTickEventEv) referenced from frontendapplicationbase.o(.constdata__ZTVN8touchgfx14MVPApplicationE)
 <LI><a href="#[137]">touchgfx::Application::clearCachedAreas()</a> from application.o(i._ZN8touchgfx11Application16clearCachedAreasEv) referenced from frontendapplication.o(.constdata__ZTV19FrontendApplication)
 <LI><a href="#[137]">touchgfx::Application::clearCachedAreas()</a> from application.o(i._ZN8touchgfx11Application16clearCachedAreasEv) referenced from touchgfxconfiguration.o(.constdata__ZTV23FrontendApplicationBase)
 <LI><a href="#[137]">touchgfx::Application::clearCachedAreas()</a> from application.o(i._ZN8touchgfx11Application16clearCachedAreasEv) referenced from application.o(.constdata__ZTVN8touchgfx11ApplicationE)
 <LI><a href="#[137]">touchgfx::Application::clearCachedAreas()</a> from application.o(i._ZN8touchgfx11Application16clearCachedAreasEv) referenced from frontendapplicationbase.o(.constdata__ZTVN8touchgfx14MVPApplicationE)
 <LI><a href="#[131]">touchgfx::Application::handleClickEvent(const touchgfx::ClickEvent&)</a> from application.o(i._ZN8touchgfx11Application16handleClickEventERKNS_10ClickEventE) referenced from frontendapplication.o(.constdata__ZTV19FrontendApplication)
 <LI><a href="#[131]">touchgfx::Application::handleClickEvent(const touchgfx::ClickEvent&)</a> from application.o(i._ZN8touchgfx11Application16handleClickEventERKNS_10ClickEventE) referenced from touchgfxconfiguration.o(.constdata__ZTV23FrontendApplicationBase)
 <LI><a href="#[131]">touchgfx::Application::handleClickEvent(const touchgfx::ClickEvent&)</a> from application.o(i._ZN8touchgfx11Application16handleClickEventERKNS_10ClickEventE) referenced from application.o(.constdata__ZTVN8touchgfx11ApplicationE)
 <LI><a href="#[131]">touchgfx::Application::handleClickEvent(const touchgfx::ClickEvent&)</a> from application.o(i._ZN8touchgfx11Application16handleClickEventERKNS_10ClickEventE) referenced from frontendapplicationbase.o(.constdata__ZTVN8touchgfx14MVPApplicationE)
 <LI><a href="#[133]">touchgfx::Application::handleGestureEvent(const touchgfx::GestureEvent&)</a> from application.o(i._ZN8touchgfx11Application18handleGestureEventERKNS_12GestureEventE) referenced from frontendapplication.o(.constdata__ZTV19FrontendApplication)
 <LI><a href="#[133]">touchgfx::Application::handleGestureEvent(const touchgfx::GestureEvent&)</a> from application.o(i._ZN8touchgfx11Application18handleGestureEventERKNS_12GestureEventE) referenced from touchgfxconfiguration.o(.constdata__ZTV23FrontendApplicationBase)
 <LI><a href="#[133]">touchgfx::Application::handleGestureEvent(const touchgfx::GestureEvent&)</a> from application.o(i._ZN8touchgfx11Application18handleGestureEventERKNS_12GestureEventE) referenced from application.o(.constdata__ZTVN8touchgfx11ApplicationE)
 <LI><a href="#[133]">touchgfx::Application::handleGestureEvent(const touchgfx::GestureEvent&)</a> from application.o(i._ZN8touchgfx11Application18handleGestureEventERKNS_12GestureEventE) referenced from frontendapplicationbase.o(.constdata__ZTVN8touchgfx14MVPApplicationE)
 <LI><a href="#[160]">touchgfx::Application::handlePendingScreenTransition()</a> from application.o(i._ZN8touchgfx11Application29handlePendingScreenTransitionEv) referenced from application.o(.constdata__ZTVN8touchgfx11ApplicationE)
 <LI><a href="#[13b]">touchgfx::Application::draw(touchgfx::Rect&)</a> from application.o(i._ZN8touchgfx11Application4drawERNS_4RectE) referenced from frontendapplication.o(.constdata__ZTV19FrontendApplication)
 <LI><a href="#[13b]">touchgfx::Application::draw(touchgfx::Rect&)</a> from application.o(i._ZN8touchgfx11Application4drawERNS_4RectE) referenced from touchgfxconfiguration.o(.constdata__ZTV23FrontendApplicationBase)
 <LI><a href="#[13b]">touchgfx::Application::draw(touchgfx::Rect&)</a> from application.o(i._ZN8touchgfx11Application4drawERNS_4RectE) referenced from application.o(.constdata__ZTVN8touchgfx11ApplicationE)
 <LI><a href="#[13b]">touchgfx::Application::draw(touchgfx::Rect&)</a> from application.o(i._ZN8touchgfx11Application4drawERNS_4RectE) referenced from frontendapplicationbase.o(.constdata__ZTVN8touchgfx14MVPApplicationE)
 <LI><a href="#[162]">touchgfx::FadeAnimator&lang;touchgfx::MoveAnimator&lang;LabelBox&rang;&rang;::handleTickEvent()</a> from introductionview.o(t._ZN8touchgfx12FadeAnimatorINS_12MoveAnimatorI8LabelBoxEEE15handleTickEventEv) referenced from introductionview.o(.constdata__ZTVN8touchgfx12FadeAnimatorINS_12MoveAnimatorI8LabelBoxEEEE)
 <LI><a href="#[161]">touchgfx::FadeAnimator&lang;touchgfx::MoveAnimator&lang;LabelBox&rang;&rang;::~FadeAnimator()</a> from introductionview.o(i._ZN8touchgfx12FadeAnimatorINS_12MoveAnimatorI8LabelBoxEEED1Ev) referenced from introductionview.o(.constdata__ZTVN8touchgfx12FadeAnimatorINS_12MoveAnimatorI8LabelBoxEEEE)
 <LI><a href="#[16a]">touchgfx::FadeAnimator&lang;touchgfx::MoveAnimator&lang;touchgfx::TextArea&rang;&rang;::handleTickEvent()</a> from introductionview.o(t._ZN8touchgfx12FadeAnimatorINS_12MoveAnimatorINS_8TextAreaEEEE15handleTickEventEv) referenced from introductionview.o(.constdata__ZTVN8touchgfx12FadeAnimatorINS_12MoveAnimatorINS_8TextAreaEEEEE)
 <LI><a href="#[163]">touchgfx::FadeAnimator&lang;touchgfx::MoveAnimator&lang;touchgfx::TextArea&rang;&rang;::~FadeAnimator()</a> from introductionview.o(i._ZN8touchgfx12FadeAnimatorINS_12MoveAnimatorINS_8TextAreaEEEED1Ev) referenced from introductionview.o(.constdata__ZTVN8touchgfx12FadeAnimatorINS_12MoveAnimatorINS_8TextAreaEEEEE)
 <LI><a href="#[174]">touchgfx::MoveAnimator&lang;touchgfx::TextArea&rang;::handleTickEvent()</a> from introductionviewbase.o(t._ZN8touchgfx12MoveAnimatorINS_8TextAreaEE15handleTickEventEv) referenced from introductionviewbase.o(.constdata__ZTVN8touchgfx12MoveAnimatorINS_8TextAreaEEE)
 <LI><a href="#[173]">touchgfx::MoveAnimator&lang;touchgfx::TextArea&rang;::~MoveAnimator()</a> from introductionview.o(i._ZN8touchgfx12MoveAnimatorINS_8TextAreaEED1Ev) referenced from introductionviewbase.o(.constdata__ZTVN8touchgfx12MoveAnimatorINS_8TextAreaEEE)
 <LI><a href="#[176]">touchgfx::NoTransition::handleTickEvent()</a> from frontendapplicationbase.o(i._ZN8touchgfx12NoTransition15handleTickEventEv) referenced from frontendapplicationbase.o(.constdata__ZTVN8touchgfx12NoTransitionE)
 <LI><a href="#[175]">touchgfx::NoTransition::~NoTransition()</a> from frontendapplicationbase.o(i._ZN8touchgfx12NoTransitionD1Ev) referenced from frontendapplicationbase.o(.constdata__ZTVN8touchgfx12NoTransitionE)
 <LI><a href="#[150]">touchgfx::DMA_Interface::addToQueue(const touchgfx::BlitOp&)</a> from dma.o(i._ZN8touchgfx13DMA_Interface10addToQueueERKNS_6BlitOpE) referenced from stm32dma.o(.constdata__ZTV8STM32DMA)
 <LI><a href="#[152]">touchgfx::DMA_Interface::initialize()</a> from stm32dma.o(i._ZN8touchgfx13DMA_Interface10initializeEv) referenced from stm32dma.o(.constdata__ZTV8STM32DMA)
 <LI><a href="#[158]">touchgfx::DMA_Interface::enableAlpha(unsigned char)</a> from dma.o(i._ZN8touchgfx13DMA_Interface11enableAlphaEh) referenced from stm32dma.o(.constdata__ZTV8STM32DMA)
 <LI><a href="#[159]">touchgfx::DMA_Interface::disableAlpha()</a> from dma.o(i._ZN8touchgfx13DMA_Interface12disableAlphaEv) referenced from stm32dma.o(.constdata__ZTV8STM32DMA)
 <LI><a href="#[155]">touchgfx::DMA_Interface::seedExecution()</a> from dma.o(i._ZN8touchgfx13DMA_Interface13seedExecutionEv) referenced from stm32dma.o(.constdata__ZTV8STM32DMA)
 <LI><a href="#[153]">touchgfx::DMA_Interface::start()</a> from dma.o(i._ZN8touchgfx13DMA_Interface5startEv) referenced from stm32dma.o(.constdata__ZTV8STM32DMA)
 <LI><a href="#[154]">touchgfx::DMA_Interface::execute()</a> from dma.o(i._ZN8touchgfx13DMA_Interface7executeEv) referenced from stm32dma.o(.constdata__ZTV8STM32DMA)
 <LI><a href="#[ae]">touchgfx::GeneratedFont::~GeneratedFont()</a> from generatedfont.o(i._ZN8touchgfx13GeneratedFontD1Ev) referenced from generatedfont.o(.constdata__ZTVN8touchgfx13GeneratedFontE)
 <LI><a href="#[ae]">touchgfx::GeneratedFont::~GeneratedFont()</a> from generatedfont.o(i._ZN8touchgfx13GeneratedFontD1Ev) referenced from table_sourcesanspro_bold_30_4bpp.o(i._Z34getFont_SourceSansPro_Bold_30_4bppv)
 <LI><a href="#[ae]">touchgfx::GeneratedFont::~GeneratedFont()</a> from generatedfont.o(i._ZN8touchgfx13GeneratedFontD1Ev) referenced from table_sourcesanspro_bold_128_4bpp.o(i._Z35getFont_SourceSansPro_Bold_128_4bppv)
 <LI><a href="#[ae]">touchgfx::GeneratedFont::~GeneratedFont()</a> from generatedfont.o(i._ZN8touchgfx13GeneratedFontD1Ev) referenced from table_sourcecodepro_regular_10_4bpp.o(i._Z37getFont_SourceCodePro_Regular_10_4bppv)
 <LI><a href="#[ae]">touchgfx::GeneratedFont::~GeneratedFont()</a> from generatedfont.o(i._ZN8touchgfx13GeneratedFontD1Ev) referenced from table_sourcecodepro_regular_16_4bpp.o(i._Z37getFont_SourceCodePro_Regular_16_4bppv)
 <LI><a href="#[190]">touchgfx::AbstractButton::executeAction()</a> from button.o(i._ZN8touchgfx14AbstractButton13executeActionEv) referenced from buttonwithlabel.o(.constdata__ZTVN8touchgfx15ButtonWithLabelE)
 <LI><a href="#[190]">touchgfx::AbstractButton::executeAction()</a> from button.o(i._ZN8touchgfx14AbstractButton13executeActionEv) referenced from button.o(.constdata__ZTVN8touchgfx6ButtonE)
 <LI><a href="#[190]">touchgfx::AbstractButton::executeAction()</a> from button.o(i._ZN8touchgfx14AbstractButton13executeActionEv) referenced from toucharea.o(.constdata__ZTVN8touchgfx9TouchAreaE)
 <LI><a href="#[18f]">touchgfx::AbstractButton::handleClickEvent(const touchgfx::ClickEvent&)</a> from abstractbutton.o(i._ZN8touchgfx14AbstractButton16handleClickEventERKNS_10ClickEventE) referenced from buttonwithlabel.o(.constdata__ZTVN8touchgfx15ButtonWithLabelE)
 <LI><a href="#[18f]">touchgfx::AbstractButton::handleClickEvent(const touchgfx::ClickEvent&)</a> from abstractbutton.o(i._ZN8touchgfx14AbstractButton16handleClickEventERKNS_10ClickEventE) referenced from button.o(.constdata__ZTVN8touchgfx6ButtonE)
 <LI><a href="#[136]">touchgfx::MVPApplication::handlePendingScreenTransition()</a> from touchgfxconfiguration.o(i._ZN8touchgfx14MVPApplication29handlePendingScreenTransitionEv) referenced from frontendapplication.o(.constdata__ZTV19FrontendApplication)
 <LI><a href="#[136]">touchgfx::MVPApplication::handlePendingScreenTransition()</a> from touchgfxconfiguration.o(i._ZN8touchgfx14MVPApplication29handlePendingScreenTransitionEv) referenced from touchgfxconfiguration.o(.constdata__ZTV23FrontendApplicationBase)
 <LI><a href="#[136]">touchgfx::MVPApplication::handlePendingScreenTransition()</a> from touchgfxconfiguration.o(i._ZN8touchgfx14MVPApplication29handlePendingScreenTransitionEv) referenced from frontendapplicationbase.o(.constdata__ZTVN8touchgfx14MVPApplicationE)
 <LI><a href="#[18b]">touchgfx::SnapshotWidget::makeSnapshot(unsigned short)</a> from snapshotwidget.o(i._ZN8touchgfx14SnapshotWidget12makeSnapshotEt) referenced from snapshotwidget.o(.constdata__ZTVN8touchgfx14SnapshotWidgetE)
 <LI><a href="#[18a]">touchgfx::SnapshotWidget::makeSnapshot()</a> from snapshotwidget.o(i._ZN8touchgfx14SnapshotWidget12makeSnapshotEv) referenced from snapshotwidget.o(.constdata__ZTVN8touchgfx14SnapshotWidgetE)
 <LI><a href="#[af]">touchgfx::EasingEquations::cubicEaseOut(unsigned short, short, short, unsigned short)</a> from easingequations.o(i._ZN8touchgfx15EasingEquations12cubicEaseOutEtsst) referenced from introductionview.o(i._ZN16IntroductionView9gotoStateENS_7StateIdE)
 <LI><a href="#[193]">touchgfx::SlideTransition&lang;(touchgfx::Direction)2&rang;::handleTickEvent()</a> from frontendapplicationbase.o(t._ZN8touchgfx15SlideTransitionILNS_9DirectionE2EE15handleTickEventEv) referenced from frontendapplicationbase.o(.constdata__ZTVN8touchgfx15SlideTransitionILNS_9DirectionE2EEE)
 <LI><a href="#[195]">touchgfx::SlideTransition&lang;(touchgfx::Direction)2&rang;::init()</a> from frontendapplicationbase.o(t._ZN8touchgfx15SlideTransitionILNS_9DirectionE2EE4initEv) referenced from frontendapplicationbase.o(.constdata__ZTVN8touchgfx15SlideTransitionILNS_9DirectionE2EEE)
 <LI><a href="#[194]">touchgfx::SlideTransition&lang;(touchgfx::Direction)2&rang;::tearDown()</a> from frontendapplicationbase.o(t._ZN8touchgfx15SlideTransitionILNS_9DirectionE2EE8tearDownEv) referenced from frontendapplicationbase.o(.constdata__ZTVN8touchgfx15SlideTransitionILNS_9DirectionE2EEE)
 <LI><a href="#[192]">touchgfx::SlideTransition&lang;(touchgfx::Direction)2&rang;::~SlideTransition()</a> from frontendapplicationbase.o(i._ZN8touchgfx15SlideTransitionILNS_9DirectionE2EED1Ev) referenced from frontendapplicationbase.o(.constdata__ZTVN8touchgfx15SlideTransitionILNS_9DirectionE2EEE)
 <LI><a href="#[197]">touchgfx::SlideTransition&lang;(touchgfx::Direction)3&rang;::handleTickEvent()</a> from frontendapplicationbase.o(t._ZN8touchgfx15SlideTransitionILNS_9DirectionE3EE15handleTickEventEv) referenced from frontendapplicationbase.o(.constdata__ZTVN8touchgfx15SlideTransitionILNS_9DirectionE3EEE)
 <LI><a href="#[199]">touchgfx::SlideTransition&lang;(touchgfx::Direction)3&rang;::init()</a> from frontendapplicationbase.o(t._ZN8touchgfx15SlideTransitionILNS_9DirectionE3EE4initEv) referenced from frontendapplicationbase.o(.constdata__ZTVN8touchgfx15SlideTransitionILNS_9DirectionE3EEE)
 <LI><a href="#[198]">touchgfx::SlideTransition&lang;(touchgfx::Direction)3&rang;::tearDown()</a> from frontendapplicationbase.o(t._ZN8touchgfx15SlideTransitionILNS_9DirectionE3EE8tearDownEv) referenced from frontendapplicationbase.o(.constdata__ZTVN8touchgfx15SlideTransitionILNS_9DirectionE3EEE)
 <LI><a href="#[196]">touchgfx::SlideTransition&lang;(touchgfx::Direction)3&rang;::~SlideTransition()</a> from frontendapplicationbase.o(i._ZN8touchgfx15SlideTransitionILNS_9DirectionE3EED1Ev) referenced from frontendapplicationbase.o(.constdata__ZTVN8touchgfx15SlideTransitionILNS_9DirectionE3EEE)
 <LI><a href="#[19a]">touchgfx::AbstractPartition::~AbstractPartition__sub_object()</a> from abstractpartition.o(i._ZN8touchgfx17AbstractPartitionD2Ev) referenced from abstractpartition.o(.constdata__ZTVN8touchgfx17AbstractPartitionE)
 <LI><a href="#[19e]">touchgfx::LockFreeDMA_Queue::pushCopyOf(const touchgfx::BlitOp&)</a> from dma.o(i._ZN8touchgfx17LockFreeDMA_Queue10pushCopyOfERKNS_6BlitOpE) referenced from dma.o(.constdata__ZTVN8touchgfx17LockFreeDMA_QueueE)
 <LI><a href="#[19f]">touchgfx::LockFreeDMA_Queue::first()</a> from dma.o(i._ZN8touchgfx17LockFreeDMA_Queue5firstEv) referenced from dma.o(.constdata__ZTVN8touchgfx17LockFreeDMA_QueueE)
 <LI><a href="#[19d]">touchgfx::LockFreeDMA_Queue::isFull()</a> from dma.o(i._ZN8touchgfx17LockFreeDMA_Queue6isFullEv) referenced from dma.o(.constdata__ZTVN8touchgfx17LockFreeDMA_QueueE)
 <LI><a href="#[19c]">touchgfx::LockFreeDMA_Queue::isEmpty()</a> from dma.o(i._ZN8touchgfx17LockFreeDMA_Queue7isEmptyEv) referenced from dma.o(.constdata__ZTVN8touchgfx17LockFreeDMA_QueueE)
 <LI><a href="#[1ad]">touchgfx::HAL::FlushCache()</a> from hal.o(i._ZN8touchgfx3HAL10FlushCacheEv) referenced from hal.o(.constdata__ZTVN8touchgfx3HALE)
 <LI><a href="#[1aa]">touchgfx::HAL::beginFrame()</a> from hal.o(i._ZN8touchgfx3HAL10beginFrameEv) referenced from hal.o(.constdata__ZTVN8touchgfx3HALE)
 <LI><a href="#[1a7]">touchgfx::HAL::initialize()</a> from hal.o(i._ZN8touchgfx3HAL10initializeEv) referenced from hal.o(.constdata__ZTVN8touchgfx3HALE)
 <LI><a href="#[e5]">touchgfx::HAL::getBlitCaps()</a> from touchgfxhal.o(i._ZN8touchgfx3HAL11getBlitCapsEv) referenced from touchgfxhal.o(.constdata__ZTV11TouchGFXHAL)
 <LI><a href="#[e5]">touchgfx::HAL::getBlitCaps()</a> from touchgfxhal.o(i._ZN8touchgfx3HAL11getBlitCapsEv) referenced from hal.o(.constdata__ZTVN8touchgfx3HALE)
 <LI><a href="#[ea]">touchgfx::HAL::blitCopyGlyph(const unsigned char*, unsigned short, unsigned short, unsigned short, unsigned short, unsigned short, touchgfx::colortype, unsigned char, touchgfx::BlitOperations, bool)</a> from hal.o(i._ZN8touchgfx3HAL13blitCopyGlyphEPKhtttttNS_9colortypeEhNS_14BlitOperationsEb) referenced from touchgfxhal.o(.constdata__ZTV11TouchGFXHAL)
 <LI><a href="#[ea]">touchgfx::HAL::blitCopyGlyph(const unsigned char*, unsigned short, unsigned short, unsigned short, unsigned short, unsigned short, touchgfx::colortype, unsigned char, touchgfx::BlitOperations, bool)</a> from hal.o(i._ZN8touchgfx3HAL13blitCopyGlyphEPKhtttttNS_9colortypeEhNS_14BlitOperationsEb) referenced from hal.o(.constdata__ZTVN8touchgfx3HALE)
 <LI><a href="#[1ac]">touchgfx::HAL::InvalidateCache()</a> from hal.o(i._ZN8touchgfx3HAL15InvalidateCacheEv) referenced from hal.o(.constdata__ZTVN8touchgfx3HALE)
 <LI><a href="#[e1]">touchgfx::HAL::lockFrameBuffer()</a> from hal.o(i._ZN8touchgfx3HAL15lockFrameBufferEv) referenced from touchgfxhal.o(.constdata__ZTV11TouchGFXHAL)
 <LI><a href="#[e1]">touchgfx::HAL::lockFrameBuffer()</a> from hal.o(i._ZN8touchgfx3HAL15lockFrameBufferEv) referenced from hal.o(.constdata__ZTVN8touchgfx3HALE)
 <LI><a href="#[e9]">touchgfx::HAL::blitCopyARGB8888(const unsigned short*, unsigned short, unsigned short, unsigned short, unsigned short, unsigned short, unsigned char, bool)</a> from hal.o(i._ZN8touchgfx3HAL16blitCopyARGB8888EPKtttttthb) referenced from touchgfxhal.o(.constdata__ZTV11TouchGFXHAL)
 <LI><a href="#[e9]">touchgfx::HAL::blitCopyARGB8888(const unsigned short*, unsigned short, unsigned short, unsigned short, unsigned short, unsigned short, unsigned char, bool)</a> from hal.o(i._ZN8touchgfx3HAL16blitCopyARGB8888EPKtttttthb) referenced from hal.o(.constdata__ZTVN8touchgfx3HALE)
 <LI><a href="#[1a8]">touchgfx::HAL::flushFrameBuffer(const touchgfx::Rect&)</a> from hal.o(i._ZN8touchgfx3HAL16flushFrameBufferERKNS_4RectE) referenced from hal.o(.constdata__ZTVN8touchgfx3HALE)
 <LI><a href="#[df]">touchgfx::HAL::allowDMATransfers()</a> from hal.o(i._ZN8touchgfx3HAL17allowDMATransfersEv) referenced from touchgfxhal.o(.constdata__ZTV11TouchGFXHAL)
 <LI><a href="#[df]">touchgfx::HAL::allowDMATransfers()</a> from hal.o(i._ZN8touchgfx3HAL17allowDMATransfersEv) referenced from hal.o(.constdata__ZTVN8touchgfx3HALE)
 <LI><a href="#[f7]">touchgfx::HAL::getTFTCurrentLine()</a> from touchgfxhal.o(i._ZN8touchgfx3HAL17getTFTCurrentLineEv) referenced from touchgfxhal.o(.constdata__ZTV11TouchGFXHAL)
 <LI><a href="#[f7]">touchgfx::HAL::getTFTCurrentLine()</a> from touchgfxhal.o(i._ZN8touchgfx3HAL17getTFTCurrentLineEv) referenced from hal.o(.constdata__ZTVN8touchgfx3HALE)
 <LI><a href="#[e2]">touchgfx::HAL::unlockFrameBuffer()</a> from hal.o(i._ZN8touchgfx3HAL17unlockFrameBufferEv) referenced from touchgfxhal.o(.constdata__ZTV11TouchGFXHAL)
 <LI><a href="#[e2]">touchgfx::HAL::unlockFrameBuffer()</a> from hal.o(i._ZN8touchgfx3HAL17unlockFrameBufferEv) referenced from hal.o(.constdata__ZTVN8touchgfx3HALE)
 <LI><a href="#[f4]">touchgfx::HAL::setAnimationStorage(void*)</a> from touchgfxhal.o(i._ZN8touchgfx3HAL19setAnimationStorageEPv) referenced from touchgfxhal.o(.constdata__ZTV11TouchGFXHAL)
 <LI><a href="#[f4]">touchgfx::HAL::setAnimationStorage(void*)</a> from touchgfxhal.o(i._ZN8touchgfx3HAL19setAnimationStorageEPv) referenced from hal.o(.constdata__ZTVN8touchgfx3HALE)
 <LI><a href="#[ee]">touchgfx::HAL::copyFBRegionToMemory(touchgfx::Rect, unsigned short*, unsigned)</a> from hal.o(i._ZN8touchgfx3HAL20copyFBRegionToMemoryENS_4RectEPtj) referenced from touchgfxhal.o(.constdata__ZTV11TouchGFXHAL)
 <LI><a href="#[ee]">touchgfx::HAL::copyFBRegionToMemory(touchgfx::Rect, unsigned short*, unsigned)</a> from hal.o(i._ZN8touchgfx3HAL20copyFBRegionToMemoryENS_4RectEPtj) referenced from hal.o(.constdata__ZTVN8touchgfx3HALE)
 <LI><a href="#[ed]">touchgfx::HAL::registerEventListener(touchgfx::UIEventListener&)</a> from hal.o(i._ZN8touchgfx3HAL21registerEventListenerERNS_15UIEventListenerE) referenced from touchgfxhal.o(.constdata__ZTV11TouchGFXHAL)
 <LI><a href="#[ed]">touchgfx::HAL::registerEventListener(touchgfx::UIEventListener&)</a> from hal.o(i._ZN8touchgfx3HAL21registerEventListenerERNS_15UIEventListenerE) referenced from hal.o(.constdata__ZTVN8touchgfx3HALE)
 <LI><a href="#[dc]">touchgfx::HAL::setDisplayOrientation(touchgfx::DisplayOrientation)</a> from touchgfxhal.o(i._ZN8touchgfx3HAL21setDisplayOrientationENS_18DisplayOrientationE) referenced from touchgfxhal.o(.constdata__ZTV11TouchGFXHAL)
 <LI><a href="#[dc]">touchgfx::HAL::setDisplayOrientation(touchgfx::DisplayOrientation)</a> from touchgfxhal.o(i._ZN8touchgfx3HAL21setDisplayOrientationENS_18DisplayOrientationE) referenced from hal.o(.constdata__ZTVN8touchgfx3HALE)
 <LI><a href="#[f5]">touchgfx::HAL::configurePartialFrameBuffer(unsigned short, unsigned short, unsigned short, unsigned short)</a> from hal.o(i._ZN8touchgfx3HAL27configurePartialFrameBufferEtttt) referenced from touchgfxhal.o(.constdata__ZTV11TouchGFXHAL)
 <LI><a href="#[f5]">touchgfx::HAL::configurePartialFrameBuffer(unsigned short, unsigned short, unsigned short, unsigned short)</a> from hal.o(i._ZN8touchgfx3HAL27configurePartialFrameBufferEtttt) referenced from hal.o(.constdata__ZTVN8touchgfx3HALE)
 <LI><a href="#[f3]">touchgfx::HAL::setFrameBufferStartAddresses(void*, void*, void*)</a> from touchgfxhal.o(i._ZN8touchgfx3HAL28setFrameBufferStartAddressesEPvS1_S1_) referenced from touchgfxhal.o(.constdata__ZTV11TouchGFXHAL)
 <LI><a href="#[f3]">touchgfx::HAL::setFrameBufferStartAddresses(void*, void*, void*)</a> from touchgfxhal.o(i._ZN8touchgfx3HAL28setFrameBufferStartAddressesEPvS1_S1_) referenced from hal.o(.constdata__ZTVN8touchgfx3HALE)
 <LI><a href="#[fe]">touchgfx::HAL::performDisplayOrientationChange()</a> from touchgfxhal.o(i._ZN8touchgfx3HAL31performDisplayOrientationChangeEv) referenced from touchgfxhal.o(.constdata__ZTV11TouchGFXHAL)
 <LI><a href="#[fe]">touchgfx::HAL::performDisplayOrientationChange()</a> from touchgfxhal.o(i._ZN8touchgfx3HAL31performDisplayOrientationChangeEv) referenced from hal.o(.constdata__ZTVN8touchgfx3HALE)
 <LI><a href="#[f8]">touchgfx::HAL::tick()</a> from hal.o(i._ZN8touchgfx3HAL4tickEv) referenced from touchgfxhal.o(.constdata__ZTV11TouchGFXHAL)
 <LI><a href="#[f8]">touchgfx::HAL::tick()</a> from hal.o(i._ZN8touchgfx3HAL4tickEv) referenced from hal.o(.constdata__ZTVN8touchgfx3HALE)
 <LI><a href="#[fc]">touchgfx::HAL::touch(int, int)</a> from hal.o(i._ZN8touchgfx3HAL5touchEii) referenced from touchgfxhal.o(.constdata__ZTV11TouchGFXHAL)
 <LI><a href="#[fc]">touchgfx::HAL::touch(int, int)</a> from hal.o(i._ZN8touchgfx3HAL5touchEii) referenced from hal.o(.constdata__ZTVN8touchgfx3HALE)
 <LI><a href="#[fd]">touchgfx::HAL::noTouch()</a> from hal.o(i._ZN8touchgfx3HAL7noTouchEv) referenced from touchgfxhal.o(.constdata__ZTV11TouchGFXHAL)
 <LI><a href="#[fd]">touchgfx::HAL::noTouch()</a> from hal.o(i._ZN8touchgfx3HAL7noTouchEv) referenced from hal.o(.constdata__ZTVN8touchgfx3HALE)
 <LI><a href="#[e6]">touchgfx::HAL::blitCopy(const unsigned short*, const unsigned char*, unsigned short, unsigned short, unsigned short, unsigned short, unsigned short, unsigned char, bool, unsigned short, touchgfx::Bitmap::BitmapFormat, touchgfx::Bitmap::BitmapFormat, bool)</a> from hal.o(i._ZN8touchgfx3HAL8blitCopyEPKtPKhttttthbtNS_6Bitmap12BitmapFormatES6_b) referenced from touchgfxhal.o(.constdata__ZTV11TouchGFXHAL)
 <LI><a href="#[e6]">touchgfx::HAL::blitCopy(const unsigned short*, const unsigned char*, unsigned short, unsigned short, unsigned short, unsigned short, unsigned short, unsigned char, bool, unsigned short, touchgfx::Bitmap::BitmapFormat, touchgfx::Bitmap::BitmapFormat, bool)</a> from hal.o(i._ZN8touchgfx3HAL8blitCopyEPKtPKhttttthbtNS_6Bitmap12BitmapFormatES6_b) referenced from hal.o(.constdata__ZTVN8touchgfx3HALE)
 <LI><a href="#[e8]">touchgfx::HAL::blitCopy(const unsigned short*, unsigned short, unsigned short, unsigned short, unsigned short, unsigned short, unsigned char, bool, bool)</a> from hal.o(i._ZN8touchgfx3HAL8blitCopyEPKtttttthbb) referenced from touchgfxhal.o(.constdata__ZTV11TouchGFXHAL)
 <LI><a href="#[e8]">touchgfx::HAL::blitCopy(const unsigned short*, unsigned short, unsigned short, unsigned short, unsigned short, unsigned short, unsigned char, bool, bool)</a> from hal.o(i._ZN8touchgfx3HAL8blitCopyEPKtttttthbb) referenced from hal.o(.constdata__ZTVN8touchgfx3HALE)
 <LI><a href="#[e7]">touchgfx::HAL::blitCopy(const unsigned short*, unsigned short, unsigned short, unsigned short, unsigned short, unsigned short, unsigned char, bool, unsigned short, touchgfx::Bitmap::BitmapFormat, touchgfx::Bitmap::BitmapFormat, bool)</a> from hal.o(i._ZN8touchgfx3HAL8blitCopyEPKtttttthbtNS_6Bitmap12BitmapFormatES4_b) referenced from touchgfxhal.o(.constdata__ZTV11TouchGFXHAL)
 <LI><a href="#[e7]">touchgfx::HAL::blitCopy(const unsigned short*, unsigned short, unsigned short, unsigned short, unsigned short, unsigned short, unsigned char, bool, unsigned short, touchgfx::Bitmap::BitmapFormat, touchgfx::Bitmap::BitmapFormat, bool)</a> from hal.o(i._ZN8touchgfx3HAL8blitCopyEPKtttttthbtNS_6Bitmap12BitmapFormatES4_b) referenced from hal.o(.constdata__ZTVN8touchgfx3HALE)
 <LI><a href="#[ec]">touchgfx::HAL::blitFill(touchgfx::colortype, unsigned short, unsigned short, unsigned short, unsigned short, unsigned char, bool)</a> from hal.o(i._ZN8touchgfx3HAL8blitFillENS_9colortypeEtttthb) referenced from touchgfxhal.o(.constdata__ZTV11TouchGFXHAL)
 <LI><a href="#[ec]">touchgfx::HAL::blitFill(touchgfx::colortype, unsigned short, unsigned short, unsigned short, unsigned short, unsigned char, bool)</a> from hal.o(i._ZN8touchgfx3HAL8blitFillENS_9colortypeEtttthb) referenced from hal.o(.constdata__ZTVN8touchgfx3HALE)
 <LI><a href="#[eb]">touchgfx::HAL::blitFill(touchgfx::colortype, unsigned short, unsigned short, unsigned short, unsigned short, unsigned char, unsigned short, touchgfx::Bitmap::BitmapFormat, bool)</a> from hal.o(i._ZN8touchgfx3HAL8blitFillENS_9colortypeEtttthtNS_6Bitmap12BitmapFormatEb) referenced from touchgfxhal.o(.constdata__ZTV11TouchGFXHAL)
 <LI><a href="#[eb]">touchgfx::HAL::blitFill(touchgfx::colortype, unsigned short, unsigned short, unsigned short, unsigned short, unsigned char, unsigned short, touchgfx::Bitmap::BitmapFormat, bool)</a> from hal.o(i._ZN8touchgfx3HAL8blitFillENS_9colortypeEtttthtNS_6Bitmap12BitmapFormatEb) referenced from hal.o(.constdata__ZTVN8touchgfx3HALE)
 <LI><a href="#[1ab]">touchgfx::HAL::endFrame()</a> from hal.o(i._ZN8touchgfx3HAL8endFrameEv) referenced from hal.o(.constdata__ZTVN8touchgfx3HALE)
 <LI><a href="#[e0]">touchgfx::HAL::flushDMA()</a> from hal.o(i._ZN8touchgfx3HAL8flushDMAEv) referenced from touchgfxhal.o(.constdata__ZTV11TouchGFXHAL)
 <LI><a href="#[e0]">touchgfx::HAL::flushDMA()</a> from hal.o(i._ZN8touchgfx3HAL8flushDMAEv) referenced from hal.o(.constdata__ZTVN8touchgfx3HALE)
 <LI><a href="#[1a9]">touchgfx::HAL::blockCopy(void*, const void*, unsigned)</a> from hal.o(i._ZN8touchgfx3HAL9blockCopyEPvPKvj) referenced from hal.o(.constdata__ZTVN8touchgfx3HALE)
 <LI><a href="#[f6]">touchgfx::HAL::taskDelay(unsigned short)</a> from touchgfxhal.o(i._ZN8touchgfx3HAL9taskDelayEt) referenced from touchgfxhal.o(.constdata__ZTV11TouchGFXHAL)
 <LI><a href="#[f6]">touchgfx::HAL::taskDelay(unsigned short)</a> from touchgfxhal.o(i._ZN8touchgfx3HAL9taskDelayEt) referenced from hal.o(.constdata__ZTVN8touchgfx3HALE)
 <LI><a href="#[d5]">touchgfx::Rect::Rect()</a> from demoview.o(i._ZN8touchgfx4RectC1Ev) referenced from application.o(t._ZN8touchgfx6VectorINS_4RectELt8EEC1Ev)
 <LI><a href="#[1b4]">touchgfx::Image::setBitmap(const touchgfx::Bitmap&)</a> from image.o(i._ZN8touchgfx5Image9setBitmapERKNS_6BitmapE) referenced from image.o(.constdata__ZTVN8touchgfx5ImageE)
 <LI><a href="#[191]">touchgfx::Button::setBitmaps(const touchgfx::Bitmap&, const touchgfx::Bitmap&)</a> from button.o(i._ZN8touchgfx6Button10setBitmapsERKNS_6BitmapES3_) referenced from buttonwithlabel.o(.constdata__ZTVN8touchgfx15ButtonWithLabelE)
 <LI><a href="#[191]">touchgfx::Button::setBitmaps(const touchgfx::Bitmap&, const touchgfx::Bitmap&)</a> from button.o(i._ZN8touchgfx6Button10setBitmapsERKNS_6BitmapES3_) referenced from button.o(.constdata__ZTVN8touchgfx6ButtonE)
 <LI><a href="#[1b7]">touchgfx::Screen::setupScreen()</a> from screen.o(i._ZN8touchgfx6Screen11setupScreenEv) referenced from screen.o(.constdata__ZTVN8touchgfx6ScreenE)
 <LI><a href="#[10a]">touchgfx::Screen::handleKeyEvent(unsigned char)</a> from demoview.o(i._ZN8touchgfx6Screen14handleKeyEventEh) referenced from demoviewbase.o(.constdata__ZTV12DemoViewBase)
 <LI><a href="#[10a]">touchgfx::Screen::handleKeyEvent(unsigned char)</a> from demoview.o(i._ZN8touchgfx6Screen14handleKeyEventEh) referenced from demoview.o(.constdata__ZTV8DemoView)
 <LI><a href="#[10a]">touchgfx::Screen::handleKeyEvent(unsigned char)</a> from demoview.o(i._ZN8touchgfx6Screen14handleKeyEventEh) referenced from screen.o(.constdata__ZTVN8touchgfx6ScreenE)
 <LI><a href="#[105]">touchgfx::Screen::tearDownScreen()</a> from demoviewbase.o(i._ZN8touchgfx6Screen14tearDownScreenEv) referenced from demoviewbase.o(.constdata__ZTV12DemoViewBase)
 <LI><a href="#[105]">touchgfx::Screen::tearDownScreen()</a> from demoviewbase.o(i._ZN8touchgfx6Screen14tearDownScreenEv) referenced from introductionviewbase.o(.constdata__ZTV20IntroductionViewBase)
 <LI><a href="#[105]">touchgfx::Screen::tearDownScreen()</a> from demoviewbase.o(i._ZN8touchgfx6Screen14tearDownScreenEv) referenced from screen.o(.constdata__ZTVN8touchgfx6ScreenE)
 <LI><a href="#[104]">touchgfx::Screen::afterTransition()</a> from demoview.o(i._ZN8touchgfx6Screen15afterTransitionEv) referenced from demoviewbase.o(.constdata__ZTV12DemoViewBase)
 <LI><a href="#[104]">touchgfx::Screen::afterTransition()</a> from demoview.o(i._ZN8touchgfx6Screen15afterTransitionEv) referenced from introductionview.o(.constdata__ZTV16IntroductionView)
 <LI><a href="#[104]">touchgfx::Screen::afterTransition()</a> from demoview.o(i._ZN8touchgfx6Screen15afterTransitionEv) referenced from introductionviewbase.o(.constdata__ZTV20IntroductionViewBase)
 <LI><a href="#[104]">touchgfx::Screen::afterTransition()</a> from demoview.o(i._ZN8touchgfx6Screen15afterTransitionEv) referenced from demoview.o(.constdata__ZTV8DemoView)
 <LI><a href="#[104]">touchgfx::Screen::afterTransition()</a> from demoview.o(i._ZN8touchgfx6Screen15afterTransitionEv) referenced from screen.o(.constdata__ZTVN8touchgfx6ScreenE)
 <LI><a href="#[107]">touchgfx::Screen::handleDragEvent(const touchgfx::DragEvent&)</a> from screen.o(i._ZN8touchgfx6Screen15handleDragEventERKNS_9DragEventE) referenced from demoviewbase.o(.constdata__ZTV12DemoViewBase)
 <LI><a href="#[107]">touchgfx::Screen::handleDragEvent(const touchgfx::DragEvent&)</a> from screen.o(i._ZN8touchgfx6Screen15handleDragEventERKNS_9DragEventE) referenced from introductionviewbase.o(.constdata__ZTV20IntroductionViewBase)
 <LI><a href="#[107]">touchgfx::Screen::handleDragEvent(const touchgfx::DragEvent&)</a> from screen.o(i._ZN8touchgfx6Screen15handleDragEventERKNS_9DragEventE) referenced from demoview.o(.constdata__ZTV8DemoView)
 <LI><a href="#[107]">touchgfx::Screen::handleDragEvent(const touchgfx::DragEvent&)</a> from screen.o(i._ZN8touchgfx6Screen15handleDragEventERKNS_9DragEventE) referenced from screen.o(.constdata__ZTVN8touchgfx6ScreenE)
 <LI><a href="#[109]">touchgfx::Screen::handleTickEvent()</a> from demoview.o(i._ZN8touchgfx6Screen15handleTickEventEv) referenced from demoviewbase.o(.constdata__ZTV12DemoViewBase)
 <LI><a href="#[109]">touchgfx::Screen::handleTickEvent()</a> from demoview.o(i._ZN8touchgfx6Screen15handleTickEventEv) referenced from introductionview.o(.constdata__ZTV16IntroductionView)
 <LI><a href="#[109]">touchgfx::Screen::handleTickEvent()</a> from demoview.o(i._ZN8touchgfx6Screen15handleTickEventEv) referenced from introductionviewbase.o(.constdata__ZTV20IntroductionViewBase)
 <LI><a href="#[109]">touchgfx::Screen::handleTickEvent()</a> from demoview.o(i._ZN8touchgfx6Screen15handleTickEventEv) referenced from demoview.o(.constdata__ZTV8DemoView)
 <LI><a href="#[109]">touchgfx::Screen::handleTickEvent()</a> from demoview.o(i._ZN8touchgfx6Screen15handleTickEventEv) referenced from screen.o(.constdata__ZTVN8touchgfx6ScreenE)
 <LI><a href="#[106]">touchgfx::Screen::handleClickEvent(const touchgfx::ClickEvent&)</a> from screen.o(i._ZN8touchgfx6Screen16handleClickEventERKNS_10ClickEventE) referenced from demoviewbase.o(.constdata__ZTV12DemoViewBase)
 <LI><a href="#[106]">touchgfx::Screen::handleClickEvent(const touchgfx::ClickEvent&)</a> from screen.o(i._ZN8touchgfx6Screen16handleClickEventERKNS_10ClickEventE) referenced from introductionviewbase.o(.constdata__ZTV20IntroductionViewBase)
 <LI><a href="#[106]">touchgfx::Screen::handleClickEvent(const touchgfx::ClickEvent&)</a> from screen.o(i._ZN8touchgfx6Screen16handleClickEventERKNS_10ClickEventE) referenced from demoview.o(.constdata__ZTV8DemoView)
 <LI><a href="#[106]">touchgfx::Screen::handleClickEvent(const touchgfx::ClickEvent&)</a> from screen.o(i._ZN8touchgfx6Screen16handleClickEventERKNS_10ClickEventE) referenced from screen.o(.constdata__ZTVN8touchgfx6ScreenE)
 <LI><a href="#[108]">touchgfx::Screen::handleGestureEvent(const touchgfx::GestureEvent&)</a> from screen.o(i._ZN8touchgfx6Screen18handleGestureEventERKNS_12GestureEventE) referenced from demoviewbase.o(.constdata__ZTV12DemoViewBase)
 <LI><a href="#[108]">touchgfx::Screen::handleGestureEvent(const touchgfx::GestureEvent&)</a> from screen.o(i._ZN8touchgfx6Screen18handleGestureEventERKNS_12GestureEventE) referenced from introductionviewbase.o(.constdata__ZTV20IntroductionViewBase)
 <LI><a href="#[108]">touchgfx::Screen::handleGestureEvent(const touchgfx::GestureEvent&)</a> from screen.o(i._ZN8touchgfx6Screen18handleGestureEventERKNS_12GestureEventE) referenced from demoview.o(.constdata__ZTV8DemoView)
 <LI><a href="#[108]">touchgfx::Screen::handleGestureEvent(const touchgfx::GestureEvent&)</a> from screen.o(i._ZN8touchgfx6Screen18handleGestureEventERKNS_12GestureEventE) referenced from screen.o(.constdata__ZTVN8touchgfx6ScreenE)
 <LI><a href="#[102]">touchgfx::Screen::draw(touchgfx::Rect&)</a> from screen.o(i._ZN8touchgfx6Screen4drawERNS_4RectE) referenced from demoviewbase.o(.constdata__ZTV12DemoViewBase)
 <LI><a href="#[102]">touchgfx::Screen::draw(touchgfx::Rect&)</a> from screen.o(i._ZN8touchgfx6Screen4drawERNS_4RectE) referenced from introductionview.o(.constdata__ZTV16IntroductionView)
 <LI><a href="#[102]">touchgfx::Screen::draw(touchgfx::Rect&)</a> from screen.o(i._ZN8touchgfx6Screen4drawERNS_4RectE) referenced from introductionviewbase.o(.constdata__ZTV20IntroductionViewBase)
[...]
</UL>

<P><STRONG><a name="[41f]"></a>touchgfx::Callback&lang;FrontendApplicationBase, void, void, void&rang;::Callback__sub_object(FrontendApplicationBase*, void(FrontendApplicationBase::*)())</STRONG> (Thumb, 0 bytes, Stack size 20 bytes, frontendapplicationbase.o(t._ZN8touchgfx8CallbackI23FrontendApplicationBasevvvEC1EPS1_MS1_FvvE), UNUSED)

<P><STRONG><a name="[1bc]"></a>touchgfx::Callback&lang;DemoView, const touchgfx::AbstractButton&, void, void&rang;::execute(const touchgfx::AbstractButton&)</STRONG> (Thumb, 26 bytes, Stack size 8 bytes, demoview.o(t._ZN8touchgfx8CallbackI8DemoViewRKNS_14AbstractButtonEvvE7executeES4_))
<BR><BR>[Stack]<UL><LI>Max Depth = 8<LI>Call Chain = touchgfx::Callback&lang;DemoView, const touchgfx::AbstractButton&, void, void&rang;::execute(const touchgfx::AbstractButton&)
</UL>
<BR>[Address Reference Count : 1]<UL><LI> demoview.o(.constdata__ZTVN8touchgfx8CallbackI8DemoViewRKNS_14AbstractButtonEvvEE)
</UL>
<P><STRONG><a name="[1d1]"></a>touchgfx::Partition&lang;touchgfx::meta::TypeList&lang;DemoPresenter, touchgfx::meta::TypeList&lang;touchgfx::meta::Nil, touchgfx::meta::Nil&rang;&rang;, (unsigned short)1&rang;::element_size()</STRONG> (Thumb, 4 bytes, Stack size 0 bytes, touchgfxconfiguration.o(t._ZN8touchgfx9PartitionINS_4meta8TypeListI13DemoPresenterNS2_INS1_3NilES4_EEEELt1EE12element_sizeEv))
<BR>[Address Reference Count : 1]<UL><LI> touchgfxconfiguration.o(.constdata__ZTVN8touchgfx9PartitionINS_4meta8TypeListI13DemoPresenterNS2_INS1_3NilES4_EEEELt1EEE)
</UL>
<P><STRONG><a name="[1d2]"></a>touchgfx::Partition&lang;touchgfx::meta::TypeList&lang;DemoPresenter, touchgfx::meta::TypeList&lang;touchgfx::meta::Nil, touchgfx::meta::Nil&rang;&rang;, (unsigned short)1&rang;::element(unsigned short)</STRONG> (Thumb, 8 bytes, Stack size 0 bytes, touchgfxconfiguration.o(t._ZN8touchgfx9PartitionINS_4meta8TypeListI13DemoPresenterNS2_INS1_3NilES4_EEEELt1EE7elementEt))
<BR>[Address Reference Count : 1]<UL><LI> touchgfxconfiguration.o(.constdata__ZTVN8touchgfx9PartitionINS_4meta8TypeListI13DemoPresenterNS2_INS1_3NilES4_EEEELt1EEE)
</UL>
<P><STRONG><a name="[1d3]"></a>touchgfx::Partition&lang;touchgfx::meta::TypeList&lang;IntroductionView, touchgfx::meta::TypeList&lang;touchgfx::meta::Nil, touchgfx::meta::Nil&rang;&rang;, (unsigned short)1&rang;::element_size()</STRONG> (Thumb, 6 bytes, Stack size 0 bytes, touchgfxconfiguration.o(t._ZN8touchgfx9PartitionINS_4meta8TypeListI16IntroductionViewNS2_INS1_3NilES4_EEEELt1EE12element_sizeEv))
<BR>[Address Reference Count : 1]<UL><LI> touchgfxconfiguration.o(.constdata__ZTVN8touchgfx9PartitionINS_4meta8TypeListI16IntroductionViewNS2_INS1_3NilES4_EEEELt1EEE)
</UL>
<P><STRONG><a name="[1d4]"></a>touchgfx::Partition&lang;touchgfx::meta::TypeList&lang;IntroductionView, touchgfx::meta::TypeList&lang;touchgfx::meta::Nil, touchgfx::meta::Nil&rang;&rang;, (unsigned short)1&rang;::element(unsigned short)</STRONG> (Thumb, 14 bytes, Stack size 0 bytes, touchgfxconfiguration.o(t._ZN8touchgfx9PartitionINS_4meta8TypeListI16IntroductionViewNS2_INS1_3NilES4_EEEELt1EE7elementEt))
<BR>[Address Reference Count : 1]<UL><LI> touchgfxconfiguration.o(.constdata__ZTVN8touchgfx9PartitionINS_4meta8TypeListI16IntroductionViewNS2_INS1_3NilES4_EEEELt1EEE)
</UL>
<P><STRONG><a name="[1d5]"></a>touchgfx::Partition&lang;touchgfx::meta::TypeList&lang;touchgfx::SlideTransition&lang;(touchgfx::Direction)2&rang;, touchgfx::meta::TypeList&lang;touchgfx::meta::Nil, touchgfx::meta::Nil&rang;&rang;, (unsigned short)1&rang;::element_size()</STRONG> (Thumb, 4 bytes, Stack size 0 bytes, touchgfxconfiguration.o(t._ZN8touchgfx9PartitionINS_4meta8TypeListINS_15SlideTransitionILNS_9DirectionE2EEENS2_INS1_3NilES6_EEEELt1EE12element_sizeEv))
<BR>[Address Reference Count : 1]<UL><LI> touchgfxconfiguration.o(.constdata__ZTVN8touchgfx9PartitionINS_4meta8TypeListINS_15SlideTransitionILNS_9DirectionE2EEENS2_INS1_3NilES6_EEEELt1EEE)
</UL>
<P><STRONG><a name="[1d6]"></a>touchgfx::Partition&lang;touchgfx::meta::TypeList&lang;touchgfx::SlideTransition&lang;(touchgfx::Direction)2&rang;, touchgfx::meta::TypeList&lang;touchgfx::meta::Nil, touchgfx::meta::Nil&rang;&rang;, (unsigned short)1&rang;::element(unsigned short)</STRONG> (Thumb, 8 bytes, Stack size 0 bytes, touchgfxconfiguration.o(t._ZN8touchgfx9PartitionINS_4meta8TypeListINS_15SlideTransitionILNS_9DirectionE2EEENS2_INS1_3NilES6_EEEELt1EE7elementEt))
<BR>[Address Reference Count : 1]<UL><LI> touchgfxconfiguration.o(.constdata__ZTVN8touchgfx9PartitionINS_4meta8TypeListINS_15SlideTransitionILNS_9DirectionE2EEENS2_INS1_3NilES6_EEEELt1EEE)
</UL>
<P><STRONG><a name="[2e7]"></a>touchgfx::TextProvider::circularBuffer&lang;(unsigned)10&rang;::isFull() const</STRONG> (Thumb, 14 bytes, Stack size 0 bytes, textprovider.o(t._ZNK8touchgfx12TextProvider14circularBufferILj10EE6isFullEv))
<BR><BR>[Called By]<UL><LI><a href="#[2dd]">&gt;&gt;</a>&nbsp;&nbsp;&nbsp;touchgfx::TextProvider::fillInputBuffer()
</UL>

<P><STRONG><a name="[1b9]"></a>touchgfx::Callback&lang;DemoViewBase, const touchgfx::AbstractButton&, void, void&rang;::isValid() const</STRONG> (Thumb, 26 bytes, Stack size 0 bytes, demoviewbase.o(t._ZNK8touchgfx8CallbackI12DemoViewBaseRKNS_14AbstractButtonEvvE7isValidEv))
<BR>[Address Reference Count : 1]<UL><LI> demoviewbase.o(.constdata__ZTVN8touchgfx8CallbackI12DemoViewBaseRKNS_14AbstractButtonEvvEE)
</UL>
<P><STRONG><a name="[1bb]"></a>touchgfx::Callback&lang;FrontendApplicationBase, void, void, void&rang;::isValid() const</STRONG> (Thumb, 26 bytes, Stack size 0 bytes, frontendapplicationbase.o(t._ZNK8touchgfx8CallbackI23FrontendApplicationBasevvvE7isValidEv))
<BR>[Address Reference Count : 1]<UL><LI> frontendapplicationbase.o(.constdata__ZTVN8touchgfx8CallbackI23FrontendApplicationBasevvvEE)
</UL>
<P><STRONG><a name="[1bd]"></a>touchgfx::Callback&lang;DemoView, const touchgfx::AbstractButton&, void, void&rang;::isValid() const</STRONG> (Thumb, 26 bytes, Stack size 0 bytes, demoview.o(t._ZNK8touchgfx8CallbackI8DemoViewRKNS_14AbstractButtonEvvE7isValidEv))
<BR>[Address Reference Count : 1]<UL><LI> demoview.o(.constdata__ZTVN8touchgfx8CallbackI8DemoViewRKNS_14AbstractButtonEvvEE)
</UL>
<P><STRONG><a name="[1e6]"></a>_fp_init</STRONG> (Thumb, 10 bytes, Stack size 0 bytes, fpinit.o(x$fpl$fpinit))
<BR><BR>[Called By]<UL><LI><a href="#[1e5]">&gt;&gt;</a>&nbsp;&nbsp;&nbsp;__rt_lib_init_fp_1
</UL>

<P><STRONG><a name="[420]"></a>__fplib_config_fpu_vfp</STRONG> (Thumb, 0 bytes, Stack size unknown bytes, fpinit.o(x$fpl$fpinit), UNUSED)

<P><STRONG><a name="[421]"></a>__fplib_config_pureend_doubles</STRONG> (Thumb, 0 bytes, Stack size unknown bytes, fpinit.o(x$fpl$fpinit), UNUSED)
<P>
<H3>
Local Symbols
</H3>
<P><STRONG><a name="[21d]"></a>HAL_FMC_MspInit</STRONG> (Thumb, 238 bytes, Stack size 248 bytes, fmc.o(i.HAL_FMC_MspInit))
<BR><BR>[Stack]<UL><LI>Max Depth = 328<LI>Call Chain = HAL_FMC_MspInit &rArr; HAL_RCCEx_PeriphCLKConfig &rArr; RCCEx_PLL3_Config
</UL>
<BR>[Calls]<UL><LI><a href="#[221]">&gt;&gt;</a>&nbsp;&nbsp;&nbsp;HAL_GPIO_Init
<LI><a href="#[21f]">&gt;&gt;</a>&nbsp;&nbsp;&nbsp;HAL_RCCEx_PeriphCLKConfig
<LI><a href="#[220]">&gt;&gt;</a>&nbsp;&nbsp;&nbsp;Error_Handler
<LI><a href="#[21e]">&gt;&gt;</a>&nbsp;&nbsp;&nbsp;__aeabi_memclr4
</UL>
<BR>[Called By]<UL><LI><a href="#[247]">&gt;&gt;</a>&nbsp;&nbsp;&nbsp;HAL_SDRAM_MspInit
</UL>

<P><STRONG><a name="[23f]"></a>__NVIC_SetPriority</STRONG> (Thumb, 32 bytes, Stack size 0 bytes, stm32h7xx_hal_cortex.o(i.__NVIC_SetPriority))
<BR><BR>[Called By]<UL><LI><a href="#[219]">&gt;&gt;</a>&nbsp;&nbsp;&nbsp;HAL_NVIC_SetPriority
<LI><a href="#[231]">&gt;&gt;</a>&nbsp;&nbsp;&nbsp;HAL_SYSTICK_Config
</UL>

<P><STRONG><a name="[241]"></a>RCCEx_PLL2_Config</STRONG> (Thumb, 286 bytes, Stack size 32 bytes, stm32h7xx_hal_rcc_ex.o(i.RCCEx_PLL2_Config))
<BR><BR>[Stack]<UL><LI>Max Depth = 32<LI>Call Chain = RCCEx_PLL2_Config
</UL>
<BR>[Calls]<UL><LI><a href="#[21c]">&gt;&gt;</a>&nbsp;&nbsp;&nbsp;HAL_GetTick
</UL>
<BR>[Called By]<UL><LI><a href="#[21f]">&gt;&gt;</a>&nbsp;&nbsp;&nbsp;HAL_RCCEx_PeriphCLKConfig
</UL>

<P><STRONG><a name="[242]"></a>RCCEx_PLL3_Config</STRONG> (Thumb, 286 bytes, Stack size 32 bytes, stm32h7xx_hal_rcc_ex.o(i.RCCEx_PLL3_Config))
<BR><BR>[Stack]<UL><LI>Max Depth = 32<LI>Call Chain = RCCEx_PLL3_Config
</UL>
<BR>[Calls]<UL><LI><a href="#[21c]">&gt;&gt;</a>&nbsp;&nbsp;&nbsp;HAL_GetTick
</UL>
<BR>[Called By]<UL><LI><a href="#[21f]">&gt;&gt;</a>&nbsp;&nbsp;&nbsp;HAL_RCCEx_PeriphCLKConfig
</UL>

<P><STRONG><a name="[24f]"></a>I2C_Flush_TXDR</STRONG> (Thumb, 34 bytes, Stack size 0 bytes, stm32h7xx_hal_i2c.o(i.I2C_Flush_TXDR))
<BR><BR>[Called By]<UL><LI><a href="#[24e]">&gt;&gt;</a>&nbsp;&nbsp;&nbsp;I2C_IsErrorOccurred
</UL>

<P><STRONG><a name="[24e]"></a>I2C_IsErrorOccurred</STRONG> (Thumb, 256 bytes, Stack size 32 bytes, stm32h7xx_hal_i2c.o(i.I2C_IsErrorOccurred))
<BR><BR>[Stack]<UL><LI>Max Depth = 32<LI>Call Chain = I2C_IsErrorOccurred
</UL>
<BR>[Calls]<UL><LI><a href="#[24f]">&gt;&gt;</a>&nbsp;&nbsp;&nbsp;I2C_Flush_TXDR
<LI><a href="#[21c]">&gt;&gt;</a>&nbsp;&nbsp;&nbsp;HAL_GetTick
</UL>
<BR>[Called By]<UL><LI><a href="#[22b]">&gt;&gt;</a>&nbsp;&nbsp;&nbsp;I2C_WaitOnTXISFlagUntilTimeout
<LI><a href="#[228]">&gt;&gt;</a>&nbsp;&nbsp;&nbsp;I2C_WaitOnSTOPFlagUntilTimeout
</UL>

<P><STRONG><a name="[226]"></a>I2C_RequestMemoryRead</STRONG> (Thumb, 110 bytes, Stack size 32 bytes, stm32h7xx_hal_i2c.o(i.I2C_RequestMemoryRead))
<BR><BR>[Stack]<UL><LI>Max Depth = 80<LI>Call Chain = I2C_RequestMemoryRead &rArr; I2C_WaitOnTXISFlagUntilTimeout &rArr; I2C_IsErrorOccurred
</UL>
<BR>[Calls]<UL><LI><a href="#[22b]">&gt;&gt;</a>&nbsp;&nbsp;&nbsp;I2C_WaitOnTXISFlagUntilTimeout
<LI><a href="#[225]">&gt;&gt;</a>&nbsp;&nbsp;&nbsp;I2C_WaitOnFlagUntilTimeout
<LI><a href="#[227]">&gt;&gt;</a>&nbsp;&nbsp;&nbsp;I2C_TransferConfig
</UL>
<BR>[Called By]<UL><LI><a href="#[224]">&gt;&gt;</a>&nbsp;&nbsp;&nbsp;HAL_I2C_Mem_Read
</UL>

<P><STRONG><a name="[22a]"></a>I2C_RequestMemoryWrite</STRONG> (Thumb, 110 bytes, Stack size 32 bytes, stm32h7xx_hal_i2c.o(i.I2C_RequestMemoryWrite))
<BR><BR>[Stack]<UL><LI>Max Depth = 80<LI>Call Chain = I2C_RequestMemoryWrite &rArr; I2C_WaitOnTXISFlagUntilTimeout &rArr; I2C_IsErrorOccurred
</UL>
<BR>[Calls]<UL><LI><a href="#[22b]">&gt;&gt;</a>&nbsp;&nbsp;&nbsp;I2C_WaitOnTXISFlagUntilTimeout
<LI><a href="#[225]">&gt;&gt;</a>&nbsp;&nbsp;&nbsp;I2C_WaitOnFlagUntilTimeout
<LI><a href="#[227]">&gt;&gt;</a>&nbsp;&nbsp;&nbsp;I2C_TransferConfig
</UL>
<BR>[Called By]<UL><LI><a href="#[229]">&gt;&gt;</a>&nbsp;&nbsp;&nbsp;HAL_I2C_Mem_Write
</UL>

<P><STRONG><a name="[227]"></a>I2C_TransferConfig</STRONG> (Thumb, 44 bytes, Stack size 8 bytes, stm32h7xx_hal_i2c.o(i.I2C_TransferConfig))
<BR><BR>[Stack]<UL><LI>Max Depth = 8<LI>Call Chain = I2C_TransferConfig
</UL>
<BR>[Called By]<UL><LI><a href="#[229]">&gt;&gt;</a>&nbsp;&nbsp;&nbsp;HAL_I2C_Mem_Write
<LI><a href="#[224]">&gt;&gt;</a>&nbsp;&nbsp;&nbsp;HAL_I2C_Mem_Read
<LI><a href="#[22a]">&gt;&gt;</a>&nbsp;&nbsp;&nbsp;I2C_RequestMemoryWrite
<LI><a href="#[226]">&gt;&gt;</a>&nbsp;&nbsp;&nbsp;I2C_RequestMemoryRead
</UL>

<P><STRONG><a name="[225]"></a>I2C_WaitOnFlagUntilTimeout</STRONG> (Thumb, 106 bytes, Stack size 24 bytes, stm32h7xx_hal_i2c.o(i.I2C_WaitOnFlagUntilTimeout))
<BR><BR>[Stack]<UL><LI>Max Depth = 24<LI>Call Chain = I2C_WaitOnFlagUntilTimeout
</UL>
<BR>[Calls]<UL><LI><a href="#[21c]">&gt;&gt;</a>&nbsp;&nbsp;&nbsp;HAL_GetTick
</UL>
<BR>[Called By]<UL><LI><a href="#[229]">&gt;&gt;</a>&nbsp;&nbsp;&nbsp;HAL_I2C_Mem_Write
<LI><a href="#[224]">&gt;&gt;</a>&nbsp;&nbsp;&nbsp;HAL_I2C_Mem_Read
<LI><a href="#[22a]">&gt;&gt;</a>&nbsp;&nbsp;&nbsp;I2C_RequestMemoryWrite
<LI><a href="#[226]">&gt;&gt;</a>&nbsp;&nbsp;&nbsp;I2C_RequestMemoryRead
</UL>

<P><STRONG><a name="[228]"></a>I2C_WaitOnSTOPFlagUntilTimeout</STRONG> (Thumb, 86 bytes, Stack size 16 bytes, stm32h7xx_hal_i2c.o(i.I2C_WaitOnSTOPFlagUntilTimeout))
<BR><BR>[Stack]<UL><LI>Max Depth = 48<LI>Call Chain = I2C_WaitOnSTOPFlagUntilTimeout &rArr; I2C_IsErrorOccurred
</UL>
<BR>[Calls]<UL><LI><a href="#[24e]">&gt;&gt;</a>&nbsp;&nbsp;&nbsp;I2C_IsErrorOccurred
<LI><a href="#[21c]">&gt;&gt;</a>&nbsp;&nbsp;&nbsp;HAL_GetTick
</UL>
<BR>[Called By]<UL><LI><a href="#[229]">&gt;&gt;</a>&nbsp;&nbsp;&nbsp;HAL_I2C_Mem_Write
<LI><a href="#[224]">&gt;&gt;</a>&nbsp;&nbsp;&nbsp;HAL_I2C_Mem_Read
</UL>

<P><STRONG><a name="[22b]"></a>I2C_WaitOnTXISFlagUntilTimeout</STRONG> (Thumb, 90 bytes, Stack size 16 bytes, stm32h7xx_hal_i2c.o(i.I2C_WaitOnTXISFlagUntilTimeout))
<BR><BR>[Stack]<UL><LI>Max Depth = 48<LI>Call Chain = I2C_WaitOnTXISFlagUntilTimeout &rArr; I2C_IsErrorOccurred
</UL>
<BR>[Calls]<UL><LI><a href="#[24e]">&gt;&gt;</a>&nbsp;&nbsp;&nbsp;I2C_IsErrorOccurred
<LI><a href="#[21c]">&gt;&gt;</a>&nbsp;&nbsp;&nbsp;HAL_GetTick
</UL>
<BR>[Called By]<UL><LI><a href="#[229]">&gt;&gt;</a>&nbsp;&nbsp;&nbsp;HAL_I2C_Mem_Write
<LI><a href="#[22a]">&gt;&gt;</a>&nbsp;&nbsp;&nbsp;I2C_RequestMemoryWrite
<LI><a href="#[226]">&gt;&gt;</a>&nbsp;&nbsp;&nbsp;I2C_RequestMemoryRead
</UL>

<P><STRONG><a name="[233]"></a>LTDC_SetConfig</STRONG> (Thumb, 350 bytes, Stack size 20 bytes, stm32h7xx_hal_ltdc.o(i.LTDC_SetConfig))
<BR><BR>[Stack]<UL><LI>Max Depth = 20<LI>Call Chain = LTDC_SetConfig
</UL>
<BR>[Called By]<UL><LI><a href="#[232]">&gt;&gt;</a>&nbsp;&nbsp;&nbsp;HAL_LTDC_ConfigLayer
</UL>

<P><STRONG><a name="[1dc]"></a>__sti___25_TouchGFXConfiguration_cpp_f5abfd34</STRONG> (Thumb, 108 bytes, Stack size 24 bytes, touchgfxconfiguration.o(i.__sti___25_TouchGFXConfiguration_cpp_f5abfd34))
<BR><BR>[Stack]<UL><LI>Max Depth = 96<LI>Call Chain = __sti___25_TouchGFXConfiguration_cpp_f5abfd34 &rArr; __aeabi_atexit &rArr; malloc &rArr; __Heap_Full &rArr; __Heap_ProvideMemory &rArr; free
</UL>
<BR>[Calls]<UL><LI><a href="#[371]">&gt;&gt;</a>&nbsp;&nbsp;&nbsp;touchgfx::LCD16bpp::LCD16bpp()
<LI><a href="#[2b9]">&gt;&gt;</a>&nbsp;&nbsp;&nbsp;STM32DMA::STM32DMA()
<LI><a href="#[372]">&gt;&gt;</a>&nbsp;&nbsp;&nbsp;touchgfx::HAL::HAL__sub_object(touchgfx::DMA_Interface&, touchgfx::LCD&, touchgfx::TouchController&, unsigned short, unsigned short)
<LI><a href="#[1f9]">&gt;&gt;</a>&nbsp;&nbsp;&nbsp;__aeabi_atexit
</UL>
<BR>[Address Reference Count : 1]<UL><LI> touchgfxconfiguration.o(.init_array)
</UL>
<P><STRONG><a name="[289]"></a>nextRand()</STRONG> (Thumb, 18 bytes, Stack size 0 bytes, fakehardware.o(i._Z8nextRandv))
<BR><BR>[Called By]<UL><LI><a href="#[288]">&gt;&gt;</a>&nbsp;&nbsp;&nbsp;FakeHardware::readCurrentValue()
</UL>

<P><STRONG><a name="[2fb]"></a>touchgfx::prepareTransition(touchgfx::Screen**, touchgfx::Presenter**, touchgfx::Transition**)</STRONG> (Thumb, 86 bytes, Stack size 16 bytes, frontendapplicationbase.o(i._ZN8touchgfx17prepareTransitionEPPNS_6ScreenEPPNS_9PresenterEPPNS_10TransitionE))
<BR><BR>[Stack]<UL><LI>Max Depth = 16<LI>Call Chain = touchgfx::prepareTransition(touchgfx::Screen**, touchgfx::Presenter**, touchgfx::Transition**)
</UL>
<BR>[Calls]<UL><LI><a href="#[2d1]">&gt;&gt;</a>&nbsp;&nbsp;&nbsp;touchgfx::Application::TimerWidgets::clear()
<LI><a href="#[273]">&gt;&gt;</a>&nbsp;&nbsp;&nbsp;touchgfx::Application::getInstance()
</UL>
<BR>[Called By]<UL><LI><a href="#[2ac]">&gt;&gt;</a>&nbsp;&nbsp;&nbsp;T2* touchgfx::makeTransition&lang;DemoView, DemoPresenter, touchgfx::SlideTransition&lang;(touchgfx::Direction)3&rang;, Model&rang;(touchgfx::Screen**, touchgfx::Presenter**, touchgfx::MVPHeap&, touchgfx::Transition**, T4*)
<LI><a href="#[2af]">&gt;&gt;</a>&nbsp;&nbsp;&nbsp;T2* touchgfx::makeTransition&lang;IntroductionView, IntroductionPresenter, touchgfx::SlideTransition&lang;(touchgfx::Direction)3&rang;, Model&rang;(touchgfx::Screen**, touchgfx::Presenter**, touchgfx::MVPHeap&, touchgfx::Transition**, T4*)
<LI><a href="#[2ae]">&gt;&gt;</a>&nbsp;&nbsp;&nbsp;T2* touchgfx::makeTransition&lang;IntroductionView, IntroductionPresenter, touchgfx::SlideTransition&lang;(touchgfx::Direction)2&rang;, Model&rang;(touchgfx::Screen**, touchgfx::Presenter**, touchgfx::MVPHeap&, touchgfx::Transition**, T4*)
<LI><a href="#[2ad]">&gt;&gt;</a>&nbsp;&nbsp;&nbsp;T2* touchgfx::makeTransition&lang;IntroductionView, IntroductionPresenter, touchgfx::NoTransition, Model&rang;(touchgfx::Screen**, touchgfx::Presenter**, touchgfx::MVPHeap&, touchgfx::Transition**, T4*)
</UL>

<P><STRONG><a name="[2fc]"></a>touchgfx::finalizeTransition(touchgfx::Screen*, touchgfx::Presenter*, touchgfx::Transition*)</STRONG> (Thumb, 52 bytes, Stack size 16 bytes, frontendapplicationbase.o(i._ZN8touchgfx18finalizeTransitionEPNS_6ScreenEPNS_9PresenterEPNS_10TransitionE))
<BR><BR>[Stack]<UL><LI>Max Depth = 16<LI>Call Chain = touchgfx::finalizeTransition(touchgfx::Screen*, touchgfx::Presenter*, touchgfx::Transition*)
</UL>
<BR>[Calls]<UL><LI><a href="#[2fd]">&gt;&gt;</a>&nbsp;&nbsp;&nbsp;touchgfx::Screen::bindTransition(touchgfx::Transition&)
</UL>
<BR>[Called By]<UL><LI><a href="#[2ac]">&gt;&gt;</a>&nbsp;&nbsp;&nbsp;T2* touchgfx::makeTransition&lang;DemoView, DemoPresenter, touchgfx::SlideTransition&lang;(touchgfx::Direction)3&rang;, Model&rang;(touchgfx::Screen**, touchgfx::Presenter**, touchgfx::MVPHeap&, touchgfx::Transition**, T4*)
<LI><a href="#[2af]">&gt;&gt;</a>&nbsp;&nbsp;&nbsp;T2* touchgfx::makeTransition&lang;IntroductionView, IntroductionPresenter, touchgfx::SlideTransition&lang;(touchgfx::Direction)3&rang;, Model&rang;(touchgfx::Screen**, touchgfx::Presenter**, touchgfx::MVPHeap&, touchgfx::Transition**, T4*)
<LI><a href="#[2ae]">&gt;&gt;</a>&nbsp;&nbsp;&nbsp;T2* touchgfx::makeTransition&lang;IntroductionView, IntroductionPresenter, touchgfx::SlideTransition&lang;(touchgfx::Direction)2&rang;, Model&rang;(touchgfx::Screen**, touchgfx::Presenter**, touchgfx::MVPHeap&, touchgfx::Transition**, T4*)
<LI><a href="#[2ad]">&gt;&gt;</a>&nbsp;&nbsp;&nbsp;T2* touchgfx::makeTransition&lang;IntroductionView, IntroductionPresenter, touchgfx::NoTransition, Model&rang;(touchgfx::Screen**, touchgfx::Presenter**, touchgfx::MVPHeap&, touchgfx::Transition**, T4*)
</UL>

<P><STRONG><a name="[1dd]"></a>__sti___21_typedtextdatabase_cpp_05ec7672</STRONG> (Thumb, 30 bytes, Stack size 8 bytes, typedtextdatabase.o(i.__sti___21_typedtextdatabase_cpp_05ec7672))
<BR><BR>[Stack]<UL><LI>Max Depth = 180<LI>Call Chain = __sti___21_typedtextdatabase_cpp_05ec7672 &rArr; getFont_SourceSansPro_Bold_30_4bpp() &rArr; touchgfx::GeneratedFont::GeneratedFont(const touchgfx::GlyphNode*, unsigned short, unsigned short, unsigned short, unsigned char, unsigned char, unsigned char, unsigned char, unsigned char, unsigned char, const unsigned char*const *, const touchgfx::KerningNode*, unsigned short, unsigned short, const unsigned short*, const touchgfx::FontContextualFormsTable*) &rArr; touchgfx::ConstFont::ConstFont__sub_object(const touchgfx::GlyphNode*, unsigned short, unsigned short, unsigned short, unsigned char, unsigned char, unsigned char, unsigned char, unsigned char, unsigned char, unsigned short, unsigned short)
</UL>
<BR>[Calls]<UL><LI><a href="#[263]">&gt;&gt;</a>&nbsp;&nbsp;&nbsp;getFont_SourceSansPro_Bold_30_4bpp()
<LI><a href="#[266]">&gt;&gt;</a>&nbsp;&nbsp;&nbsp;getFont_SourceSansPro_Bold_128_4bpp()
<LI><a href="#[268]">&gt;&gt;</a>&nbsp;&nbsp;&nbsp;getFont_SourceCodePro_Regular_16_4bpp()
<LI><a href="#[267]">&gt;&gt;</a>&nbsp;&nbsp;&nbsp;getFont_SourceCodePro_Regular_10_4bpp()
</UL>
<BR>[Address Reference Count : 1]<UL><LI> typedtextdatabase.o(.init_array)
</UL>
<P><STRONG><a name="[1de]"></a>__sti___15_Application_cpp_63cd8d44</STRONG> (Thumb, 6 bytes, Stack size 0 bytes, application.o(i.__sti___15_Application_cpp_63cd8d44))
<BR><BR>[Calls]<UL><LI><a href="#[d5]">&gt;&gt;</a>&nbsp;&nbsp;&nbsp;touchgfx::Rect::Rect()
</UL>
<BR>[Address Reference Count : 1]<UL><LI> application.o(.init_array)
</UL>
<P><STRONG><a name="[1df]"></a>__sti___7_LCD_cpp_86507772</STRONG> (Thumb, 8 bytes, Stack size 0 bytes, lcd.o(i.__sti___7_LCD_cpp_86507772))
<BR>[Address Reference Count : 1]<UL><LI> lcd.o(.init_array)
</UL><P>
<H3>
Undefined Global Symbols
</H3><HR></body></html>
