<html>
<body>
<pre>
<h1>µVision Build Log</h1>
<h2>Tool Versions:</h2>
IDE-Version: ¦ÌVision V5.39.0.0
Copyright (C) 2023 ARM Ltd and ARM Germany GmbH. All rights reserved.
License Information: 1 11, 1, LIC=V85FJ-UJWJN-C2PL6-DSK24-S34T7-WMMR5
 
Tool Versions:
Toolchain:       MDK-ARM Professional  Version: 5.39.0.0
Toolchain Path:  C:\Keil_v5\ARM\ARMCC\Bin
C Compiler:      Armcc.exe V5.06 update 7 (build 960)
Assembler:       Armasm.exe V5.06 update 7 (build 960)
Linker/Locator:  ArmLink.exe V5.06 update 7 (build 960)
Library Manager: ArmAr.exe V5.06 update 7 (build 960)
Hex Converter:   FromElf.exe V5.06 update 7 (build 960)
CPU DLL:         SARMCM3.DLL V5.39.0.0
Dialog DLL:      DCM.DLL V1.17.5.0
Target DLL:      STLink\ST-LINKIII-KEIL_SWO.dll V3.2.0.0
Dialog DLL:      TCM.DLL V1.56.4.0
 
<h2>Project:</h2>
D:\stm32\new_h757\H757XI_rgb\stm32h757\MDK-ARM\H757XI_SDRAM_Test.uvprojx
Project File Date:  02/15/2024

<h2>Output:</h2>
*** Using Compiler 'V5.06 update 7 (build 960)', folder: 'C:\Keil_v5\ARM\ARMCC\Bin'
Build target 'H757XI_SDRAM_Test_CM7'
Note: source file '../CM7/Core/Src/main.c' - object file renamed from 'H757XI_SDRAM_Test_CM7\main.o' to 'H757XI_SDRAM_Test_CM7\main_1.o'.
Note: source file '../CM7/Core/Src/stm32h7xx_it.c' - object file renamed from 'H757XI_SDRAM_Test_CM7\stm32h7xx_it.o' to 'H757XI_SDRAM_Test_CM7\stm32h7xx_it_1.o'.
Note: source file '../CM7/Core/Src/stm32h7xx_hal_msp.c' - object file renamed from 'H757XI_SDRAM_Test_CM7\stm32h7xx_hal_msp.o' to 'H757XI_SDRAM_Test_CM7\stm32h7xx_hal_msp_1.o'.
compiling main.c...
linking...
Program Size: Code=13948 RO-data=712 RW-data=36 ZI-data=1260  
FromELF: creating hex file...
"H757XI_SDRAM_Test_CM7\H757XI_SDRAM_Test_CM7.axf" - 0 Error(s), 0 Warning(s).

<h2>Software Packages used:</h2>

Package Vendor: ARM
                http://www.keil.com/pack/ARM.CMSIS.5.9.0.pack
                ARM::CMSIS@5.9.0
                CMSIS (Common Microcontroller Software Interface Standard)
   * Component: CORE Version: 5.6.0

Package Vendor: Keil
                http://www.keil.com/pack/Keil.STM32H7xx_DFP.2.8.0.pack
                Keil::STM32H7xx_DFP@2.8.0
                STMicroelectronics STM32H7 Series Device Support and Examples

<h2>Collection of Component include folders:</h2>
  ./RTE/_H757XI_SDRAM_Test_CM7
  D:/app/keil/ARM/CMSIS/5.9.0/CMSIS/Core/Include
  D:/app/keil/Keil/STM32H7xx_DFP/2.8.0/Drivers/CMSIS/Device/ST/STM32H7xx/Include

<h2>Collection of Component Files used:</h2>

   * Component: ARM::CMSIS:CORE@5.6.0
      Include file:  CMSIS/Core/Include/tz_context.h
Build Time Elapsed:  00:00:01
</pre>
</body>
</html>
