<html>
<body>
<pre>
<h1>µVision Build Log</h1>
<h2>Tool Versions:</h2>
IDE-Version: ¦ÌVision V5.38.0.0
Copyright (C) 2022 ARM Ltd and ARM Germany GmbH. All rights reserved.
License Information: 1 1, 1, LIC=Q7GU5-G9U26-RFVIZ-JG15W-24WU3-HASMH
 
Tool Versions:
Toolchain:       MDK-ARM Professional  Version: 5.38.0.0
Toolchain Path:  D:\IDE\Keil5\Keil5\ARM\ARMCC\Bin
C Compiler:      Armcc.exe V5.06 update 7 (build 960)
Assembler:       Armasm.exe V5.06 update 7 (build 960)
Linker/Locator:  ArmLink.exe V5.06 update 7 (build 960)
Library Manager: ArmAr.exe V5.06 update 7 (build 960)
Hex Converter:   FromElf.exe V5.06 update 7 (build 960)
CPU DLL:         SARMCM3.DLL V5.38.0.0
Dialog DLL:      DCM.DLL V1.17.5.0
Target DLL:      Segger\JL2CM3.dll V2.99.42.0
Dialog DLL:      TCM.DLL V1.56.4.0
 
<h2>Project:</h2>
E:\Program\STM32\H757\stm32h757_t\MDK-ARM\H757XI_SDRAM_Test.uvprojx
Project File Date:  03/26/2024

<h2>Output:</h2>
*** Using Compiler 'V5.06 update 7 (build 960)', folder: 'D:\IDE\Keil5\Keil5\ARM\ARMCC\Bin'
Build target 'H757XI_SDRAM_Test_CM7'
Note: source file '../CM7/Core/Src/main.c' - object file renamed from 'H757XI_SDRAM_Test_CM7\main.o' to 'H757XI_SDRAM_Test_CM7\main_1.o'.
Note: source file '../CM7/Core/Src/stm32h7xx_it.c' - object file renamed from 'H757XI_SDRAM_Test_CM7\stm32h7xx_it.o' to 'H757XI_SDRAM_Test_CM7\stm32h7xx_it_1.o'.
Note: source file '../CM7/Core/Src/stm32h7xx_hal_msp.c' - object file renamed from 'H757XI_SDRAM_Test_CM7\stm32h7xx_hal_msp.o' to 'H757XI_SDRAM_Test_CM7\stm32h7xx_hal_msp_1.o'.
compiling i2c.c...
compiling lv_port_indev_template.c...
..\lvgl\examples\porting\lv_port_indev_template.c(41): warning:  #177-D: variable "encoder_diff"  was declared but never referenced
  static int32_t encoder_diff;
..\lvgl\examples\porting\lv_port_indev_template.c(42): warning:  #177-D: variable "encoder_state"  was declared but never referenced
  static lv_indev_state_t encoder_state;
..\lvgl\examples\porting\lv_port_indev_template.c: 2 warnings, 0 errors
linking...
Program Size: Code=171210 RO-data=167786 RW-data=1092 ZI-data=109236  
FromELF: creating hex file...
"H757XI_SDRAM_Test_CM7\H757XI_SDRAM_Test_CM7.axf" - 0 Error(s), 2 Warning(s).

<h2>Software Packages used:</h2>

Package Vendor: ARM
                http://www.keil.com/pack/ARM.CMSIS.5.9.0.pack
                ARM.CMSIS.5.9.0
                CMSIS (Common Microcontroller Software Interface Standard)
   * Component: CORE Version: 5.6.0

Package Vendor: Keil
                https://www.keil.com/pack/Keil.STM32H7xx_DFP.3.1.1.pack
                Keil.STM32H7xx_DFP.3.1.1
                STMicroelectronics STM32H7 Series Device Support and Examples

<h2>Collection of Component include folders:</h2>
  ./RTE/_H757XI_SDRAM_Test_CM7
  D:/IDE/Keil5/Pack/ARM/CMSIS/5.9.0/CMSIS/Core/Include
  D:/IDE/Keil5/Pack/Keil/STM32H7xx_DFP/3.1.1/Drivers/CMSIS/Device/ST/STM32H7xx/Include

<h2>Collection of Component Files used:</h2>

   * Component: ARM::CMSIS:CORE:5.6.0
      Include file:  CMSIS/Core/Include/tz_context.h
Build Time Elapsed:  00:00:08
</pre>
</body>
</html>
