Component: ARM Compiler 5.06 update 7 (build 960) Tool: armlink [4d3601]

==============================================================================

Section Cross References

    startup_stm32h757xx_cm7.o(RESET) refers to startup_stm32h757xx_cm7.o(STACK) for __initial_sp
    startup_stm32h757xx_cm7.o(RESET) refers to startup_stm32h757xx_cm7.o(.text) for Reset_Handler
    startup_stm32h757xx_cm7.o(RESET) refers to stm32h7xx_it_1.o(i.NMI_Handler) for NMI_Handler
    startup_stm32h757xx_cm7.o(RESET) refers to stm32h7xx_it_1.o(i.HardFault_Handler) for HardFault_Handler
    startup_stm32h757xx_cm7.o(RESET) refers to stm32h7xx_it_1.o(i.MemManage_Handler) for MemManage_Handler
    startup_stm32h757xx_cm7.o(RESET) refers to stm32h7xx_it_1.o(i.BusFault_Handler) for BusFault_Handler
    startup_stm32h757xx_cm7.o(RESET) refers to stm32h7xx_it_1.o(i.UsageFault_Handler) for UsageFault_Handler
    startup_stm32h757xx_cm7.o(RESET) refers to stm32h7xx_it_1.o(i.SVC_Handler) for SVC_Handler
    startup_stm32h757xx_cm7.o(RESET) refers to stm32h7xx_it_1.o(i.DebugMon_Handler) for DebugMon_Handler
    startup_stm32h757xx_cm7.o(RESET) refers to stm32h7xx_it_1.o(i.PendSV_Handler) for PendSV_Handler
    startup_stm32h757xx_cm7.o(RESET) refers to stm32h7xx_it_1.o(i.SysTick_Handler) for SysTick_Handler
    startup_stm32h757xx_cm7.o(RESET) refers to stm32h7xx_it_1.o(i.LTDC_IRQHandler) for LTDC_IRQHandler
    startup_stm32h757xx_cm7.o(.text) refers to system_stm32h7xx_dualcore_boot_cm4_cm7.o(i.SystemInit) for SystemInit
    startup_stm32h757xx_cm7.o(.text) refers to entry.o(.ARM.Collect$$$$00000000) for __main
    main_1.o(i.MPU_Config) refers to stm32h7xx_hal_cortex.o(i.HAL_MPU_Disable) for HAL_MPU_Disable
    main_1.o(i.MPU_Config) refers to stm32h7xx_hal_cortex.o(i.HAL_MPU_ConfigRegion) for HAL_MPU_ConfigRegion
    main_1.o(i.MPU_Config) refers to stm32h7xx_hal_cortex.o(i.HAL_MPU_Enable) for HAL_MPU_Enable
    main_1.o(i.PeriphCommonClock_Config) refers to memseta.o(.text) for __aeabi_memclr4
    main_1.o(i.PeriphCommonClock_Config) refers to stm32h7xx_hal_rcc_ex.o(i.HAL_RCCEx_PeriphCLKConfig) for HAL_RCCEx_PeriphCLKConfig
    main_1.o(i.PeriphCommonClock_Config) refers to main_1.o(i.Error_Handler) for Error_Handler
    main_1.o(i.SystemClock_Config) refers to memseta.o(.text) for __aeabi_memclr4
    main_1.o(i.SystemClock_Config) refers to stm32h7xx_hal_pwr_ex.o(i.HAL_PWREx_ConfigSupply) for HAL_PWREx_ConfigSupply
    main_1.o(i.SystemClock_Config) refers to stm32h7xx_hal_rcc.o(i.HAL_RCC_OscConfig) for HAL_RCC_OscConfig
    main_1.o(i.SystemClock_Config) refers to main_1.o(i.Error_Handler) for Error_Handler
    main_1.o(i.SystemClock_Config) refers to stm32h7xx_hal_rcc.o(i.HAL_RCC_ClockConfig) for HAL_RCC_ClockConfig
    main_1.o(i.main) refers to stm32h7xx_hal.o(i.HAL_Init) for HAL_Init
    main_1.o(i.main) refers to main_1.o(i.SystemClock_Config) for SystemClock_Config
    main_1.o(i.main) refers to stm32h7xx_hal_hsem.o(i.HAL_HSEM_FastTake) for HAL_HSEM_FastTake
    main_1.o(i.main) refers to stm32h7xx_hal_hsem.o(i.HAL_HSEM_Release) for HAL_HSEM_Release
    main_1.o(i.main) refers to main_1.o(i.Error_Handler) for Error_Handler
    main_1.o(i.main) refers to gpio.o(i.MX_GPIO_Init) for MX_GPIO_Init
    main_1.o(i.main) refers to fmc.o(i.MX_FMC_Init) for MX_FMC_Init
    main_1.o(i.main) refers to ltdc.o(i.MX_LTDC_Init) for MX_LTDC_Init
    main_1.o(i.main) refers to stm32h7xx_hal_gpio.o(i.HAL_GPIO_WritePin) for HAL_GPIO_WritePin
    main_1.o(i.main) refers to memseta.o(.text) for __aeabi_memset
    main_1.o(i.main) refers to stm32h7xx_hal.o(i.HAL_Delay) for HAL_Delay
    main_1.o(i.main) refers to main_1.o(.data) for i
    gpio.o(i.MX_GPIO_Init) refers to memseta.o(.text) for __aeabi_memclr4
    gpio.o(i.MX_GPIO_Init) refers to stm32h7xx_hal_gpio.o(i.HAL_GPIO_WritePin) for HAL_GPIO_WritePin
    gpio.o(i.MX_GPIO_Init) refers to stm32h7xx_hal_gpio.o(i.HAL_GPIO_Init) for HAL_GPIO_Init
    fmc.o(i.HAL_FMC_MspDeInit) refers to stm32h7xx_hal_gpio.o(i.HAL_GPIO_DeInit) for HAL_GPIO_DeInit
    fmc.o(i.HAL_FMC_MspDeInit) refers to fmc.o(.data) for FMC_DeInitialized
    fmc.o(i.HAL_FMC_MspInit) refers to memseta.o(.text) for __aeabi_memclr4
    fmc.o(i.HAL_FMC_MspInit) refers to stm32h7xx_hal_rcc_ex.o(i.HAL_RCCEx_PeriphCLKConfig) for HAL_RCCEx_PeriphCLKConfig
    fmc.o(i.HAL_FMC_MspInit) refers to main_1.o(i.Error_Handler) for Error_Handler
    fmc.o(i.HAL_FMC_MspInit) refers to stm32h7xx_hal_gpio.o(i.HAL_GPIO_Init) for HAL_GPIO_Init
    fmc.o(i.HAL_FMC_MspInit) refers to fmc.o(.data) for FMC_Initialized
    fmc.o(i.HAL_SDRAM_MspDeInit) refers to fmc.o(i.HAL_FMC_MspDeInit) for HAL_FMC_MspDeInit
    fmc.o(i.HAL_SDRAM_MspInit) refers to fmc.o(i.HAL_FMC_MspInit) for HAL_FMC_MspInit
    fmc.o(i.MX_FMC_Init) refers to memseta.o(.text) for __aeabi_memclr4
    fmc.o(i.MX_FMC_Init) refers to stm32h7xx_hal_sdram.o(i.HAL_SDRAM_Init) for HAL_SDRAM_Init
    fmc.o(i.MX_FMC_Init) refers to main_1.o(i.Error_Handler) for Error_Handler
[...]
    Removing stm32h7xx_hal_rcc_ex.o(i.HAL_RCCEx_WakeUpStopCLKConfig), (20 bytes).
    Removing stm32h7xx_hal_flash.o(.rev16_text), (4 bytes).
    Removing stm32h7xx_hal_flash.o(.revsh_text), (4 bytes).
    Removing stm32h7xx_hal_flash.o(.rrx_text), (6 bytes).
    Removing stm32h7xx_hal_flash.o(i.FLASH_CRC_WaitForLastOperation), (208 bytes).
    Removing stm32h7xx_hal_flash.o(i.FLASH_OB_WaitForLastOperation), (96 bytes).
    Removing stm32h7xx_hal_flash.o(i.FLASH_WaitForLastOperation), (260 bytes).
    Removing stm32h7xx_hal_flash.o(i.HAL_FLASH_EndOfOperationCallback), (2 bytes).
    Removing stm32h7xx_hal_flash.o(i.HAL_FLASH_GetError), (12 bytes).
    Removing stm32h7xx_hal_flash.o(i.HAL_FLASH_IRQHandler), (536 bytes).
    Removing stm32h7xx_hal_flash.o(i.HAL_FLASH_Lock), (68 bytes).
    Removing stm32h7xx_hal_flash.o(i.HAL_FLASH_OB_Launch), (68 bytes).
    Removing stm32h7xx_hal_flash.o(i.HAL_FLASH_OB_Lock), (36 bytes).
    Removing stm32h7xx_hal_flash.o(i.HAL_FLASH_OB_Unlock), (52 bytes).
    Removing stm32h7xx_hal_flash.o(i.HAL_FLASH_OperationErrorCallback), (2 bytes).
    Removing stm32h7xx_hal_flash.o(i.HAL_FLASH_Program), (300 bytes).
    Removing stm32h7xx_hal_flash.o(i.HAL_FLASH_Program_IT), (292 bytes).
    Removing stm32h7xx_hal_flash.o(i.HAL_FLASH_Unlock), (96 bytes).
    Removing stm32h7xx_hal_flash.o(.bss), (28 bytes).
    Removing stm32h7xx_hal_flash_ex.o(.rev16_text), (4 bytes).
    Removing stm32h7xx_hal_flash_ex.o(.revsh_text), (4 bytes).
    Removing stm32h7xx_hal_flash_ex.o(.rrx_text), (6 bytes).
    Removing stm32h7xx_hal_flash_ex.o(i.FLASH_CRC_AddSector), (72 bytes).
    Removing stm32h7xx_hal_flash_ex.o(i.FLASH_CRC_SelectAddress), (32 bytes).
    Removing stm32h7xx_hal_flash_ex.o(i.FLASH_Erase_Sector), (96 bytes).
    Removing stm32h7xx_hal_flash_ex.o(i.FLASH_MassErase), (160 bytes).
    Removing stm32h7xx_hal_flash_ex.o(i.FLASH_OB_BOR_LevelConfig), (20 bytes).
    Removing stm32h7xx_hal_flash_ex.o(i.FLASH_OB_BootAddConfig), (52 bytes).
    Removing stm32h7xx_hal_flash_ex.o(i.FLASH_OB_CM4BootAddConfig), (52 bytes).
    Removing stm32h7xx_hal_flash_ex.o(i.FLASH_OB_DisableWRP), (52 bytes).
    Removing stm32h7xx_hal_flash_ex.o(i.FLASH_OB_EnableWRP), (52 bytes).
    Removing stm32h7xx_hal_flash_ex.o(i.FLASH_OB_GetBOR), (16 bytes).
    Removing stm32h7xx_hal_flash_ex.o(i.FLASH_OB_GetBootAdd), (20 bytes).
    Removing stm32h7xx_hal_flash_ex.o(i.FLASH_OB_GetCM4BootAdd), (20 bytes).
    Removing stm32h7xx_hal_flash_ex.o(i.FLASH_OB_GetPCROP), (72 bytes).
    Removing stm32h7xx_hal_flash_ex.o(i.FLASH_OB_GetRDP), (36 bytes).
    Removing stm32h7xx_hal_flash_ex.o(i.FLASH_OB_GetSecureArea), (72 bytes).
    Removing stm32h7xx_hal_flash_ex.o(i.FLASH_OB_GetUser), (16 bytes).
    Removing stm32h7xx_hal_flash_ex.o(i.FLASH_OB_GetWRP), (52 bytes).
    Removing stm32h7xx_hal_flash_ex.o(i.FLASH_OB_PCROPConfig), (68 bytes).
    Removing stm32h7xx_hal_flash_ex.o(i.FLASH_OB_RDPConfig), (20 bytes).
    Removing stm32h7xx_hal_flash_ex.o(i.FLASH_OB_SecureAreaConfig), (76 bytes).
    Removing stm32h7xx_hal_flash_ex.o(i.FLASH_OB_UserConfig), (248 bytes).
    Removing stm32h7xx_hal_flash_ex.o(i.HAL_FLASHEx_ComputeCRC), (404 bytes).
    Removing stm32h7xx_hal_flash_ex.o(i.HAL_FLASHEx_Erase), (316 bytes).
    Removing stm32h7xx_hal_flash_ex.o(i.HAL_FLASHEx_Erase_IT), (244 bytes).
    Removing stm32h7xx_hal_flash_ex.o(i.HAL_FLASHEx_Lock_Bank1), (20 bytes).
    Removing stm32h7xx_hal_flash_ex.o(i.HAL_FLASHEx_Lock_Bank2), (28 bytes).
    Removing stm32h7xx_hal_flash_ex.o(i.HAL_FLASHEx_OBGetConfig), (116 bytes).
    Removing stm32h7xx_hal_flash_ex.o(i.HAL_FLASHEx_OBProgram), (248 bytes).
    Removing stm32h7xx_hal_flash_ex.o(i.HAL_FLASHEx_Unlock_Bank1), (52 bytes).
    Removing stm32h7xx_hal_flash_ex.o(i.HAL_FLASHEx_Unlock_Bank2), (60 bytes).
    Removing stm32h7xx_hal_gpio.o(.rev16_text), (4 bytes).
    Removing stm32h7xx_hal_gpio.o(.revsh_text), (4 bytes).
    Removing stm32h7xx_hal_gpio.o(.rrx_text), (6 bytes).
    Removing stm32h7xx_hal_gpio.o(i.HAL_GPIO_DeInit), (376 bytes).
    Removing stm32h7xx_hal_gpio.o(i.HAL_GPIO_EXTI_Callback), (2 bytes).
    Removing stm32h7xx_hal_gpio.o(i.HAL_GPIO_EXTI_IRQHandler), (28 bytes).
    Removing stm32h7xx_hal_gpio.o(i.HAL_GPIO_LockPin), (46 bytes).
    Removing stm32h7xx_hal_gpio.o(i.HAL_GPIO_ReadPin), (16 bytes).
    Removing stm32h7xx_hal_gpio.o(i.HAL_GPIO_TogglePin), (20 bytes).
    Removing stm32h7xx_hal_hsem.o(.rev16_text), (4 bytes).
    Removing stm32h7xx_hal_hsem.o(.revsh_text), (4 bytes).
    Removing stm32h7xx_hal_hsem.o(.rrx_text), (6 bytes).
    Removing stm32h7xx_hal_hsem.o(i.HAL_HSEM_ActivateNotification), (16 bytes).
    Removing stm32h7xx_hal_hsem.o(i.HAL_HSEM_DeactivateNotification), (16 bytes).
    Removing stm32h7xx_hal_hsem.o(i.HAL_HSEM_FreeCallback), (2 bytes).
    Removing stm32h7xx_hal_hsem.o(i.HAL_HSEM_GetClearKey), (12 bytes).
    Removing stm32h7xx_hal_hsem.o(i.HAL_HSEM_IRQHandler), (36 bytes).
    Removing stm32h7xx_hal_hsem.o(i.HAL_HSEM_IsSemTaken), (20 bytes).
    Removing stm32h7xx_hal_hsem.o(i.HAL_HSEM_ReleaseAll), (16 bytes).
    Removing stm32h7xx_hal_hsem.o(i.HAL_HSEM_SetClearKey), (20 bytes).
    Removing stm32h7xx_hal_hsem.o(i.HAL_HSEM_Take), (56 bytes).
    Removing stm32h7xx_hal_dma.o(.rev16_text), (4 bytes).
    Removing stm32h7xx_hal_dma.o(.revsh_text), (4 bytes).
    Removing stm32h7xx_hal_dma.o(.rrx_text), (6 bytes).
    Removing stm32h7xx_hal_dma.o(i.DMA_CalcBaseAndBitshift), (236 bytes).
    Removing stm32h7xx_hal_dma.o(i.DMA_CalcDMAMUXChannelBaseAndMask), (196 bytes).
    Removing stm32h7xx_hal_dma.o(i.DMA_CalcDMAMUXRequestGenBaseAndMask), (152 bytes).
    Removing stm32h7xx_hal_dma.o(i.DMA_CheckFifoParam), (174 bytes).
    Removing stm32h7xx_hal_dma.o(i.DMA_SetConfig), (628 bytes).
    Removing stm32h7xx_hal_dma.o(i.HAL_DMA_Abort), (1244 bytes).
    Removing stm32h7xx_hal_dma.o(i.HAL_DMA_Abort_IT), (920 bytes).
    Removing stm32h7xx_hal_dma.o(i.HAL_DMA_DeInit), (644 bytes).
    Removing stm32h7xx_hal_dma.o(i.HAL_DMA_GetError), (6 bytes).
    Removing stm32h7xx_hal_dma.o(i.HAL_DMA_GetState), (8 bytes).
    Removing stm32h7xx_hal_dma.o(i.HAL_DMA_IRQHandler), (2808 bytes).
    Removing stm32h7xx_hal_dma.o(i.HAL_DMA_Init), (1312 bytes).
    Removing stm32h7xx_hal_dma.o(i.HAL_DMA_PollForTransfer), (1492 bytes).
    Removing stm32h7xx_hal_dma.o(i.HAL_DMA_RegisterCallback), (102 bytes).
    Removing stm32h7xx_hal_dma.o(i.HAL_DMA_Start), (480 bytes).
    Removing stm32h7xx_hal_dma.o(i.HAL_DMA_Start_IT), (992 bytes).
    Removing stm32h7xx_hal_dma.o(i.HAL_DMA_UnRegisterCallback), (130 bytes).
    Removing stm32h7xx_hal_dma.o(.constdata), (8 bytes).
    Removing stm32h7xx_hal_dma_ex.o(.rev16_text), (4 bytes).
    Removing stm32h7xx_hal_dma_ex.o(.revsh_text), (4 bytes).
    Removing stm32h7xx_hal_dma_ex.o(.rrx_text), (6 bytes).
    Removing stm32h7xx_hal_dma_ex.o(i.DMA_MultiBufferSetConfig), (236 bytes).
    Removing stm32h7xx_hal_dma_ex.o(i.HAL_DMAEx_ChangeMemory), (208 bytes).
    Removing stm32h7xx_hal_dma_ex.o(i.HAL_DMAEx_ConfigMuxRequestGenerator), (276 bytes).
    Removing stm32h7xx_hal_dma_ex.o(i.HAL_DMAEx_ConfigMuxSync), (296 bytes).
    Removing stm32h7xx_hal_dma_ex.o(i.HAL_DMAEx_DisableMuxRequestGenerator), (32 bytes).
    Removing stm32h7xx_hal_dma_ex.o(i.HAL_DMAEx_EnableMuxRequestGenerator), (32 bytes).
    Removing stm32h7xx_hal_dma_ex.o(i.HAL_DMAEx_MUX_IRQHandler), (102 bytes).
    Removing stm32h7xx_hal_dma_ex.o(i.HAL_DMAEx_MultiBufferStart), (800 bytes).
    Removing stm32h7xx_hal_dma_ex.o(i.HAL_DMAEx_MultiBufferStart_IT), (1336 bytes).
    Removing stm32h7xx_hal_mdma.o(.rev16_text), (4 bytes).
    Removing stm32h7xx_hal_mdma.o(.revsh_text), (4 bytes).
    Removing stm32h7xx_hal_mdma.o(.rrx_text), (6 bytes).
    Removing stm32h7xx_hal_mdma.o(i.HAL_MDMA_Abort), (144 bytes).
    Removing stm32h7xx_hal_mdma.o(i.HAL_MDMA_Abort_IT), (46 bytes).
    Removing stm32h7xx_hal_mdma.o(i.HAL_MDMA_ConfigPostRequestMask), (110 bytes).
    Removing stm32h7xx_hal_mdma.o(i.HAL_MDMA_DeInit), (94 bytes).
    Removing stm32h7xx_hal_mdma.o(i.HAL_MDMA_GenerateSWRequest), (72 bytes).
    Removing stm32h7xx_hal_mdma.o(i.HAL_MDMA_GetError), (6 bytes).
    Removing stm32h7xx_hal_mdma.o(i.HAL_MDMA_GetState), (8 bytes).
    Removing stm32h7xx_hal_mdma.o(i.HAL_MDMA_IRQHandler), (480 bytes).
    Removing stm32h7xx_hal_mdma.o(i.HAL_MDMA_Init), (108 bytes).
    Removing stm32h7xx_hal_mdma.o(i.HAL_MDMA_LinkedList_AddNode), (228 bytes).
    Removing stm32h7xx_hal_mdma.o(i.HAL_MDMA_LinkedList_CreateNode), (272 bytes).
    Removing stm32h7xx_hal_mdma.o(i.HAL_MDMA_LinkedList_DisableCircularMode), (88 bytes).
    Removing stm32h7xx_hal_mdma.o(i.HAL_MDMA_LinkedList_EnableCircularMode), (88 bytes).
    Removing stm32h7xx_hal_mdma.o(i.HAL_MDMA_LinkedList_RemoveNode), (216 bytes).
    Removing stm32h7xx_hal_mdma.o(i.HAL_MDMA_PollForTransfer), (290 bytes).
    Removing stm32h7xx_hal_mdma.o(i.HAL_MDMA_RegisterCallback), (100 bytes).
    Removing stm32h7xx_hal_mdma.o(i.HAL_MDMA_Start), (144 bytes).
    Removing stm32h7xx_hal_mdma.o(i.HAL_MDMA_Start_IT), (204 bytes).
    Removing stm32h7xx_hal_mdma.o(i.HAL_MDMA_UnRegisterCallback), (130 bytes).
    Removing stm32h7xx_hal_mdma.o(i.MDMA_Init), (196 bytes).
    Removing stm32h7xx_hal_mdma.o(i.MDMA_SetConfig), (130 bytes).
    Removing stm32h7xx_hal_pwr.o(.rev16_text), (4 bytes).
    Removing stm32h7xx_hal_pwr.o(.revsh_text), (4 bytes).
    Removing stm32h7xx_hal_pwr.o(.rrx_text), (6 bytes).
    Removing stm32h7xx_hal_pwr.o(i.HAL_PWR_ConfigPVD), (100 bytes).
    Removing stm32h7xx_hal_pwr.o(i.HAL_PWR_DeInit), (2 bytes).
    Removing stm32h7xx_hal_pwr.o(i.HAL_PWR_DisableBkUpAccess), (20 bytes).
    Removing stm32h7xx_hal_pwr.o(i.HAL_PWR_DisablePVD), (20 bytes).
    Removing stm32h7xx_hal_pwr.o(i.HAL_PWR_DisableSEVOnPend), (20 bytes).
    Removing stm32h7xx_hal_pwr.o(i.HAL_PWR_DisableSleepOnExit), (20 bytes).
    Removing stm32h7xx_hal_pwr.o(i.HAL_PWR_DisableWakeUpPin), (20 bytes).
    Removing stm32h7xx_hal_pwr.o(i.HAL_PWR_EnableBkUpAccess), (20 bytes).
    Removing stm32h7xx_hal_pwr.o(i.HAL_PWR_EnablePVD), (20 bytes).
    Removing stm32h7xx_hal_pwr.o(i.HAL_PWR_EnableSEVOnPend), (20 bytes).
    Removing stm32h7xx_hal_pwr.o(i.HAL_PWR_EnableSleepOnExit), (20 bytes).
    Removing stm32h7xx_hal_pwr.o(i.HAL_PWR_EnableWakeUpPin), (24 bytes).
    Removing stm32h7xx_hal_pwr.o(i.HAL_PWR_EnterSLEEPMode), (28 bytes).
    Removing stm32h7xx_hal_pwr.o(i.HAL_PWR_EnterSTANDBYMode), (120 bytes).
    Removing stm32h7xx_hal_pwr.o(i.HAL_PWR_EnterSTOPMode), (140 bytes).
    Removing stm32h7xx_hal_pwr.o(i.HAL_PWR_PVDCallback), (2 bytes).
    Removing stm32h7xx_hal_pwr.o(i.HAL_PWR_PVD_IRQHandler), (84 bytes).
    Removing stm32h7xx_hal_pwr_ex.o(.rev16_text), (4 bytes).
    Removing stm32h7xx_hal_pwr_ex.o(.revsh_text), (4 bytes).
    Removing stm32h7xx_hal_pwr_ex.o(.rrx_text), (6 bytes).
    Removing stm32h7xx_hal_pwr_ex.o(i.HAL_PWREx_AVDCallback), (2 bytes).
    Removing stm32h7xx_hal_pwr_ex.o(i.HAL_PWREx_ClearDomainFlags), (68 bytes).
    Removing stm32h7xx_hal_pwr_ex.o(i.HAL_PWREx_ClearPendingEvent), (20 bytes).
    Removing stm32h7xx_hal_pwr_ex.o(i.HAL_PWREx_ClearWakeupFlag), (32 bytes).
    Removing stm32h7xx_hal_pwr_ex.o(i.HAL_PWREx_ConfigAVD), (92 bytes).
    Removing stm32h7xx_hal_pwr_ex.o(i.HAL_PWREx_ConfigD3Domain), (20 bytes).
    Removing stm32h7xx_hal_pwr_ex.o(i.HAL_PWREx_ControlStopModeVoltageScaling), (24 bytes).
    Removing stm32h7xx_hal_pwr_ex.o(i.HAL_PWREx_ControlVoltageScaling), (244 bytes).
    Removing stm32h7xx_hal_pwr_ex.o(i.HAL_PWREx_DisableAVD), (20 bytes).
    Removing stm32h7xx_hal_pwr_ex.o(i.HAL_PWREx_DisableBatteryCharging), (20 bytes).
    Removing stm32h7xx_hal_pwr_ex.o(i.HAL_PWREx_DisableBkUpReg), (60 bytes).
    Removing stm32h7xx_hal_pwr_ex.o(i.HAL_PWREx_DisableFlashPowerDown), (20 bytes).
    Removing stm32h7xx_hal_pwr_ex.o(i.HAL_PWREx_DisableMonitoring), (20 bytes).
    Removing stm32h7xx_hal_pwr_ex.o(i.HAL_PWREx_DisableUSBReg), (60 bytes).
    Removing stm32h7xx_hal_pwr_ex.o(i.HAL_PWREx_DisableUSBVoltageDetector), (20 bytes).
    Removing stm32h7xx_hal_pwr_ex.o(i.HAL_PWREx_DisableWakeUpPin), (16 bytes).
    Removing stm32h7xx_hal_pwr_ex.o(i.HAL_PWREx_EnableAVD), (20 bytes).
    Removing stm32h7xx_hal_pwr_ex.o(i.HAL_PWREx_EnableBatteryCharging), (32 bytes).
    Removing stm32h7xx_hal_pwr_ex.o(i.HAL_PWREx_EnableBkUpReg), (60 bytes).
    Removing stm32h7xx_hal_pwr_ex.o(i.HAL_PWREx_EnableFlashPowerDown), (20 bytes).
    Removing stm32h7xx_hal_pwr_ex.o(i.HAL_PWREx_EnableMonitoring), (20 bytes).
    Removing stm32h7xx_hal_pwr_ex.o(i.HAL_PWREx_EnableUSBReg), (60 bytes).
    Removing stm32h7xx_hal_pwr_ex.o(i.HAL_PWREx_EnableUSBVoltageDetector), (20 bytes).
    Removing stm32h7xx_hal_pwr_ex.o(i.HAL_PWREx_EnableWakeUpPin), (120 bytes).
    Removing stm32h7xx_hal_pwr_ex.o(i.HAL_PWREx_EnterSTANDBYMode), (160 bytes).
    Removing stm32h7xx_hal_pwr_ex.o(i.HAL_PWREx_EnterSTOPMode), (272 bytes).
    Removing stm32h7xx_hal_pwr_ex.o(i.HAL_PWREx_GetStopModeVoltageRange), (16 bytes).
    Removing stm32h7xx_hal_pwr_ex.o(i.HAL_PWREx_GetSupplyConfig), (16 bytes).
    Removing stm32h7xx_hal_pwr_ex.o(i.HAL_PWREx_GetTemperatureLevel), (40 bytes).
    Removing stm32h7xx_hal_pwr_ex.o(i.HAL_PWREx_GetVBATLevel), (40 bytes).
    Removing stm32h7xx_hal_pwr_ex.o(i.HAL_PWREx_GetVoltageRange), (16 bytes).
    Removing stm32h7xx_hal_pwr_ex.o(i.HAL_PWREx_GetWakeupFlag), (16 bytes).
    Removing stm32h7xx_hal_pwr_ex.o(i.HAL_PWREx_HoldCore), (84 bytes).
    Removing stm32h7xx_hal_pwr_ex.o(i.HAL_PWREx_PVD_AVD_IRQHandler), (180 bytes).
    Removing stm32h7xx_hal_pwr_ex.o(i.HAL_PWREx_ReleaseCore), (40 bytes).
    Removing stm32h7xx_hal_pwr_ex.o(i.HAL_PWREx_WAKEUP_PIN_IRQHandler), (188 bytes).
    Removing stm32h7xx_hal_pwr_ex.o(i.HAL_PWREx_WKUP1_Callback), (2 bytes).
    Removing stm32h7xx_hal_pwr_ex.o(i.HAL_PWREx_WKUP2_Callback), (2 bytes).
    Removing stm32h7xx_hal_pwr_ex.o(i.HAL_PWREx_WKUP3_Callback), (2 bytes).
    Removing stm32h7xx_hal_pwr_ex.o(i.HAL_PWREx_WKUP4_Callback), (2 bytes).
    Removing stm32h7xx_hal_pwr_ex.o(i.HAL_PWREx_WKUP5_Callback), (2 bytes).
    Removing stm32h7xx_hal_pwr_ex.o(i.HAL_PWREx_WKUP6_Callback), (2 bytes).
    Removing stm32h7xx_hal.o(.rev16_text), (4 bytes).
    Removing stm32h7xx_hal.o(.revsh_text), (4 bytes).
    Removing stm32h7xx_hal.o(.rrx_text), (6 bytes).
    Removing stm32h7xx_hal.o(i.HAL_DBGMCU_DisableDBGSleepMode), (20 bytes).
    Removing stm32h7xx_hal.o(i.HAL_DBGMCU_DisableDBGStandbyMode), (20 bytes).
    Removing stm32h7xx_hal.o(i.HAL_DBGMCU_DisableDBGStopMode), (20 bytes).
    Removing stm32h7xx_hal.o(i.HAL_DBGMCU_EnableDBGSleepMode), (20 bytes).
    Removing stm32h7xx_hal.o(i.HAL_DBGMCU_EnableDBGStandbyMode), (20 bytes).
    Removing stm32h7xx_hal.o(i.HAL_DBGMCU_EnableDBGStopMode), (20 bytes).
    Removing stm32h7xx_hal.o(i.HAL_DeInit), (132 bytes).
    Removing stm32h7xx_hal.o(i.HAL_DisableCompensationCell), (20 bytes).
    Removing stm32h7xx_hal.o(i.HAL_DisableDomain2DBGSleepMode), (20 bytes).
    Removing stm32h7xx_hal.o(i.HAL_DisableDomain2DBGStandbyMode), (20 bytes).
    Removing stm32h7xx_hal.o(i.HAL_DisableDomain2DBGStopMode), (20 bytes).
    Removing stm32h7xx_hal.o(i.HAL_EXTI_D1_ClearFlag), (22 bytes).
    Removing stm32h7xx_hal.o(i.HAL_EXTI_D1_EventInputConfig), (168 bytes).
    Removing stm32h7xx_hal.o(i.HAL_EXTI_D2_ClearFlag), (22 bytes).
    Removing stm32h7xx_hal.o(i.HAL_EXTI_D2_EventInputConfig), (168 bytes).
    Removing stm32h7xx_hal.o(i.HAL_EXTI_D3_EventInputConfig), (128 bytes).
    Removing stm32h7xx_hal.o(i.HAL_EXTI_EdgeConfig), (144 bytes).
    Removing stm32h7xx_hal.o(i.HAL_EXTI_GenerateSWInterrupt), (32 bytes).
    Removing stm32h7xx_hal.o(i.HAL_EnableCompensationCell), (20 bytes).
    Removing stm32h7xx_hal.o(i.HAL_EnableDomain2DBGSleepMode), (20 bytes).
    Removing stm32h7xx_hal.o(i.HAL_EnableDomain2DBGStandbyMode), (20 bytes).
    Removing stm32h7xx_hal.o(i.HAL_EnableDomain2DBGStopMode), (20 bytes).
    Removing stm32h7xx_hal.o(i.HAL_GetDEVID), (16 bytes).
    Removing stm32h7xx_hal.o(i.HAL_GetFMCMemorySwappingConfig), (16 bytes).
    Removing stm32h7xx_hal.o(i.HAL_GetHalVersion), (8 bytes).
    Removing stm32h7xx_hal.o(i.HAL_GetTickFreq), (12 bytes).
    Removing stm32h7xx_hal.o(i.HAL_GetTickPrio), (12 bytes).
    Removing stm32h7xx_hal.o(i.HAL_GetUIDw0), (12 bytes).
    Removing stm32h7xx_hal.o(i.HAL_GetUIDw1), (12 bytes).
    Removing stm32h7xx_hal.o(i.HAL_GetUIDw2), (12 bytes).
    Removing stm32h7xx_hal.o(i.HAL_MspDeInit), (2 bytes).
    Removing stm32h7xx_hal.o(i.HAL_MspInit), (2 bytes).
    Removing stm32h7xx_hal.o(i.HAL_ResumeTick), (18 bytes).
    Removing stm32h7xx_hal.o(i.HAL_SYSCFG_AnalogSwitchConfig), (20 bytes).
    Removing stm32h7xx_hal.o(i.HAL_SYSCFG_CM4BootAddConfig), (44 bytes).
    Removing stm32h7xx_hal.o(i.HAL_SYSCFG_CM7BootAddConfig), (44 bytes).
    Removing stm32h7xx_hal.o(i.HAL_SYSCFG_CompensationCodeConfig), (24 bytes).
    Removing stm32h7xx_hal.o(i.HAL_SYSCFG_CompensationCodeSelect), (20 bytes).
    Removing stm32h7xx_hal.o(i.HAL_SYSCFG_DisableBOOST), (20 bytes).
    Removing stm32h7xx_hal.o(i.HAL_SYSCFG_DisableCM4BOOT), (20 bytes).
    Removing stm32h7xx_hal.o(i.HAL_SYSCFG_DisableCM7BOOT), (20 bytes).
    Removing stm32h7xx_hal.o(i.HAL_SYSCFG_DisableIOSpeedOptimize), (20 bytes).
    Removing stm32h7xx_hal.o(i.HAL_SYSCFG_DisableVREFBUF), (20 bytes).
    Removing stm32h7xx_hal.o(i.HAL_SYSCFG_ETHInterfaceSelect), (20 bytes).
    Removing stm32h7xx_hal.o(i.HAL_SYSCFG_EnableBOOST), (20 bytes).
    Removing stm32h7xx_hal.o(i.HAL_SYSCFG_EnableCM4BOOT), (20 bytes).
    Removing stm32h7xx_hal.o(i.HAL_SYSCFG_EnableCM7BOOT), (20 bytes).
    Removing stm32h7xx_hal.o(i.HAL_SYSCFG_EnableIOSpeedOptimize), (20 bytes).
    Removing stm32h7xx_hal.o(i.HAL_SYSCFG_EnableVREFBUF), (56 bytes).
    Removing stm32h7xx_hal.o(i.HAL_SYSCFG_VREFBUF_HighImpedanceConfig), (20 bytes).
    Removing stm32h7xx_hal.o(i.HAL_SYSCFG_VREFBUF_TrimmingConfig), (20 bytes).
    Removing stm32h7xx_hal.o(i.HAL_SYSCFG_VREFBUF_VoltageScalingConfig), (20 bytes).
    Removing stm32h7xx_hal.o(i.HAL_SetFMCMemorySwappingConfig), (20 bytes).
    Removing stm32h7xx_hal.o(i.HAL_SetTickFreq), (48 bytes).
    Removing stm32h7xx_hal.o(i.HAL_SuspendTick), (18 bytes).
    Removing stm32h7xx_hal_i2c.o(.rev16_text), (4 bytes).
    Removing stm32h7xx_hal_i2c.o(.revsh_text), (4 bytes).
    Removing stm32h7xx_hal_i2c.o(.rrx_text), (6 bytes).
    Removing stm32h7xx_hal_i2c.o(i.HAL_I2C_AbortCpltCallback), (2 bytes).
    Removing stm32h7xx_hal_i2c.o(i.HAL_I2C_AddrCallback), (2 bytes).
    Removing stm32h7xx_hal_i2c.o(i.HAL_I2C_DeInit), (60 bytes).
    Removing stm32h7xx_hal_i2c.o(i.HAL_I2C_DisableListen_IT), (56 bytes).
    Removing stm32h7xx_hal_i2c.o(i.HAL_I2C_ER_IRQHandler), (118 bytes).
    Removing stm32h7xx_hal_i2c.o(i.HAL_I2C_EV_IRQHandler), (28 bytes).
    Removing stm32h7xx_hal_i2c.o(i.HAL_I2C_EnableListen_IT), (44 bytes).
    Removing stm32h7xx_hal_i2c.o(i.HAL_I2C_ErrorCallback), (2 bytes).
    Removing stm32h7xx_hal_i2c.o(i.HAL_I2C_GetError), (6 bytes).
    Removing stm32h7xx_hal_i2c.o(i.HAL_I2C_GetMode), (8 bytes).
    Removing stm32h7xx_hal_i2c.o(i.HAL_I2C_GetState), (8 bytes).
    Removing stm32h7xx_hal_i2c.o(i.HAL_I2C_Init), (196 bytes).
    Removing stm32h7xx_hal_i2c.o(i.HAL_I2C_IsDeviceReady), (378 bytes).
    Removing stm32h7xx_hal_i2c.o(i.HAL_I2C_ListenCpltCallback), (2 bytes).
    Removing stm32h7xx_hal_i2c.o(i.HAL_I2C_MasterRxCpltCallback), (2 bytes).
    Removing stm32h7xx_hal_i2c.o(i.HAL_I2C_MasterTxCpltCallback), (2 bytes).
    Removing stm32h7xx_hal_i2c.o(i.HAL_I2C_Master_Abort_IT), (132 bytes).
    Removing stm32h7xx_hal_i2c.o(i.HAL_I2C_Master_Receive), (356 bytes).
    Removing stm32h7xx_hal_i2c.o(i.HAL_I2C_Master_Receive_DMA), (368 bytes).
    Removing stm32h7xx_hal_i2c.o(i.HAL_I2C_Master_Receive_IT), (168 bytes).
    Removing stm32h7xx_hal_i2c.o(i.HAL_I2C_Master_Seq_Receive_DMA), (400 bytes).
    Removing stm32h7xx_hal_i2c.o(i.HAL_I2C_Master_Seq_Receive_IT), (196 bytes).
    Removing stm32h7xx_hal_i2c.o(i.HAL_I2C_Master_Seq_Transmit_DMA), (400 bytes).
    Removing stm32h7xx_hal_i2c.o(i.HAL_I2C_Master_Seq_Transmit_IT), (196 bytes).
    Removing stm32h7xx_hal_i2c.o(i.HAL_I2C_Master_Transmit), (352 bytes).
    Removing stm32h7xx_hal_i2c.o(i.HAL_I2C_Master_Transmit_DMA), (368 bytes).
    Removing stm32h7xx_hal_i2c.o(i.HAL_I2C_Master_Transmit_IT), (168 bytes).
    Removing stm32h7xx_hal_i2c.o(i.HAL_I2C_MemRxCpltCallback), (2 bytes).
    Removing stm32h7xx_hal_i2c.o(i.HAL_I2C_MemTxCpltCallback), (2 bytes).
    Removing stm32h7xx_hal_i2c.o(i.HAL_I2C_Mem_Read), (416 bytes).
    Removing stm32h7xx_hal_i2c.o(i.HAL_I2C_Mem_Read_DMA), (348 bytes).
    Removing stm32h7xx_hal_i2c.o(i.HAL_I2C_Mem_Read_IT), (200 bytes).
    Removing stm32h7xx_hal_i2c.o(i.HAL_I2C_Mem_Write), (408 bytes).
    Removing stm32h7xx_hal_i2c.o(i.HAL_I2C_Mem_Write_DMA), (348 bytes).
    Removing stm32h7xx_hal_i2c.o(i.HAL_I2C_Mem_Write_IT), (200 bytes).
    Removing stm32h7xx_hal_i2c.o(i.HAL_I2C_MspDeInit), (2 bytes).
    Removing stm32h7xx_hal_i2c.o(i.HAL_I2C_MspInit), (2 bytes).
    Removing stm32h7xx_hal_i2c.o(i.HAL_I2C_SlaveRxCpltCallback), (2 bytes).
    Removing stm32h7xx_hal_i2c.o(i.HAL_I2C_SlaveTxCpltCallback), (2 bytes).
    Removing stm32h7xx_hal_i2c.o(i.HAL_I2C_Slave_Receive), (380 bytes).
    Removing stm32h7xx_hal_i2c.o(i.HAL_I2C_Slave_Receive_DMA), (276 bytes).
    Removing stm32h7xx_hal_i2c.o(i.HAL_I2C_Slave_Receive_IT), (120 bytes).
    Removing stm32h7xx_hal_i2c.o(i.HAL_I2C_Slave_Seq_Receive_DMA), (464 bytes).
    Removing stm32h7xx_hal_i2c.o(i.HAL_I2C_Slave_Seq_Receive_IT), (248 bytes).
    Removing stm32h7xx_hal_i2c.o(i.HAL_I2C_Slave_Seq_Transmit_DMA), (464 bytes).
    Removing stm32h7xx_hal_i2c.o(i.HAL_I2C_Slave_Seq_Transmit_IT), (248 bytes).
    Removing stm32h7xx_hal_i2c.o(i.HAL_I2C_Slave_Transmit), (448 bytes).
    Removing stm32h7xx_hal_i2c.o(i.HAL_I2C_Slave_Transmit_DMA), (352 bytes).
    Removing stm32h7xx_hal_i2c.o(i.HAL_I2C_Slave_Transmit_IT), (152 bytes).
    Removing stm32h7xx_hal_i2c.o(i.I2C_ConvertOtherXferOptions), (28 bytes).
    Removing stm32h7xx_hal_i2c.o(i.I2C_DMAAbort), (34 bytes).
    Removing stm32h7xx_hal_i2c.o(i.I2C_DMAError), (476 bytes).
    Removing stm32h7xx_hal_i2c.o(i.I2C_DMAMasterReceiveCplt), (94 bytes).
    Removing stm32h7xx_hal_i2c.o(i.I2C_DMAMasterTransmitCplt), (94 bytes).
    Removing stm32h7xx_hal_i2c.o(i.I2C_DMASlaveReceiveCplt), (248 bytes).
    Removing stm32h7xx_hal_i2c.o(i.I2C_DMASlaveTransmitCplt), (36 bytes).
    Removing stm32h7xx_hal_i2c.o(i.I2C_Disable_IRQ), (110 bytes).
    Removing stm32h7xx_hal_i2c.o(i.I2C_Enable_IRQ), (136 bytes).
    Removing stm32h7xx_hal_i2c.o(i.I2C_Flush_TXDR), (40 bytes).
    Removing stm32h7xx_hal_i2c.o(i.I2C_ITAddrCplt), (206 bytes).
    Removing stm32h7xx_hal_i2c.o(i.I2C_ITError), (340 bytes).
    Removing stm32h7xx_hal_i2c.o(i.I2C_ITListenCplt), (112 bytes).
    Removing stm32h7xx_hal_i2c.o(i.I2C_ITMasterCplt), (296 bytes).
    Removing stm32h7xx_hal_i2c.o(i.I2C_ITMasterSeqCplt), (98 bytes).
    Removing stm32h7xx_hal_i2c.o(i.I2C_ITSlaveCplt), (780 bytes).
    Removing stm32h7xx_hal_i2c.o(i.I2C_ITSlaveSeqCplt), (140 bytes).
    Removing stm32h7xx_hal_i2c.o(i.I2C_IsErrorOccurred), (304 bytes).
    Removing stm32h7xx_hal_i2c.o(i.I2C_Master_ISR_DMA), (352 bytes).
    Removing stm32h7xx_hal_i2c.o(i.I2C_Master_ISR_IT), (408 bytes).
    Removing stm32h7xx_hal_i2c.o(i.I2C_Mem_ISR_DMA), (412 bytes).
    Removing stm32h7xx_hal_i2c.o(i.I2C_Mem_ISR_IT), (396 bytes).
    Removing stm32h7xx_hal_i2c.o(i.I2C_RequestMemoryRead), (124 bytes).
    Removing stm32h7xx_hal_i2c.o(i.I2C_RequestMemoryWrite), (124 bytes).
    Removing stm32h7xx_hal_i2c.o(i.I2C_Slave_ISR_DMA), (732 bytes).
    Removing stm32h7xx_hal_i2c.o(i.I2C_Slave_ISR_IT), (328 bytes).
    Removing stm32h7xx_hal_i2c.o(i.I2C_TransferConfig), (56 bytes).
    Removing stm32h7xx_hal_i2c.o(i.I2C_TreatErrorCallback), (58 bytes).
    Removing stm32h7xx_hal_i2c.o(i.I2C_WaitOnFlagUntilTimeout), (114 bytes).
    Removing stm32h7xx_hal_i2c.o(i.I2C_WaitOnRXNEFlagUntilTimeout), (192 bytes).
    Removing stm32h7xx_hal_i2c.o(i.I2C_WaitOnSTOPFlagUntilTimeout), (96 bytes).
    Removing stm32h7xx_hal_i2c.o(i.I2C_WaitOnTXISFlagUntilTimeout), (100 bytes).
    Removing stm32h7xx_hal_i2c_ex.o(.rev16_text), (4 bytes).
    Removing stm32h7xx_hal_i2c_ex.o(.revsh_text), (4 bytes).
    Removing stm32h7xx_hal_i2c_ex.o(.rrx_text), (6 bytes).
    Removing stm32h7xx_hal_i2c_ex.o(i.HAL_I2CEx_ConfigAnalogFilter), (106 bytes).
    Removing stm32h7xx_hal_i2c_ex.o(i.HAL_I2CEx_ConfigDigitalFilter), (104 bytes).
    Removing stm32h7xx_hal_i2c_ex.o(i.HAL_I2CEx_DisableFastModePlus), (52 bytes).
    Removing stm32h7xx_hal_i2c_ex.o(i.HAL_I2CEx_DisableWakeUp), (96 bytes).
    Removing stm32h7xx_hal_i2c_ex.o(i.HAL_I2CEx_EnableFastModePlus), (52 bytes).
    Removing stm32h7xx_hal_i2c_ex.o(i.HAL_I2CEx_EnableWakeUp), (96 bytes).
    Removing stm32h7xx_hal_exti.o(.rev16_text), (4 bytes).
    Removing stm32h7xx_hal_exti.o(.revsh_text), (4 bytes).
    Removing stm32h7xx_hal_exti.o(.rrx_text), (6 bytes).
    Removing stm32h7xx_hal_exti.o(i.HAL_EXTI_ClearConfigLine), (272 bytes).
    Removing stm32h7xx_hal_exti.o(i.HAL_EXTI_ClearPending), (60 bytes).
    Removing stm32h7xx_hal_exti.o(i.HAL_EXTI_GenerateSWI), (36 bytes).
    Removing stm32h7xx_hal_exti.o(i.HAL_EXTI_GetConfigLine), (336 bytes).
    Removing stm32h7xx_hal_exti.o(i.HAL_EXTI_GetHandle), (14 bytes).
    Removing stm32h7xx_hal_exti.o(i.HAL_EXTI_GetPending), (72 bytes).
    Removing stm32h7xx_hal_exti.o(i.HAL_EXTI_IRQHandler), (76 bytes).
    Removing stm32h7xx_hal_exti.o(i.HAL_EXTI_RegisterCallback), (28 bytes).
    Removing stm32h7xx_hal_exti.o(i.HAL_EXTI_SetConfigLine), (396 bytes).
    Removing stm32h7xx_ll_fmc.o(.rev16_text), (4 bytes).
    Removing stm32h7xx_ll_fmc.o(.revsh_text), (4 bytes).
    Removing stm32h7xx_ll_fmc.o(.rrx_text), (6 bytes).
    Removing stm32h7xx_ll_fmc.o(i.FMC_NAND_AttributeSpace_Timing_Init), (32 bytes).
    Removing stm32h7xx_ll_fmc.o(i.FMC_NAND_CommonSpace_Timing_Init), (32 bytes).
    Removing stm32h7xx_ll_fmc.o(i.FMC_NAND_DeInit), (30 bytes).
    Removing stm32h7xx_ll_fmc.o(i.FMC_NAND_ECC_Disable), (14 bytes).
    Removing stm32h7xx_ll_fmc.o(i.FMC_NAND_ECC_Enable), (14 bytes).
    Removing stm32h7xx_ll_fmc.o(i.FMC_NAND_GetECC), (60 bytes).
    Removing stm32h7xx_ll_fmc.o(i.FMC_NAND_Init), (52 bytes).
    Removing stm32h7xx_ll_fmc.o(i.FMC_NORSRAM_DeInit), (56 bytes).
    Removing stm32h7xx_ll_fmc.o(i.FMC_NORSRAM_Extended_Timing_Init), (68 bytes).
    Removing stm32h7xx_ll_fmc.o(i.FMC_NORSRAM_Init), (164 bytes).
    Removing stm32h7xx_ll_fmc.o(i.FMC_NORSRAM_Timing_Init), (102 bytes).
    Removing stm32h7xx_ll_fmc.o(i.FMC_NORSRAM_WriteOperation_Disable), (18 bytes).
    Removing stm32h7xx_ll_fmc.o(i.FMC_NORSRAM_WriteOperation_Enable), (18 bytes).
    Removing stm32h7xx_ll_fmc.o(i.FMC_SDRAM_DeInit), (32 bytes).
    Removing stm32h7xx_ll_fmc.o(i.FMC_SDRAM_GetModeStatus), (22 bytes).
    Removing stm32h7xx_ll_fmc.o(i.FMC_SDRAM_SetAutoRefreshNumber), (20 bytes).
    Removing stm32h7xx_ll_fmc.o(i.FMC_SDRAM_WriteProtection_Disable), (18 bytes).
    Removing stm32h7xx_ll_fmc.o(i.FMC_SDRAM_WriteProtection_Enable), (18 bytes).
    Removing stm32h7xx_hal_sdram.o(.rev16_text), (4 bytes).
    Removing stm32h7xx_hal_sdram.o(.revsh_text), (4 bytes).
    Removing stm32h7xx_hal_sdram.o(.rrx_text), (6 bytes).
    Removing stm32h7xx_hal_sdram.o(i.HAL_SDRAM_DMA_XferCpltCallback), (2 bytes).
    Removing stm32h7xx_hal_sdram.o(i.HAL_SDRAM_DMA_XferErrorCallback), (2 bytes).
    Removing stm32h7xx_hal_sdram.o(i.HAL_SDRAM_DeInit), (34 bytes).
    Removing stm32h7xx_hal_sdram.o(i.HAL_SDRAM_GetModeStatus), (14 bytes).
    Removing stm32h7xx_hal_sdram.o(i.HAL_SDRAM_GetState), (8 bytes).
    Removing stm32h7xx_hal_sdram.o(i.HAL_SDRAM_IRQHandler), (34 bytes).
    Removing stm32h7xx_hal_sdram.o(i.HAL_SDRAM_MspDeInit), (2 bytes).
    Removing stm32h7xx_hal_sdram.o(i.HAL_SDRAM_MspInit), (2 bytes).
    Removing stm32h7xx_hal_sdram.o(i.HAL_SDRAM_Read_16b), (120 bytes).
    Removing stm32h7xx_hal_sdram.o(i.HAL_SDRAM_Read_32b), (104 bytes).
    Removing stm32h7xx_hal_sdram.o(i.HAL_SDRAM_Read_8b), (104 bytes).
    Removing stm32h7xx_hal_sdram.o(i.HAL_SDRAM_Read_DMA), (132 bytes).
    Removing stm32h7xx_hal_sdram.o(i.HAL_SDRAM_RefreshErrorCallback), (2 bytes).
    Removing stm32h7xx_hal_sdram.o(i.HAL_SDRAM_SetAutoRefreshNumber), (54 bytes).
    Removing stm32h7xx_hal_sdram.o(i.HAL_SDRAM_WriteProtection_Disable), (50 bytes).
    Removing stm32h7xx_hal_sdram.o(i.HAL_SDRAM_WriteProtection_Enable), (52 bytes).
    Removing stm32h7xx_hal_sdram.o(i.HAL_SDRAM_Write_16b), (132 bytes).
    Removing stm32h7xx_hal_sdram.o(i.HAL_SDRAM_Write_32b), (98 bytes).
    Removing stm32h7xx_hal_sdram.o(i.HAL_SDRAM_Write_8b), (98 bytes).
    Removing stm32h7xx_hal_sdram.o(i.HAL_SDRAM_Write_DMA), (120 bytes).
    Removing stm32h7xx_hal_sdram.o(i.SDRAM_DMACplt), (32 bytes).
    Removing stm32h7xx_hal_sdram.o(i.SDRAM_DMACpltProt), (32 bytes).
    Removing stm32h7xx_hal_sdram.o(i.SDRAM_DMAError), (32 bytes).
    Removing stm32h7xx_hal_ltdc.o(.rev16_text), (4 bytes).
    Removing stm32h7xx_hal_ltdc.o(.revsh_text), (4 bytes).
    Removing stm32h7xx_hal_ltdc.o(.rrx_text), (6 bytes).
    Removing stm32h7xx_hal_ltdc.o(i.HAL_LTDC_ConfigCLUT), (176 bytes).
    Removing stm32h7xx_hal_ltdc.o(i.HAL_LTDC_ConfigColorKeying), (96 bytes).
    Removing stm32h7xx_hal_ltdc.o(i.HAL_LTDC_ConfigColorKeying_NoReload), (92 bytes).
    Removing stm32h7xx_hal_ltdc.o(i.HAL_LTDC_ConfigLayer_NoReload), (90 bytes).
    Removing stm32h7xx_hal_ltdc.o(i.HAL_LTDC_DeInit), (128 bytes).
    Removing stm32h7xx_hal_ltdc.o(i.HAL_LTDC_DisableCLUT), (76 bytes).
    Removing stm32h7xx_hal_ltdc.o(i.HAL_LTDC_DisableCLUT_NoReload), (72 bytes).
    Removing stm32h7xx_hal_ltdc.o(i.HAL_LTDC_DisableColorKeying), (76 bytes).
    Removing stm32h7xx_hal_ltdc.o(i.HAL_LTDC_DisableColorKeying_NoReload), (72 bytes).
    Removing stm32h7xx_hal_ltdc.o(i.HAL_LTDC_DisableDither), (68 bytes).
    Removing stm32h7xx_hal_ltdc.o(i.HAL_LTDC_EnableCLUT), (76 bytes).
    Removing stm32h7xx_hal_ltdc.o(i.HAL_LTDC_EnableCLUT_NoReload), (72 bytes).
    Removing stm32h7xx_hal_ltdc.o(i.HAL_LTDC_EnableColorKeying), (76 bytes).
    Removing stm32h7xx_hal_ltdc.o(i.HAL_LTDC_EnableColorKeying_NoReload), (72 bytes).
    Removing stm32h7xx_hal_ltdc.o(i.HAL_LTDC_EnableDither), (68 bytes).
    Removing stm32h7xx_hal_ltdc.o(i.HAL_LTDC_GetError), (8 bytes).
    Removing stm32h7xx_hal_ltdc.o(i.HAL_LTDC_GetState), (8 bytes).
    Removing stm32h7xx_hal_ltdc.o(i.HAL_LTDC_MspDeInit), (2 bytes).
    Removing stm32h7xx_hal_ltdc.o(i.HAL_LTDC_MspInit), (2 bytes).
    Removing stm32h7xx_hal_ltdc.o(i.HAL_LTDC_ProgramLineEvent), (84 bytes).
    Removing stm32h7xx_hal_ltdc.o(i.HAL_LTDC_Reload), (66 bytes).
    Removing stm32h7xx_hal_ltdc.o(i.HAL_LTDC_SetAddress), (92 bytes).
    Removing stm32h7xx_hal_ltdc.o(i.HAL_LTDC_SetAddress_NoReload), (88 bytes).
    Removing stm32h7xx_hal_ltdc.o(i.HAL_LTDC_SetAlpha), (92 bytes).
    Removing stm32h7xx_hal_ltdc.o(i.HAL_LTDC_SetAlpha_NoReload), (88 bytes).
    Removing stm32h7xx_hal_ltdc.o(i.HAL_LTDC_SetPitch), (200 bytes).
    Removing stm32h7xx_hal_ltdc.o(i.HAL_LTDC_SetPitch_NoReload), (172 bytes).
    Removing stm32h7xx_hal_ltdc.o(i.HAL_LTDC_SetPixelFormat), (92 bytes).
    Removing stm32h7xx_hal_ltdc.o(i.HAL_LTDC_SetPixelFormat_NoReload), (88 bytes).
    Removing stm32h7xx_hal_ltdc.o(i.HAL_LTDC_SetWindowPosition), (108 bytes).
    Removing stm32h7xx_hal_ltdc.o(i.HAL_LTDC_SetWindowPosition_NoReload), (104 bytes).
    Removing stm32h7xx_hal_ltdc.o(i.HAL_LTDC_SetWindowSize), (108 bytes).
    Removing stm32h7xx_hal_ltdc.o(i.HAL_LTDC_SetWindowSize_NoReload), (104 bytes).
    Removing stm32h7xx_hal_ltdc_ex.o(.rev16_text), (4 bytes).
    Removing stm32h7xx_hal_ltdc_ex.o(.revsh_text), (4 bytes).
    Removing stm32h7xx_hal_ltdc_ex.o(.rrx_text), (6 bytes).
    Removing stm32h7xx_hal_tim.o(.rev16_text), (4 bytes).
    Removing stm32h7xx_hal_tim.o(.revsh_text), (4 bytes).
    Removing stm32h7xx_hal_tim.o(.rrx_text), (6 bytes).
    Removing stm32h7xx_hal_tim_ex.o(.rev16_text), (4 bytes).
    Removing stm32h7xx_hal_tim_ex.o(.revsh_text), (4 bytes).
    Removing stm32h7xx_hal_tim_ex.o(.rrx_text), (6 bytes).
    Removing system_stm32h7xx_dualcore_boot_cm4_cm7.o(.rev16_text), (4 bytes).
    Removing system_stm32h7xx_dualcore_boot_cm4_cm7.o(.revsh_text), (4 bytes).
    Removing system_stm32h7xx_dualcore_boot_cm4_cm7.o(.rrx_text), (6 bytes).
    Removing system_stm32h7xx_dualcore_boot_cm4_cm7.o(i.SystemCoreClockUpdate), (564 bytes).

540 unused section(s) (total 60828 bytes) removed from the image.

==============================================================================

Image Symbol Table

    Local Symbols

    Symbol Name                              Value     Ov Type        Size  Object(Section)

    ../CM7/Core/Src/fmc.c                    0x00000000   Number         0  fmc.o ABSOLUTE
    ../CM7/Core/Src/gpio.c                   0x00000000   Number         0  gpio.o ABSOLUTE
    ../CM7/Core/Src/main.c                   0x00000000   Number         0  main_1.o ABSOLUTE
    ../CM7/Core/Src/stm32h7xx_hal_msp.c      0x00000000   Number         0  stm32h7xx_hal_msp_1.o ABSOLUTE
    ../CM7/Core/Src/stm32h7xx_it.c           0x00000000   Number         0  stm32h7xx_it_1.o ABSOLUTE
    ../Common/Src/system_stm32h7xx_dualcore_boot_cm4_cm7.c 0x00000000   Number         0  system_stm32h7xx_dualcore_boot_cm4_cm7.o ABSOLUTE
    ../Drivers/STM32H7xx_HAL_Driver/Src/stm32h7xx_hal.c 0x00000000   Number         0  stm32h7xx_hal.o ABSOLUTE
    ../Drivers/STM32H7xx_HAL_Driver/Src/stm32h7xx_hal_cortex.c 0x00000000   Number         0  stm32h7xx_hal_cortex.o ABSOLUTE
    ../Drivers/STM32H7xx_HAL_Driver/Src/stm32h7xx_hal_dma.c 0x00000000   Number         0  stm32h7xx_hal_dma.o ABSOLUTE
    ../Drivers/STM32H7xx_HAL_Driver/Src/stm32h7xx_hal_dma_ex.c 0x00000000   Number         0  stm32h7xx_hal_dma_ex.o ABSOLUTE
    ../Drivers/STM32H7xx_HAL_Driver/Src/stm32h7xx_hal_exti.c 0x00000000   Number         0  stm32h7xx_hal_exti.o ABSOLUTE
    ../Drivers/STM32H7xx_HAL_Driver/Src/stm32h7xx_hal_flash.c 0x00000000   Number         0  stm32h7xx_hal_flash.o ABSOLUTE
    ../Drivers/STM32H7xx_HAL_Driver/Src/stm32h7xx_hal_flash_ex.c 0x00000000   Number         0  stm32h7xx_hal_flash_ex.o ABSOLUTE
    ../Drivers/STM32H7xx_HAL_Driver/Src/stm32h7xx_hal_gpio.c 0x00000000   Number         0  stm32h7xx_hal_gpio.o ABSOLUTE
    ../Drivers/STM32H7xx_HAL_Driver/Src/stm32h7xx_hal_hsem.c 0x00000000   Number         0  stm32h7xx_hal_hsem.o ABSOLUTE
    ../Drivers/STM32H7xx_HAL_Driver/Src/stm32h7xx_hal_i2c.c 0x00000000   Number         0  stm32h7xx_hal_i2c.o ABSOLUTE
    ../Drivers/STM32H7xx_HAL_Driver/Src/stm32h7xx_hal_i2c_ex.c 0x00000000   Number         0  stm32h7xx_hal_i2c_ex.o ABSOLUTE
    ../Drivers/STM32H7xx_HAL_Driver/Src/stm32h7xx_hal_mdma.c 0x00000000   Number         0  stm32h7xx_hal_mdma.o ABSOLUTE
    ../Drivers/STM32H7xx_HAL_Driver/Src/stm32h7xx_hal_pwr.c 0x00000000   Number         0  stm32h7xx_hal_pwr.o ABSOLUTE
    ../Drivers/STM32H7xx_HAL_Driver/Src/stm32h7xx_hal_pwr_ex.c 0x00000000   Number         0  stm32h7xx_hal_pwr_ex.o ABSOLUTE
    ../Drivers/STM32H7xx_HAL_Driver/Src/stm32h7xx_hal_rcc.c 0x00000000   Number         0  stm32h7xx_hal_rcc.o ABSOLUTE
    ../Drivers/STM32H7xx_HAL_Driver/Src/stm32h7xx_hal_rcc_ex.c 0x00000000   Number         0  stm32h7xx_hal_rcc_ex.o ABSOLUTE
    ../Drivers/STM32H7xx_HAL_Driver/Src/stm32h7xx_hal_sdram.c 0x00000000   Number         0  stm32h7xx_hal_sdram.o ABSOLUTE
    ../Drivers/STM32H7xx_HAL_Driver/Src/stm32h7xx_hal_tim.c 0x00000000   Number         0  stm32h7xx_hal_tim.o ABSOLUTE
    ../Drivers/STM32H7xx_HAL_Driver/Src/stm32h7xx_hal_tim_ex.c 0x00000000   Number         0  stm32h7xx_hal_tim_ex.o ABSOLUTE
    ../Drivers/STM32H7xx_HAL_Driver/Src/stm32h7xx_ll_fmc.c 0x00000000   Number         0  stm32h7xx_ll_fmc.o ABSOLUTE
    ../clib/microlib/init/entry.s            0x00000000   Number         0  entry10a.o ABSOLUTE
    ../clib/microlib/init/entry.s            0x00000000   Number         0  entry9b.o ABSOLUTE
    ../clib/microlib/init/entry.s            0x00000000   Number         0  entry8a.o ABSOLUTE
    ../clib/microlib/init/entry.s            0x00000000   Number         0  entry8b.o ABSOLUTE
    ../clib/microlib/init/entry.s            0x00000000   Number         0  entry9a.o ABSOLUTE
    ../clib/microlib/init/entry.s            0x00000000   Number         0  entry11a.o ABSOLUTE
    ../clib/microlib/init/entry.s            0x00000000   Number         0  entry.o ABSOLUTE
    ../clib/microlib/init/entry.s            0x00000000   Number         0  entry7b.o ABSOLUTE
    ../clib/microlib/init/entry.s            0x00000000   Number         0  entry7a.o ABSOLUTE
    ../clib/microlib/init/entry.s            0x00000000   Number         0  entry12b.o ABSOLUTE
    ../clib/microlib/init/entry.s            0x00000000   Number         0  entry12a.o ABSOLUTE
    ../clib/microlib/init/entry.s            0x00000000   Number         0  entry11b.o ABSOLUTE
    ../clib/microlib/init/entry.s            0x00000000   Number         0  entry2.o ABSOLUTE
    ../clib/microlib/init/entry.s            0x00000000   Number         0  entry5.o ABSOLUTE
    ../clib/microlib/init/entry.s            0x00000000   Number         0  entry10b.o ABSOLUTE
    ../clib/microlib/string/memcpy.c         0x00000000   Number         0  memcpyb.o ABSOLUTE
    ../clib/microlib/string/memcpy.c         0x00000000   Number         0  memcpya.o ABSOLUTE
    ../clib/microlib/string/memset.c         0x00000000   Number         0  memseta.o ABSOLUTE
    ..\CM7\Core\Src\fmc.c                    0x00000000   Number         0  fmc.o ABSOLUTE
    ..\CM7\Core\Src\gpio.c                   0x00000000   Number         0  gpio.o ABSOLUTE
    ..\CM7\Core\Src\ltdc.c                   0x00000000   Number         0  ltdc.o ABSOLUTE
    ..\CM7\Core\Src\main.c                   0x00000000   Number         0  main_1.o ABSOLUTE
    ..\CM7\Core\Src\stm32h7xx_hal_msp.c      0x00000000   Number         0  stm32h7xx_hal_msp_1.o ABSOLUTE
    ..\CM7\Core\Src\stm32h7xx_it.c           0x00000000   Number         0  stm32h7xx_it_1.o ABSOLUTE
    ..\Common\Src\system_stm32h7xx_dualcore_boot_cm4_cm7.c 0x00000000   Number         0  system_stm32h7xx_dualcore_boot_cm4_cm7.o ABSOLUTE
    ..\Drivers\STM32H7xx_HAL_Driver\Src\stm32h7xx_hal.c 0x00000000   Number         0  stm32h7xx_hal.o ABSOLUTE
    ..\Drivers\STM32H7xx_HAL_Driver\Src\stm32h7xx_hal_cortex.c 0x00000000   Number         0  stm32h7xx_hal_cortex.o ABSOLUTE
    ..\Drivers\STM32H7xx_HAL_Driver\Src\stm32h7xx_hal_dma.c 0x00000000   Number         0  stm32h7xx_hal_dma.o ABSOLUTE
    ..\Drivers\STM32H7xx_HAL_Driver\Src\stm32h7xx_hal_dma_ex.c 0x00000000   Number         0  stm32h7xx_hal_dma_ex.o ABSOLUTE
    ..\Drivers\STM32H7xx_HAL_Driver\Src\stm32h7xx_hal_exti.c 0x00000000   Number         0  stm32h7xx_hal_exti.o ABSOLUTE
    ..\Drivers\STM32H7xx_HAL_Driver\Src\stm32h7xx_hal_flash.c 0x00000000   Number         0  stm32h7xx_hal_flash.o ABSOLUTE
    ..\Drivers\STM32H7xx_HAL_Driver\Src\stm32h7xx_hal_flash_ex.c 0x00000000   Number         0  stm32h7xx_hal_flash_ex.o ABSOLUTE
    ..\Drivers\STM32H7xx_HAL_Driver\Src\stm32h7xx_hal_gpio.c 0x00000000   Number         0  stm32h7xx_hal_gpio.o ABSOLUTE
    ..\Drivers\STM32H7xx_HAL_Driver\Src\stm32h7xx_hal_hsem.c 0x00000000   Number         0  stm32h7xx_hal_hsem.o ABSOLUTE
    ..\Drivers\STM32H7xx_HAL_Driver\Src\stm32h7xx_hal_i2c.c 0x00000000   Number         0  stm32h7xx_hal_i2c.o ABSOLUTE
    ..\Drivers\STM32H7xx_HAL_Driver\Src\stm32h7xx_hal_i2c_ex.c 0x00000000   Number         0  stm32h7xx_hal_i2c_ex.o ABSOLUTE
    ..\Drivers\STM32H7xx_HAL_Driver\Src\stm32h7xx_hal_ltdc.c 0x00000000   Number         0  stm32h7xx_hal_ltdc.o ABSOLUTE
    ..\Drivers\STM32H7xx_HAL_Driver\Src\stm32h7xx_hal_ltdc_ex.c 0x00000000   Number         0  stm32h7xx_hal_ltdc_ex.o ABSOLUTE
    ..\Drivers\STM32H7xx_HAL_Driver\Src\stm32h7xx_hal_mdma.c 0x00000000   Number         0  stm32h7xx_hal_mdma.o ABSOLUTE
    ..\Drivers\STM32H7xx_HAL_Driver\Src\stm32h7xx_hal_pwr.c 0x00000000   Number         0  stm32h7xx_hal_pwr.o ABSOLUTE
    ..\Drivers\STM32H7xx_HAL_Driver\Src\stm32h7xx_hal_pwr_ex.c 0x00000000   Number         0  stm32h7xx_hal_pwr_ex.o ABSOLUTE
    ..\Drivers\STM32H7xx_HAL_Driver\Src\stm32h7xx_hal_rcc.c 0x00000000   Number         0  stm32h7xx_hal_rcc.o ABSOLUTE
    ..\Drivers\STM32H7xx_HAL_Driver\Src\stm32h7xx_hal_rcc_ex.c 0x00000000   Number         0  stm32h7xx_hal_rcc_ex.o ABSOLUTE
    ..\Drivers\STM32H7xx_HAL_Driver\Src\stm32h7xx_hal_sdram.c 0x00000000   Number         0  stm32h7xx_hal_sdram.o ABSOLUTE
    ..\Drivers\STM32H7xx_HAL_Driver\Src\stm32h7xx_hal_tim.c 0x00000000   Number         0  stm32h7xx_hal_tim.o ABSOLUTE
    ..\Drivers\STM32H7xx_HAL_Driver\Src\stm32h7xx_hal_tim_ex.c 0x00000000   Number         0  stm32h7xx_hal_tim_ex.o ABSOLUTE
    ..\Drivers\STM32H7xx_HAL_Driver\Src\stm32h7xx_ll_fmc.c 0x00000000   Number         0  stm32h7xx_ll_fmc.o ABSOLUTE
    ..\\CM7\\Core\\Src\\ltdc.c               0x00000000   Number         0  ltdc.o ABSOLUTE
    ..\\Drivers\\STM32H7xx_HAL_Driver\\Src\\stm32h7xx_hal_ltdc.c 0x00000000   Number         0  stm32h7xx_hal_ltdc.o ABSOLUTE
    ..\\Drivers\\STM32H7xx_HAL_Driver\\Src\\stm32h7xx_hal_ltdc_ex.c 0x00000000   Number         0  stm32h7xx_hal_ltdc_ex.o ABSOLUTE
    dc.s                                     0x00000000   Number         0  dc.o ABSOLUTE
    handlers.s                               0x00000000   Number         0  handlers.o ABSOLUTE
    init.s                                   0x00000000   Number         0  init.o ABSOLUTE
    startup_stm32h757xx_CM7.s                0x00000000   Number         0  startup_stm32h757xx_cm7.o ABSOLUTE
    .data                                    0x24000000   Section        5  main_1.o(.data)
    i                                        0x24000004   Data           1  main_1.o(.data)
    .data                                    0x24000008   Section        8  fmc.o(.data)
    FMC_Initialized                          0x24000008   Data           4  fmc.o(.data)
    FMC_DeInitialized                        0x2400000c   Data           4  fmc.o(.data)
    .data                                    0x24000010   Section        9  stm32h7xx_hal.o(.data)
    .data                                    0x2400001c   Section        8  system_stm32h7xx_dualcore_boot_cm4_cm7.o(.data)
    .bss                                     0x24000024   Section       68  fmc.o(.bss)
    .bss                                     0x24000068   Section      168  ltdc.o(.bss)
    STACK                                    0x24000110   Section     1024  startup_stm32h757xx_cm7.o(STACK)
    RESET                                    0x90000000   Section      664  startup_stm32h757xx_cm7.o(RESET)
    .ARM.Collect$$$$00000000                 0x90000298   Section        0  entry.o(.ARM.Collect$$$$00000000)
    .ARM.Collect$$$$00000001                 0x90000298   Section        4  entry2.o(.ARM.Collect$$$$00000001)
    .ARM.Collect$$$$00000004                 0x9000029c   Section        4  entry5.o(.ARM.Collect$$$$00000004)
    .ARM.Collect$$$$00000008                 0x900002a0   Section        0  entry7b.o(.ARM.Collect$$$$00000008)
    .ARM.Collect$$$$0000000A                 0x900002a0   Section        0  entry8b.o(.ARM.Collect$$$$0000000A)
    .ARM.Collect$$$$0000000B                 0x900002a0   Section        8  entry9a.o(.ARM.Collect$$$$0000000B)
    .ARM.Collect$$$$0000000E                 0x900002a8   Section        4  entry12b.o(.ARM.Collect$$$$0000000E)
    .ARM.Collect$$$$0000000F                 0x900002ac   Section        0  entry10a.o(.ARM.Collect$$$$0000000F)
    .ARM.Collect$$$$00000011                 0x900002ac   Section        0  entry11a.o(.ARM.Collect$$$$00000011)
    .ARM.Collect$$$$00002712                 0x900002ac   Section        4  entry2.o(.ARM.Collect$$$$00002712)
    __lit__00000000                          0x900002ac   Data           4  entry2.o(.ARM.Collect$$$$00002712)
    .text                                    0x900002b0   Section       36  startup_stm32h757xx_cm7.o(.text)
    $v0                                      0x900002b0   Number         0  startup_stm32h757xx_cm7.o(.text)
    .text                                    0x900002d4   Section        0  memcpya.o(.text)
    .text                                    0x900002f8   Section        0  memseta.o(.text)
    .text                                    0x9000031c   Section       36  init.o(.text)
    i.BusFault_Handler                       0x90000340   Section        0  stm32h7xx_it_1.o(i.BusFault_Handler)
    i.DebugMon_Handler                       0x90000344   Section        0  stm32h7xx_it_1.o(i.DebugMon_Handler)
    i.Error_Handler                          0x90000346   Section        0  main_1.o(i.Error_Handler)
    i.FMC_SDRAM_Init                         0x9000034c   Section        0  stm32h7xx_ll_fmc.o(i.FMC_SDRAM_Init)
    i.FMC_SDRAM_ProgramRefreshRate           0x900003b8   Section        0  stm32h7xx_ll_fmc.o(i.FMC_SDRAM_ProgramRefreshRate)
    i.FMC_SDRAM_SendCommand                  0x900003cc   Section        0  stm32h7xx_ll_fmc.o(i.FMC_SDRAM_SendCommand)
    i.FMC_SDRAM_Timing_Init                  0x900003f4   Section        0  stm32h7xx_ll_fmc.o(i.FMC_SDRAM_Timing_Init)
    i.HAL_Delay                              0x90000488   Section        0  stm32h7xx_hal.o(i.HAL_Delay)
    i.HAL_FMC_MspInit                        0x900004b0   Section        0  fmc.o(i.HAL_FMC_MspInit)
    HAL_FMC_MspInit                          0x900004b1   Thumb Code   300  fmc.o(i.HAL_FMC_MspInit)
    i.HAL_GPIO_Init                          0x90000600   Section        0  stm32h7xx_hal_gpio.o(i.HAL_GPIO_Init)
    i.HAL_GPIO_WritePin                      0x900007fc   Section        0  stm32h7xx_hal_gpio.o(i.HAL_GPIO_WritePin)
    i.HAL_GetREVID                           0x90000808   Section        0  stm32h7xx_hal.o(i.HAL_GetREVID)
    i.HAL_GetTick                            0x90000814   Section        0  stm32h7xx_hal.o(i.HAL_GetTick)
    i.HAL_HSEM_FastTake                      0x90000820   Section        0  stm32h7xx_hal_hsem.o(i.HAL_HSEM_FastTake)
    i.HAL_HSEM_Release                       0x90000840   Section        0  stm32h7xx_hal_hsem.o(i.HAL_HSEM_Release)
    i.HAL_IncTick                            0x90000858   Section        0  stm32h7xx_hal.o(i.HAL_IncTick)
    i.HAL_Init                               0x90000870   Section        0  stm32h7xx_hal.o(i.HAL_Init)
    i.HAL_InitTick                           0x900008d0   Section        0  stm32h7xx_hal.o(i.HAL_InitTick)
    i.HAL_LTDC_ConfigLayer                   0x90000928   Section        0  stm32h7xx_hal_ltdc.o(i.HAL_LTDC_ConfigLayer)
    i.HAL_LTDC_ErrorCallback                 0x90000986   Section        0  stm32h7xx_hal_ltdc.o(i.HAL_LTDC_ErrorCallback)
    i.HAL_LTDC_IRQHandler                    0x90000988   Section        0  stm32h7xx_hal_ltdc.o(i.HAL_LTDC_IRQHandler)
    i.HAL_LTDC_Init                          0x90000a7c   Section        0  stm32h7xx_hal_ltdc.o(i.HAL_LTDC_Init)
    i.HAL_LTDC_LineEventCallback             0x90000b94   Section        0  stm32h7xx_hal_ltdc.o(i.HAL_LTDC_LineEventCallback)
    i.HAL_LTDC_MspInit                       0x90000b98   Section        0  ltdc.o(i.HAL_LTDC_MspInit)
    i.HAL_LTDC_ReloadEventCallback           0x90000e1c   Section        0  stm32h7xx_hal_ltdc.o(i.HAL_LTDC_ReloadEventCallback)
    i.HAL_MspInit                            0x90000e20   Section        0  stm32h7xx_hal_msp_1.o(i.HAL_MspInit)
    i.HAL_NVIC_EnableIRQ                     0x90000e44   Section        0  stm32h7xx_hal_cortex.o(i.HAL_NVIC_EnableIRQ)
    i.HAL_NVIC_SetPriority                   0x90000e6c   Section        0  stm32h7xx_hal_cortex.o(i.HAL_NVIC_SetPriority)
    i.HAL_NVIC_SetPriorityGrouping           0x90000ee8   Section        0  stm32h7xx_hal_cortex.o(i.HAL_NVIC_SetPriorityGrouping)
    i.HAL_PWREx_ConfigSupply                 0x90000f10   Section        0  stm32h7xx_hal_pwr_ex.o(i.HAL_PWREx_ConfigSupply)
    i.HAL_RCCEx_PeriphCLKConfig              0x90000fa4   Section        0  stm32h7xx_hal_rcc_ex.o(i.HAL_RCCEx_PeriphCLKConfig)
    i.HAL_RCC_ClockConfig                    0x90001d60   Section        0  stm32h7xx_hal_rcc.o(i.HAL_RCC_ClockConfig)
    i.HAL_RCC_GetSysClockFreq                0x90002080   Section        0  stm32h7xx_hal_rcc.o(i.HAL_RCC_GetSysClockFreq)
    i.HAL_RCC_OscConfig                      0x900022ac   Section        0  stm32h7xx_hal_rcc.o(i.HAL_RCC_OscConfig)
    i.HAL_SDRAM_Init                         0x90002b04   Section        0  stm32h7xx_hal_sdram.o(i.HAL_SDRAM_Init)
    i.HAL_SDRAM_MspInit                      0x90002b54   Section        0  fmc.o(i.HAL_SDRAM_MspInit)
    i.HAL_SDRAM_ProgramRefreshRate           0x90002b5e   Section        0  stm32h7xx_hal_sdram.o(i.HAL_SDRAM_ProgramRefreshRate)
    i.HAL_SDRAM_SendCommand                  0x90002b94   Section        0  stm32h7xx_hal_sdram.o(i.HAL_SDRAM_SendCommand)
    i.HAL_SYSTICK_Config                     0x90002be2   Section        0  stm32h7xx_hal_cortex.o(i.HAL_SYSTICK_Config)
    i.HardFault_Handler                      0x90002c16   Section        0  stm32h7xx_it_1.o(i.HardFault_Handler)
    i.LTDC_IRQHandler                        0x90002c1c   Section        0  stm32h7xx_it_1.o(i.LTDC_IRQHandler)
    i.LTDC_SetConfig                         0x90002c2c   Section        0  stm32h7xx_hal_ltdc.o(i.LTDC_SetConfig)
    LTDC_SetConfig                           0x90002c2d   Thumb Code   528  stm32h7xx_hal_ltdc.o(i.LTDC_SetConfig)
    i.MX_FMC_Init                            0x90002e3c   Section        0  fmc.o(i.MX_FMC_Init)
    i.MX_GPIO_Init                           0x90002ebc   Section        0  gpio.o(i.MX_GPIO_Init)
    i.MX_LTDC_Init                           0x90002ffc   Section        0  ltdc.o(i.MX_LTDC_Init)
    i.MemManage_Handler                      0x900030c4   Section        0  stm32h7xx_it_1.o(i.MemManage_Handler)
    i.NMI_Handler                            0x900030c8   Section        0  stm32h7xx_it_1.o(i.NMI_Handler)
    i.PendSV_Handler                         0x900030cc   Section        0  stm32h7xx_it_1.o(i.PendSV_Handler)
    i.RCCEx_PLL2_Config                      0x900030d0   Section        0  stm32h7xx_hal_rcc_ex.o(i.RCCEx_PLL2_Config)
    RCCEx_PLL2_Config                        0x900030d1   Thumb Code   350  stm32h7xx_hal_rcc_ex.o(i.RCCEx_PLL2_Config)
    i.RCCEx_PLL3_Config                      0x90003234   Section        0  stm32h7xx_hal_rcc_ex.o(i.RCCEx_PLL3_Config)
    RCCEx_PLL3_Config                        0x90003235   Thumb Code   350  stm32h7xx_hal_rcc_ex.o(i.RCCEx_PLL3_Config)
    i.SDRAM_Initialization_Sequence          0x90003398   Section        0  fmc.o(i.SDRAM_Initialization_Sequence)
    i.SVC_Handler                            0x9000342a   Section        0  stm32h7xx_it_1.o(i.SVC_Handler)
    i.SysTick_Handler                        0x9000342c   Section        0  stm32h7xx_it_1.o(i.SysTick_Handler)
    i.SystemClock_Config                     0x90003434   Section        0  main_1.o(i.SystemClock_Config)
    i.SystemInit                             0x90003568   Section        0  system_stm32h7xx_dualcore_boot_cm4_cm7.o(i.SystemInit)
    i.UsageFault_Handler                     0x90003688   Section        0  stm32h7xx_it_1.o(i.UsageFault_Handler)
    i.__NVIC_GetPriorityGrouping             0x9000368c   Section        0  stm32h7xx_hal_cortex.o(i.__NVIC_GetPriorityGrouping)
    __NVIC_GetPriorityGrouping               0x9000368d   Thumb Code    10  stm32h7xx_hal_cortex.o(i.__NVIC_GetPriorityGrouping)
    i.__NVIC_SetPriority                     0x9000369c   Section        0  stm32h7xx_hal_cortex.o(i.__NVIC_SetPriority)
    __NVIC_SetPriority                       0x9000369d   Thumb Code    32  stm32h7xx_hal_cortex.o(i.__NVIC_SetPriority)
    i.__scatterload_copy                     0x900036c4   Section       14  handlers.o(i.__scatterload_copy)
    i.__scatterload_null                     0x900036d2   Section        2  handlers.o(i.__scatterload_null)
    i.__scatterload_zeroinit                 0x900036d4   Section       14  handlers.o(i.__scatterload_zeroinit)
    i.main                                   0x900036e4   Section        0  main_1.o(i.main)
    .constdata                               0x90003914   Section       16  system_stm32h7xx_dualcore_boot_cm4_cm7.o(.constdata)

    Global Symbols

    Symbol Name                              Value     Ov Type        Size  Object(Section)

    BuildAttributes$$THM_ISAv4$E$P$D$K$B$S$7EM$VFPv5_D16$PE$PLD8$A:L22UL41UL21$X:L11$S22US41US21$IEEE1$IW$USESV6$~STKCKD$USESV7$~SHL$OSPACE$EBA8$MICROLIB$REQ8$PRES8$EABIv2 0x00000000   Number         0  anon$$obj.o ABSOLUTE
    __ARM_use_no_argv                        0x00000000   Number         0  main_1.o ABSOLUTE
    __arm_fini_                               - Undefined Weak Reference
    __cpp_initialize__aeabi_                  - Undefined Weak Reference
    __cxa_finalize                            - Undefined Weak Reference
    __decompress                              - Undefined Weak Reference
    _clock_init                               - Undefined Weak Reference
    _microlib_exit                            - Undefined Weak Reference
    __Vectors_Size                           0x00000298   Number         0  startup_stm32h757xx_cm7.o ABSOLUTE
    ret                                      0x24000000   Data           4  main_1.o(.data)
    uwTick                                   0x24000010   Data           4  stm32h7xx_hal.o(.data)
    uwTickPrio                               0x24000014   Data           4  stm32h7xx_hal.o(.data)
    uwTickFreq                               0x24000018   Data           1  stm32h7xx_hal.o(.data)
    SystemCoreClock                          0x2400001c   Data           4  system_stm32h7xx_dualcore_boot_cm4_cm7.o(.data)
    SystemD2Clock                            0x24000020   Data           4  system_stm32h7xx_dualcore_boot_cm4_cm7.o(.data)
    command                                  0x24000024   Data          16  fmc.o(.bss)
    hsdram1                                  0x24000034   Data          52  fmc.o(.bss)
    hltdc                                    0x24000068   Data         168  ltdc.o(.bss)
    __initial_sp                             0x24000510   Data           0  startup_stm32h757xx_cm7.o(STACK)
    __Vectors                                0x90000000   Data           4  startup_stm32h757xx_cm7.o(RESET)
    __Vectors_End                            0x90000298   Data           0  startup_stm32h757xx_cm7.o(RESET)
    __main                                   0x90000299   Thumb Code     0  entry.o(.ARM.Collect$$$$00000000)
    _main_stk                                0x90000299   Thumb Code     0  entry2.o(.ARM.Collect$$$$00000001)
    _main_scatterload                        0x9000029d   Thumb Code     0  entry5.o(.ARM.Collect$$$$00000004)
    __main_after_scatterload                 0x900002a1   Thumb Code     0  entry5.o(.ARM.Collect$$$$00000004)
    _main_clock                              0x900002a1   Thumb Code     0  entry7b.o(.ARM.Collect$$$$00000008)
    _main_cpp_init                           0x900002a1   Thumb Code     0  entry8b.o(.ARM.Collect$$$$0000000A)
    _main_init                               0x900002a1   Thumb Code     0  entry9a.o(.ARM.Collect$$$$0000000B)
    __rt_lib_shutdown_fini                   0x900002a9   Thumb Code     0  entry12b.o(.ARM.Collect$$$$0000000E)
    __rt_final_cpp                           0x900002ad   Thumb Code     0  entry10a.o(.ARM.Collect$$$$0000000F)
    __rt_final_exit                          0x900002ad   Thumb Code     0  entry11a.o(.ARM.Collect$$$$00000011)
    Reset_Handler                            0x900002b1   Thumb Code     8  startup_stm32h757xx_cm7.o(.text)
    ADC3_IRQHandler                          0x900002cb   Thumb Code     0  startup_stm32h757xx_cm7.o(.text)
    ADC_IRQHandler                           0x900002cb   Thumb Code     0  startup_stm32h757xx_cm7.o(.text)
    BDMA_Channel0_IRQHandler                 0x900002cb   Thumb Code     0  startup_stm32h757xx_cm7.o(.text)
    BDMA_Channel1_IRQHandler                 0x900002cb   Thumb Code     0  startup_stm32h757xx_cm7.o(.text)
    BDMA_Channel2_IRQHandler                 0x900002cb   Thumb Code     0  startup_stm32h757xx_cm7.o(.text)
    BDMA_Channel3_IRQHandler                 0x900002cb   Thumb Code     0  startup_stm32h757xx_cm7.o(.text)
    BDMA_Channel4_IRQHandler                 0x900002cb   Thumb Code     0  startup_stm32h757xx_cm7.o(.text)
    BDMA_Channel5_IRQHandler                 0x900002cb   Thumb Code     0  startup_stm32h757xx_cm7.o(.text)
    BDMA_Channel6_IRQHandler                 0x900002cb   Thumb Code     0  startup_stm32h757xx_cm7.o(.text)
    BDMA_Channel7_IRQHandler                 0x900002cb   Thumb Code     0  startup_stm32h757xx_cm7.o(.text)
    CEC_IRQHandler                           0x900002cb   Thumb Code     0  startup_stm32h757xx_cm7.o(.text)
    CM4_SEV_IRQHandler                       0x900002cb   Thumb Code     0  startup_stm32h757xx_cm7.o(.text)
    CM7_SEV_IRQHandler                       0x900002cb   Thumb Code     0  startup_stm32h757xx_cm7.o(.text)
    COMP1_IRQHandler                         0x900002cb   Thumb Code     0  startup_stm32h757xx_cm7.o(.text)
    CRS_IRQHandler                           0x900002cb   Thumb Code     0  startup_stm32h757xx_cm7.o(.text)
    CRYP_IRQHandler                          0x900002cb   Thumb Code     0  startup_stm32h757xx_cm7.o(.text)
    DCMI_IRQHandler                          0x900002cb   Thumb Code     0  startup_stm32h757xx_cm7.o(.text)
    DFSDM1_FLT0_IRQHandler                   0x900002cb   Thumb Code     0  startup_stm32h757xx_cm7.o(.text)
    DFSDM1_FLT1_IRQHandler                   0x900002cb   Thumb Code     0  startup_stm32h757xx_cm7.o(.text)
    DFSDM1_FLT2_IRQHandler                   0x900002cb   Thumb Code     0  startup_stm32h757xx_cm7.o(.text)
    DFSDM1_FLT3_IRQHandler                   0x900002cb   Thumb Code     0  startup_stm32h757xx_cm7.o(.text)
    DMA1_Stream0_IRQHandler                  0x900002cb   Thumb Code     0  startup_stm32h757xx_cm7.o(.text)
    DMA1_Stream1_IRQHandler                  0x900002cb   Thumb Code     0  startup_stm32h757xx_cm7.o(.text)
    DMA1_Stream2_IRQHandler                  0x900002cb   Thumb Code     0  startup_stm32h757xx_cm7.o(.text)
    DMA1_Stream3_IRQHandler                  0x900002cb   Thumb Code     0  startup_stm32h757xx_cm7.o(.text)
    DMA1_Stream4_IRQHandler                  0x900002cb   Thumb Code     0  startup_stm32h757xx_cm7.o(.text)
    DMA1_Stream5_IRQHandler                  0x900002cb   Thumb Code     0  startup_stm32h757xx_cm7.o(.text)
    DMA1_Stream6_IRQHandler                  0x900002cb   Thumb Code     0  startup_stm32h757xx_cm7.o(.text)
    DMA1_Stream7_IRQHandler                  0x900002cb   Thumb Code     0  startup_stm32h757xx_cm7.o(.text)
    DMA2D_IRQHandler                         0x900002cb   Thumb Code     0  startup_stm32h757xx_cm7.o(.text)
    DMA2_Stream0_IRQHandler                  0x900002cb   Thumb Code     0  startup_stm32h757xx_cm7.o(.text)
    DMA2_Stream1_IRQHandler                  0x900002cb   Thumb Code     0  startup_stm32h757xx_cm7.o(.text)
    DMA2_Stream2_IRQHandler                  0x900002cb   Thumb Code     0  startup_stm32h757xx_cm7.o(.text)
    DMA2_Stream3_IRQHandler                  0x900002cb   Thumb Code     0  startup_stm32h757xx_cm7.o(.text)
    DMA2_Stream4_IRQHandler                  0x900002cb   Thumb Code     0  startup_stm32h757xx_cm7.o(.text)
    DMA2_Stream5_IRQHandler                  0x900002cb   Thumb Code     0  startup_stm32h757xx_cm7.o(.text)
    DMA2_Stream6_IRQHandler                  0x900002cb   Thumb Code     0  startup_stm32h757xx_cm7.o(.text)
    DMA2_Stream7_IRQHandler                  0x900002cb   Thumb Code     0  startup_stm32h757xx_cm7.o(.text)
    DMAMUX1_OVR_IRQHandler                   0x900002cb   Thumb Code     0  startup_stm32h757xx_cm7.o(.text)
    DMAMUX2_OVR_IRQHandler                   0x900002cb   Thumb Code     0  startup_stm32h757xx_cm7.o(.text)
    DSI_IRQHandler                           0x900002cb   Thumb Code     0  startup_stm32h757xx_cm7.o(.text)
    ECC_IRQHandler                           0x900002cb   Thumb Code     0  startup_stm32h757xx_cm7.o(.text)
    ETH_IRQHandler                           0x900002cb   Thumb Code     0  startup_stm32h757xx_cm7.o(.text)
    ETH_WKUP_IRQHandler                      0x900002cb   Thumb Code     0  startup_stm32h757xx_cm7.o(.text)
    EXTI0_IRQHandler                         0x900002cb   Thumb Code     0  startup_stm32h757xx_cm7.o(.text)
    EXTI15_10_IRQHandler                     0x900002cb   Thumb Code     0  startup_stm32h757xx_cm7.o(.text)
    EXTI1_IRQHandler                         0x900002cb   Thumb Code     0  startup_stm32h757xx_cm7.o(.text)
    EXTI2_IRQHandler                         0x900002cb   Thumb Code     0  startup_stm32h757xx_cm7.o(.text)
    EXTI3_IRQHandler                         0x900002cb   Thumb Code     0  startup_stm32h757xx_cm7.o(.text)
    EXTI4_IRQHandler                         0x900002cb   Thumb Code     0  startup_stm32h757xx_cm7.o(.text)
    EXTI9_5_IRQHandler                       0x900002cb   Thumb Code     0  startup_stm32h757xx_cm7.o(.text)
    FDCAN1_IT0_IRQHandler                    0x900002cb   Thumb Code     0  startup_stm32h757xx_cm7.o(.text)
    FDCAN1_IT1_IRQHandler                    0x900002cb   Thumb Code     0  startup_stm32h757xx_cm7.o(.text)
    FDCAN2_IT0_IRQHandler                    0x900002cb   Thumb Code     0  startup_stm32h757xx_cm7.o(.text)
    FDCAN2_IT1_IRQHandler                    0x900002cb   Thumb Code     0  startup_stm32h757xx_cm7.o(.text)
    FDCAN_CAL_IRQHandler                     0x900002cb   Thumb Code     0  startup_stm32h757xx_cm7.o(.text)
    FLASH_IRQHandler                         0x900002cb   Thumb Code     0  startup_stm32h757xx_cm7.o(.text)
    FMC_IRQHandler                           0x900002cb   Thumb Code     0  startup_stm32h757xx_cm7.o(.text)
    FPU_IRQHandler                           0x900002cb   Thumb Code     0  startup_stm32h757xx_cm7.o(.text)
    HASH_RNG_IRQHandler                      0x900002cb   Thumb Code     0  startup_stm32h757xx_cm7.o(.text)
    HOLD_CORE_IRQHandler                     0x900002cb   Thumb Code     0  startup_stm32h757xx_cm7.o(.text)
    HRTIM1_FLT_IRQHandler                    0x900002cb   Thumb Code     0  startup_stm32h757xx_cm7.o(.text)
    HRTIM1_Master_IRQHandler                 0x900002cb   Thumb Code     0  startup_stm32h757xx_cm7.o(.text)
    HRTIM1_TIMA_IRQHandler                   0x900002cb   Thumb Code     0  startup_stm32h757xx_cm7.o(.text)
    HRTIM1_TIMB_IRQHandler                   0x900002cb   Thumb Code     0  startup_stm32h757xx_cm7.o(.text)
    HRTIM1_TIMC_IRQHandler                   0x900002cb   Thumb Code     0  startup_stm32h757xx_cm7.o(.text)
    HRTIM1_TIMD_IRQHandler                   0x900002cb   Thumb Code     0  startup_stm32h757xx_cm7.o(.text)
    HRTIM1_TIME_IRQHandler                   0x900002cb   Thumb Code     0  startup_stm32h757xx_cm7.o(.text)
    HSEM1_IRQHandler                         0x900002cb   Thumb Code     0  startup_stm32h757xx_cm7.o(.text)
    HSEM2_IRQHandler                         0x900002cb   Thumb Code     0  startup_stm32h757xx_cm7.o(.text)
    I2C1_ER_IRQHandler                       0x900002cb   Thumb Code     0  startup_stm32h757xx_cm7.o(.text)
    I2C1_EV_IRQHandler                       0x900002cb   Thumb Code     0  startup_stm32h757xx_cm7.o(.text)
    I2C2_ER_IRQHandler                       0x900002cb   Thumb Code     0  startup_stm32h757xx_cm7.o(.text)
    I2C2_EV_IRQHandler                       0x900002cb   Thumb Code     0  startup_stm32h757xx_cm7.o(.text)
    I2C3_ER_IRQHandler                       0x900002cb   Thumb Code     0  startup_stm32h757xx_cm7.o(.text)
    I2C3_EV_IRQHandler                       0x900002cb   Thumb Code     0  startup_stm32h757xx_cm7.o(.text)
    I2C4_ER_IRQHandler                       0x900002cb   Thumb Code     0  startup_stm32h757xx_cm7.o(.text)
    I2C4_EV_IRQHandler                       0x900002cb   Thumb Code     0  startup_stm32h757xx_cm7.o(.text)
    JPEG_IRQHandler                          0x900002cb   Thumb Code     0  startup_stm32h757xx_cm7.o(.text)
    LPTIM1_IRQHandler                        0x900002cb   Thumb Code     0  startup_stm32h757xx_cm7.o(.text)
    LPTIM2_IRQHandler                        0x900002cb   Thumb Code     0  startup_stm32h757xx_cm7.o(.text)
    LPTIM3_IRQHandler                        0x900002cb   Thumb Code     0  startup_stm32h757xx_cm7.o(.text)
    LPTIM4_IRQHandler                        0x900002cb   Thumb Code     0  startup_stm32h757xx_cm7.o(.text)
    LPTIM5_IRQHandler                        0x900002cb   Thumb Code     0  startup_stm32h757xx_cm7.o(.text)
    LPUART1_IRQHandler                       0x900002cb   Thumb Code     0  startup_stm32h757xx_cm7.o(.text)
    LTDC_ER_IRQHandler                       0x900002cb   Thumb Code     0  startup_stm32h757xx_cm7.o(.text)
    MDIOS_IRQHandler                         0x900002cb   Thumb Code     0  startup_stm32h757xx_cm7.o(.text)
    MDIOS_WKUP_IRQHandler                    0x900002cb   Thumb Code     0  startup_stm32h757xx_cm7.o(.text)
    MDMA_IRQHandler                          0x900002cb   Thumb Code     0  startup_stm32h757xx_cm7.o(.text)
    OTG_FS_EP1_IN_IRQHandler                 0x900002cb   Thumb Code     0  startup_stm32h757xx_cm7.o(.text)
    OTG_FS_EP1_OUT_IRQHandler                0x900002cb   Thumb Code     0  startup_stm32h757xx_cm7.o(.text)
    OTG_FS_IRQHandler                        0x900002cb   Thumb Code     0  startup_stm32h757xx_cm7.o(.text)
    OTG_FS_WKUP_IRQHandler                   0x900002cb   Thumb Code     0  startup_stm32h757xx_cm7.o(.text)
    OTG_HS_EP1_IN_IRQHandler                 0x900002cb   Thumb Code     0  startup_stm32h757xx_cm7.o(.text)
    OTG_HS_EP1_OUT_IRQHandler                0x900002cb   Thumb Code     0  startup_stm32h757xx_cm7.o(.text)
    OTG_HS_IRQHandler                        0x900002cb   Thumb Code     0  startup_stm32h757xx_cm7.o(.text)
    OTG_HS_WKUP_IRQHandler                   0x900002cb   Thumb Code     0  startup_stm32h757xx_cm7.o(.text)
    PVD_AVD_IRQHandler                       0x900002cb   Thumb Code     0  startup_stm32h757xx_cm7.o(.text)
    QUADSPI_IRQHandler                       0x900002cb   Thumb Code     0  startup_stm32h757xx_cm7.o(.text)
    RCC_IRQHandler                           0x900002cb   Thumb Code     0  startup_stm32h757xx_cm7.o(.text)
    RTC_Alarm_IRQHandler                     0x900002cb   Thumb Code     0  startup_stm32h757xx_cm7.o(.text)
    RTC_WKUP_IRQHandler                      0x900002cb   Thumb Code     0  startup_stm32h757xx_cm7.o(.text)
    SAI1_IRQHandler                          0x900002cb   Thumb Code     0  startup_stm32h757xx_cm7.o(.text)
    SAI2_IRQHandler                          0x900002cb   Thumb Code     0  startup_stm32h757xx_cm7.o(.text)
    SAI3_IRQHandler                          0x900002cb   Thumb Code     0  startup_stm32h757xx_cm7.o(.text)
    SAI4_IRQHandler                          0x900002cb   Thumb Code     0  startup_stm32h757xx_cm7.o(.text)
    SDMMC1_IRQHandler                        0x900002cb   Thumb Code     0  startup_stm32h757xx_cm7.o(.text)
    SDMMC2_IRQHandler                        0x900002cb   Thumb Code     0  startup_stm32h757xx_cm7.o(.text)
    SPDIF_RX_IRQHandler                      0x900002cb   Thumb Code     0  startup_stm32h757xx_cm7.o(.text)
    SPI1_IRQHandler                          0x900002cb   Thumb Code     0  startup_stm32h757xx_cm7.o(.text)
    SPI2_IRQHandler                          0x900002cb   Thumb Code     0  startup_stm32h757xx_cm7.o(.text)
    SPI3_IRQHandler                          0x900002cb   Thumb Code     0  startup_stm32h757xx_cm7.o(.text)
    SPI4_IRQHandler                          0x900002cb   Thumb Code     0  startup_stm32h757xx_cm7.o(.text)
    SPI5_IRQHandler                          0x900002cb   Thumb Code     0  startup_stm32h757xx_cm7.o(.text)
    SPI6_IRQHandler                          0x900002cb   Thumb Code     0  startup_stm32h757xx_cm7.o(.text)
    SWPMI1_IRQHandler                        0x900002cb   Thumb Code     0  startup_stm32h757xx_cm7.o(.text)
    TAMP_STAMP_IRQHandler                    0x900002cb   Thumb Code     0  startup_stm32h757xx_cm7.o(.text)
    TIM15_IRQHandler                         0x900002cb   Thumb Code     0  startup_stm32h757xx_cm7.o(.text)
    TIM16_IRQHandler                         0x900002cb   Thumb Code     0  startup_stm32h757xx_cm7.o(.text)
    TIM17_IRQHandler                         0x900002cb   Thumb Code     0  startup_stm32h757xx_cm7.o(.text)
    TIM1_BRK_IRQHandler                      0x900002cb   Thumb Code     0  startup_stm32h757xx_cm7.o(.text)
    TIM1_CC_IRQHandler                       0x900002cb   Thumb Code     0  startup_stm32h757xx_cm7.o(.text)
    TIM1_TRG_COM_IRQHandler                  0x900002cb   Thumb Code     0  startup_stm32h757xx_cm7.o(.text)
    TIM1_UP_IRQHandler                       0x900002cb   Thumb Code     0  startup_stm32h757xx_cm7.o(.text)
    TIM2_IRQHandler                          0x900002cb   Thumb Code     0  startup_stm32h757xx_cm7.o(.text)
    TIM3_IRQHandler                          0x900002cb   Thumb Code     0  startup_stm32h757xx_cm7.o(.text)
    TIM4_IRQHandler                          0x900002cb   Thumb Code     0  startup_stm32h757xx_cm7.o(.text)
    TIM5_IRQHandler                          0x900002cb   Thumb Code     0  startup_stm32h757xx_cm7.o(.text)
    TIM6_DAC_IRQHandler                      0x900002cb   Thumb Code     0  startup_stm32h757xx_cm7.o(.text)
    TIM7_IRQHandler                          0x900002cb   Thumb Code     0  startup_stm32h757xx_cm7.o(.text)
    TIM8_BRK_TIM12_IRQHandler                0x900002cb   Thumb Code     0  startup_stm32h757xx_cm7.o(.text)
    TIM8_CC_IRQHandler                       0x900002cb   Thumb Code     0  startup_stm32h757xx_cm7.o(.text)
    TIM8_TRG_COM_TIM14_IRQHandler            0x900002cb   Thumb Code     0  startup_stm32h757xx_cm7.o(.text)
    TIM8_UP_TIM13_IRQHandler                 0x900002cb   Thumb Code     0  startup_stm32h757xx_cm7.o(.text)
    UART4_IRQHandler                         0x900002cb   Thumb Code     0  startup_stm32h757xx_cm7.o(.text)
    UART5_IRQHandler                         0x900002cb   Thumb Code     0  startup_stm32h757xx_cm7.o(.text)
    UART7_IRQHandler                         0x900002cb   Thumb Code     0  startup_stm32h757xx_cm7.o(.text)
    UART8_IRQHandler                         0x900002cb   Thumb Code     0  startup_stm32h757xx_cm7.o(.text)
    USART1_IRQHandler                        0x900002cb   Thumb Code     0  startup_stm32h757xx_cm7.o(.text)
    USART2_IRQHandler                        0x900002cb   Thumb Code     0  startup_stm32h757xx_cm7.o(.text)
    USART3_IRQHandler                        0x900002cb   Thumb Code     0  startup_stm32h757xx_cm7.o(.text)
    USART6_IRQHandler                        0x900002cb   Thumb Code     0  startup_stm32h757xx_cm7.o(.text)
    WAKEUP_PIN_IRQHandler                    0x900002cb   Thumb Code     0  startup_stm32h757xx_cm7.o(.text)
    WWDG_IRQHandler                          0x900002cb   Thumb Code     0  startup_stm32h757xx_cm7.o(.text)
    WWDG_RST_IRQHandler                      0x900002cb   Thumb Code     0  startup_stm32h757xx_cm7.o(.text)
    __aeabi_memcpy                           0x900002d5   Thumb Code    36  memcpya.o(.text)
    __aeabi_memcpy4                          0x900002d5   Thumb Code     0  memcpya.o(.text)
    __aeabi_memcpy8                          0x900002d5   Thumb Code     0  memcpya.o(.text)
    __aeabi_memset                           0x900002f9   Thumb Code    14  memseta.o(.text)
    __aeabi_memset4                          0x900002f9   Thumb Code     0  memseta.o(.text)
    __aeabi_memset8                          0x900002f9   Thumb Code     0  memseta.o(.text)
    __aeabi_memclr                           0x90000307   Thumb Code     4  memseta.o(.text)
    __aeabi_memclr4                          0x90000307   Thumb Code     0  memseta.o(.text)
    __aeabi_memclr8                          0x90000307   Thumb Code     0  memseta.o(.text)
    _memset$wrapper                          0x9000030b   Thumb Code    18  memseta.o(.text)
    __scatterload                            0x9000031d   Thumb Code    28  init.o(.text)
    __scatterload_rt2                        0x9000031d   Thumb Code     0  init.o(.text)
    BusFault_Handler                         0x90000341   Thumb Code     4  stm32h7xx_it_1.o(i.BusFault_Handler)
    DebugMon_Handler                         0x90000345   Thumb Code     2  stm32h7xx_it_1.o(i.DebugMon_Handler)
    Error_Handler                            0x90000347   Thumb Code     6  main_1.o(i.Error_Handler)
    FMC_SDRAM_Init                           0x9000034d   Thumb Code   108  stm32h7xx_ll_fmc.o(i.FMC_SDRAM_Init)
    FMC_SDRAM_ProgramRefreshRate             0x900003b9   Thumb Code    20  stm32h7xx_ll_fmc.o(i.FMC_SDRAM_ProgramRefreshRate)
    FMC_SDRAM_SendCommand                    0x900003cd   Thumb Code    38  stm32h7xx_ll_fmc.o(i.FMC_SDRAM_SendCommand)
    FMC_SDRAM_Timing_Init                    0x900003f5   Thumb Code   144  stm32h7xx_ll_fmc.o(i.FMC_SDRAM_Timing_Init)
    HAL_Delay                                0x90000489   Thumb Code    36  stm32h7xx_hal.o(i.HAL_Delay)
    HAL_GPIO_Init                            0x90000601   Thumb Code   456  stm32h7xx_hal_gpio.o(i.HAL_GPIO_Init)
    HAL_GPIO_WritePin                        0x900007fd   Thumb Code    12  stm32h7xx_hal_gpio.o(i.HAL_GPIO_WritePin)
    HAL_GetREVID                             0x90000809   Thumb Code     8  stm32h7xx_hal.o(i.HAL_GetREVID)
    HAL_GetTick                              0x90000815   Thumb Code     6  stm32h7xx_hal.o(i.HAL_GetTick)
    HAL_HSEM_FastTake                        0x90000821   Thumb Code    22  stm32h7xx_hal_hsem.o(i.HAL_HSEM_FastTake)
    HAL_HSEM_Release                         0x90000841   Thumb Code    18  stm32h7xx_hal_hsem.o(i.HAL_HSEM_Release)
    HAL_IncTick                              0x90000859   Thumb Code    16  stm32h7xx_hal.o(i.HAL_IncTick)
    HAL_Init                                 0x90000871   Thumb Code    80  stm32h7xx_hal.o(i.HAL_Init)
    HAL_InitTick                             0x900008d1   Thumb Code    74  stm32h7xx_hal.o(i.HAL_InitTick)
    HAL_LTDC_ConfigLayer                     0x90000929   Thumb Code    94  stm32h7xx_hal_ltdc.o(i.HAL_LTDC_ConfigLayer)
    HAL_LTDC_ErrorCallback                   0x90000987   Thumb Code     2  stm32h7xx_hal_ltdc.o(i.HAL_LTDC_ErrorCallback)
    HAL_LTDC_IRQHandler                      0x90000989   Thumb Code   244  stm32h7xx_hal_ltdc.o(i.HAL_LTDC_IRQHandler)
    HAL_LTDC_Init                            0x90000a7d   Thumb Code   274  stm32h7xx_hal_ltdc.o(i.HAL_LTDC_Init)
    HAL_LTDC_LineEventCallback               0x90000b95   Thumb Code     2  stm32h7xx_hal_ltdc.o(i.HAL_LTDC_LineEventCallback)
    HAL_LTDC_MspInit                         0x90000b99   Thumb Code   608  ltdc.o(i.HAL_LTDC_MspInit)
    HAL_LTDC_ReloadEventCallback             0x90000e1d   Thumb Code     2  stm32h7xx_hal_ltdc.o(i.HAL_LTDC_ReloadEventCallback)
    HAL_MspInit                              0x90000e21   Thumb Code    32  stm32h7xx_hal_msp_1.o(i.HAL_MspInit)
    HAL_NVIC_EnableIRQ                       0x90000e45   Thumb Code    40  stm32h7xx_hal_cortex.o(i.HAL_NVIC_EnableIRQ)
    HAL_NVIC_SetPriority                     0x90000e6d   Thumb Code   122  stm32h7xx_hal_cortex.o(i.HAL_NVIC_SetPriority)
    HAL_NVIC_SetPriorityGrouping             0x90000ee9   Thumb Code    32  stm32h7xx_hal_cortex.o(i.HAL_NVIC_SetPriorityGrouping)
    HAL_PWREx_ConfigSupply                   0x90000f11   Thumb Code   144  stm32h7xx_hal_pwr_ex.o(i.HAL_PWREx_ConfigSupply)
    HAL_RCCEx_PeriphCLKConfig                0x90000fa5   Thumb Code  3510  stm32h7xx_hal_rcc_ex.o(i.HAL_RCCEx_PeriphCLKConfig)
    HAL_RCC_ClockConfig                      0x90001d61   Thumb Code   774  stm32h7xx_hal_rcc.o(i.HAL_RCC_ClockConfig)
    HAL_RCC_GetSysClockFreq                  0x90002081   Thumb Code   524  stm32h7xx_hal_rcc.o(i.HAL_RCC_GetSysClockFreq)
    HAL_RCC_OscConfig                        0x900022ad   Thumb Code  2130  stm32h7xx_hal_rcc.o(i.HAL_RCC_OscConfig)
    HAL_SDRAM_Init                           0x90002b05   Thumb Code    76  stm32h7xx_hal_sdram.o(i.HAL_SDRAM_Init)
    HAL_SDRAM_MspInit                        0x90002b55   Thumb Code    10  fmc.o(i.HAL_SDRAM_MspInit)
    HAL_SDRAM_ProgramRefreshRate             0x90002b5f   Thumb Code    54  stm32h7xx_hal_sdram.o(i.HAL_SDRAM_ProgramRefreshRate)
    HAL_SDRAM_SendCommand                    0x90002b95   Thumb Code    78  stm32h7xx_hal_sdram.o(i.HAL_SDRAM_SendCommand)
    HAL_SYSTICK_Config                       0x90002be3   Thumb Code    52  stm32h7xx_hal_cortex.o(i.HAL_SYSTICK_Config)
    HardFault_Handler                        0x90002c17   Thumb Code     4  stm32h7xx_it_1.o(i.HardFault_Handler)
    LTDC_IRQHandler                          0x90002c1d   Thumb Code    10  stm32h7xx_it_1.o(i.LTDC_IRQHandler)
    MX_FMC_Init                              0x90002e3d   Thumb Code   116  fmc.o(i.MX_FMC_Init)
    MX_GPIO_Init                             0x90002ebd   Thumb Code   310  gpio.o(i.MX_GPIO_Init)
    MX_LTDC_Init                             0x90002ffd   Thumb Code   192  ltdc.o(i.MX_LTDC_Init)
    MemManage_Handler                        0x900030c5   Thumb Code     4  stm32h7xx_it_1.o(i.MemManage_Handler)
    NMI_Handler                              0x900030c9   Thumb Code     4  stm32h7xx_it_1.o(i.NMI_Handler)
    PendSV_Handler                           0x900030cd   Thumb Code     2  stm32h7xx_it_1.o(i.PendSV_Handler)
    SDRAM_Initialization_Sequence            0x90003399   Thumb Code   146  fmc.o(i.SDRAM_Initialization_Sequence)
    SVC_Handler                              0x9000342b   Thumb Code     2  stm32h7xx_it_1.o(i.SVC_Handler)
    SysTick_Handler                          0x9000342d   Thumb Code     8  stm32h7xx_it_1.o(i.SysTick_Handler)
    SystemClock_Config                       0x90003435   Thumb Code   296  main_1.o(i.SystemClock_Config)
    SystemInit                               0x90003569   Thumb Code   244  system_stm32h7xx_dualcore_boot_cm4_cm7.o(i.SystemInit)
    UsageFault_Handler                       0x90003689   Thumb Code     4  stm32h7xx_it_1.o(i.UsageFault_Handler)
    __scatterload_copy                       0x900036c5   Thumb Code    14  handlers.o(i.__scatterload_copy)
    __scatterload_null                       0x900036d3   Thumb Code     2  handlers.o(i.__scatterload_null)
    __scatterload_zeroinit                   0x900036d5   Thumb Code    14  handlers.o(i.__scatterload_zeroinit)
    main                                     0x900036e5   Thumb Code   534  main_1.o(i.main)
    D1CorePrescTable                         0x90003914   Data          16  system_stm32h7xx_dualcore_boot_cm4_cm7.o(.constdata)
    Region$$Table$$Base                      0x90003924   Number         0  anon$$obj.o(Region$$Table)
    Region$$Table$$Limit                     0x90003944   Number         0  anon$$obj.o(Region$$Table)



==============================================================================

Memory Map of the image

  Image Entry point : 0x90000299

  Load Region LR_ROM1 (Base: 0x90000000, Size: 0x00003968, Max: 0x04000000, ABSOLUTE)

    Execution Region RW_IRAM1 (Exec base: 0x24000000, Load base: 0x90003944, Size: 0x00000510, Max: 0x00020000, ABSOLUTE)

    Exec Addr    Load Addr    Size         Type   Attr      Idx    E Section Name        Object

    0x24000000   0x90003944   0x00000005   Data   RW           20    .data               main_1.o
    0x24000005   0x90003949   0x00000003   PAD
    0x24000008   0x9000394c   0x00000008   Data   RW          246    .data               fmc.o
    0x24000010   0x90003954   0x00000009   Data   RW         2106    .data               stm32h7xx_hal.o
    0x24000019   0x9000395d   0x00000003   PAD
    0x2400001c   0x90003960   0x00000008   Data   RW         3668    .data               system_stm32h7xx_dualcore_boot_cm4_cm7.o
    0x24000024        -       0x00000044   Zero   RW          245    .bss                fmc.o
    0x24000068        -       0x000000a8   Zero   RW          301    .bss                ltdc.o
    0x24000110        -       0x00000400   Zero   RW            1    STACK               startup_stm32h757xx_cm7.o


    Execution Region ER_ROM1 (Exec base: 0x90000000, Load base: 0x90000000, Size: 0x00003944, Max: 0x04000000, ABSOLUTE)

    Exec Addr    Load Addr    Size         Type   Attr      Idx    E Section Name        Object

    0x90000000   0x90000000   0x00000298   Data   RO            3    RESET               startup_stm32h757xx_cm7.o
    0x90000298   0x90000298   0x00000000   Code   RO         3699  * .ARM.Collect$$$$00000000  mc_w.l(entry.o)
    0x90000298   0x90000298   0x00000004   Code   RO         3708    .ARM.Collect$$$$00000001  mc_w.l(entry2.o)
    0x9000029c   0x9000029c   0x00000004   Code   RO         3711    .ARM.Collect$$$$00000004  mc_w.l(entry5.o)
    0x900002a0   0x900002a0   0x00000000   Code   RO         3713    .ARM.Collect$$$$00000008  mc_w.l(entry7b.o)
    0x900002a0   0x900002a0   0x00000000   Code   RO         3715    .ARM.Collect$$$$0000000A  mc_w.l(entry8b.o)
    0x900002a0   0x900002a0   0x00000008   Code   RO         3716    .ARM.Collect$$$$0000000B  mc_w.l(entry9a.o)
    0x900002a8   0x900002a8   0x00000004   Code   RO         3723    .ARM.Collect$$$$0000000E  mc_w.l(entry12b.o)
    0x900002ac   0x900002ac   0x00000000   Code   RO         3718    .ARM.Collect$$$$0000000F  mc_w.l(entry10a.o)
    0x900002ac   0x900002ac   0x00000000   Code   RO         3720    .ARM.Collect$$$$00000011  mc_w.l(entry11a.o)
    0x900002ac   0x900002ac   0x00000004   Code   RO         3709    .ARM.Collect$$$$00002712  mc_w.l(entry2.o)
    0x900002b0   0x900002b0   0x00000024   Code   RO            4    .text               startup_stm32h757xx_cm7.o
    0x900002d4   0x900002d4   0x00000024   Code   RO         3702    .text               mc_w.l(memcpya.o)
    0x900002f8   0x900002f8   0x00000024   Code   RO         3704    .text               mc_w.l(memseta.o)
    0x9000031c   0x9000031c   0x00000024   Code   RO         3724    .text               mc_w.l(init.o)
    0x90000340   0x90000340   0x00000004   Code   RO          340    i.BusFault_Handler  stm32h7xx_it_1.o
    0x90000344   0x90000344   0x00000002   Code   RO          341    i.DebugMon_Handler  stm32h7xx_it_1.o
    0x90000346   0x90000346   0x00000006   Code   RO           13    i.Error_Handler     main_1.o
    0x9000034c   0x9000034c   0x0000006c   Code   RO         3048    i.FMC_SDRAM_Init    stm32h7xx_ll_fmc.o
    0x900003b8   0x900003b8   0x00000014   Code   RO         3049    i.FMC_SDRAM_ProgramRefreshRate  stm32h7xx_ll_fmc.o
    0x900003cc   0x900003cc   0x00000026   Code   RO         3050    i.FMC_SDRAM_SendCommand  stm32h7xx_ll_fmc.o
    0x900003f2   0x900003f2   0x00000002   PAD
    0x900003f4   0x900003f4   0x00000094   Code   RO         3052    i.FMC_SDRAM_Timing_Init  stm32h7xx_ll_fmc.o
    0x90000488   0x90000488   0x00000028   Code   RO         2052    i.HAL_Delay         stm32h7xx_hal.o
    0x900004b0   0x900004b0   0x00000150   Code   RO          240    i.HAL_FMC_MspInit   fmc.o
    0x90000600   0x90000600   0x000001fc   Code   RO         1173    i.HAL_GPIO_Init     stm32h7xx_hal_gpio.o
    0x900007fc   0x900007fc   0x0000000c   Code   RO         1177    i.HAL_GPIO_WritePin  stm32h7xx_hal_gpio.o
    0x90000808   0x90000808   0x0000000c   Code   RO         2071    i.HAL_GetREVID      stm32h7xx_hal.o
    0x90000814   0x90000814   0x0000000c   Code   RO         2072    i.HAL_GetTick       stm32h7xx_hal.o
    0x90000820   0x90000820   0x00000020   Code   RO         1238    i.HAL_HSEM_FastTake  stm32h7xx_hal_hsem.o
    0x90000840   0x90000840   0x00000018   Code   RO         1243    i.HAL_HSEM_Release  stm32h7xx_hal_hsem.o
    0x90000858   0x90000858   0x00000018   Code   RO         2078    i.HAL_IncTick       stm32h7xx_hal.o
    0x90000870   0x90000870   0x00000060   Code   RO         2079    i.HAL_Init          stm32h7xx_hal.o
    0x900008d0   0x900008d0   0x00000058   Code   RO         2080    i.HAL_InitTick      stm32h7xx_hal.o
    0x90000928   0x90000928   0x0000005e   Code   RO         3357    i.HAL_LTDC_ConfigLayer  stm32h7xx_hal_ltdc.o
    0x90000986   0x90000986   0x00000002   Code   RO         3370    i.HAL_LTDC_ErrorCallback  stm32h7xx_hal_ltdc.o
    0x90000988   0x90000988   0x000000f4   Code   RO         3373    i.HAL_LTDC_IRQHandler  stm32h7xx_hal_ltdc.o
    0x90000a7c   0x90000a7c   0x00000118   Code   RO         3374    i.HAL_LTDC_Init     stm32h7xx_hal_ltdc.o
    0x90000b94   0x90000b94   0x00000002   Code   RO         3375    i.HAL_LTDC_LineEventCallback  stm32h7xx_hal_ltdc.o
    0x90000b96   0x90000b96   0x00000002   PAD
    0x90000b98   0x90000b98   0x00000284   Code   RO          299    i.HAL_LTDC_MspInit  ltdc.o
    0x90000e1c   0x90000e1c   0x00000002   Code   RO         3380    i.HAL_LTDC_ReloadEventCallback  stm32h7xx_hal_ltdc.o
    0x90000e1e   0x90000e1e   0x00000002   PAD
    0x90000e20   0x90000e20   0x00000024   Code   RO          422    i.HAL_MspInit       stm32h7xx_hal_msp_1.o
    0x90000e44   0x90000e44   0x00000028   Code   RO          452    i.HAL_NVIC_EnableIRQ  stm32h7xx_hal_cortex.o
    0x90000e6c   0x90000e6c   0x0000007a   Code   RO          458    i.HAL_NVIC_SetPriority  stm32h7xx_hal_cortex.o
    0x90000ee6   0x90000ee6   0x00000002   PAD
    0x90000ee8   0x90000ee8   0x00000028   Code   RO          459    i.HAL_NVIC_SetPriorityGrouping  stm32h7xx_hal_cortex.o
    0x90000f10   0x90000f10   0x00000094   Code   RO         1775    i.HAL_PWREx_ConfigSupply  stm32h7xx_hal_pwr_ex.o
    0x90000fa4   0x90000fa4   0x00000dbc   Code   RO          718    i.HAL_RCCEx_PeriphCLKConfig  stm32h7xx_hal_rcc_ex.o
    0x90001d60   0x90001d60   0x00000320   Code   RO          593    i.HAL_RCC_ClockConfig  stm32h7xx_hal_rcc.o
    0x90002080   0x90002080   0x0000022c   Code   RO          602    i.HAL_RCC_GetSysClockFreq  stm32h7xx_hal_rcc.o
    0x900022ac   0x900022ac   0x00000858   Code   RO          605    i.HAL_RCC_OscConfig  stm32h7xx_hal_rcc.o
    0x90002b04   0x90002b04   0x00000050   Code   RO         3189    i.HAL_SDRAM_Init    stm32h7xx_hal_sdram.o
    0x90002b54   0x90002b54   0x0000000a   Code   RO          242    i.HAL_SDRAM_MspInit  fmc.o
    0x90002b5e   0x90002b5e   0x00000036   Code   RO         3192    i.HAL_SDRAM_ProgramRefreshRate  stm32h7xx_hal_sdram.o
    0x90002b94   0x90002b94   0x0000004e   Code   RO         3198    i.HAL_SDRAM_SendCommand  stm32h7xx_hal_sdram.o
    0x90002be2   0x90002be2   0x00000034   Code   RO          463    i.HAL_SYSTICK_Config  stm32h7xx_hal_cortex.o
    0x90002c16   0x90002c16   0x00000004   Code   RO          342    i.HardFault_Handler  stm32h7xx_it_1.o
    0x90002c1a   0x90002c1a   0x00000002   PAD
    0x90002c1c   0x90002c1c   0x00000010   Code   RO          343    i.LTDC_IRQHandler   stm32h7xx_it_1.o
    0x90002c2c   0x90002c2c   0x00000210   Code   RO         3393    i.LTDC_SetConfig    stm32h7xx_hal_ltdc.o
    0x90002e3c   0x90002e3c   0x00000080   Code   RO          243    i.MX_FMC_Init       fmc.o
    0x90002ebc   0x90002ebc   0x00000140   Code   RO          211    i.MX_GPIO_Init      gpio.o
    0x90002ffc   0x90002ffc   0x000000c8   Code   RO          300    i.MX_LTDC_Init      ltdc.o
    0x900030c4   0x900030c4   0x00000004   Code   RO          344    i.MemManage_Handler  stm32h7xx_it_1.o
    0x900030c8   0x900030c8   0x00000004   Code   RO          345    i.NMI_Handler       stm32h7xx_it_1.o
    0x900030cc   0x900030cc   0x00000002   Code   RO          346    i.PendSV_Handler    stm32h7xx_it_1.o
    0x900030ce   0x900030ce   0x00000002   PAD
    0x900030d0   0x900030d0   0x00000164   Code   RO          721    i.RCCEx_PLL2_Config  stm32h7xx_hal_rcc_ex.o
    0x90003234   0x90003234   0x00000164   Code   RO          722    i.RCCEx_PLL3_Config  stm32h7xx_hal_rcc_ex.o
    0x90003398   0x90003398   0x00000092   Code   RO          244    i.SDRAM_Initialization_Sequence  fmc.o
    0x9000342a   0x9000342a   0x00000002   Code   RO          347    i.SVC_Handler       stm32h7xx_it_1.o
    0x9000342c   0x9000342c   0x00000008   Code   RO          348    i.SysTick_Handler   stm32h7xx_it_1.o
    0x90003434   0x90003434   0x00000134   Code   RO           16    i.SystemClock_Config  main_1.o
    0x90003568   0x90003568   0x00000120   Code   RO         3666    i.SystemInit        system_stm32h7xx_dualcore_boot_cm4_cm7.o
    0x90003688   0x90003688   0x00000004   Code   RO          349    i.UsageFault_Handler  stm32h7xx_it_1.o
    0x9000368c   0x9000368c   0x00000010   Code   RO          465    i.__NVIC_GetPriorityGrouping  stm32h7xx_hal_cortex.o
    0x9000369c   0x9000369c   0x00000028   Code   RO          466    i.__NVIC_SetPriority  stm32h7xx_hal_cortex.o
    0x900036c4   0x900036c4   0x0000000e   Code   RO         3728    i.__scatterload_copy  mc_w.l(handlers.o)
    0x900036d2   0x900036d2   0x00000002   Code   RO         3729    i.__scatterload_null  mc_w.l(handlers.o)
    0x900036d4   0x900036d4   0x0000000e   Code   RO         3730    i.__scatterload_zeroinit  mc_w.l(handlers.o)
    0x900036e2   0x900036e2   0x00000002   PAD
    0x900036e4   0x900036e4   0x00000230   Code   RO           19    i.main              main_1.o
    0x90003914   0x90003914   0x00000010   Data   RO         3667    .constdata          system_stm32h7xx_dualcore_boot_cm4_cm7.o
    0x90003924   0x90003924   0x00000020   Data   RO         3726    Region$$Table       anon$$obj.o


==============================================================================

Image component sizes


      Code (inc. data)   RO Data    RW Data    ZI Data      Debug   Object Name

       620         48          0          8         68       3400   fmc.o
       320         10          0          0          0       1323   gpio.o
       844         44          0          0        168       2610   ltdc.o
       874         38          0          5          0    1520532   main_1.o
        36          8        664          0       1024        844   startup_stm32h757xx_cm7.o
       272         52          0          9          0      31260   stm32h7xx_hal.o
       310         22          0          0          0      40059   stm32h7xx_hal_cortex.o
       520         52          0          0          0       2288   stm32h7xx_hal_gpio.o
        56         16          0          0          0       1279   stm32h7xx_hal_hsem.o
      1152          6          0          0          0       5598   stm32h7xx_hal_ltdc.o
        36          4          0          0          0        958   stm32h7xx_hal_msp_1.o
       148          4          0          0          0        825   stm32h7xx_hal_pwr_ex.o
      3492         78          0          0          0       5236   stm32h7xx_hal_rcc.o
      4228         60          0          0          0       4788   stm32h7xx_hal_rcc_ex.o
       212          4          0          0          0       2928   stm32h7xx_hal_sdram.o
        50          6          0          0          0       4812   stm32h7xx_it_1.o
       314          4          0          0          0       4288   stm32h7xx_ll_fmc.o
       288         44         16          8          0       1542   system_stm32h7xx_dualcore_boot_cm4_cm7.o

    ----------------------------------------------------------------------
     13784        500        712         36       1260    1634570   Object Totals
         0          0         32          0          0          0   (incl. Generated)
        12          0          0          6          0          0   (incl. Padding)

    ----------------------------------------------------------------------

      Code (inc. data)   RO Data    RW Data    ZI Data      Debug   Library Member Name

         0          0          0          0          0          0   entry.o
         0          0          0          0          0          0   entry10a.o
         0          0          0          0          0          0   entry11a.o
         4          0          0          0          0          0   entry12b.o
         8          4          0          0          0          0   entry2.o
         4          0          0          0          0          0   entry5.o
         0          0          0          0          0          0   entry7b.o
         0          0          0          0          0          0   entry8b.o
         8          4          0          0          0          0   entry9a.o
        30          0          0          0          0          0   handlers.o
        36          8          0          0          0         68   init.o
        36          0          0          0          0         68   memcpya.o
        36          0          0          0          0        108   memseta.o

    ----------------------------------------------------------------------
       164         16          0          0          0        244   Library Totals
         2          0          0          0          0          0   (incl. Padding)

    ----------------------------------------------------------------------

      Code (inc. data)   RO Data    RW Data    ZI Data      Debug   Library Name

       162         16          0          0          0        244   mc_w.l

    ----------------------------------------------------------------------
       164         16          0          0          0        244   Library Totals

    ----------------------------------------------------------------------

==============================================================================


      Code (inc. data)   RO Data    RW Data    ZI Data      Debug   

     13948        516        712         36       1260    1629866   Grand Totals
     13948        516        712         36       1260    1629866   ELF Image Totals
     13948        516        712         36          0          0   ROM Totals

==============================================================================

    Total RO  Size (Code + RO Data)                14660 (  14.32kB)
    Total RW  Size (RW Data + ZI Data)              1296 (   1.27kB)
    Total ROM Size (Code + RO Data + RW Data)      14696 (  14.35kB)

==============================================================================

