<!doctype html public "-//w3c//dtd html 4.0 transitional//en">
<html><head>
<title>Static Call Graph - [H757XI_SDRAM_Test_CM7\H757XI_SDRAM_Test_CM7.axf]</title></head>
<body><HR>
<H1>Static Call Graph for image H757XI_SDRAM_Test_CM7\H757XI_SDRAM_Test_CM7.axf</H1><HR>
<BR><P>#&#060CALLGRAPH&#062# ARM Linker, 5060960: Last Updated: Tue Mar 19 22:30:40 2024
<BR><P>
<H3>Maximum Stack Usage =        952 bytes + Unknown(Functions without stacksize, Cycles, Untraceable Function Pointers)</H3><H3>
Call chain for Maximum Stack Depth:</H3>
touchgfx::TextAreaWithWildcardBase::draw(const touchgfx::Rect&) const &rArr; touchgfx::LCD::drawString(touchgfx::Rect, const touchgfx::Rect&, const touchgfx::LCD::StringVisuals&, const unsigned short*, ...) &rArr; touchgfx::LCD::drawStringLTR(const touchgfx::Rect&, const touchgfx::Rect&, const touchgfx::LCD::StringVisuals&, const unsigned short*, std::__va_list) &rArr; touchgfx::LCD::drawStringInternal(unsigned short*, const touchgfx::Rect*, short, short, const touchgfx::Rect&, const touchgfx::LCD::StringVisuals*, unsigned char, touchgfx::TextProvider&, int, bool) &rArr; touchgfx::TextProvider::getNextLigature(unsigned char, const touchgfx::Font*, const touchgfx::GlyphNode*&, const unsigned char*&, unsigned char&) &rArr; touchgfx::TextProvider::getNextLigature(unsigned char) &rArr; touchgfx::TextProvider::substituteGlyphs() &rArr; touchgfx::TextProvider::applyGsubRules(const unsigned short*, unsigned short) &rArr; touchgfx::TextProvider::replaceInputCharacters(unsigned short, unsigned short, const unsigned short*) &rArr; touchgfx::TextProvider::fillInputBuffer() &rArr; touchgfx::TextProvider::circularBuffer&lang;(unsigned)10&rang;::pushBack(unsigned short) &rArr; abort &rArr; __rt_SIGABRT &rArr; __rt_SIGABRT_inner &rArr; __default_signal_display &rArr; _ttywrch
<P>
<H3>
Functions with no stack information
</H3><UL>
 <LI><a href="#[1cd]">__user_initial_stackheap</a>
</UL>
</UL>
<P>
<H3>
Mutually Recursive functions
</H3> <LI><a href="#[95]">ADC3_IRQHandler</a>&nbsp;&nbsp;&nbsp;&rArr;&nbsp;&nbsp;&nbsp;<a href="#[95]">ADC3_IRQHandler</a><BR>
 <LI><a href="#[289]">touchgfx::TouchCalibration::muldivu(unsigned, unsigned, unsigned, unsigned, unsigned, unsigned&)</a>&nbsp;&nbsp;&nbsp;&rArr;&nbsp;&nbsp;&nbsp;<a href="#[289]">touchgfx::TouchCalibration::muldivu(unsigned, unsigned, unsigned, unsigned, unsigned, unsigned&)</a><BR>
 <LI><a href="#[2b0]">touchgfx::Screen::JSMOC(const touchgfx::Rect&, touchgfx::Drawable*)</a>&nbsp;&nbsp;&nbsp;&rArr;&nbsp;&nbsp;&nbsp;<a href="#[2b0]">touchgfx::Screen::JSMOC(const touchgfx::Rect&, touchgfx::Drawable*)</a><BR>
 <LI><a href="#[27b]">touchgfx::TextProvider::getNextCharInternal()</a>&nbsp;&nbsp;&nbsp;&rArr;&nbsp;&nbsp;&nbsp;<a href="#[27b]">touchgfx::TextProvider::getNextCharInternal()</a><BR>
</UL>
<P>
<H3>
Function Pointers
</H3><UL>
 <LI><a href="#[95]">ADC3_IRQHandler</a> from startup_stm32h757xx_cm7.o(.text) referenced from startup_stm32h757xx_cm7.o(RESET)
 <LI><a href="#[2b]">ADC_IRQHandler</a> from startup_stm32h757xx_cm7.o(.text) referenced from startup_stm32h757xx_cm7.o(RESET)
 <LI><a href="#[97]">BDMA_Channel0_IRQHandler</a> from startup_stm32h757xx_cm7.o(.text) referenced from startup_stm32h757xx_cm7.o(RESET)
 <LI><a href="#[98]">BDMA_Channel1_IRQHandler</a> from startup_stm32h757xx_cm7.o(.text) referenced from startup_stm32h757xx_cm7.o(RESET)
 <LI><a href="#[99]">BDMA_Channel2_IRQHandler</a> from startup_stm32h757xx_cm7.o(.text) referenced from startup_stm32h757xx_cm7.o(RESET)
 <LI><a href="#[9a]">BDMA_Channel3_IRQHandler</a> from startup_stm32h757xx_cm7.o(.text) referenced from startup_stm32h757xx_cm7.o(RESET)
 <LI><a href="#[9b]">BDMA_Channel4_IRQHandler</a> from startup_stm32h757xx_cm7.o(.text) referenced from startup_stm32h757xx_cm7.o(RESET)
 <LI><a href="#[9c]">BDMA_Channel5_IRQHandler</a> from startup_stm32h757xx_cm7.o(.text) referenced from startup_stm32h757xx_cm7.o(RESET)
 <LI><a href="#[9d]">BDMA_Channel6_IRQHandler</a> from startup_stm32h757xx_cm7.o(.text) referenced from startup_stm32h757xx_cm7.o(RESET)
 <LI><a href="#[9e]">BDMA_Channel7_IRQHandler</a> from startup_stm32h757xx_cm7.o(.text) referenced from startup_stm32h757xx_cm7.o(RESET)
 <LI><a href="#[13]">BusFault_Handler</a> from stm32h7xx_it_1.o(i.BusFault_Handler) referenced from startup_stm32h757xx_cm7.o(RESET)
 <LI><a href="#[74]">CEC_IRQHandler</a> from startup_stm32h757xx_cm7.o(.text) referenced from startup_stm32h757xx_cm7.o(RESET)
 <LI><a href="#[59]">CM4_SEV_IRQHandler</a> from startup_stm32h757xx_cm7.o(.text) referenced from startup_stm32h757xx_cm7.o(RESET)
 <LI><a href="#[58]">CM7_SEV_IRQHandler</a> from startup_stm32h757xx_cm7.o(.text) referenced from startup_stm32h757xx_cm7.o(RESET)
 <LI><a href="#[9f]">COMP1_IRQHandler</a> from startup_stm32h757xx_cm7.o(.text) referenced from startup_stm32h757xx_cm7.o(RESET)
 <LI><a href="#[a6]">CRS_IRQHandler</a> from startup_stm32h757xx_cm7.o(.text) referenced from startup_stm32h757xx_cm7.o(RESET)
 <LI><a href="#[65]">CRYP_IRQHandler</a> from startup_stm32h757xx_cm7.o(.text) referenced from startup_stm32h757xx_cm7.o(RESET)
 <LI><a href="#[64]">DCMI_IRQHandler</a> from startup_stm32h757xx_cm7.o(.text) referenced from startup_stm32h757xx_cm7.o(RESET)
 <LI><a href="#[84]">DFSDM1_FLT0_IRQHandler</a> from startup_stm32h757xx_cm7.o(.text) referenced from startup_stm32h757xx_cm7.o(RESET)
 <LI><a href="#[85]">DFSDM1_FLT1_IRQHandler</a> from startup_stm32h757xx_cm7.o(.text) referenced from startup_stm32h757xx_cm7.o(RESET)
 <LI><a href="#[86]">DFSDM1_FLT2_IRQHandler</a> from startup_stm32h757xx_cm7.o(.text) referenced from startup_stm32h757xx_cm7.o(RESET)
 <LI><a href="#[87]">DFSDM1_FLT3_IRQHandler</a> from startup_stm32h757xx_cm7.o(.text) referenced from startup_stm32h757xx_cm7.o(RESET)
 <LI><a href="#[24]">DMA1_Stream0_IRQHandler</a> from startup_stm32h757xx_cm7.o(.text) referenced from startup_stm32h757xx_cm7.o(RESET)
 <LI><a href="#[25]">DMA1_Stream1_IRQHandler</a> from startup_stm32h757xx_cm7.o(.text) referenced from startup_stm32h757xx_cm7.o(RESET)
 <LI><a href="#[26]">DMA1_Stream2_IRQHandler</a> from startup_stm32h757xx_cm7.o(.text) referenced from startup_stm32h757xx_cm7.o(RESET)
 <LI><a href="#[27]">DMA1_Stream3_IRQHandler</a> from startup_stm32h757xx_cm7.o(.text) referenced from startup_stm32h757xx_cm7.o(RESET)
 <LI><a href="#[28]">DMA1_Stream4_IRQHandler</a> from startup_stm32h757xx_cm7.o(.text) referenced from startup_stm32h757xx_cm7.o(RESET)
 <LI><a href="#[29]">DMA1_Stream5_IRQHandler</a> from startup_stm32h757xx_cm7.o(.text) referenced from startup_stm32h757xx_cm7.o(RESET)
 <LI><a href="#[2a]">DMA1_Stream6_IRQHandler</a> from startup_stm32h757xx_cm7.o(.text) referenced from startup_stm32h757xx_cm7.o(RESET)
 <LI><a href="#[47]">DMA1_Stream7_IRQHandler</a> from startup_stm32h757xx_cm7.o(.text) referenced from startup_stm32h757xx_cm7.o(RESET)
 <LI><a href="#[70]">DMA2D_IRQHandler</a> from stm32h7xx_it_1.o(i.DMA2D_IRQHandler) referenced from startup_stm32h757xx_cm7.o(RESET)
 <LI><a href="#[50]">DMA2_Stream0_IRQHandler</a> from startup_stm32h757xx_cm7.o(.text) referenced from startup_stm32h757xx_cm7.o(RESET)
 <LI><a href="#[51]">DMA2_Stream1_IRQHandler</a> from startup_stm32h757xx_cm7.o(.text) referenced from startup_stm32h757xx_cm7.o(RESET)
 <LI><a href="#[52]">DMA2_Stream2_IRQHandler</a> from startup_stm32h757xx_cm7.o(.text) referenced from startup_stm32h757xx_cm7.o(RESET)
 <LI><a href="#[53]">DMA2_Stream3_IRQHandler</a> from startup_stm32h757xx_cm7.o(.text) referenced from startup_stm32h757xx_cm7.o(RESET)
 <LI><a href="#[54]">DMA2_Stream4_IRQHandler</a> from startup_stm32h757xx_cm7.o(.text) referenced from startup_stm32h757xx_cm7.o(RESET)
 <LI><a href="#[5a]">DMA2_Stream5_IRQHandler</a> from startup_stm32h757xx_cm7.o(.text) referenced from startup_stm32h757xx_cm7.o(RESET)
 <LI><a href="#[5b]">DMA2_Stream6_IRQHandler</a> from startup_stm32h757xx_cm7.o(.text) referenced from startup_stm32h757xx_cm7.o(RESET)
 <LI><a href="#[5c]">DMA2_Stream7_IRQHandler</a> from startup_stm32h757xx_cm7.o(.text) referenced from startup_stm32h757xx_cm7.o(RESET)
 <LI><a href="#[7c]">DMAMUX1_OVR_IRQHandler</a> from startup_stm32h757xx_cm7.o(.text) referenced from startup_stm32h757xx_cm7.o(RESET)
 <LI><a href="#[96]">DMAMUX2_OVR_IRQHandler</a> from startup_stm32h757xx_cm7.o(.text) referenced from startup_stm32h757xx_cm7.o(RESET)
 <LI><a href="#[91]">DSI_IRQHandler</a> from startup_stm32h757xx_cm7.o(.text) referenced from startup_stm32h757xx_cm7.o(RESET)
 <LI><a href="#[16]">DebugMon_Handler</a> from stm32h7xx_it_1.o(i.DebugMon_Handler) referenced from startup_stm32h757xx_cm7.o(RESET)
 <LI><a href="#[a7]">ECC_IRQHandler</a> from startup_stm32h757xx_cm7.o(.text) referenced from startup_stm32h757xx_cm7.o(RESET)
 <LI><a href="#[55]">ETH_IRQHandler</a> from startup_stm32h757xx_cm7.o(.text) referenced from startup_stm32h757xx_cm7.o(RESET)
 <LI><a href="#[56]">ETH_WKUP_IRQHandler</a> from startup_stm32h757xx_cm7.o(.text) referenced from startup_stm32h757xx_cm7.o(RESET)
 <LI><a href="#[1f]">EXTI0_IRQHandler</a> from startup_stm32h757xx_cm7.o(.text) referenced from startup_stm32h757xx_cm7.o(RESET)
 <LI><a href="#[41]">EXTI15_10_IRQHandler</a> from startup_stm32h757xx_cm7.o(.text) referenced from startup_stm32h757xx_cm7.o(RESET)
 <LI><a href="#[20]">EXTI1_IRQHandler</a> from startup_stm32h757xx_cm7.o(.text) referenced from startup_stm32h757xx_cm7.o(RESET)
 <LI><a href="#[21]">EXTI2_IRQHandler</a> from startup_stm32h757xx_cm7.o(.text) referenced from startup_stm32h757xx_cm7.o(RESET)
 <LI><a href="#[22]">EXTI3_IRQHandler</a> from startup_stm32h757xx_cm7.o(.text) referenced from startup_stm32h757xx_cm7.o(RESET)
 <LI><a href="#[23]">EXTI4_IRQHandler</a> from startup_stm32h757xx_cm7.o(.text) referenced from startup_stm32h757xx_cm7.o(RESET)
 <LI><a href="#[30]">EXTI9_5_IRQHandler</a> from startup_stm32h757xx_cm7.o(.text) referenced from startup_stm32h757xx_cm7.o(RESET)
 <LI><a href="#[2c]">FDCAN1_IT0_IRQHandler</a> from startup_stm32h757xx_cm7.o(.text) referenced from startup_stm32h757xx_cm7.o(RESET)
 <LI><a href="#[2e]">FDCAN1_IT1_IRQHandler</a> from startup_stm32h757xx_cm7.o(.text) referenced from startup_stm32h757xx_cm7.o(RESET)
 <LI><a href="#[2d]">FDCAN2_IT0_IRQHandler</a> from startup_stm32h757xx_cm7.o(.text) referenced from startup_stm32h757xx_cm7.o(RESET)
 <LI><a href="#[2f]">FDCAN2_IT1_IRQHandler</a> from startup_stm32h757xx_cm7.o(.text) referenced from startup_stm32h757xx_cm7.o(RESET)
 <LI><a href="#[57]">FDCAN_CAL_IRQHandler</a> from startup_stm32h757xx_cm7.o(.text) referenced from startup_stm32h757xx_cm7.o(RESET)
 <LI><a href="#[1d]">FLASH_IRQHandler</a> from startup_stm32h757xx_cm7.o(.text) referenced from startup_stm32h757xx_cm7.o(RESET)
 <LI><a href="#[48]">FMC_IRQHandler</a> from startup_stm32h757xx_cm7.o(.text) referenced from startup_stm32h757xx_cm7.o(RESET)
 <LI><a href="#[67]">FPU_IRQHandler</a> from startup_stm32h757xx_cm7.o(.text) referenced from startup_stm32h757xx_cm7.o(RESET)
 <LI><a href="#[66]">HASH_RNG_IRQHandler</a> from startup_stm32h757xx_cm7.o(.text) referenced from startup_stm32h757xx_cm7.o(RESET)
 <LI><a href="#[a9]">HOLD_CORE_IRQHandler</a> from startup_stm32h757xx_cm7.o(.text) referenced from startup_stm32h757xx_cm7.o(RESET)
 <LI><a href="#[83]">HRTIM1_FLT_IRQHandler</a> from startup_stm32h757xx_cm7.o(.text) referenced from startup_stm32h757xx_cm7.o(RESET)
 <LI><a href="#[7d]">HRTIM1_Master_IRQHandler</a> from startup_stm32h757xx_cm7.o(.text) referenced from startup_stm32h757xx_cm7.o(RESET)
 <LI><a href="#[7e]">HRTIM1_TIMA_IRQHandler</a> from startup_stm32h757xx_cm7.o(.text) referenced from startup_stm32h757xx_cm7.o(RESET)
 <LI><a href="#[7f]">HRTIM1_TIMB_IRQHandler</a> from startup_stm32h757xx_cm7.o(.text) referenced from startup_stm32h757xx_cm7.o(RESET)
 <LI><a href="#[80]">HRTIM1_TIMC_IRQHandler</a> from startup_stm32h757xx_cm7.o(.text) referenced from startup_stm32h757xx_cm7.o(RESET)
 <LI><a href="#[81]">HRTIM1_TIMD_IRQHandler</a> from startup_stm32h757xx_cm7.o(.text) referenced from startup_stm32h757xx_cm7.o(RESET)
 <LI><a href="#[82]">HRTIM1_TIME_IRQHandler</a> from startup_stm32h757xx_cm7.o(.text) referenced from startup_stm32h757xx_cm7.o(RESET)
 <LI><a href="#[93]">HSEM1_IRQHandler</a> from startup_stm32h757xx_cm7.o(.text) referenced from startup_stm32h757xx_cm7.o(RESET)
 <LI><a href="#[94]">HSEM2_IRQHandler</a> from startup_stm32h757xx_cm7.o(.text) referenced from startup_stm32h757xx_cm7.o(RESET)
 <LI><a href="#[11]">HardFault_Handler</a> from stm32h7xx_it_1.o(i.HardFault_Handler) referenced from startup_stm32h757xx_cm7.o(RESET)
 <LI><a href="#[39]">I2C1_ER_IRQHandler</a> from startup_stm32h757xx_cm7.o(.text) referenced from startup_stm32h757xx_cm7.o(RESET)
 <LI><a href="#[38]">I2C1_EV_IRQHandler</a> from startup_stm32h757xx_cm7.o(.text) referenced from startup_stm32h757xx_cm7.o(RESET)
 <LI><a href="#[3b]">I2C2_ER_IRQHandler</a> from startup_stm32h757xx_cm7.o(.text) referenced from startup_stm32h757xx_cm7.o(RESET)
 <LI><a href="#[3a]">I2C2_EV_IRQHandler</a> from startup_stm32h757xx_cm7.o(.text) referenced from startup_stm32h757xx_cm7.o(RESET)
 <LI><a href="#[5f]">I2C3_ER_IRQHandler</a> from startup_stm32h757xx_cm7.o(.text) referenced from startup_stm32h757xx_cm7.o(RESET)
 <LI><a href="#[5e]">I2C3_EV_IRQHandler</a> from startup_stm32h757xx_cm7.o(.text) referenced from startup_stm32h757xx_cm7.o(RESET)
 <LI><a href="#[76]">I2C4_ER_IRQHandler</a> from startup_stm32h757xx_cm7.o(.text) referenced from startup_stm32h757xx_cm7.o(RESET)
 <LI><a href="#[75]">I2C4_EV_IRQHandler</a> from startup_stm32h757xx_cm7.o(.text) referenced from startup_stm32h757xx_cm7.o(RESET)
 <LI><a href="#[8f]">JPEG_IRQHandler</a> from startup_stm32h757xx_cm7.o(.text) referenced from startup_stm32h757xx_cm7.o(RESET)
 <LI><a href="#[73]">LPTIM1_IRQHandler</a> from startup_stm32h757xx_cm7.o(.text) referenced from startup_stm32h757xx_cm7.o(RESET)
 <LI><a href="#[a0]">LPTIM2_IRQHandler</a> from startup_stm32h757xx_cm7.o(.text) referenced from startup_stm32h757xx_cm7.o(RESET)
 <LI><a href="#[a1]">LPTIM3_IRQHandler</a> from startup_stm32h757xx_cm7.o(.text) referenced from startup_stm32h757xx_cm7.o(RESET)
 <LI><a href="#[a2]">LPTIM4_IRQHandler</a> from startup_stm32h757xx_cm7.o(.text) referenced from startup_stm32h757xx_cm7.o(RESET)
 <LI><a href="#[a3]">LPTIM5_IRQHandler</a> from startup_stm32h757xx_cm7.o(.text) referenced from startup_stm32h757xx_cm7.o(RESET)
 <LI><a href="#[a4]">LPUART1_IRQHandler</a> from startup_stm32h757xx_cm7.o(.text) referenced from startup_stm32h757xx_cm7.o(RESET)
 <LI><a href="#[6f]">LTDC_ER_IRQHandler</a> from startup_stm32h757xx_cm7.o(.text) referenced from startup_stm32h757xx_cm7.o(RESET)
 <LI><a href="#[6e]">LTDC_IRQHandler</a> from stm32h7xx_it_1.o(i.LTDC_IRQHandler) referenced from startup_stm32h757xx_cm7.o(RESET)
 <LI><a href="#[8e]">MDIOS_IRQHandler</a> from startup_stm32h757xx_cm7.o(.text) referenced from startup_stm32h757xx_cm7.o(RESET)
 <LI><a href="#[8d]">MDIOS_WKUP_IRQHandler</a> from startup_stm32h757xx_cm7.o(.text) referenced from startup_stm32h757xx_cm7.o(RESET)
 <LI><a href="#[90]">MDMA_IRQHandler</a> from startup_stm32h757xx_cm7.o(.text) referenced from startup_stm32h757xx_cm7.o(RESET)
 <LI><a href="#[12]">MemManage_Handler</a> from stm32h7xx_it_1.o(i.MemManage_Handler) referenced from startup_stm32h757xx_cm7.o(RESET)
 <LI><a href="#[10]">NMI_Handler</a> from stm32h7xx_it_1.o(i.NMI_Handler) referenced from startup_stm32h757xx_cm7.o(RESET)
 <LI><a href="#[79]">OTG_FS_EP1_IN_IRQHandler</a> from startup_stm32h757xx_cm7.o(.text) referenced from startup_stm32h757xx_cm7.o(RESET)
 <LI><a href="#[78]">OTG_FS_EP1_OUT_IRQHandler</a> from startup_stm32h757xx_cm7.o(.text) referenced from startup_stm32h757xx_cm7.o(RESET)
 <LI><a href="#[7b]">OTG_FS_IRQHandler</a> from startup_stm32h757xx_cm7.o(.text) referenced from startup_stm32h757xx_cm7.o(RESET)
 <LI><a href="#[7a]">OTG_FS_WKUP_IRQHandler</a> from startup_stm32h757xx_cm7.o(.text) referenced from startup_stm32h757xx_cm7.o(RESET)
 <LI><a href="#[61]">OTG_HS_EP1_IN_IRQHandler</a> from startup_stm32h757xx_cm7.o(.text) referenced from startup_stm32h757xx_cm7.o(RESET)
 <LI><a href="#[60]">OTG_HS_EP1_OUT_IRQHandler</a> from startup_stm32h757xx_cm7.o(.text) referenced from startup_stm32h757xx_cm7.o(RESET)
 <LI><a href="#[63]">OTG_HS_IRQHandler</a> from startup_stm32h757xx_cm7.o(.text) referenced from startup_stm32h757xx_cm7.o(RESET)
 <LI><a href="#[62]">OTG_HS_WKUP_IRQHandler</a> from startup_stm32h757xx_cm7.o(.text) referenced from startup_stm32h757xx_cm7.o(RESET)
 <LI><a href="#[1a]">PVD_AVD_IRQHandler</a> from startup_stm32h757xx_cm7.o(.text) referenced from startup_stm32h757xx_cm7.o(RESET)
 <LI><a href="#[17]">PendSV_Handler</a> from port.o(.emb_text) referenced from startup_stm32h757xx_cm7.o(RESET)
 <LI><a href="#[72]">QUADSPI_IRQHandler</a> from startup_stm32h757xx_cm7.o(.text) referenced from startup_stm32h757xx_cm7.o(RESET)
 <LI><a href="#[1e]">RCC_IRQHandler</a> from startup_stm32h757xx_cm7.o(.text) referenced from startup_stm32h757xx_cm7.o(RESET)
 <LI><a href="#[42]">RTC_Alarm_IRQHandler</a> from startup_stm32h757xx_cm7.o(.text) referenced from startup_stm32h757xx_cm7.o(RESET)
 <LI><a href="#[1c]">RTC_WKUP_IRQHandler</a> from startup_stm32h757xx_cm7.o(.text) referenced from startup_stm32h757xx_cm7.o(RESET)
 <LI><a href="#[f]">Reset_Handler</a> from startup_stm32h757xx_cm7.o(.text) referenced from startup_stm32h757xx_cm7.o(RESET)
 <LI><a href="#[6d]">SAI1_IRQHandler</a> from startup_stm32h757xx_cm7.o(.text) referenced from startup_stm32h757xx_cm7.o(RESET)
 <LI><a href="#[71]">SAI2_IRQHandler</a> from startup_stm32h757xx_cm7.o(.text) referenced from startup_stm32h757xx_cm7.o(RESET)
 <LI><a href="#[88]">SAI3_IRQHandler</a> from startup_stm32h757xx_cm7.o(.text) referenced from startup_stm32h757xx_cm7.o(RESET)
 <LI><a href="#[a8]">SAI4_IRQHandler</a> from startup_stm32h757xx_cm7.o(.text) referenced from startup_stm32h757xx_cm7.o(RESET)
 <LI><a href="#[49]">SDMMC1_IRQHandler</a> from startup_stm32h757xx_cm7.o(.text) referenced from startup_stm32h757xx_cm7.o(RESET)
 <LI><a href="#[92]">SDMMC2_IRQHandler</a> from startup_stm32h757xx_cm7.o(.text) referenced from startup_stm32h757xx_cm7.o(RESET)
 <LI><a href="#[77]">SPDIF_RX_IRQHandler</a> from startup_stm32h757xx_cm7.o(.text) referenced from startup_stm32h757xx_cm7.o(RESET)
 <LI><a href="#[3c]">SPI1_IRQHandler</a> from startup_stm32h757xx_cm7.o(.text) referenced from startup_stm32h757xx_cm7.o(RESET)
 <LI><a href="#[3d]">SPI2_IRQHandler</a> from startup_stm32h757xx_cm7.o(.text) referenced from startup_stm32h757xx_cm7.o(RESET)
 <LI><a href="#[4b]">SPI3_IRQHandler</a> from startup_stm32h757xx_cm7.o(.text) referenced from startup_stm32h757xx_cm7.o(RESET)
 <LI><a href="#[6a]">SPI4_IRQHandler</a> from startup_stm32h757xx_cm7.o(.text) referenced from startup_stm32h757xx_cm7.o(RESET)
 <LI><a href="#[6b]">SPI5_IRQHandler</a> from startup_stm32h757xx_cm7.o(.text) referenced from startup_stm32h757xx_cm7.o(RESET)
 <LI><a href="#[6c]">SPI6_IRQHandler</a> from startup_stm32h757xx_cm7.o(.text) referenced from startup_stm32h757xx_cm7.o(RESET)
 <LI><a href="#[15]">SVC_Handler</a> from port.o(.emb_text) referenced from startup_stm32h757xx_cm7.o(RESET)
 <LI><a href="#[89]">SWPMI1_IRQHandler</a> from startup_stm32h757xx_cm7.o(.text) referenced from startup_stm32h757xx_cm7.o(RESET)
 <LI><a href="#[ad]">StartDefaultTask</a> from freertos.o(i.StartDefaultTask) referenced from freertos.o(i.MX_FREERTOS_Init)
 <LI><a href="#[18]">SysTick_Handler</a> from cmsis_os2.o(i.SysTick_Handler) referenced from startup_stm32h757xx_cm7.o(RESET)
 <LI><a href="#[ab]">SystemInit</a> from system_stm32h7xx_dualcore_boot_cm4_cm7.o(i.SystemInit) referenced from startup_stm32h757xx_cm7.o(.text)
 <LI><a href="#[1b]">TAMP_STAMP_IRQHandler</a> from startup_stm32h757xx_cm7.o(.text) referenced from startup_stm32h757xx_cm7.o(RESET)
 <LI><a href="#[8a]">TIM15_IRQHandler</a> from startup_stm32h757xx_cm7.o(.text) referenced from startup_stm32h757xx_cm7.o(RESET)
 <LI><a href="#[8b]">TIM16_IRQHandler</a> from startup_stm32h757xx_cm7.o(.text) referenced from startup_stm32h757xx_cm7.o(RESET)
 <LI><a href="#[8c]">TIM17_IRQHandler</a> from stm32h7xx_it_1.o(i.TIM17_IRQHandler) referenced from startup_stm32h757xx_cm7.o(RESET)
 <LI><a href="#[31]">TIM1_BRK_IRQHandler</a> from startup_stm32h757xx_cm7.o(.text) referenced from startup_stm32h757xx_cm7.o(RESET)
 <LI><a href="#[34]">TIM1_CC_IRQHandler</a> from startup_stm32h757xx_cm7.o(.text) referenced from startup_stm32h757xx_cm7.o(RESET)
 <LI><a href="#[33]">TIM1_TRG_COM_IRQHandler</a> from startup_stm32h757xx_cm7.o(.text) referenced from startup_stm32h757xx_cm7.o(RESET)
 <LI><a href="#[32]">TIM1_UP_IRQHandler</a> from startup_stm32h757xx_cm7.o(.text) referenced from startup_stm32h757xx_cm7.o(RESET)
 <LI><a href="#[35]">TIM2_IRQHandler</a> from startup_stm32h757xx_cm7.o(.text) referenced from startup_stm32h757xx_cm7.o(RESET)
 <LI><a href="#[36]">TIM3_IRQHandler</a> from startup_stm32h757xx_cm7.o(.text) referenced from startup_stm32h757xx_cm7.o(RESET)
 <LI><a href="#[37]">TIM4_IRQHandler</a> from startup_stm32h757xx_cm7.o(.text) referenced from startup_stm32h757xx_cm7.o(RESET)
 <LI><a href="#[4a]">TIM5_IRQHandler</a> from startup_stm32h757xx_cm7.o(.text) referenced from startup_stm32h757xx_cm7.o(RESET)
 <LI><a href="#[4e]">TIM6_DAC_IRQHandler</a> from startup_stm32h757xx_cm7.o(.text) referenced from startup_stm32h757xx_cm7.o(RESET)
 <LI><a href="#[4f]">TIM7_IRQHandler</a> from startup_stm32h757xx_cm7.o(.text) referenced from startup_stm32h757xx_cm7.o(RESET)
 <LI><a href="#[43]">TIM8_BRK_TIM12_IRQHandler</a> from startup_stm32h757xx_cm7.o(.text) referenced from startup_stm32h757xx_cm7.o(RESET)
 <LI><a href="#[46]">TIM8_CC_IRQHandler</a> from startup_stm32h757xx_cm7.o(.text) referenced from startup_stm32h757xx_cm7.o(RESET)
 <LI><a href="#[45]">TIM8_TRG_COM_TIM14_IRQHandler</a> from startup_stm32h757xx_cm7.o(.text) referenced from startup_stm32h757xx_cm7.o(RESET)
 <LI><a href="#[44]">TIM8_UP_TIM13_IRQHandler</a> from startup_stm32h757xx_cm7.o(.text) referenced from startup_stm32h757xx_cm7.o(RESET)
 <LI><a href="#[ae]">TouchGFX_Task</a> from app_touchgfx.o(i.TouchGFX_Task) referenced from freertos.o(i.MX_FREERTOS_Init)
 <LI><a href="#[4c]">UART4_IRQHandler</a> from startup_stm32h757xx_cm7.o(.text) referenced from startup_stm32h757xx_cm7.o(RESET)
 <LI><a href="#[4d]">UART5_IRQHandler</a> from startup_stm32h757xx_cm7.o(.text) referenced from startup_stm32h757xx_cm7.o(RESET)
 <LI><a href="#[68]">UART7_IRQHandler</a> from startup_stm32h757xx_cm7.o(.text) referenced from startup_stm32h757xx_cm7.o(RESET)
 <LI><a href="#[69]">UART8_IRQHandler</a> from startup_stm32h757xx_cm7.o(.text) referenced from startup_stm32h757xx_cm7.o(RESET)
 <LI><a href="#[3e]">USART1_IRQHandler</a> from startup_stm32h757xx_cm7.o(.text) referenced from startup_stm32h757xx_cm7.o(RESET)
 <LI><a href="#[3f]">USART2_IRQHandler</a> from startup_stm32h757xx_cm7.o(.text) referenced from startup_stm32h757xx_cm7.o(RESET)
 <LI><a href="#[40]">USART3_IRQHandler</a> from startup_stm32h757xx_cm7.o(.text) referenced from startup_stm32h757xx_cm7.o(RESET)
 <LI><a href="#[5d]">USART6_IRQHandler</a> from startup_stm32h757xx_cm7.o(.text) referenced from startup_stm32h757xx_cm7.o(RESET)
 <LI><a href="#[14]">UsageFault_Handler</a> from stm32h7xx_it_1.o(i.UsageFault_Handler) referenced from startup_stm32h757xx_cm7.o(RESET)
 <LI><a href="#[aa]">WAKEUP_PIN_IRQHandler</a> from startup_stm32h757xx_cm7.o(.text) referenced from startup_stm32h757xx_cm7.o(RESET)
 <LI><a href="#[19]">WWDG_IRQHandler</a> from startup_stm32h757xx_cm7.o(.text) referenced from startup_stm32h757xx_cm7.o(RESET)
 <LI><a href="#[a5]">WWDG_RST_IRQHandler</a> from startup_stm32h757xx_cm7.o(.text) referenced from startup_stm32h757xx_cm7.o(RESET)
 <LI><a href="#[dd]">Screen1View::setupScreen()</a> from screen1view.o(i._ZN11Screen1View11setupScreenEv) referenced from screen1view.o(.constdata__ZTV11Screen1View)
 <LI><a href="#[df]">Screen1View::tearDownScreen()</a> from screen1view.o(i._ZN11Screen1View14tearDownScreenEv) referenced from screen1view.o(.constdata__ZTV11Screen1View)
 <LI><a href="#[db]">Screen1View::~Screen1View()</a> from screen1view.o(i._ZN11Screen1ViewD1Ev) referenced from screen1view.o(.constdata__ZTV11Screen1View)
 <LI><a href="#[fe]">TouchGFXHAL::beginFrame()</a> from touchgfxhal.o(i._ZN11TouchGFXHAL10beginFrameEv) referenced from touchgfxhal.o(.constdata__ZTV11TouchGFXHAL)
 <LI><a href="#[e6]">TouchGFXHAL::initialize()</a> from touchgfxhal.o(i._ZN11TouchGFXHAL10initializeEv) referenced from touchgfxhal.o(.constdata__ZTV11TouchGFXHAL)
 <LI><a href="#[f5]">TouchGFXHAL::enableInterrupts()</a> from touchgfxhal.o(i._ZN11TouchGFXHAL16enableInterruptsEv) referenced from touchgfxhal.o(.constdata__ZTV11TouchGFXHAL)
 <LI><a href="#[e8]">TouchGFXHAL::flushFrameBuffer(const touchgfx::Rect&)</a> from touchgfxhal.o(i._ZN11TouchGFXHAL16flushFrameBufferERKN8touchgfx4RectE) referenced from touchgfxhal.o(.constdata__ZTV11TouchGFXHAL)
 <LI><a href="#[f6]">TouchGFXHAL::disableInterrupts()</a> from touchgfxhal.o(i._ZN11TouchGFXHAL17disableInterruptsEv) referenced from touchgfxhal.o(.constdata__ZTV11TouchGFXHAL)
 <LI><a href="#[100]">TouchGFXHAL::setTFTFrameBuffer(unsigned short*)</a> from touchgfxhal.o(i._ZN11TouchGFXHAL17setTFTFrameBufferEPt) referenced from touchgfxhal.o(.constdata__ZTV11TouchGFXHAL)
 <LI><a href="#[f4]">TouchGFXHAL::configureInterrupts()</a> from touchgfxhal.o(i._ZN11TouchGFXHAL19configureInterruptsEv) referenced from touchgfxhal.o(.constdata__ZTV11TouchGFXHAL)
 <LI><a href="#[f7]">TouchGFXHAL::enableLCDControllerInterrupt()</a> from touchgfxhal.o(i._ZN11TouchGFXHAL28enableLCDControllerInterruptEv) referenced from touchgfxhal.o(.constdata__ZTV11TouchGFXHAL)
 <LI><a href="#[ff]">TouchGFXHAL::endFrame()</a> from touchgfxhal.o(i._ZN11TouchGFXHAL8endFrameEv) referenced from touchgfxhal.o(.constdata__ZTV11TouchGFXHAL)
 <LI><a href="#[d4]">TouchGFXHAL::~TouchGFXHAL()</a> from touchgfxhal.o(i._ZN11TouchGFXHALD1Ev) referenced from touchgfxhal.o(.constdata__ZTV11TouchGFXHAL)
 <LI><a href="#[d4]">TouchGFXHAL::~TouchGFXHAL()</a> from touchgfxhal.o(i._ZN11TouchGFXHALD1Ev) referenced from touchgfxconfiguration.o(i.__sti___25_TouchGFXConfiguration_cpp_f5abfd34)
 <LI><a href="#[d6]">FrontendHeap::~FrontendHeap()</a> from touchgfxconfiguration.o(i._ZN12FrontendHeapD1Ev) referenced from touchgfxconfiguration.o(.constdata__ZTV12FrontendHeap)
 <LI><a href="#[d6]">FrontendHeap::~FrontendHeap()</a> from touchgfxconfiguration.o(i._ZN12FrontendHeapD1Ev) referenced from touchgfxconfiguration.o(i.touchgfx_init)
 <LI><a href="#[108]">Screen1ViewBase::setupScreen()</a> from screen1viewbase.o(i._ZN15Screen1ViewBase11setupScreenEv) referenced from screen1viewbase.o(.constdata__ZTV15Screen1ViewBase)
 <LI><a href="#[107]">Screen1ViewBase::~Screen1ViewBase()</a> from screen1viewbase.o(i._ZN15Screen1ViewBaseD1Ev) referenced from screen1viewbase.o(.constdata__ZTV15Screen1ViewBase)
 <LI><a href="#[106]">FrontendHeapBase::gotoStartScreen(FrontendApplication&)</a> from touchgfxconfiguration.o(i._ZN16FrontendHeapBase15gotoStartScreenER19FrontendApplication) referenced from touchgfxconfiguration.o(.constdata__ZTV12FrontendHeap)
 <LI><a href="#[106]">FrontendHeapBase::gotoStartScreen(FrontendApplication&)</a> from touchgfxconfiguration.o(i._ZN16FrontendHeapBase15gotoStartScreenER19FrontendApplication) referenced from touchgfxconfiguration.o(.constdata__ZTV16FrontendHeapBase)
 <LI><a href="#[10a]">FrontendHeapBase::~FrontendHeapBase()</a> from touchgfxconfiguration.o(i._ZN16FrontendHeapBaseD1Ev) referenced from touchgfxconfiguration.o(.constdata__ZTV16FrontendHeapBase)
 <LI><a href="#[10c]">Screen1Presenter::deactivate()</a> from screen1presenter.o(i._ZN16Screen1Presenter10deactivateEv) referenced from screen1presenter.o(.constdata__ZTV16Screen1Presenter)
 <LI><a href="#[10b]">Screen1Presenter::activate()</a> from screen1presenter.o(i._ZN16Screen1Presenter8activateEv) referenced from screen1presenter.o(.constdata__ZTV16Screen1Presenter)
 <LI><a href="#[10d]">Screen1Presenter::~Screen1Presenter()</a> from screen1presenter.o(i._ZN16Screen1PresenterD1Ev) referenced from screen1presenter.o(.constdata__ZTV16Screen1Presenter)
 <LI><a href="#[112]">FrontendApplication::handleTickEvent()</a> from frontendapplication.o(i._ZN19FrontendApplication15handleTickEventEv) referenced from frontendapplication.o(.constdata__ZTV19FrontendApplication)
 <LI><a href="#[11a]">STM32TouchController::sampleTouch(int&, int&)</a> from stm32touchcontroller.o(i._ZN20STM32TouchController11sampleTouchERiS0_) referenced from stm32touchcontroller.o(.constdata__ZTV20STM32TouchController)
 <LI><a href="#[119]">STM32TouchController::init()</a> from stm32touchcontroller.o(i._ZN20STM32TouchController4initEv) referenced from stm32touchcontroller.o(.constdata__ZTV20STM32TouchController)
 <LI><a href="#[d0]">STM32TouchController::~STM32TouchController()</a> from stm32touchcontroller.o(i._ZN20STM32TouchControllerD1Ev) referenced from stm32touchcontroller.o(.constdata__ZTV20STM32TouchController)
 <LI><a href="#[d0]">STM32TouchController::~STM32TouchController()</a> from stm32touchcontroller.o(i._ZN20STM32TouchControllerD1Ev) referenced from touchgfxconfiguration.o(i.__sti___25_TouchGFXConfiguration_cpp_f5abfd34)
 <LI><a href="#[105]">TouchGFXGeneratedHAL::FlushCache()</a> from touchgfxgeneratedhal.o(i._ZN20TouchGFXGeneratedHAL10FlushCacheEv) referenced from touchgfxhal.o(.constdata__ZTV11TouchGFXHAL)
 <LI><a href="#[105]">TouchGFXGeneratedHAL::FlushCache()</a> from touchgfxgeneratedhal.o(i._ZN20TouchGFXGeneratedHAL10FlushCacheEv) referenced from touchgfxgeneratedhal.o(.constdata__ZTV20TouchGFXGeneratedHAL)
 <LI><a href="#[122]">TouchGFXGeneratedHAL::beginFrame()</a> from touchgfxgeneratedhal.o(i._ZN20TouchGFXGeneratedHAL10beginFrameEv) referenced from touchgfxgeneratedhal.o(.constdata__ZTV20TouchGFXGeneratedHAL)
 <LI><a href="#[11b]">TouchGFXGeneratedHAL::initialize()</a> from touchgfxgeneratedhal.o(i._ZN20TouchGFXGeneratedHAL10initializeEv) referenced from touchgfxgeneratedhal.o(.constdata__ZTV20TouchGFXGeneratedHAL)
 <LI><a href="#[104]">TouchGFXGeneratedHAL::InvalidateCache()</a> from touchgfxgeneratedhal.o(i._ZN20TouchGFXGeneratedHAL15InvalidateCacheEv) referenced from touchgfxhal.o(.constdata__ZTV11TouchGFXHAL)
 <LI><a href="#[104]">TouchGFXGeneratedHAL::InvalidateCache()</a> from touchgfxgeneratedhal.o(i._ZN20TouchGFXGeneratedHAL15InvalidateCacheEv) referenced from touchgfxgeneratedhal.o(.constdata__ZTV20TouchGFXGeneratedHAL)
 <LI><a href="#[11f]">TouchGFXGeneratedHAL::enableInterrupts()</a> from touchgfxgeneratedhal.o(i._ZN20TouchGFXGeneratedHAL16enableInterruptsEv) referenced from touchgfxgeneratedhal.o(.constdata__ZTV20TouchGFXGeneratedHAL)
 <LI><a href="#[11c]">TouchGFXGeneratedHAL::flushFrameBuffer(const touchgfx::Rect&)</a> from touchgfxgeneratedhal.o(i._ZN20TouchGFXGeneratedHAL16flushFrameBufferERKN8touchgfx4RectE) referenced from touchgfxgeneratedhal.o(.constdata__ZTV20TouchGFXGeneratedHAL)
 <LI><a href="#[120]">TouchGFXGeneratedHAL::disableInterrupts()</a> from touchgfxgeneratedhal.o(i._ZN20TouchGFXGeneratedHAL17disableInterruptsEv) referenced from touchgfxgeneratedhal.o(.constdata__ZTV20TouchGFXGeneratedHAL)
 <LI><a href="#[fc]">TouchGFXGeneratedHAL::getTFTCurrentLine()</a> from touchgfxgeneratedhal.o(i._ZN20TouchGFXGeneratedHAL17getTFTCurrentLineEv) referenced from touchgfxhal.o(.constdata__ZTV11TouchGFXHAL)
 <LI><a href="#[fc]">TouchGFXGeneratedHAL::getTFTCurrentLine()</a> from touchgfxgeneratedhal.o(i._ZN20TouchGFXGeneratedHAL17getTFTCurrentLineEv) referenced from touchgfxgeneratedhal.o(.constdata__ZTV20TouchGFXGeneratedHAL)
 <LI><a href="#[124]">TouchGFXGeneratedHAL::setTFTFrameBuffer(unsigned short*)</a> from touchgfxgeneratedhal.o(i._ZN20TouchGFXGeneratedHAL17setTFTFrameBufferEPt) referenced from touchgfxgeneratedhal.o(.constdata__ZTV20TouchGFXGeneratedHAL)
 <LI><a href="#[11e]">TouchGFXGeneratedHAL::configureInterrupts()</a> from touchgfxgeneratedhal.o(i._ZN20TouchGFXGeneratedHAL19configureInterruptsEv) referenced from touchgfxgeneratedhal.o(.constdata__ZTV20TouchGFXGeneratedHAL)
 <LI><a href="#[121]">TouchGFXGeneratedHAL::enableLCDControllerInterrupt()</a> from touchgfxgeneratedhal.o(i._ZN20TouchGFXGeneratedHAL28enableLCDControllerInterruptEv) referenced from touchgfxgeneratedhal.o(.constdata__ZTV20TouchGFXGeneratedHAL)
 <LI><a href="#[123]">TouchGFXGeneratedHAL::endFrame()</a> from touchgfxgeneratedhal.o(i._ZN20TouchGFXGeneratedHAL8endFrameEv) referenced from touchgfxgeneratedhal.o(.constdata__ZTV20TouchGFXGeneratedHAL)
 <LI><a href="#[d3]">ApplicationFontProvider::~ApplicationFontProvider()</a> from touchgfxconfiguration.o(i._ZN23ApplicationFontProviderD1Ev) referenced from applicationfontprovider.o(.constdata__ZTV23ApplicationFontProvider)
 <LI><a href="#[d3]">ApplicationFontProvider::~ApplicationFontProvider()</a> from touchgfxconfiguration.o(i._ZN23ApplicationFontProviderD1Ev) referenced from touchgfxconfiguration.o(i.__sti___25_TouchGFXConfiguration_cpp_f5abfd34)
 <LI><a href="#[da]">FrontendApplicationBase::gotoScreen1ScreenNoTransitionImpl()</a> from frontendapplicationbase.o(i._ZN23FrontendApplicationBase33gotoScreen1ScreenNoTransitionImplEv) referenced from frontendapplicationbase.o(.constdata)
 <LI><a href="#[126]">FrontendApplicationBase::~FrontendApplicationBase()</a> from touchgfxconfiguration.o(i._ZN23FrontendApplicationBaseD1Ev) referenced from touchgfxconfiguration.o(.constdata__ZTV23FrontendApplicationBase)
 <LI><a href="#[127]">STM32DMA::getBlitCaps()</a> from stm32dma.o(i._ZN8STM32DMA11getBlitCapsEv) referenced from stm32dma.o(.constdata__ZTV8STM32DMA)
 <LI><a href="#[12e]">STM32DMA::setupDataCopy(const touchgfx::BlitOp&)</a> from stm32dma.o(i._ZN8STM32DMA13setupDataCopyERKN8touchgfx6BlitOpE) referenced from stm32dma.o(.constdata__ZTV8STM32DMA)
 <LI><a href="#[12f]">STM32DMA::setupDataFill(const touchgfx::BlitOp&)</a> from stm32dma.o(i._ZN8STM32DMA13setupDataFillERKN8touchgfx6BlitOpE) referenced from stm32dma.o(.constdata__ZTV8STM32DMA)
 <LI><a href="#[129]">STM32DMA::flush()</a> from stm32dma.o(i._ZN8STM32DMA5flushEv) referenced from stm32dma.o(.constdata__ZTV8STM32DMA)
 <LI><a href="#[d1]">STM32DMA::~STM32DMA()</a> from touchgfxconfiguration.o(i._ZN8STM32DMAD1Ev) referenced from stm32dma.o(.constdata__ZTV8STM32DMA)
 <LI><a href="#[d1]">STM32DMA::~STM32DMA()</a> from touchgfxconfiguration.o(i._ZN8STM32DMAD1Ev) referenced from touchgfxconfiguration.o(i.__sti___25_TouchGFXConfiguration_cpp_f5abfd34)
 <LI><a href="#[b0]">touchgfx::OSWrappers::taskDelay(unsigned short)</a> from oswrappers.o(i._ZN8touchgfx10OSWrappers9taskDelayEt) referenced from touchgfxgeneratedhal.o(i._ZN20TouchGFXGeneratedHAL10initializeEv)
 <LI><a href="#[137]">touchgfx::Transition::invalidate()</a> from frontendapplicationbase.o(i._ZN8touchgfx10Transition10invalidateEv) referenced from frontendapplicationbase.o(.constdata__ZTVN8touchgfx10TransitionE)
 <LI><a href="#[137]">touchgfx::Transition::invalidate()</a> from frontendapplicationbase.o(i._ZN8touchgfx10Transition10invalidateEv) referenced from frontendapplicationbase.o(.constdata__ZTVN8touchgfx12NoTransitionE)
 <LI><a href="#[134]">touchgfx::Transition::handleTickEvent()</a> from frontendapplicationbase.o(i._ZN8touchgfx10Transition15handleTickEventEv) referenced from frontendapplicationbase.o(.constdata__ZTVN8touchgfx10TransitionE)
 <LI><a href="#[138]">touchgfx::Transition::setScreenContainer(touchgfx::Container&)</a> from frontendapplicationbase.o(i._ZN8touchgfx10Transition18setScreenContainerERNS_9ContainerE) referenced from frontendapplicationbase.o(.constdata__ZTVN8touchgfx10TransitionE)
 <LI><a href="#[138]">touchgfx::Transition::setScreenContainer(touchgfx::Container&)</a> from frontendapplicationbase.o(i._ZN8touchgfx10Transition18setScreenContainerERNS_9ContainerE) referenced from frontendapplicationbase.o(.constdata__ZTVN8touchgfx12NoTransitionE)
 <LI><a href="#[136]">touchgfx::Transition::init()</a> from frontendapplicationbase.o(i._ZN8touchgfx10Transition4initEv) referenced from frontendapplicationbase.o(.constdata__ZTVN8touchgfx10TransitionE)
 <LI><a href="#[136]">touchgfx::Transition::init()</a> from frontendapplicationbase.o(i._ZN8touchgfx10Transition4initEv) referenced from frontendapplicationbase.o(.constdata__ZTVN8touchgfx12NoTransitionE)
 <LI><a href="#[135]">touchgfx::Transition::tearDown()</a> from frontendapplicationbase.o(i._ZN8touchgfx10Transition8tearDownEv) referenced from frontendapplicationbase.o(.constdata__ZTVN8touchgfx10TransitionE)
 <LI><a href="#[135]">touchgfx::Transition::tearDown()</a> from frontendapplicationbase.o(i._ZN8touchgfx10Transition8tearDownEv) referenced from frontendapplicationbase.o(.constdata__ZTVN8touchgfx12NoTransitionE)
 <LI><a href="#[133]">touchgfx::Transition::~Transition()</a> from frontendapplicationbase.o(i._ZN8touchgfx10TransitionD1Ev) referenced from frontendapplicationbase.o(.constdata__ZTVN8touchgfx10TransitionE)
 <LI><a href="#[116]">touchgfx::Application::invalidate()</a> from application.o(i._ZN8touchgfx11Application10invalidateEv) referenced from frontendapplication.o(.constdata__ZTV19FrontendApplication)
 <LI><a href="#[116]">touchgfx::Application::invalidate()</a> from application.o(i._ZN8touchgfx11Application10invalidateEv) referenced from touchgfxconfiguration.o(.constdata__ZTV23FrontendApplicationBase)
 <LI><a href="#[116]">touchgfx::Application::invalidate()</a> from application.o(i._ZN8touchgfx11Application10invalidateEv) referenced from application.o(.constdata__ZTVN8touchgfx11ApplicationE)
 <LI><a href="#[116]">touchgfx::Application::invalidate()</a> from application.o(i._ZN8touchgfx11Application10invalidateEv) referenced from frontendapplicationbase.o(.constdata__ZTVN8touchgfx14MVPApplicationE)
 <LI><a href="#[111]">touchgfx::Application::handleKeyEvent(unsigned char)</a> from application.o(i._ZN8touchgfx11Application14handleKeyEventEh) referenced from frontendapplication.o(.constdata__ZTV19FrontendApplication)
 <LI><a href="#[111]">touchgfx::Application::handleKeyEvent(unsigned char)</a> from application.o(i._ZN8touchgfx11Application14handleKeyEventEh) referenced from touchgfxconfiguration.o(.constdata__ZTV23FrontendApplicationBase)
 <LI><a href="#[111]">touchgfx::Application::handleKeyEvent(unsigned char)</a> from application.o(i._ZN8touchgfx11Application14handleKeyEventEh) referenced from application.o(.constdata__ZTVN8touchgfx11ApplicationE)
 <LI><a href="#[111]">touchgfx::Application::handleKeyEvent(unsigned char)</a> from application.o(i._ZN8touchgfx11Application14handleKeyEventEh) referenced from frontendapplicationbase.o(.constdata__ZTVN8touchgfx14MVPApplicationE)
 <LI><a href="#[117]">touchgfx::Application::invalidateArea(touchgfx::Rect)</a> from application.o(i._ZN8touchgfx11Application14invalidateAreaENS_4RectE) referenced from frontendapplication.o(.constdata__ZTV19FrontendApplication)
 <LI><a href="#[117]">touchgfx::Application::invalidateArea(touchgfx::Rect)</a> from application.o(i._ZN8touchgfx11Application14invalidateAreaENS_4RectE) referenced from touchgfxconfiguration.o(.constdata__ZTV23FrontendApplicationBase)
 <LI><a href="#[117]">touchgfx::Application::invalidateArea(touchgfx::Rect)</a> from application.o(i._ZN8touchgfx11Application14invalidateAreaENS_4RectE) referenced from application.o(.constdata__ZTVN8touchgfx11ApplicationE)
 <LI><a href="#[117]">touchgfx::Application::invalidateArea(touchgfx::Rect)</a> from application.o(i._ZN8touchgfx11Application14invalidateAreaENS_4RectE) referenced from frontendapplicationbase.o(.constdata__ZTVN8touchgfx14MVPApplicationE)
 <LI><a href="#[115]">touchgfx::Application::drawCachedAreas()</a> from application.o(i._ZN8touchgfx11Application15drawCachedAreasEv) referenced from frontendapplication.o(.constdata__ZTV19FrontendApplication)
 <LI><a href="#[115]">touchgfx::Application::drawCachedAreas()</a> from application.o(i._ZN8touchgfx11Application15drawCachedAreasEv) referenced from touchgfxconfiguration.o(.constdata__ZTV23FrontendApplicationBase)
 <LI><a href="#[115]">touchgfx::Application::drawCachedAreas()</a> from application.o(i._ZN8touchgfx11Application15drawCachedAreasEv) referenced from application.o(.constdata__ZTVN8touchgfx11ApplicationE)
 <LI><a href="#[115]">touchgfx::Application::drawCachedAreas()</a> from application.o(i._ZN8touchgfx11Application15drawCachedAreasEv) referenced from frontendapplicationbase.o(.constdata__ZTVN8touchgfx14MVPApplicationE)
 <LI><a href="#[10f]">touchgfx::Application::handleDragEvent(const touchgfx::DragEvent&)</a> from application.o(i._ZN8touchgfx11Application15handleDragEventERKNS_9DragEventE) referenced from frontendapplication.o(.constdata__ZTV19FrontendApplication)
 <LI><a href="#[10f]">touchgfx::Application::handleDragEvent(const touchgfx::DragEvent&)</a> from application.o(i._ZN8touchgfx11Application15handleDragEventERKNS_9DragEventE) referenced from touchgfxconfiguration.o(.constdata__ZTV23FrontendApplicationBase)
 <LI><a href="#[10f]">touchgfx::Application::handleDragEvent(const touchgfx::DragEvent&)</a> from application.o(i._ZN8touchgfx11Application15handleDragEventERKNS_9DragEventE) referenced from application.o(.constdata__ZTVN8touchgfx11ApplicationE)
 <LI><a href="#[10f]">touchgfx::Application::handleDragEvent(const touchgfx::DragEvent&)</a> from application.o(i._ZN8touchgfx11Application15handleDragEventERKNS_9DragEventE) referenced from frontendapplicationbase.o(.constdata__ZTVN8touchgfx14MVPApplicationE)
 <LI><a href="#[125]">touchgfx::Application::handleTickEvent()</a> from application.o(i._ZN8touchgfx11Application15handleTickEventEv) referenced from touchgfxconfiguration.o(.constdata__ZTV23FrontendApplicationBase)
 <LI><a href="#[125]">touchgfx::Application::handleTickEvent()</a> from application.o(i._ZN8touchgfx11Application15handleTickEventEv) referenced from application.o(.constdata__ZTVN8touchgfx11ApplicationE)
 <LI><a href="#[125]">touchgfx::Application::handleTickEvent()</a> from application.o(i._ZN8touchgfx11Application15handleTickEventEv) referenced from frontendapplicationbase.o(.constdata__ZTVN8touchgfx14MVPApplicationE)
 <LI><a href="#[114]">touchgfx::Application::clearCachedAreas()</a> from application.o(i._ZN8touchgfx11Application16clearCachedAreasEv) referenced from frontendapplication.o(.constdata__ZTV19FrontendApplication)
 <LI><a href="#[114]">touchgfx::Application::clearCachedAreas()</a> from application.o(i._ZN8touchgfx11Application16clearCachedAreasEv) referenced from touchgfxconfiguration.o(.constdata__ZTV23FrontendApplicationBase)
 <LI><a href="#[114]">touchgfx::Application::clearCachedAreas()</a> from application.o(i._ZN8touchgfx11Application16clearCachedAreasEv) referenced from application.o(.constdata__ZTVN8touchgfx11ApplicationE)
 <LI><a href="#[114]">touchgfx::Application::clearCachedAreas()</a> from application.o(i._ZN8touchgfx11Application16clearCachedAreasEv) referenced from frontendapplicationbase.o(.constdata__ZTVN8touchgfx14MVPApplicationE)
 <LI><a href="#[10e]">touchgfx::Application::handleClickEvent(const touchgfx::ClickEvent&)</a> from application.o(i._ZN8touchgfx11Application16handleClickEventERKNS_10ClickEventE) referenced from frontendapplication.o(.constdata__ZTV19FrontendApplication)
 <LI><a href="#[10e]">touchgfx::Application::handleClickEvent(const touchgfx::ClickEvent&)</a> from application.o(i._ZN8touchgfx11Application16handleClickEventERKNS_10ClickEventE) referenced from touchgfxconfiguration.o(.constdata__ZTV23FrontendApplicationBase)
 <LI><a href="#[10e]">touchgfx::Application::handleClickEvent(const touchgfx::ClickEvent&)</a> from application.o(i._ZN8touchgfx11Application16handleClickEventERKNS_10ClickEventE) referenced from application.o(.constdata__ZTVN8touchgfx11ApplicationE)
 <LI><a href="#[10e]">touchgfx::Application::handleClickEvent(const touchgfx::ClickEvent&)</a> from application.o(i._ZN8touchgfx11Application16handleClickEventERKNS_10ClickEventE) referenced from frontendapplicationbase.o(.constdata__ZTVN8touchgfx14MVPApplicationE)
 <LI><a href="#[110]">touchgfx::Application::handleGestureEvent(const touchgfx::GestureEvent&)</a> from application.o(i._ZN8touchgfx11Application18handleGestureEventERKNS_12GestureEventE) referenced from frontendapplication.o(.constdata__ZTV19FrontendApplication)
 <LI><a href="#[110]">touchgfx::Application::handleGestureEvent(const touchgfx::GestureEvent&)</a> from application.o(i._ZN8touchgfx11Application18handleGestureEventERKNS_12GestureEventE) referenced from touchgfxconfiguration.o(.constdata__ZTV23FrontendApplicationBase)
 <LI><a href="#[110]">touchgfx::Application::handleGestureEvent(const touchgfx::GestureEvent&)</a> from application.o(i._ZN8touchgfx11Application18handleGestureEventERKNS_12GestureEventE) referenced from application.o(.constdata__ZTVN8touchgfx11ApplicationE)
 <LI><a href="#[110]">touchgfx::Application::handleGestureEvent(const touchgfx::GestureEvent&)</a> from application.o(i._ZN8touchgfx11Application18handleGestureEventERKNS_12GestureEventE) referenced from frontendapplicationbase.o(.constdata__ZTVN8touchgfx14MVPApplicationE)
 <LI><a href="#[139]">touchgfx::Application::handlePendingScreenTransition()</a> from application.o(i._ZN8touchgfx11Application29handlePendingScreenTransitionEv) referenced from application.o(.constdata__ZTVN8touchgfx11ApplicationE)
 <LI><a href="#[118]">touchgfx::Application::draw(touchgfx::Rect&)</a> from application.o(i._ZN8touchgfx11Application4drawERNS_4RectE) referenced from frontendapplication.o(.constdata__ZTV19FrontendApplication)
 <LI><a href="#[118]">touchgfx::Application::draw(touchgfx::Rect&)</a> from application.o(i._ZN8touchgfx11Application4drawERNS_4RectE) referenced from touchgfxconfiguration.o(.constdata__ZTV23FrontendApplicationBase)
 <LI><a href="#[118]">touchgfx::Application::draw(touchgfx::Rect&)</a> from application.o(i._ZN8touchgfx11Application4drawERNS_4RectE) referenced from application.o(.constdata__ZTVN8touchgfx11ApplicationE)
 <LI><a href="#[118]">touchgfx::Application::draw(touchgfx::Rect&)</a> from application.o(i._ZN8touchgfx11Application4drawERNS_4RectE) referenced from frontendapplicationbase.o(.constdata__ZTVN8touchgfx14MVPApplicationE)
 <LI><a href="#[13c]">touchgfx::NoTransition::handleTickEvent()</a> from frontendapplicationbase.o(i._ZN8touchgfx12NoTransition15handleTickEventEv) referenced from frontendapplicationbase.o(.constdata__ZTVN8touchgfx12NoTransitionE)
 <LI><a href="#[13b]">touchgfx::NoTransition::~NoTransition()</a> from frontendapplicationbase.o(i._ZN8touchgfx12NoTransitionD1Ev) referenced from frontendapplicationbase.o(.constdata__ZTVN8touchgfx12NoTransitionE)
 <LI><a href="#[128]">touchgfx::DMA_Interface::addToQueue(const touchgfx::BlitOp&)</a> from dma.o(i._ZN8touchgfx13DMA_Interface10addToQueueERKNS_6BlitOpE) referenced from stm32dma.o(.constdata__ZTV8STM32DMA)
 <LI><a href="#[128]">touchgfx::DMA_Interface::addToQueue(const touchgfx::BlitOp&)</a> from dma.o(i._ZN8touchgfx13DMA_Interface10addToQueueERKNS_6BlitOpE) referenced from dma.o(.constdata__ZTVN8touchgfx13DMA_InterfaceE)
 <LI><a href="#[12a]">touchgfx::DMA_Interface::initialize()</a> from stm32dma.o(i._ZN8touchgfx13DMA_Interface10initializeEv) referenced from stm32dma.o(.constdata__ZTV8STM32DMA)
 <LI><a href="#[12a]">touchgfx::DMA_Interface::initialize()</a> from stm32dma.o(i._ZN8touchgfx13DMA_Interface10initializeEv) referenced from dma.o(.constdata__ZTVN8touchgfx13DMA_InterfaceE)
 <LI><a href="#[130]">touchgfx::DMA_Interface::enableAlpha(unsigned char)</a> from dma.o(i._ZN8touchgfx13DMA_Interface11enableAlphaEh) referenced from stm32dma.o(.constdata__ZTV8STM32DMA)
 <LI><a href="#[130]">touchgfx::DMA_Interface::enableAlpha(unsigned char)</a> from dma.o(i._ZN8touchgfx13DMA_Interface11enableAlphaEh) referenced from dma.o(.constdata__ZTVN8touchgfx13DMA_InterfaceE)
 <LI><a href="#[131]">touchgfx::DMA_Interface::disableAlpha()</a> from dma.o(i._ZN8touchgfx13DMA_Interface12disableAlphaEv) referenced from stm32dma.o(.constdata__ZTV8STM32DMA)
 <LI><a href="#[131]">touchgfx::DMA_Interface::disableAlpha()</a> from dma.o(i._ZN8touchgfx13DMA_Interface12disableAlphaEv) referenced from dma.o(.constdata__ZTVN8touchgfx13DMA_InterfaceE)
 <LI><a href="#[12d]">touchgfx::DMA_Interface::seedExecution()</a> from dma.o(i._ZN8touchgfx13DMA_Interface13seedExecutionEv) referenced from stm32dma.o(.constdata__ZTV8STM32DMA)
 <LI><a href="#[12d]">touchgfx::DMA_Interface::seedExecution()</a> from dma.o(i._ZN8touchgfx13DMA_Interface13seedExecutionEv) referenced from dma.o(.constdata__ZTVN8touchgfx13DMA_InterfaceE)
 <LI><a href="#[132]">touchgfx::DMA_Interface::waitForFrameBufferSemaphore()</a> from dma.o(i._ZN8touchgfx13DMA_Interface27waitForFrameBufferSemaphoreEv) referenced from stm32dma.o(.constdata__ZTV8STM32DMA)
 <LI><a href="#[132]">touchgfx::DMA_Interface::waitForFrameBufferSemaphore()</a> from dma.o(i._ZN8touchgfx13DMA_Interface27waitForFrameBufferSemaphoreEv) referenced from dma.o(.constdata__ZTVN8touchgfx13DMA_InterfaceE)
 <LI><a href="#[13d]">touchgfx::DMA_Interface::flush()</a> from dma.o(i._ZN8touchgfx13DMA_Interface5flushEv) referenced from dma.o(.constdata__ZTVN8touchgfx13DMA_InterfaceE)
 <LI><a href="#[12b]">touchgfx::DMA_Interface::start()</a> from dma.o(i._ZN8touchgfx13DMA_Interface5startEv) referenced from stm32dma.o(.constdata__ZTV8STM32DMA)
 <LI><a href="#[12b]">touchgfx::DMA_Interface::start()</a> from dma.o(i._ZN8touchgfx13DMA_Interface5startEv) referenced from dma.o(.constdata__ZTVN8touchgfx13DMA_InterfaceE)
 <LI><a href="#[12c]">touchgfx::DMA_Interface::execute()</a> from dma.o(i._ZN8touchgfx13DMA_Interface7executeEv) referenced from stm32dma.o(.constdata__ZTV8STM32DMA)
 <LI><a href="#[12c]">touchgfx::DMA_Interface::execute()</a> from dma.o(i._ZN8touchgfx13DMA_Interface7executeEv) referenced from dma.o(.constdata__ZTVN8touchgfx13DMA_InterfaceE)
 <LI><a href="#[af]">touchgfx::GeneratedFont::~GeneratedFont()</a> from generatedfont.o(i._ZN8touchgfx13GeneratedFontD1Ev) referenced from generatedfont.o(.constdata__ZTVN8touchgfx13GeneratedFontE)
 <LI><a href="#[af]">touchgfx::GeneratedFont::~GeneratedFont()</a> from generatedfont.o(i._ZN8touchgfx13GeneratedFontD1Ev) referenced from table_verdana_10_4bpp.o(i._Z23getFont_verdana_10_4bppv)
 <LI><a href="#[af]">touchgfx::GeneratedFont::~GeneratedFont()</a> from generatedfont.o(i._ZN8touchgfx13GeneratedFontD1Ev) referenced from table_verdana_20_4bpp.o(i._Z23getFont_verdana_20_4bppv)
 <LI><a href="#[af]">touchgfx::GeneratedFont::~GeneratedFont()</a> from generatedfont.o(i._ZN8touchgfx13GeneratedFontD1Ev) referenced from table_verdana_40_4bpp.o(i._Z23getFont_verdana_40_4bppv)
 <LI><a href="#[113]">touchgfx::MVPApplication::handlePendingScreenTransition()</a> from touchgfxconfiguration.o(i._ZN8touchgfx14MVPApplication29handlePendingScreenTransitionEv) referenced from frontendapplication.o(.constdata__ZTV19FrontendApplication)
 <LI><a href="#[113]">touchgfx::MVPApplication::handlePendingScreenTransition()</a> from touchgfxconfiguration.o(i._ZN8touchgfx14MVPApplication29handlePendingScreenTransitionEv) referenced from touchgfxconfiguration.o(.constdata__ZTV23FrontendApplicationBase)
 <LI><a href="#[113]">touchgfx::MVPApplication::handlePendingScreenTransition()</a> from touchgfxconfiguration.o(i._ZN8touchgfx14MVPApplication29handlePendingScreenTransitionEv) referenced from frontendapplicationbase.o(.constdata__ZTVN8touchgfx14MVPApplicationE)
 <LI><a href="#[14c]">touchgfx::AbstractPartition::~AbstractPartition__sub_object()</a> from abstractpartition.o(i._ZN8touchgfx17AbstractPartitionD2Ev) referenced from abstractpartition.o(.constdata__ZTVN8touchgfx17AbstractPartitionE)
 <LI><a href="#[14f]">touchgfx::LockFreeDMA_Queue::pushCopyOf(const touchgfx::BlitOp&)</a> from dma.o(i._ZN8touchgfx17LockFreeDMA_Queue10pushCopyOfERKNS_6BlitOpE) referenced from dma.o(.constdata__ZTVN8touchgfx17LockFreeDMA_QueueE)
 <LI><a href="#[150]">touchgfx::LockFreeDMA_Queue::first()</a> from dma.o(i._ZN8touchgfx17LockFreeDMA_Queue5firstEv) referenced from dma.o(.constdata__ZTVN8touchgfx17LockFreeDMA_QueueE)
 <LI><a href="#[14e]">touchgfx::LockFreeDMA_Queue::isFull()</a> from dma.o(i._ZN8touchgfx17LockFreeDMA_Queue6isFullEv) referenced from dma.o(.constdata__ZTVN8touchgfx17LockFreeDMA_QueueE)
 <LI><a href="#[14d]">touchgfx::LockFreeDMA_Queue::isEmpty()</a> from dma.o(i._ZN8touchgfx17LockFreeDMA_Queue7isEmptyEv) referenced from dma.o(.constdata__ZTVN8touchgfx17LockFreeDMA_QueueE)
 <LI><a href="#[151]">touchgfx::TextAreaWithOneWildcard::~TextAreaWithOneWildcard()</a> from screen1viewbase.o(i._ZN8touchgfx23TextAreaWithOneWildcardD1Ev) referenced from screen1viewbase.o(.constdata__ZTVN8touchgfx23TextAreaWithOneWildcardE)
 <LI><a href="#[168]">touchgfx::Box::~Box()</a> from screen1viewbase.o(i._ZN8touchgfx3BoxD1Ev) referenced from box.o(.constdata__ZTVN8touchgfx3BoxE)
 <LI><a href="#[173]">touchgfx::HAL::FlushCache()</a> from hal.o(i._ZN8touchgfx3HAL10FlushCacheEv) referenced from hal.o(.constdata__ZTVN8touchgfx3HALE)
 <LI><a href="#[170]">touchgfx::HAL::beginFrame()</a> from hal.o(i._ZN8touchgfx3HAL10beginFrameEv) referenced from hal.o(.constdata__ZTVN8touchgfx3HALE)
 <LI><a href="#[16d]">touchgfx::HAL::initialize()</a> from hal.o(i._ZN8touchgfx3HAL10initializeEv) referenced from hal.o(.constdata__ZTVN8touchgfx3HALE)
 <LI><a href="#[ee]">touchgfx::HAL::getBlitCaps()</a> from touchgfxhal.o(i._ZN8touchgfx3HAL11getBlitCapsEv) referenced from touchgfxhal.o(.constdata__ZTV11TouchGFXHAL)
 <LI><a href="#[ee]">touchgfx::HAL::getBlitCaps()</a> from touchgfxhal.o(i._ZN8touchgfx3HAL11getBlitCapsEv) referenced from touchgfxgeneratedhal.o(.constdata__ZTV20TouchGFXGeneratedHAL)
 <LI><a href="#[ee]">touchgfx::HAL::getBlitCaps()</a> from touchgfxhal.o(i._ZN8touchgfx3HAL11getBlitCapsEv) referenced from hal.o(.constdata__ZTVN8touchgfx3HALE)
 <LI><a href="#[ef]">touchgfx::HAL::blitCopyGlyph(const unsigned char*, unsigned short, unsigned short, unsigned short, unsigned short, unsigned short, touchgfx::colortype, unsigned char, touchgfx::BlitOperations, bool)</a> from hal.o(i._ZN8touchgfx3HAL13blitCopyGlyphEPKhtttttNS_9colortypeEhNS_14BlitOperationsEb) referenced from touchgfxhal.o(.constdata__ZTV11TouchGFXHAL)
 <LI><a href="#[ef]">touchgfx::HAL::blitCopyGlyph(const unsigned char*, unsigned short, unsigned short, unsigned short, unsigned short, unsigned short, touchgfx::colortype, unsigned char, touchgfx::BlitOperations, bool)</a> from hal.o(i._ZN8touchgfx3HAL13blitCopyGlyphEPKhtttttNS_9colortypeEhNS_14BlitOperationsEb) referenced from touchgfxgeneratedhal.o(.constdata__ZTV20TouchGFXGeneratedHAL)
 <LI><a href="#[ef]">touchgfx::HAL::blitCopyGlyph(const unsigned char*, unsigned short, unsigned short, unsigned short, unsigned short, unsigned short, touchgfx::colortype, unsigned char, touchgfx::BlitOperations, bool)</a> from hal.o(i._ZN8touchgfx3HAL13blitCopyGlyphEPKhtttttNS_9colortypeEhNS_14BlitOperationsEb) referenced from hal.o(.constdata__ZTVN8touchgfx3HALE)
 <LI><a href="#[172]">touchgfx::HAL::InvalidateCache()</a> from hal.o(i._ZN8touchgfx3HAL15InvalidateCacheEv) referenced from hal.o(.constdata__ZTVN8touchgfx3HALE)
 <LI><a href="#[f3]">touchgfx::HAL::backPorchExited()</a> from touchgfxhal.o(i._ZN8touchgfx3HAL15backPorchExitedEv) referenced from touchgfxhal.o(.constdata__ZTV11TouchGFXHAL)
 <LI><a href="#[f3]">touchgfx::HAL::backPorchExited()</a> from touchgfxhal.o(i._ZN8touchgfx3HAL15backPorchExitedEv) referenced from touchgfxgeneratedhal.o(.constdata__ZTV20TouchGFXGeneratedHAL)
 <LI><a href="#[f3]">touchgfx::HAL::backPorchExited()</a> from touchgfxhal.o(i._ZN8touchgfx3HAL15backPorchExitedEv) referenced from hal.o(.constdata__ZTVN8touchgfx3HALE)
 <LI><a href="#[eb]">touchgfx::HAL::lockFrameBuffer()</a> from hal.o(i._ZN8touchgfx3HAL15lockFrameBufferEv) referenced from touchgfxhal.o(.constdata__ZTV11TouchGFXHAL)
 <LI><a href="#[eb]">touchgfx::HAL::lockFrameBuffer()</a> from hal.o(i._ZN8touchgfx3HAL15lockFrameBufferEv) referenced from touchgfxgeneratedhal.o(.constdata__ZTV20TouchGFXGeneratedHAL)
 <LI><a href="#[eb]">touchgfx::HAL::lockFrameBuffer()</a> from hal.o(i._ZN8touchgfx3HAL15lockFrameBufferEv) referenced from hal.o(.constdata__ZTVN8touchgfx3HALE)
 <LI><a href="#[16e]">touchgfx::HAL::flushFrameBuffer(const touchgfx::Rect&)</a> from hal.o(i._ZN8touchgfx3HAL16flushFrameBufferERKNS_4RectE) referenced from hal.o(.constdata__ZTVN8touchgfx3HALE)
 <LI><a href="#[e9]">touchgfx::HAL::allowDMATransfers()</a> from hal.o(i._ZN8touchgfx3HAL17allowDMATransfersEv) referenced from touchgfxhal.o(.constdata__ZTV11TouchGFXHAL)
 <LI><a href="#[e9]">touchgfx::HAL::allowDMATransfers()</a> from hal.o(i._ZN8touchgfx3HAL17allowDMATransfersEv) referenced from touchgfxgeneratedhal.o(.constdata__ZTV20TouchGFXGeneratedHAL)
 <LI><a href="#[e9]">touchgfx::HAL::allowDMATransfers()</a> from hal.o(i._ZN8touchgfx3HAL17allowDMATransfersEv) referenced from hal.o(.constdata__ZTVN8touchgfx3HALE)
 <LI><a href="#[16f]">touchgfx::HAL::getTFTCurrentLine()</a> from hal.o(i._ZN8touchgfx3HAL17getTFTCurrentLineEv) referenced from hal.o(.constdata__ZTVN8touchgfx3HALE)
 <LI><a href="#[ec]">touchgfx::HAL::unlockFrameBuffer()</a> from hal.o(i._ZN8touchgfx3HAL17unlockFrameBufferEv) referenced from touchgfxhal.o(.constdata__ZTV11TouchGFXHAL)
 <LI><a href="#[ec]">touchgfx::HAL::unlockFrameBuffer()</a> from hal.o(i._ZN8touchgfx3HAL17unlockFrameBufferEv) referenced from touchgfxgeneratedhal.o(.constdata__ZTV20TouchGFXGeneratedHAL)
 <LI><a href="#[ec]">touchgfx::HAL::unlockFrameBuffer()</a> from hal.o(i._ZN8touchgfx3HAL17unlockFrameBufferEv) referenced from hal.o(.constdata__ZTVN8touchgfx3HALE)
 <LI><a href="#[f9]">touchgfx::HAL::setAnimationStorage(void*)</a> from touchgfxhal.o(i._ZN8touchgfx3HAL19setAnimationStorageEPv) referenced from touchgfxhal.o(.constdata__ZTV11TouchGFXHAL)
 <LI><a href="#[f9]">touchgfx::HAL::setAnimationStorage(void*)</a> from touchgfxhal.o(i._ZN8touchgfx3HAL19setAnimationStorageEPv) referenced from touchgfxgeneratedhal.o(.constdata__ZTV20TouchGFXGeneratedHAL)
 <LI><a href="#[f9]">touchgfx::HAL::setAnimationStorage(void*)</a> from touchgfxhal.o(i._ZN8touchgfx3HAL19setAnimationStorageEPv) referenced from hal.o(.constdata__ZTVN8touchgfx3HALE)
 <LI><a href="#[f2]">touchgfx::HAL::registerEventListener(touchgfx::UIEventListener&)</a> from hal.o(i._ZN8touchgfx3HAL21registerEventListenerERNS_15UIEventListenerE) referenced from touchgfxhal.o(.constdata__ZTV11TouchGFXHAL)
 <LI><a href="#[f2]">touchgfx::HAL::registerEventListener(touchgfx::UIEventListener&)</a> from hal.o(i._ZN8touchgfx3HAL21registerEventListenerERNS_15UIEventListenerE) referenced from touchgfxgeneratedhal.o(.constdata__ZTV20TouchGFXGeneratedHAL)
 <LI><a href="#[f2]">touchgfx::HAL::registerEventListener(touchgfx::UIEventListener&)</a> from hal.o(i._ZN8touchgfx3HAL21registerEventListenerERNS_15UIEventListenerE) referenced from hal.o(.constdata__ZTVN8touchgfx3HALE)
 <LI><a href="#[e5]">touchgfx::HAL::setDisplayOrientation(touchgfx::DisplayOrientation)</a> from touchgfxhal.o(i._ZN8touchgfx3HAL21setDisplayOrientationENS_18DisplayOrientationE) referenced from touchgfxhal.o(.constdata__ZTV11TouchGFXHAL)
 <LI><a href="#[e5]">touchgfx::HAL::setDisplayOrientation(touchgfx::DisplayOrientation)</a> from touchgfxhal.o(i._ZN8touchgfx3HAL21setDisplayOrientationENS_18DisplayOrientationE) referenced from touchgfxgeneratedhal.o(.constdata__ZTV20TouchGFXGeneratedHAL)
 <LI><a href="#[e5]">touchgfx::HAL::setDisplayOrientation(touchgfx::DisplayOrientation)</a> from touchgfxhal.o(i._ZN8touchgfx3HAL21setDisplayOrientationENS_18DisplayOrientationE) referenced from hal.o(.constdata__ZTVN8touchgfx3HALE)
 <LI><a href="#[fa]">touchgfx::HAL::configurePartialFrameBuffer(unsigned short, unsigned short, unsigned short, unsigned short)</a> from hal.o(i._ZN8touchgfx3HAL27configurePartialFrameBufferEtttt) referenced from touchgfxhal.o(.constdata__ZTV11TouchGFXHAL)
 <LI><a href="#[fa]">touchgfx::HAL::configurePartialFrameBuffer(unsigned short, unsigned short, unsigned short, unsigned short)</a> from hal.o(i._ZN8touchgfx3HAL27configurePartialFrameBufferEtttt) referenced from touchgfxgeneratedhal.o(.constdata__ZTV20TouchGFXGeneratedHAL)
 <LI><a href="#[fa]">touchgfx::HAL::configurePartialFrameBuffer(unsigned short, unsigned short, unsigned short, unsigned short)</a> from hal.o(i._ZN8touchgfx3HAL27configurePartialFrameBufferEtttt) referenced from hal.o(.constdata__ZTVN8touchgfx3HALE)
 <LI><a href="#[f8]">touchgfx::HAL::setFrameBufferStartAddresses(void*, void*, void*)</a> from touchgfxhal.o(i._ZN8touchgfx3HAL28setFrameBufferStartAddressesEPvS1_S1_) referenced from touchgfxhal.o(.constdata__ZTV11TouchGFXHAL)
 <LI><a href="#[f8]">touchgfx::HAL::setFrameBufferStartAddresses(void*, void*, void*)</a> from touchgfxhal.o(i._ZN8touchgfx3HAL28setFrameBufferStartAddressesEPvS1_S1_) referenced from touchgfxgeneratedhal.o(.constdata__ZTV20TouchGFXGeneratedHAL)
 <LI><a href="#[f8]">touchgfx::HAL::setFrameBufferStartAddresses(void*, void*, void*)</a> from touchgfxhal.o(i._ZN8touchgfx3HAL28setFrameBufferStartAddressesEPvS1_S1_) referenced from hal.o(.constdata__ZTVN8touchgfx3HALE)
 <LI><a href="#[103]">touchgfx::HAL::performDisplayOrientationChange()</a> from touchgfxhal.o(i._ZN8touchgfx3HAL31performDisplayOrientationChangeEv) referenced from touchgfxhal.o(.constdata__ZTV11TouchGFXHAL)
 <LI><a href="#[103]">touchgfx::HAL::performDisplayOrientationChange()</a> from touchgfxhal.o(i._ZN8touchgfx3HAL31performDisplayOrientationChangeEv) referenced from touchgfxgeneratedhal.o(.constdata__ZTV20TouchGFXGeneratedHAL)
 <LI><a href="#[103]">touchgfx::HAL::performDisplayOrientationChange()</a> from touchgfxhal.o(i._ZN8touchgfx3HAL31performDisplayOrientationChangeEv) referenced from hal.o(.constdata__ZTVN8touchgfx3HALE)
 <LI><a href="#[fd]">touchgfx::HAL::tick()</a> from hal.o(i._ZN8touchgfx3HAL4tickEv) referenced from touchgfxhal.o(.constdata__ZTV11TouchGFXHAL)
 <LI><a href="#[fd]">touchgfx::HAL::tick()</a> from hal.o(i._ZN8touchgfx3HAL4tickEv) referenced from touchgfxgeneratedhal.o(.constdata__ZTV20TouchGFXGeneratedHAL)
 <LI><a href="#[fd]">touchgfx::HAL::tick()</a> from hal.o(i._ZN8touchgfx3HAL4tickEv) referenced from hal.o(.constdata__ZTVN8touchgfx3HALE)
 <LI><a href="#[101]">touchgfx::HAL::touch(int, int)</a> from hal.o(i._ZN8touchgfx3HAL5touchEii) referenced from touchgfxhal.o(.constdata__ZTV11TouchGFXHAL)
 <LI><a href="#[101]">touchgfx::HAL::touch(int, int)</a> from hal.o(i._ZN8touchgfx3HAL5touchEii) referenced from touchgfxgeneratedhal.o(.constdata__ZTV20TouchGFXGeneratedHAL)
 <LI><a href="#[101]">touchgfx::HAL::touch(int, int)</a> from hal.o(i._ZN8touchgfx3HAL5touchEii) referenced from hal.o(.constdata__ZTVN8touchgfx3HALE)
 <LI><a href="#[102]">touchgfx::HAL::noTouch()</a> from hal.o(i._ZN8touchgfx3HAL7noTouchEv) referenced from touchgfxhal.o(.constdata__ZTV11TouchGFXHAL)
 <LI><a href="#[102]">touchgfx::HAL::noTouch()</a> from hal.o(i._ZN8touchgfx3HAL7noTouchEv) referenced from touchgfxgeneratedhal.o(.constdata__ZTV20TouchGFXGeneratedHAL)
 <LI><a href="#[102]">touchgfx::HAL::noTouch()</a> from hal.o(i._ZN8touchgfx3HAL7noTouchEv) referenced from hal.o(.constdata__ZTVN8touchgfx3HALE)
 <LI><a href="#[f1]">touchgfx::HAL::blitFill(touchgfx::colortype, unsigned short, unsigned short, unsigned short, unsigned short, unsigned char, bool)</a> from hal.o(i._ZN8touchgfx3HAL8blitFillENS_9colortypeEtttthb) referenced from touchgfxhal.o(.constdata__ZTV11TouchGFXHAL)
 <LI><a href="#[f1]">touchgfx::HAL::blitFill(touchgfx::colortype, unsigned short, unsigned short, unsigned short, unsigned short, unsigned char, bool)</a> from hal.o(i._ZN8touchgfx3HAL8blitFillENS_9colortypeEtttthb) referenced from touchgfxgeneratedhal.o(.constdata__ZTV20TouchGFXGeneratedHAL)
 <LI><a href="#[f1]">touchgfx::HAL::blitFill(touchgfx::colortype, unsigned short, unsigned short, unsigned short, unsigned short, unsigned char, bool)</a> from hal.o(i._ZN8touchgfx3HAL8blitFillENS_9colortypeEtttthb) referenced from hal.o(.constdata__ZTVN8touchgfx3HALE)
 <LI><a href="#[f0]">touchgfx::HAL::blitFill(touchgfx::colortype, unsigned short, unsigned short, unsigned short, unsigned short, unsigned char, unsigned short, touchgfx::Bitmap::BitmapFormat, bool)</a> from hal.o(i._ZN8touchgfx3HAL8blitFillENS_9colortypeEtttthtNS_6Bitmap12BitmapFormatEb) referenced from touchgfxhal.o(.constdata__ZTV11TouchGFXHAL)
 <LI><a href="#[f0]">touchgfx::HAL::blitFill(touchgfx::colortype, unsigned short, unsigned short, unsigned short, unsigned short, unsigned char, unsigned short, touchgfx::Bitmap::BitmapFormat, bool)</a> from hal.o(i._ZN8touchgfx3HAL8blitFillENS_9colortypeEtttthtNS_6Bitmap12BitmapFormatEb) referenced from touchgfxgeneratedhal.o(.constdata__ZTV20TouchGFXGeneratedHAL)
 <LI><a href="#[f0]">touchgfx::HAL::blitFill(touchgfx::colortype, unsigned short, unsigned short, unsigned short, unsigned short, unsigned char, unsigned short, touchgfx::Bitmap::BitmapFormat, bool)</a> from hal.o(i._ZN8touchgfx3HAL8blitFillENS_9colortypeEtttthtNS_6Bitmap12BitmapFormatEb) referenced from hal.o(.constdata__ZTVN8touchgfx3HALE)
 <LI><a href="#[171]">touchgfx::HAL::endFrame()</a> from hal.o(i._ZN8touchgfx3HAL8endFrameEv) referenced from hal.o(.constdata__ZTVN8touchgfx3HALE)
 <LI><a href="#[ea]">touchgfx::HAL::flushDMA()</a> from hal.o(i._ZN8touchgfx3HAL8flushDMAEv) referenced from touchgfxhal.o(.constdata__ZTV11TouchGFXHAL)
 <LI><a href="#[ea]">touchgfx::HAL::flushDMA()</a> from hal.o(i._ZN8touchgfx3HAL8flushDMAEv) referenced from touchgfxgeneratedhal.o(.constdata__ZTV20TouchGFXGeneratedHAL)
 <LI><a href="#[ea]">touchgfx::HAL::flushDMA()</a> from hal.o(i._ZN8touchgfx3HAL8flushDMAEv) referenced from hal.o(.constdata__ZTVN8touchgfx3HALE)
 <LI><a href="#[fb]">touchgfx::HAL::taskDelay(unsigned short)</a> from touchgfxhal.o(i._ZN8touchgfx3HAL9taskDelayEt) referenced from touchgfxhal.o(.constdata__ZTV11TouchGFXHAL)
 <LI><a href="#[fb]">touchgfx::HAL::taskDelay(unsigned short)</a> from touchgfxhal.o(i._ZN8touchgfx3HAL9taskDelayEt) referenced from touchgfxgeneratedhal.o(.constdata__ZTV20TouchGFXGeneratedHAL)
 <LI><a href="#[fb]">touchgfx::HAL::taskDelay(unsigned short)</a> from touchgfxhal.o(i._ZN8touchgfx3HAL9taskDelayEt) referenced from hal.o(.constdata__ZTVN8touchgfx3HALE)
 <LI><a href="#[e7]">touchgfx::HAL::taskEntry()</a> from hal.o(i._ZN8touchgfx3HAL9taskEntryEv) referenced from touchgfxhal.o(.constdata__ZTV11TouchGFXHAL)
 <LI><a href="#[e7]">touchgfx::HAL::taskEntry()</a> from hal.o(i._ZN8touchgfx3HAL9taskEntryEv) referenced from touchgfxgeneratedhal.o(.constdata__ZTV20TouchGFXGeneratedHAL)
 <LI><a href="#[e7]">touchgfx::HAL::taskEntry()</a> from hal.o(i._ZN8touchgfx3HAL9taskEntryEv) referenced from hal.o(.constdata__ZTVN8touchgfx3HALE)
 <LI><a href="#[d9]">touchgfx::Rect::Rect()</a> from screen1viewbase.o(i._ZN8touchgfx4RectC1Ev) referenced from application.o(t._ZN8touchgfx6VectorINS_4RectELt8EEC1Ev)
 <LI><a href="#[177]">touchgfx::View&lang;Screen1Presenter&rang;::~View()</a> from screen1viewbase.o(i._ZN8touchgfx4ViewI16Screen1PresenterED1Ev) referenced from screen1viewbase.o(.constdata__ZTVN8touchgfx4ViewI16Screen1PresenterEE)
 <LI><a href="#[178]">touchgfx::Screen::setupScreen()</a> from screen1viewbase.o(i._ZN8touchgfx6Screen11setupScreenEv) referenced from screen1viewbase.o(.constdata__ZTVN8touchgfx4ViewI16Screen1PresenterEE)
 <LI><a href="#[178]">touchgfx::Screen::setupScreen()</a> from screen1viewbase.o(i._ZN8touchgfx6Screen11setupScreenEv) referenced from screen.o(.constdata__ZTVN8touchgfx6ScreenE)
 <LI><a href="#[e4]">touchgfx::Screen::handleKeyEvent(unsigned char)</a> from screen1view.o(i._ZN8touchgfx6Screen14handleKeyEventEh) referenced from screen1view.o(.constdata__ZTV11Screen1View)
 <LI><a href="#[e4]">touchgfx::Screen::handleKeyEvent(unsigned char)</a> from screen1view.o(i._ZN8touchgfx6Screen14handleKeyEventEh) referenced from screen1viewbase.o(.constdata__ZTV15Screen1ViewBase)
 <LI><a href="#[e4]">touchgfx::Screen::handleKeyEvent(unsigned char)</a> from screen1view.o(i._ZN8touchgfx6Screen14handleKeyEventEh) referenced from screen1viewbase.o(.constdata__ZTVN8touchgfx4ViewI16Screen1PresenterEE)
 <LI><a href="#[e4]">touchgfx::Screen::handleKeyEvent(unsigned char)</a> from screen1view.o(i._ZN8touchgfx6Screen14handleKeyEventEh) referenced from screen.o(.constdata__ZTVN8touchgfx6ScreenE)
 <LI><a href="#[109]">touchgfx::Screen::tearDownScreen()</a> from screen1viewbase.o(i._ZN8touchgfx6Screen14tearDownScreenEv) referenced from screen1viewbase.o(.constdata__ZTV15Screen1ViewBase)
 <LI><a href="#[109]">touchgfx::Screen::tearDownScreen()</a> from screen1viewbase.o(i._ZN8touchgfx6Screen14tearDownScreenEv) referenced from screen1viewbase.o(.constdata__ZTVN8touchgfx4ViewI16Screen1PresenterEE)
 <LI><a href="#[109]">touchgfx::Screen::tearDownScreen()</a> from screen1viewbase.o(i._ZN8touchgfx6Screen14tearDownScreenEv) referenced from screen.o(.constdata__ZTVN8touchgfx6ScreenE)
 <LI><a href="#[de]">touchgfx::Screen::afterTransition()</a> from screen1view.o(i._ZN8touchgfx6Screen15afterTransitionEv) referenced from screen1view.o(.constdata__ZTV11Screen1View)
 <LI><a href="#[de]">touchgfx::Screen::afterTransition()</a> from screen1view.o(i._ZN8touchgfx6Screen15afterTransitionEv) referenced from screen1viewbase.o(.constdata__ZTV15Screen1ViewBase)
 <LI><a href="#[de]">touchgfx::Screen::afterTransition()</a> from screen1view.o(i._ZN8touchgfx6Screen15afterTransitionEv) referenced from screen1viewbase.o(.constdata__ZTVN8touchgfx4ViewI16Screen1PresenterEE)
 <LI><a href="#[de]">touchgfx::Screen::afterTransition()</a> from screen1view.o(i._ZN8touchgfx6Screen15afterTransitionEv) referenced from screen.o(.constdata__ZTVN8touchgfx6ScreenE)
 <LI><a href="#[e1]">touchgfx::Screen::handleDragEvent(const touchgfx::DragEvent&)</a> from screen.o(i._ZN8touchgfx6Screen15handleDragEventERKNS_9DragEventE) referenced from screen1view.o(.constdata__ZTV11Screen1View)
 <LI><a href="#[e1]">touchgfx::Screen::handleDragEvent(const touchgfx::DragEvent&)</a> from screen.o(i._ZN8touchgfx6Screen15handleDragEventERKNS_9DragEventE) referenced from screen1viewbase.o(.constdata__ZTV15Screen1ViewBase)
 <LI><a href="#[e1]">touchgfx::Screen::handleDragEvent(const touchgfx::DragEvent&)</a> from screen.o(i._ZN8touchgfx6Screen15handleDragEventERKNS_9DragEventE) referenced from screen1viewbase.o(.constdata__ZTVN8touchgfx4ViewI16Screen1PresenterEE)
 <LI><a href="#[e1]">touchgfx::Screen::handleDragEvent(const touchgfx::DragEvent&)</a> from screen.o(i._ZN8touchgfx6Screen15handleDragEventERKNS_9DragEventE) referenced from screen.o(.constdata__ZTVN8touchgfx6ScreenE)
 <LI><a href="#[e3]">touchgfx::Screen::handleTickEvent()</a> from screen1view.o(i._ZN8touchgfx6Screen15handleTickEventEv) referenced from screen1view.o(.constdata__ZTV11Screen1View)
 <LI><a href="#[e3]">touchgfx::Screen::handleTickEvent()</a> from screen1view.o(i._ZN8touchgfx6Screen15handleTickEventEv) referenced from screen1viewbase.o(.constdata__ZTV15Screen1ViewBase)
 <LI><a href="#[e3]">touchgfx::Screen::handleTickEvent()</a> from screen1view.o(i._ZN8touchgfx6Screen15handleTickEventEv) referenced from screen1viewbase.o(.constdata__ZTVN8touchgfx4ViewI16Screen1PresenterEE)
 <LI><a href="#[e3]">touchgfx::Screen::handleTickEvent()</a> from screen1view.o(i._ZN8touchgfx6Screen15handleTickEventEv) referenced from screen.o(.constdata__ZTVN8touchgfx6ScreenE)
 <LI><a href="#[e0]">touchgfx::Screen::handleClickEvent(const touchgfx::ClickEvent&)</a> from screen.o(i._ZN8touchgfx6Screen16handleClickEventERKNS_10ClickEventE) referenced from screen1view.o(.constdata__ZTV11Screen1View)
 <LI><a href="#[e0]">touchgfx::Screen::handleClickEvent(const touchgfx::ClickEvent&)</a> from screen.o(i._ZN8touchgfx6Screen16handleClickEventERKNS_10ClickEventE) referenced from screen1viewbase.o(.constdata__ZTV15Screen1ViewBase)
 <LI><a href="#[e0]">touchgfx::Screen::handleClickEvent(const touchgfx::ClickEvent&)</a> from screen.o(i._ZN8touchgfx6Screen16handleClickEventERKNS_10ClickEventE) referenced from screen1viewbase.o(.constdata__ZTVN8touchgfx4ViewI16Screen1PresenterEE)
 <LI><a href="#[e0]">touchgfx::Screen::handleClickEvent(const touchgfx::ClickEvent&)</a> from screen.o(i._ZN8touchgfx6Screen16handleClickEventERKNS_10ClickEventE) referenced from screen.o(.constdata__ZTVN8touchgfx6ScreenE)
 <LI><a href="#[e2]">touchgfx::Screen::handleGestureEvent(const touchgfx::GestureEvent&)</a> from screen.o(i._ZN8touchgfx6Screen18handleGestureEventERKNS_12GestureEventE) referenced from screen1view.o(.constdata__ZTV11Screen1View)
 <LI><a href="#[e2]">touchgfx::Screen::handleGestureEvent(const touchgfx::GestureEvent&)</a> from screen.o(i._ZN8touchgfx6Screen18handleGestureEventERKNS_12GestureEventE) referenced from screen1viewbase.o(.constdata__ZTV15Screen1ViewBase)
 <LI><a href="#[e2]">touchgfx::Screen::handleGestureEvent(const touchgfx::GestureEvent&)</a> from screen.o(i._ZN8touchgfx6Screen18handleGestureEventERKNS_12GestureEventE) referenced from screen1viewbase.o(.constdata__ZTVN8touchgfx4ViewI16Screen1PresenterEE)
 <LI><a href="#[e2]">touchgfx::Screen::handleGestureEvent(const touchgfx::GestureEvent&)</a> from screen.o(i._ZN8touchgfx6Screen18handleGestureEventERKNS_12GestureEventE) referenced from screen.o(.constdata__ZTVN8touchgfx6ScreenE)
 <LI><a href="#[dc]">touchgfx::Screen::draw(touchgfx::Rect&)</a> from screen.o(i._ZN8touchgfx6Screen4drawERNS_4RectE) referenced from screen1view.o(.constdata__ZTV11Screen1View)
 <LI><a href="#[dc]">touchgfx::Screen::draw(touchgfx::Rect&)</a> from screen.o(i._ZN8touchgfx6Screen4drawERNS_4RectE) referenced from screen1viewbase.o(.constdata__ZTV15Screen1ViewBase)
 <LI><a href="#[dc]">touchgfx::Screen::draw(touchgfx::Rect&)</a> from screen.o(i._ZN8touchgfx6Screen4drawERNS_4RectE) referenced from screen1viewbase.o(.constdata__ZTVN8touchgfx4ViewI16Screen1PresenterEE)
 <LI><a href="#[dc]">touchgfx::Screen::draw(touchgfx::Rect&)</a> from screen.o(i._ZN8touchgfx6Screen4drawERNS_4RectE) referenced from screen.o(.constdata__ZTVN8touchgfx6ScreenE)
 <LI><a href="#[179]">touchgfx::Screen::~Screen()</a> from screen.o(i._ZN8touchgfx6ScreenD1Ev) referenced from screen.o(.constdata__ZTVN8touchgfx6ScreenE)
 <LI><a href="#[154]">touchgfx::Widget::getLastChild(short, short, touchgfx::Drawable**)</a> from screen1viewbase.o(i._ZN8touchgfx6Widget12getLastChildEssPPNS_8DrawableE) referenced from screen1viewbase.o(.constdata__ZTVN8touchgfx23TextAreaWithOneWildcardE)
 <LI><a href="#[154]">touchgfx::Widget::getLastChild(short, short, touchgfx::Drawable**)</a> from screen1viewbase.o(i._ZN8touchgfx6Widget12getLastChildEssPPNS_8DrawableE) referenced from textareawithwildcard.o(.constdata__ZTVN8touchgfx24TextAreaWithWildcardBaseE)
 <LI><a href="#[154]">touchgfx::Widget::getLastChild(short, short, touchgfx::Drawable**)</a> from screen1viewbase.o(i._ZN8touchgfx6Widget12getLastChildEssPPNS_8DrawableE) referenced from box.o(.constdata__ZTVN8touchgfx3BoxE)
 <LI><a href="#[154]">touchgfx::Widget::getLastChild(short, short, touchgfx::Drawable**)</a> from screen1viewbase.o(i._ZN8touchgfx6Widget12getLastChildEssPPNS_8DrawableE) referenced from screen1viewbase.o(.constdata__ZTVN8touchgfx6WidgetE)
 <LI><a href="#[154]">touchgfx::Widget::getLastChild(short, short, touchgfx::Drawable**)</a> from screen1viewbase.o(i._ZN8touchgfx6Widget12getLastChildEssPPNS_8DrawableE) referenced from textarea.o(.constdata__ZTVN8touchgfx8TextAreaE)
 <LI><a href="#[17a]">touchgfx::Widget::~Widget__sub_object()</a> from screen1viewbase.o(i._ZN8touchgfx6WidgetD2Ev) referenced from screen1viewbase.o(.constdata__ZTVN8touchgfx6WidgetE)
 <LI><a href="#[17c]">touchgfx::Callback&lang;FrontendApplicationBase, void, void, void&rang;::execute()</a> from frontendapplicationbase.o(t._ZN8touchgfx8CallbackI23FrontendApplicationBasevvvE7executeEv) referenced from frontendapplicationbase.o(.constdata__ZTVN8touchgfx8CallbackI23FrontendApplicationBasevvvEE)
 <LI><a href="#[17b]">touchgfx::Callback&lang;FrontendApplicationBase, void, void, void&rang;::~Callback()</a> from frontendapplicationbase.o(i._ZN8touchgfx8CallbackI23FrontendApplicationBasevvvED1Ev) referenced from frontendapplicationbase.o(.constdata__ZTVN8touchgfx8CallbackI23FrontendApplicationBasevvvEE)
 <LI><a href="#[15f]">touchgfx::Drawable::setupDrawChain(const touchgfx::Rect&, touchgfx::Drawable**)</a> from screen1viewbase.o(i._ZN8touchgfx8Drawable14setupDrawChainERKNS_4RectEPPS0_) referenced from screen1viewbase.o(.constdata__ZTVN8touchgfx23TextAreaWithOneWildcardE)
 <LI><a href="#[15f]">touchgfx::Drawable::setupDrawChain(const touchgfx::Rect&, touchgfx::Drawable**)</a> from screen1viewbase.o(i._ZN8touchgfx8Drawable14setupDrawChainERKNS_4RectEPPS0_) referenced from textareawithwildcard.o(.constdata__ZTVN8touchgfx24TextAreaWithWildcardBaseE)
 <LI><a href="#[15f]">touchgfx::Drawable::setupDrawChain(const touchgfx::Rect&, touchgfx::Drawable**)</a> from screen1viewbase.o(i._ZN8touchgfx8Drawable14setupDrawChainERKNS_4RectEPPS0_) referenced from box.o(.constdata__ZTVN8touchgfx3BoxE)
 <LI><a href="#[15f]">touchgfx::Drawable::setupDrawChain(const touchgfx::Rect&, touchgfx::Drawable**)</a> from screen1viewbase.o(i._ZN8touchgfx8Drawable14setupDrawChainERKNS_4RectEPPS0_) referenced from screen1viewbase.o(.constdata__ZTVN8touchgfx6WidgetE)
 <LI><a href="#[15f]">touchgfx::Drawable::setupDrawChain(const touchgfx::Rect&, touchgfx::Drawable**)</a> from screen1viewbase.o(i._ZN8touchgfx8Drawable14setupDrawChainERKNS_4RectEPPS0_) referenced from drawable.o(.constdata__ZTVN8touchgfx8DrawableE)
 <LI><a href="#[15f]">touchgfx::Drawable::setupDrawChain(const touchgfx::Rect&, touchgfx::Drawable**)</a> from screen1viewbase.o(i._ZN8touchgfx8Drawable14setupDrawChainERKNS_4RectEPPS0_) referenced from textarea.o(.constdata__ZTVN8touchgfx8TextAreaE)
 <LI><a href="#[15d]">touchgfx::Drawable::handleDragEvent(const touchgfx::DragEvent&)</a> from screen1viewbase.o(i._ZN8touchgfx8Drawable15handleDragEventERKNS_9DragEventE) referenced from screen1viewbase.o(.constdata__ZTVN8touchgfx23TextAreaWithOneWildcardE)
 <LI><a href="#[15d]">touchgfx::Drawable::handleDragEvent(const touchgfx::DragEvent&)</a> from screen1viewbase.o(i._ZN8touchgfx8Drawable15handleDragEventERKNS_9DragEventE) referenced from textareawithwildcard.o(.constdata__ZTVN8touchgfx24TextAreaWithWildcardBaseE)
 <LI><a href="#[15d]">touchgfx::Drawable::handleDragEvent(const touchgfx::DragEvent&)</a> from screen1viewbase.o(i._ZN8touchgfx8Drawable15handleDragEventERKNS_9DragEventE) referenced from box.o(.constdata__ZTVN8touchgfx3BoxE)
 <LI><a href="#[15d]">touchgfx::Drawable::handleDragEvent(const touchgfx::DragEvent&)</a> from screen1viewbase.o(i._ZN8touchgfx8Drawable15handleDragEventERKNS_9DragEventE) referenced from screen1viewbase.o(.constdata__ZTVN8touchgfx6WidgetE)
 <LI><a href="#[15d]">touchgfx::Drawable::handleDragEvent(const touchgfx::DragEvent&)</a> from screen1viewbase.o(i._ZN8touchgfx8Drawable15handleDragEventERKNS_9DragEventE) referenced from drawable.o(.constdata__ZTVN8touchgfx8DrawableE)
 <LI><a href="#[15d]">touchgfx::Drawable::handleDragEvent(const touchgfx::DragEvent&)</a> from screen1viewbase.o(i._ZN8touchgfx8Drawable15handleDragEventERKNS_9DragEventE) referenced from textarea.o(.constdata__ZTVN8touchgfx8TextAreaE)
 <LI><a href="#[15d]">touchgfx::Drawable::handleDragEvent(const touchgfx::DragEvent&)</a> from screen1viewbase.o(i._ZN8touchgfx8Drawable15handleDragEventERKNS_9DragEventE) referenced from container.o(.constdata__ZTVN8touchgfx9ContainerE)
 <LI><a href="#[15e]">touchgfx::Drawable::handleTickEvent()</a> from screen1viewbase.o(i._ZN8touchgfx8Drawable15handleTickEventEv) referenced from screen1viewbase.o(.constdata__ZTVN8touchgfx23TextAreaWithOneWildcardE)
 <LI><a href="#[15e]">touchgfx::Drawable::handleTickEvent()</a> from screen1viewbase.o(i._ZN8touchgfx8Drawable15handleTickEventEv) referenced from textareawithwildcard.o(.constdata__ZTVN8touchgfx24TextAreaWithWildcardBaseE)
 <LI><a href="#[15e]">touchgfx::Drawable::handleTickEvent()</a> from screen1viewbase.o(i._ZN8touchgfx8Drawable15handleTickEventEv) referenced from box.o(.constdata__ZTVN8touchgfx3BoxE)
[...]
<BR><BR>[Stack]<UL><LI>Max Depth = 20<LI>Call Chain = LTDC_SetConfig
</UL>
<BR>[Called By]<UL><LI><a href="#[1ea]">&gt;&gt;</a>&nbsp;&nbsp;&nbsp;HAL_LTDC_ConfigLayer
</UL>

<P><STRONG><a name="[306]"></a>prvCopyDataFromQueue</STRONG> (Thumb, 42 bytes, Stack size 16 bytes, queue.o(i.prvCopyDataFromQueue))
<BR><BR>[Stack]<UL><LI>Max Depth = 16<LI>Call Chain = prvCopyDataFromQueue
</UL>
<BR>[Calls]<UL><LI><a href="#[276]">&gt;&gt;</a>&nbsp;&nbsp;&nbsp;__aeabi_memcpy
</UL>
<BR>[Called By]<UL><LI><a href="#[2ec]">&gt;&gt;</a>&nbsp;&nbsp;&nbsp;xQueueReceiveFromISR
<LI><a href="#[2ed]">&gt;&gt;</a>&nbsp;&nbsp;&nbsp;xQueueReceive
</UL>

<P><STRONG><a name="[307]"></a>prvCopyDataToQueue</STRONG> (Thumb, 126 bytes, Stack size 24 bytes, queue.o(i.prvCopyDataToQueue))
<BR><BR>[Stack]<UL><LI>Max Depth = 40<LI>Call Chain = prvCopyDataToQueue &rArr; xTaskPriorityDisinherit
</UL>
<BR>[Calls]<UL><LI><a href="#[308]">&gt;&gt;</a>&nbsp;&nbsp;&nbsp;xTaskPriorityDisinherit
<LI><a href="#[276]">&gt;&gt;</a>&nbsp;&nbsp;&nbsp;__aeabi_memcpy
</UL>
<BR>[Called By]<UL><LI><a href="#[2f1]">&gt;&gt;</a>&nbsp;&nbsp;&nbsp;xQueueGenericSendFromISR
<LI><a href="#[2f2]">&gt;&gt;</a>&nbsp;&nbsp;&nbsp;xQueueGenericSend
</UL>

<P><STRONG><a name="[337]"></a>prvGetDisinheritPriorityAfterTimeout</STRONG> (Thumb, 20 bytes, Stack size 0 bytes, queue.o(i.prvGetDisinheritPriorityAfterTimeout))
<BR><BR>[Called By]<UL><LI><a href="#[2f3]">&gt;&gt;</a>&nbsp;&nbsp;&nbsp;xQueueSemaphoreTake
</UL>

<P><STRONG><a name="[30a]"></a>prvInitialiseNewQueue</STRONG> (Thumb, 42 bytes, Stack size 24 bytes, queue.o(i.prvInitialiseNewQueue))
<BR><BR>[Stack]<UL><LI>Max Depth = 56<LI>Call Chain = prvInitialiseNewQueue &rArr; xQueueGenericReset &rArr; xTaskRemoveFromEventList
</UL>
<BR>[Calls]<UL><LI><a href="#[30b]">&gt;&gt;</a>&nbsp;&nbsp;&nbsp;xQueueGenericReset
</UL>
<BR>[Called By]<UL><LI><a href="#[2ee]">&gt;&gt;</a>&nbsp;&nbsp;&nbsp;xQueueGenericCreateStatic
<LI><a href="#[2ef]">&gt;&gt;</a>&nbsp;&nbsp;&nbsp;xQueueGenericCreate
</UL>

<P><STRONG><a name="[310]"></a>prvIsQueueEmpty</STRONG> (Thumb, 26 bytes, Stack size 16 bytes, queue.o(i.prvIsQueueEmpty))
<BR><BR>[Stack]<UL><LI>Max Depth = 16<LI>Call Chain = prvIsQueueEmpty
</UL>
<BR>[Calls]<UL><LI><a href="#[301]">&gt;&gt;</a>&nbsp;&nbsp;&nbsp;vPortExitCritical
<LI><a href="#[2ff]">&gt;&gt;</a>&nbsp;&nbsp;&nbsp;vPortEnterCritical
</UL>
<BR>[Called By]<UL><LI><a href="#[2f3]">&gt;&gt;</a>&nbsp;&nbsp;&nbsp;xQueueSemaphoreTake
<LI><a href="#[2ed]">&gt;&gt;</a>&nbsp;&nbsp;&nbsp;xQueueReceive
</UL>

<P><STRONG><a name="[311]"></a>prvIsQueueFull</STRONG> (Thumb, 30 bytes, Stack size 16 bytes, queue.o(i.prvIsQueueFull))
<BR><BR>[Stack]<UL><LI>Max Depth = 16<LI>Call Chain = prvIsQueueFull
</UL>
<BR>[Calls]<UL><LI><a href="#[301]">&gt;&gt;</a>&nbsp;&nbsp;&nbsp;vPortExitCritical
<LI><a href="#[2ff]">&gt;&gt;</a>&nbsp;&nbsp;&nbsp;vPortEnterCritical
</UL>
<BR>[Called By]<UL><LI><a href="#[2f2]">&gt;&gt;</a>&nbsp;&nbsp;&nbsp;xQueueGenericSend
</UL>

<P><STRONG><a name="[31d]"></a>prvUnlockQueue</STRONG> (Thumb, 126 bytes, Stack size 16 bytes, queue.o(i.prvUnlockQueue))
<BR><BR>[Stack]<UL><LI>Max Depth = 32<LI>Call Chain = prvUnlockQueue &rArr; xTaskRemoveFromEventList
</UL>
<BR>[Calls]<UL><LI><a href="#[31e]">&gt;&gt;</a>&nbsp;&nbsp;&nbsp;xTaskRemoveFromEventList
<LI><a href="#[31f]">&gt;&gt;</a>&nbsp;&nbsp;&nbsp;vTaskMissedYield
<LI><a href="#[301]">&gt;&gt;</a>&nbsp;&nbsp;&nbsp;vPortExitCritical
<LI><a href="#[2ff]">&gt;&gt;</a>&nbsp;&nbsp;&nbsp;vPortEnterCritical
</UL>
<BR>[Called By]<UL><LI><a href="#[2f3]">&gt;&gt;</a>&nbsp;&nbsp;&nbsp;xQueueSemaphoreTake
<LI><a href="#[2ed]">&gt;&gt;</a>&nbsp;&nbsp;&nbsp;xQueueReceive
<LI><a href="#[2f2]">&gt;&gt;</a>&nbsp;&nbsp;&nbsp;xQueueGenericSend
<LI><a href="#[319]">&gt;&gt;</a>&nbsp;&nbsp;&nbsp;vQueueWaitForMessageRestricted
</UL>

<P><STRONG><a name="[2fa]"></a>prvAddCurrentTaskToDelayedList</STRONG> (Thumb, 100 bytes, Stack size 24 bytes, tasks.o(i.prvAddCurrentTaskToDelayedList))
<BR><BR>[Stack]<UL><LI>Max Depth = 32<LI>Call Chain = prvAddCurrentTaskToDelayedList &rArr; vListInsert
</UL>
<BR>[Calls]<UL><LI><a href="#[2fc]">&gt;&gt;</a>&nbsp;&nbsp;&nbsp;vListInsertEnd
<LI><a href="#[2fd]">&gt;&gt;</a>&nbsp;&nbsp;&nbsp;vListInsert
<LI><a href="#[2fb]">&gt;&gt;</a>&nbsp;&nbsp;&nbsp;uxListRemove
</UL>
<BR>[Called By]<UL><LI><a href="#[329]">&gt;&gt;</a>&nbsp;&nbsp;&nbsp;vTaskPlaceOnEventListRestricted
<LI><a href="#[32a]">&gt;&gt;</a>&nbsp;&nbsp;&nbsp;vTaskPlaceOnEventList
<LI><a href="#[2ea]">&gt;&gt;</a>&nbsp;&nbsp;&nbsp;vTaskDelay
</UL>

<P><STRONG><a name="[2fe]"></a>prvAddNewTaskToReadyList</STRONG> (Thumb, 154 bytes, Stack size 8 bytes, tasks.o(i.prvAddNewTaskToReadyList))
<BR><BR>[Stack]<UL><LI>Max Depth = 16<LI>Call Chain = prvAddNewTaskToReadyList &rArr; prvInitialiseTaskLists
</UL>
<BR>[Calls]<UL><LI><a href="#[2fc]">&gt;&gt;</a>&nbsp;&nbsp;&nbsp;vListInsertEnd
<LI><a href="#[301]">&gt;&gt;</a>&nbsp;&nbsp;&nbsp;vPortExitCritical
<LI><a href="#[2ff]">&gt;&gt;</a>&nbsp;&nbsp;&nbsp;vPortEnterCritical
<LI><a href="#[300]">&gt;&gt;</a>&nbsp;&nbsp;&nbsp;prvInitialiseTaskLists
</UL>
<BR>[Called By]<UL><LI><a href="#[2f8]">&gt;&gt;</a>&nbsp;&nbsp;&nbsp;xTaskCreateStatic
<LI><a href="#[2f9]">&gt;&gt;</a>&nbsp;&nbsp;&nbsp;xTaskCreate
</UL>

<P><STRONG><a name="[304]"></a>prvCheckTasksWaitingTermination</STRONG> (Thumb, 60 bytes, Stack size 8 bytes, tasks.o(i.prvCheckTasksWaitingTermination))
<BR><BR>[Stack]<UL><LI>Max Depth = 72<LI>Call Chain = prvCheckTasksWaitingTermination &rArr; prvDeleteTCB &rArr; vPortFree &rArr; xTaskResumeAll &rArr; xTaskIncrementTick
</UL>
<BR>[Calls]<UL><LI><a href="#[2fb]">&gt;&gt;</a>&nbsp;&nbsp;&nbsp;uxListRemove
<LI><a href="#[301]">&gt;&gt;</a>&nbsp;&nbsp;&nbsp;vPortExitCritical
<LI><a href="#[2ff]">&gt;&gt;</a>&nbsp;&nbsp;&nbsp;vPortEnterCritical
<LI><a href="#[305]">&gt;&gt;</a>&nbsp;&nbsp;&nbsp;prvDeleteTCB
</UL>
<BR>[Called By]<UL><LI><a href="#[d7]">&gt;&gt;</a>&nbsp;&nbsp;&nbsp;prvIdleTask
</UL>

<P><STRONG><a name="[305]"></a>prvDeleteTCB</STRONG> (Thumb, 80 bytes, Stack size 8 bytes, tasks.o(i.prvDeleteTCB))
<BR><BR>[Stack]<UL><LI>Max Depth = 64<LI>Call Chain = prvDeleteTCB &rArr; vPortFree &rArr; xTaskResumeAll &rArr; xTaskIncrementTick
</UL>
<BR>[Calls]<UL><LI><a href="#[309]">&gt;&gt;</a>&nbsp;&nbsp;&nbsp;vPortFree
</UL>
<BR>[Called By]<UL><LI><a href="#[304]">&gt;&gt;</a>&nbsp;&nbsp;&nbsp;prvCheckTasksWaitingTermination
</UL>

<P><STRONG><a name="[d7]"></a>prvIdleTask</STRONG> (Thumb, 32 bytes, Stack size 0 bytes, tasks.o(i.prvIdleTask))
<BR><BR>[Stack]<UL><LI>Max Depth = 72<LI>Call Chain = prvIdleTask &rArr; prvCheckTasksWaitingTermination &rArr; prvDeleteTCB &rArr; vPortFree &rArr; xTaskResumeAll &rArr; xTaskIncrementTick
</UL>
<BR>[Calls]<UL><LI><a href="#[304]">&gt;&gt;</a>&nbsp;&nbsp;&nbsp;prvCheckTasksWaitingTermination
</UL>
<BR>[Address Reference Count : 1]<UL><LI> tasks.o(i.vTaskStartScheduler)
</UL>
<P><STRONG><a name="[30c]"></a>prvInitialiseNewTask</STRONG> (Thumb, 190 bytes, Stack size 40 bytes, tasks.o(i.prvInitialiseNewTask))
<BR><BR>[Stack]<UL><LI>Max Depth = 40 + Unknown Stack Size
<LI>Call Chain = prvInitialiseNewTask
</UL>
<BR>[Calls]<UL><LI><a href="#[30d]">&gt;&gt;</a>&nbsp;&nbsp;&nbsp;vListInitialiseItem
<LI><a href="#[30e]">&gt;&gt;</a>&nbsp;&nbsp;&nbsp;pxPortInitialiseStack
<LI><a href="#[1bb]">&gt;&gt;</a>&nbsp;&nbsp;&nbsp;__aeabi_memset
</UL>
<BR>[Called By]<UL><LI><a href="#[2f8]">&gt;&gt;</a>&nbsp;&nbsp;&nbsp;xTaskCreateStatic
<LI><a href="#[2f9]">&gt;&gt;</a>&nbsp;&nbsp;&nbsp;xTaskCreate
</UL>

<P><STRONG><a name="[300]"></a>prvInitialiseTaskLists</STRONG> (Thumb, 70 bytes, Stack size 8 bytes, tasks.o(i.prvInitialiseTaskLists))
<BR><BR>[Stack]<UL><LI>Max Depth = 8<LI>Call Chain = prvInitialiseTaskLists
</UL>
<BR>[Calls]<UL><LI><a href="#[303]">&gt;&gt;</a>&nbsp;&nbsp;&nbsp;vListInitialise
</UL>
<BR>[Called By]<UL><LI><a href="#[2fe]">&gt;&gt;</a>&nbsp;&nbsp;&nbsp;prvAddNewTaskToReadyList
</UL>

<P><STRONG><a name="[338]"></a>prvResetNextTaskUnblockTime</STRONG> (Thumb, 42 bytes, Stack size 0 bytes, tasks.o(i.prvResetNextTaskUnblockTime))
<BR><BR>[Called By]<UL><LI><a href="#[318]">&gt;&gt;</a>&nbsp;&nbsp;&nbsp;xTaskResumeAll
<LI><a href="#[332]">&gt;&gt;</a>&nbsp;&nbsp;&nbsp;xTaskIncrementTick
</UL>

<P><STRONG><a name="[302]"></a>prvCheckForValidListAndQueue</STRONG> (Thumb, 78 bytes, Stack size 8 bytes, timers.o(i.prvCheckForValidListAndQueue))
<BR><BR>[Stack]<UL><LI>Max Depth = 96<LI>Call Chain = prvCheckForValidListAndQueue &rArr; xQueueGenericCreateStatic &rArr; prvInitialiseNewQueue &rArr; xQueueGenericReset &rArr; xTaskRemoveFromEventList
</UL>
<BR>[Calls]<UL><LI><a href="#[2ee]">&gt;&gt;</a>&nbsp;&nbsp;&nbsp;xQueueGenericCreateStatic
<LI><a href="#[2f0]">&gt;&gt;</a>&nbsp;&nbsp;&nbsp;vQueueAddToRegistry
<LI><a href="#[301]">&gt;&gt;</a>&nbsp;&nbsp;&nbsp;vPortExitCritical
<LI><a href="#[2ff]">&gt;&gt;</a>&nbsp;&nbsp;&nbsp;vPortEnterCritical
<LI><a href="#[303]">&gt;&gt;</a>&nbsp;&nbsp;&nbsp;vListInitialise
</UL>
<BR>[Called By]<UL><LI><a href="#[32d]">&gt;&gt;</a>&nbsp;&nbsp;&nbsp;xTimerCreateTimerTask
</UL>

<P><STRONG><a name="[31c]"></a>prvGetNextExpireTime</STRONG> (Thumb, 36 bytes, Stack size 0 bytes, timers.o(i.prvGetNextExpireTime))
<BR><BR>[Called By]<UL><LI><a href="#[d8]">&gt;&gt;</a>&nbsp;&nbsp;&nbsp;prvTimerTask
</UL>

<P><STRONG><a name="[30f]"></a>prvInsertTimerInActiveList</STRONG> (Thumb, 80 bytes, Stack size 24 bytes, timers.o(i.prvInsertTimerInActiveList))
<BR><BR>[Stack]<UL><LI>Max Depth = 32<LI>Call Chain = prvInsertTimerInActiveList &rArr; vListInsert
</UL>
<BR>[Calls]<UL><LI><a href="#[2fd]">&gt;&gt;</a>&nbsp;&nbsp;&nbsp;vListInsert
</UL>
<BR>[Called By]<UL><LI><a href="#[314]">&gt;&gt;</a>&nbsp;&nbsp;&nbsp;prvProcessReceivedCommands
<LI><a href="#[312]">&gt;&gt;</a>&nbsp;&nbsp;&nbsp;prvProcessExpiredTimer
</UL>

<P><STRONG><a name="[312]"></a>prvProcessExpiredTimer</STRONG> (Thumb, 110 bytes, Stack size 24 bytes, timers.o(i.prvProcessExpiredTimer))
<BR><BR>[Stack]<UL><LI>Max Depth = 176<LI>Call Chain = prvProcessExpiredTimer &rArr; xTimerGenericCommand &rArr; xQueueGenericSend &rArr; vTaskPlaceOnEventList &rArr; prvAddCurrentTaskToDelayedList &rArr; vListInsert
</UL>
<BR>[Calls]<UL><LI><a href="#[2fb]">&gt;&gt;</a>&nbsp;&nbsp;&nbsp;uxListRemove
<LI><a href="#[313]">&gt;&gt;</a>&nbsp;&nbsp;&nbsp;xTimerGenericCommand
<LI><a href="#[30f]">&gt;&gt;</a>&nbsp;&nbsp;&nbsp;prvInsertTimerInActiveList
</UL>
<BR>[Called By]<UL><LI><a href="#[316]">&gt;&gt;</a>&nbsp;&nbsp;&nbsp;prvProcessTimerOrBlockTask
</UL>

<P><STRONG><a name="[314]"></a>prvProcessReceivedCommands</STRONG> (Thumb, 350 bytes, Stack size 48 bytes, timers.o(i.prvProcessReceivedCommands))
<BR><BR>[Stack]<UL><LI>Max Depth = 248<LI>Call Chain = prvProcessReceivedCommands &rArr; prvSampleTimeNow &rArr; prvSwitchTimerLists &rArr; xTimerGenericCommand &rArr; xQueueGenericSend &rArr; vTaskPlaceOnEventList &rArr; prvAddCurrentTaskToDelayedList &rArr; vListInsert
</UL>
<BR>[Calls]<UL><LI><a href="#[2ed]">&gt;&gt;</a>&nbsp;&nbsp;&nbsp;xQueueReceive
<LI><a href="#[2fb]">&gt;&gt;</a>&nbsp;&nbsp;&nbsp;uxListRemove
<LI><a href="#[309]">&gt;&gt;</a>&nbsp;&nbsp;&nbsp;vPortFree
<LI><a href="#[313]">&gt;&gt;</a>&nbsp;&nbsp;&nbsp;xTimerGenericCommand
<LI><a href="#[315]">&gt;&gt;</a>&nbsp;&nbsp;&nbsp;prvSampleTimeNow
<LI><a href="#[30f]">&gt;&gt;</a>&nbsp;&nbsp;&nbsp;prvInsertTimerInActiveList
</UL>
<BR>[Called By]<UL><LI><a href="#[d8]">&gt;&gt;</a>&nbsp;&nbsp;&nbsp;prvTimerTask
</UL>

<P><STRONG><a name="[316]"></a>prvProcessTimerOrBlockTask</STRONG> (Thumb, 102 bytes, Stack size 24 bytes, timers.o(i.prvProcessTimerOrBlockTask))
<BR><BR>[Stack]<UL><LI>Max Depth = 224<LI>Call Chain = prvProcessTimerOrBlockTask &rArr; prvSampleTimeNow &rArr; prvSwitchTimerLists &rArr; xTimerGenericCommand &rArr; xQueueGenericSend &rArr; vTaskPlaceOnEventList &rArr; prvAddCurrentTaskToDelayedList &rArr; vListInsert
</UL>
<BR>[Calls]<UL><LI><a href="#[319]">&gt;&gt;</a>&nbsp;&nbsp;&nbsp;vQueueWaitForMessageRestricted
<LI><a href="#[318]">&gt;&gt;</a>&nbsp;&nbsp;&nbsp;xTaskResumeAll
<LI><a href="#[317]">&gt;&gt;</a>&nbsp;&nbsp;&nbsp;vTaskSuspendAll
<LI><a href="#[315]">&gt;&gt;</a>&nbsp;&nbsp;&nbsp;prvSampleTimeNow
<LI><a href="#[312]">&gt;&gt;</a>&nbsp;&nbsp;&nbsp;prvProcessExpiredTimer
</UL>
<BR>[Called By]<UL><LI><a href="#[d8]">&gt;&gt;</a>&nbsp;&nbsp;&nbsp;prvTimerTask
</UL>

<P><STRONG><a name="[315]"></a>prvSampleTimeNow</STRONG> (Thumb, 40 bytes, Stack size 16 bytes, timers.o(i.prvSampleTimeNow))
<BR><BR>[Stack]<UL><LI>Max Depth = 200<LI>Call Chain = prvSampleTimeNow &rArr; prvSwitchTimerLists &rArr; xTimerGenericCommand &rArr; xQueueGenericSend &rArr; vTaskPlaceOnEventList &rArr; prvAddCurrentTaskToDelayedList &rArr; vListInsert
</UL>
<BR>[Calls]<UL><LI><a href="#[31b]">&gt;&gt;</a>&nbsp;&nbsp;&nbsp;prvSwitchTimerLists
<LI><a href="#[31a]">&gt;&gt;</a>&nbsp;&nbsp;&nbsp;xTaskGetTickCount
</UL>
<BR>[Called By]<UL><LI><a href="#[316]">&gt;&gt;</a>&nbsp;&nbsp;&nbsp;prvProcessTimerOrBlockTask
<LI><a href="#[314]">&gt;&gt;</a>&nbsp;&nbsp;&nbsp;prvProcessReceivedCommands
</UL>

<P><STRONG><a name="[31b]"></a>prvSwitchTimerLists</STRONG> (Thumb, 154 bytes, Stack size 32 bytes, timers.o(i.prvSwitchTimerLists))
<BR><BR>[Stack]<UL><LI>Max Depth = 184<LI>Call Chain = prvSwitchTimerLists &rArr; xTimerGenericCommand &rArr; xQueueGenericSend &rArr; vTaskPlaceOnEventList &rArr; prvAddCurrentTaskToDelayedList &rArr; vListInsert
</UL>
<BR>[Calls]<UL><LI><a href="#[2fd]">&gt;&gt;</a>&nbsp;&nbsp;&nbsp;vListInsert
<LI><a href="#[2fb]">&gt;&gt;</a>&nbsp;&nbsp;&nbsp;uxListRemove
<LI><a href="#[313]">&gt;&gt;</a>&nbsp;&nbsp;&nbsp;xTimerGenericCommand
</UL>
<BR>[Called By]<UL><LI><a href="#[315]">&gt;&gt;</a>&nbsp;&nbsp;&nbsp;prvSampleTimeNow
</UL>

<P><STRONG><a name="[d8]"></a>prvTimerTask</STRONG> (Thumb, 26 bytes, Stack size 8 bytes, timers.o(i.prvTimerTask))
<BR><BR>[Stack]<UL><LI>Max Depth = 256<LI>Call Chain = prvTimerTask &rArr; prvProcessReceivedCommands &rArr; prvSampleTimeNow &rArr; prvSwitchTimerLists &rArr; xTimerGenericCommand &rArr; xQueueGenericSend &rArr; vTaskPlaceOnEventList &rArr; prvAddCurrentTaskToDelayedList &rArr; vListInsert
</UL>
<BR>[Calls]<UL><LI><a href="#[316]">&gt;&gt;</a>&nbsp;&nbsp;&nbsp;prvProcessTimerOrBlockTask
<LI><a href="#[314]">&gt;&gt;</a>&nbsp;&nbsp;&nbsp;prvProcessReceivedCommands
<LI><a href="#[31c]">&gt;&gt;</a>&nbsp;&nbsp;&nbsp;prvGetNextExpireTime
</UL>
<BR>[Address Reference Count : 1]<UL><LI> timers.o(i.xTimerCreateTimerTask)
</UL>
<P><STRONG><a name="[2e9]"></a>__get_IPSR</STRONG> (Thumb, 6 bytes, Stack size 0 bytes, cmsis_os2.o(i.__get_IPSR))
<BR><BR>[Called By]<UL><LI><a href="#[21a]">&gt;&gt;</a>&nbsp;&nbsp;&nbsp;osThreadNew
<LI><a href="#[221]">&gt;&gt;</a>&nbsp;&nbsp;&nbsp;osDelay
<LI><a href="#[2e8]">&gt;&gt;</a>&nbsp;&nbsp;&nbsp;osKernelStart
<LI><a href="#[2e7]">&gt;&gt;</a>&nbsp;&nbsp;&nbsp;osKernelInitialize
<LI><a href="#[24e]">&gt;&gt;</a>&nbsp;&nbsp;&nbsp;osSemaphoreRelease
<LI><a href="#[248]">&gt;&gt;</a>&nbsp;&nbsp;&nbsp;osSemaphoreNew
<LI><a href="#[250]">&gt;&gt;</a>&nbsp;&nbsp;&nbsp;osSemaphoreAcquire
<LI><a href="#[24a]">&gt;&gt;</a>&nbsp;&nbsp;&nbsp;osMessageQueuePut
<LI><a href="#[249]">&gt;&gt;</a>&nbsp;&nbsp;&nbsp;osMessageQueueNew
<LI><a href="#[24c]">&gt;&gt;</a>&nbsp;&nbsp;&nbsp;osMessageQueueGet
</UL>

<P><STRONG><a name="[321]"></a>prvHeapInit</STRONG> (Thumb, 98 bytes, Stack size 12 bytes, heap_4.o(i.prvHeapInit))
<BR><BR>[Stack]<UL><LI>Max Depth = 12<LI>Call Chain = prvHeapInit
</UL>
<BR>[Called By]<UL><LI><a href="#[320]">&gt;&gt;</a>&nbsp;&nbsp;&nbsp;pvPortMalloc
</UL>

<P><STRONG><a name="[322]"></a>prvInsertBlockIntoFreeList</STRONG> (Thumb, 96 bytes, Stack size 8 bytes, heap_4.o(i.prvInsertBlockIntoFreeList))
<BR><BR>[Stack]<UL><LI>Max Depth = 8<LI>Call Chain = prvInsertBlockIntoFreeList
</UL>
<BR>[Called By]<UL><LI><a href="#[309]">&gt;&gt;</a>&nbsp;&nbsp;&nbsp;vPortFree
<LI><a href="#[320]">&gt;&gt;</a>&nbsp;&nbsp;&nbsp;pvPortMalloc
</UL>

<P><STRONG><a name="[d5]"></a>prvTaskExitError</STRONG> (Thumb, 60 bytes, Stack size 0 bytes, port.o(i.prvTaskExitError))
<BR>[Address Reference Count : 1]<UL><LI> port.o(i.pxPortInitialiseStack)
</UL>
<P><STRONG><a name="[196]"></a>__sti___25_TouchGFXConfiguration_cpp_f5abfd34</STRONG> (Thumb, 148 bytes, Stack size 48 bytes, touchgfxconfiguration.o(i.__sti___25_TouchGFXConfiguration_cpp_f5abfd34))
<BR><BR>[Stack]<UL><LI>Max Depth = 120<LI>Call Chain = __sti___25_TouchGFXConfiguration_cpp_f5abfd34 &rArr; __aeabi_atexit &rArr; malloc &rArr; __Heap_Full &rArr; __Heap_ProvideMemory &rArr; free
</UL>
<BR>[Calls]<UL><LI><a href="#[2e4]">&gt;&gt;</a>&nbsp;&nbsp;&nbsp;touchgfx::LCD16bpp::LCD16bpp()
<LI><a href="#[245]">&gt;&gt;</a>&nbsp;&nbsp;&nbsp;STM32DMA::STM32DMA()
<LI><a href="#[2e5]">&gt;&gt;</a>&nbsp;&nbsp;&nbsp;touchgfx::HAL::HAL__sub_object(touchgfx::DMA_Interface&, touchgfx::LCD&, touchgfx::TouchController&, unsigned short, unsigned short)
<LI><a href="#[1b4]">&gt;&gt;</a>&nbsp;&nbsp;&nbsp;__aeabi_atexit
</UL>
<BR>[Address Reference Count : 1]<UL><LI> touchgfxconfiguration.o(.init_array)
</UL>
<P><STRONG><a name="[28a]"></a>touchgfx::prepareTransition(touchgfx::Screen**, touchgfx::Presenter**, touchgfx::Transition**)</STRONG> (Thumb, 100 bytes, Stack size 24 bytes, frontendapplicationbase.o(i._ZN8touchgfx17prepareTransitionEPPNS_6ScreenEPPNS_9PresenterEPPNS_10TransitionE))
<BR><BR>[Stack]<UL><LI>Max Depth = 24<LI>Call Chain = touchgfx::prepareTransition(touchgfx::Screen**, touchgfx::Presenter**, touchgfx::Transition**)
</UL>
<BR>[Calls]<UL><LI><a href="#[23d]">&gt;&gt;</a>&nbsp;&nbsp;&nbsp;touchgfx::Application::getInstance()
<LI><a href="#[264]">&gt;&gt;</a>&nbsp;&nbsp;&nbsp;touchgfx::Application::TimerWidgets::clear()
</UL>
<BR>[Called By]<UL><LI><a href="#[23f]">&gt;&gt;</a>&nbsp;&nbsp;&nbsp;T2* touchgfx::makeTransition&lang;Screen1View, Screen1Presenter, touchgfx::NoTransition, Model&rang;(touchgfx::Screen**, touchgfx::Presenter**, touchgfx::MVPHeap&, touchgfx::Transition**, T4*)
</UL>

<P><STRONG><a name="[197]"></a>__sti___21_typedtextdatabase_cpp_05ec7672</STRONG> (Thumb, 28 bytes, Stack size 8 bytes, typedtextdatabase.o(i.__sti___21_typedtextdatabase_cpp_05ec7672))
<BR><BR>[Stack]<UL><LI>Max Depth = 196<LI>Call Chain = __sti___21_typedtextdatabase_cpp_05ec7672 &rArr; getFont_verdana_40_4bpp() &rArr; touchgfx::GeneratedFont::GeneratedFont(const touchgfx::GlyphNode*, unsigned short, unsigned short, unsigned short, unsigned char, unsigned char, unsigned char, unsigned char, unsigned char, unsigned char, const unsigned char*const *, const touchgfx::KerningNode*, unsigned short, unsigned short, const unsigned short*, const touchgfx::FontContextualFormsTable*) &rArr; touchgfx::ConstFont::ConstFont__sub_object(const touchgfx::GlyphNode*, unsigned short, unsigned short, unsigned short, unsigned char, unsigned char, unsigned char, unsigned char, unsigned char, unsigned char, unsigned short, unsigned short)
</UL>
<BR>[Calls]<UL><LI><a href="#[22a]">&gt;&gt;</a>&nbsp;&nbsp;&nbsp;getFont_verdana_40_4bpp()
<LI><a href="#[229]">&gt;&gt;</a>&nbsp;&nbsp;&nbsp;getFont_verdana_20_4bpp()
<LI><a href="#[226]">&gt;&gt;</a>&nbsp;&nbsp;&nbsp;getFont_verdana_10_4bpp()
</UL>
<BR>[Address Reference Count : 1]<UL><LI> typedtextdatabase.o(.init_array)
</UL>
<P><STRONG><a name="[198]"></a>__sti___15_Application_cpp_63cd8d44</STRONG> (Thumb, 6 bytes, Stack size 0 bytes, application.o(i.__sti___15_Application_cpp_63cd8d44))
<BR><BR>[Calls]<UL><LI><a href="#[d9]">&gt;&gt;</a>&nbsp;&nbsp;&nbsp;touchgfx::Rect::Rect()
</UL>
<BR>[Address Reference Count : 1]<UL><LI> application.o(.init_array)
</UL>
<P><STRONG><a name="[199]"></a>__sti___7_LCD_cpp_86507772</STRONG> (Thumb, 8 bytes, Stack size 0 bytes, lcd.o(i.__sti___7_LCD_cpp_86507772))
<BR>[Address Reference Count : 1]<UL><LI> lcd.o(.init_array)
</UL><P>
<H3>
Undefined Global Symbols
</H3><HR></body></html>
